slurmstepd: info: Setting TMPDIR to /scratch/4639035. Previous errors about TMPDIR can be discarded
srun python3 /home/csic/mus/fii/chvi/test/entire_pipeline.py --dimensions 2 --size 2 --seed 3
2,2,3,0.050102949142456055,0.0001380443572998047,1.393967866897583

*****************************************************************************
*                                                                           *
*                    JOB EFFICIENCY REPORT (seff 4639035)                   *
*                                                                           *
*****************************************************************************

Job ID: 4639035
Cluster: finisterrae3
User/Group: csmusfii/csic
State: COMPLETED (exit code 0)
Nodes: 1
Cores per node: 64
CPU Utilized: 00:00:10
CPU Efficiency: 2.60% of 00:06:24 core-walltime
Job Wall-clock time: 00:00:06
Memory Utilized: 1.57 MB
Memory Efficiency: 0.00% of 64.00 GB

 +++++++++++++++++++++++++++++++++++++++++++++++++++++++++++++++++++++++++++
 ++   Memory Efficiency is too small. Please review the requested memory. ++
 ++ It seems that you do not need that much memory so we recommend        ++
 ++ requesting less memory in other similar jobs.                         ++
 +++++++++++++++++++++++++++++++++++++++++++++++++++++++++++++++++++++++++++
 
*****************************************************************************

