slurmstepd: info: Setting TMPDIR to /scratch/4639041. Previous errors about TMPDIR can be discarded
srun python3 /home/csic/mus/fii/chvi/test/entire_pipeline.py --dimensions 2 --size 2 --seed 9
2,2,9,0.022701025009155273,0.0001392364501953125,1.341367244720459

*****************************************************************************
*                                                                           *
*                    JOB EFFICIENCY REPORT (seff 4639041)                   *
*                                                                           *
*****************************************************************************

Job ID: 4639041
Cluster: finisterrae3
User/Group: csmusfii/csic
State: COMPLETED (exit code 0)
Nodes: 1
Cores per node: 64
CPU Utilized: 00:00:10
CPU Efficiency: 2.60% of 00:06:24 core-walltime
Job Wall-clock time: 00:00:06
Memory Utilized: 1.45 MB
Memory Efficiency: 0.00% of 64.00 GB

 +++++++++++++++++++++++++++++++++++++++++++++++++++++++++++++++++++++++++++
 ++   Memory Efficiency is too small. Please review the requested memory. ++
 ++ It seems that you do not need that much memory so we recommend        ++
 ++ requesting less memory in other similar jobs.                         ++
 +++++++++++++++++++++++++++++++++++++++++++++++++++++++++++++++++++++++++++
 
*****************************************************************************

