slurmstepd: info: Setting TMPDIR to /scratch/4639046. Previous errors about TMPDIR can be discarded
srun python3 /home/csic/mus/fii/chvi/test/entire_pipeline.py --dimensions 2 --size 2 --seed 14
2,2,14,0.1123039722442627,0.0001327991485595703,1.261730432510376

*****************************************************************************
*                                                                           *
*                    JOB EFFICIENCY REPORT (seff 4639046)                   *
*                                                                           *
*****************************************************************************

Job ID: 4639046
Cluster: finisterrae3
User/Group: csmusfii/csic
State: COMPLETED (exit code 0)
Nodes: 1
Cores per node: 64
CPU Utilized: 00:00:09
CPU Efficiency: 3.52% of 00:04:16 core-walltime
Job Wall-clock time: 00:00:04
Memory Utilized: 2.75 MB
Memory Efficiency: 0.00% of 64.00 GB

 +++++++++++++++++++++++++++++++++++++++++++++++++++++++++++++++++++++++++++
 ++   Memory Efficiency is too small. Please review the requested memory. ++
 ++ It seems that you do not need that much memory so we recommend        ++
 ++ requesting less memory in other similar jobs.                         ++
 +++++++++++++++++++++++++++++++++++++++++++++++++++++++++++++++++++++++++++
 
*****************************************************************************

