slurmstepd: info: Setting TMPDIR to /scratch/4639049. Previous errors about TMPDIR can be discarded
srun python3 /home/csic/mus/fii/chvi/test/entire_pipeline.py --dimensions 2 --size 2 --seed 17
2,2,17,0.010382652282714844,9.703636169433594e-05,0.9534027576446533

*****************************************************************************
*                                                                           *
*                    JOB EFFICIENCY REPORT (seff 4639049)                   *
*                                                                           *
*****************************************************************************

Job ID: 4639049
Cluster: finisterrae3
User/Group: csmusfii/csic
State: COMPLETED (exit code 0)
Nodes: 1
Cores per node: 64
CPU Utilized: 00:00:10
CPU Efficiency: 5.21% of 00:03:12 core-walltime
Job Wall-clock time: 00:00:03
Memory Utilized: 1.61 MB
Memory Efficiency: 0.00% of 64.00 GB

 +++++++++++++++++++++++++++++++++++++++++++++++++++++++++++++++++++++++++++
 ++   Memory Efficiency is too small. Please review the requested memory. ++
 ++ It seems that you do not need that much memory so we recommend        ++
 ++ requesting less memory in other similar jobs.                         ++
 +++++++++++++++++++++++++++++++++++++++++++++++++++++++++++++++++++++++++++
 
*****************************************************************************

