slurmstepd: info: Setting TMPDIR to /scratch/4639039. Previous errors about TMPDIR can be discarded
srun python3 /home/csic/mus/fii/chvi/test/entire_pipeline.py --dimensions 2 --size 2 --seed 7
2,2,7,0.01091766357421875,0.00010085105895996094,1.0183179378509521

*****************************************************************************
*                                                                           *
*                    JOB EFFICIENCY REPORT (seff 4639039)                   *
*                                                                           *
*****************************************************************************

Job ID: 4639039
Cluster: finisterrae3
User/Group: csmusfii/csic
State: COMPLETED (exit code 0)
Nodes: 1
Cores per node: 64
CPU Utilized: 00:00:09
CPU Efficiency: 2.34% of 00:06:24 core-walltime
Job Wall-clock time: 00:00:06
Memory Utilized: 1.95 MB
Memory Efficiency: 0.00% of 64.00 GB

 +++++++++++++++++++++++++++++++++++++++++++++++++++++++++++++++++++++++++++
 ++   Memory Efficiency is too small. Please review the requested memory. ++
 ++ It seems that you do not need that much memory so we recommend        ++
 ++ requesting less memory in other similar jobs.                         ++
 +++++++++++++++++++++++++++++++++++++++++++++++++++++++++++++++++++++++++++
 
*****************************************************************************

