slurmstepd: info: Setting TMPDIR to /scratch/4639050. Previous errors about TMPDIR can be discarded
srun python3 /home/csic/mus/fii/chvi/test/entire_pipeline.py --dimensions 2 --size 2 --seed 18
2,2,18,0.010660409927368164,0.00010180473327636719,0.9821441173553467

*****************************************************************************
*                                                                           *
*                    JOB EFFICIENCY REPORT (seff 4639050)                   *
*                                                                           *
*****************************************************************************

Job ID: 4639050
Cluster: finisterrae3
User/Group: csmusfii/csic
State: COMPLETED (exit code 0)
Nodes: 1
Cores per node: 64
CPU Utilized: 00:00:08
CPU Efficiency: 1.79% of 00:07:28 core-walltime
Job Wall-clock time: 00:00:07
Memory Utilized: 2.28 MB
Memory Efficiency: 0.00% of 64.00 GB

 +++++++++++++++++++++++++++++++++++++++++++++++++++++++++++++++++++++++++++
 ++   Memory Efficiency is too small. Please review the requested memory. ++
 ++ It seems that you do not need that much memory so we recommend        ++
 ++ requesting less memory in other similar jobs.                         ++
 +++++++++++++++++++++++++++++++++++++++++++++++++++++++++++++++++++++++++++
 
*****************************************************************************

