slurmstepd: info: Setting TMPDIR to /scratch/4639066. Previous errors about TMPDIR can be discarded
srun python3 /home/csic/mus/fii/chvi/test/entire_pipeline.py --dimensions 2 --size 3 --seed 14
2,3,14,0.010451078414916992,0.00010466575622558594,0.9857666492462158

*****************************************************************************
*                                                                           *
*                    JOB EFFICIENCY REPORT (seff 4639066)                   *
*                                                                           *
*****************************************************************************

Job ID: 4639066
Cluster: finisterrae3
User/Group: csmusfii/csic
State: COMPLETED (exit code 0)
Nodes: 1
Cores per node: 64
CPU Utilized: 00:00:09
CPU Efficiency: 3.52% of 00:04:16 core-walltime
Job Wall-clock time: 00:00:04
Memory Utilized: 1.90 MB
Memory Efficiency: 0.00% of 64.00 GB

 +++++++++++++++++++++++++++++++++++++++++++++++++++++++++++++++++++++++++++
 ++   Memory Efficiency is too small. Please review the requested memory. ++
 ++ It seems that you do not need that much memory so we recommend        ++
 ++ requesting less memory in other similar jobs.                         ++
 +++++++++++++++++++++++++++++++++++++++++++++++++++++++++++++++++++++++++++
 
*****************************************************************************

