slurmstepd: info: Setting TMPDIR to /scratch/4639072. Previous errors about TMPDIR can be discarded
srun python3 /home/csic/mus/fii/chvi/test/entire_pipeline.py --dimensions 2 --size 3 --seed 20
2,3,20,0.07192349433898926,0.00013947486877441406,1.2300012111663818

*****************************************************************************
*                                                                           *
*                    JOB EFFICIENCY REPORT (seff 4639072)                   *
*                                                                           *
*****************************************************************************

Job ID: 4639072
Cluster: finisterrae3
User/Group: csmusfii/csic
State: COMPLETED (exit code 0)
Nodes: 1
Cores per node: 64
CPU Utilized: 00:00:11
CPU Efficiency: 2.46% of 00:07:28 core-walltime
Job Wall-clock time: 00:00:07
Memory Utilized: 2.92 MB
Memory Efficiency: 0.00% of 64.00 GB

 +++++++++++++++++++++++++++++++++++++++++++++++++++++++++++++++++++++++++++
 ++   Memory Efficiency is too small. Please review the requested memory. ++
 ++ It seems that you do not need that much memory so we recommend        ++
 ++ requesting less memory in other similar jobs.                         ++
 +++++++++++++++++++++++++++++++++++++++++++++++++++++++++++++++++++++++++++
 
*****************************************************************************

