slurmstepd: info: Setting TMPDIR to /scratch/4639057. Previous errors about TMPDIR can be discarded
srun python3 /home/csic/mus/fii/chvi/test/entire_pipeline.py --dimensions 2 --size 3 --seed 5
2,3,5,0.01088094711303711,9.942054748535156e-05,0.9500441551208496

*****************************************************************************
*                                                                           *
*                    JOB EFFICIENCY REPORT (seff 4639057)                   *
*                                                                           *
*****************************************************************************

Job ID: 4639057
Cluster: finisterrae3
User/Group: csmusfii/csic
State: COMPLETED (exit code 0)
Nodes: 1
Cores per node: 64
CPU Utilized: 00:00:09
CPU Efficiency: 2.34% of 00:06:24 core-walltime
Job Wall-clock time: 00:00:06
Memory Utilized: 1.53 MB
Memory Efficiency: 0.00% of 64.00 GB

 +++++++++++++++++++++++++++++++++++++++++++++++++++++++++++++++++++++++++++
 ++   Memory Efficiency is too small. Please review the requested memory. ++
 ++ It seems that you do not need that much memory so we recommend        ++
 ++ requesting less memory in other similar jobs.                         ++
 +++++++++++++++++++++++++++++++++++++++++++++++++++++++++++++++++++++++++++
 
*****************************************************************************

