slurmstepd: info: Setting TMPDIR to /scratch/4639065. Previous errors about TMPDIR can be discarded
srun python3 /home/csic/mus/fii/chvi/test/entire_pipeline.py --dimensions 2 --size 3 --seed 13
2,3,13,0.010028362274169922,9.846687316894531e-05,0.99139404296875

*****************************************************************************
*                                                                           *
*                    JOB EFFICIENCY REPORT (seff 4639065)                   *
*                                                                           *
*****************************************************************************

Job ID: 4639065
Cluster: finisterrae3
User/Group: csmusfii/csic
State: COMPLETED (exit code 0)
Nodes: 1
Cores per node: 64
CPU Utilized: 00:00:06
CPU Efficiency: 2.34% of 00:04:16 core-walltime
Job Wall-clock time: 00:00:04
Memory Utilized: 1.89 MB
Memory Efficiency: 0.00% of 64.00 GB

 +++++++++++++++++++++++++++++++++++++++++++++++++++++++++++++++++++++++++++
 ++   Memory Efficiency is too small. Please review the requested memory. ++
 ++ It seems that you do not need that much memory so we recommend        ++
 ++ requesting less memory in other similar jobs.                         ++
 +++++++++++++++++++++++++++++++++++++++++++++++++++++++++++++++++++++++++++
 
*****************************************************************************

