slurmstepd: info: Setting TMPDIR to /scratch/4639069. Previous errors about TMPDIR can be discarded
srun python3 /home/csic/mus/fii/chvi/test/entire_pipeline.py --dimensions 2 --size 3 --seed 17
2,3,17,0.05675840377807617,0.00013780593872070312,1.2705779075622559

*****************************************************************************
*                                                                           *
*                    JOB EFFICIENCY REPORT (seff 4639069)                   *
*                                                                           *
*****************************************************************************

Job ID: 4639069
Cluster: finisterrae3
User/Group: csmusfii/csic
State: COMPLETED (exit code 0)
Nodes: 1
Cores per node: 64
CPU Utilized: 00:00:09
CPU Efficiency: 3.52% of 00:04:16 core-walltime
Job Wall-clock time: 00:00:04
Memory Utilized: 2.50 MB
Memory Efficiency: 0.00% of 64.00 GB

 +++++++++++++++++++++++++++++++++++++++++++++++++++++++++++++++++++++++++++
 ++   Memory Efficiency is too small. Please review the requested memory. ++
 ++ It seems that you do not need that much memory so we recommend        ++
 ++ requesting less memory in other similar jobs.                         ++
 +++++++++++++++++++++++++++++++++++++++++++++++++++++++++++++++++++++++++++
 
*****************************************************************************

