slurmstepd: info: Setting TMPDIR to /scratch/4639053. Previous errors about TMPDIR can be discarded
srun python3 /home/csic/mus/fii/chvi/test/entire_pipeline.py --dimensions 2 --size 3 --seed 1
2,3,1,0.010247945785522461,0.00010704994201660156,0.957960844039917

*****************************************************************************
*                                                                           *
*                    JOB EFFICIENCY REPORT (seff 4639053)                   *
*                                                                           *
*****************************************************************************

Job ID: 4639053
Cluster: finisterrae3
User/Group: csmusfii/csic
State: COMPLETED (exit code 0)
Nodes: 1
Cores per node: 64
CPU Utilized: 00:00:09
CPU Efficiency: 2.34% of 00:06:24 core-walltime
Job Wall-clock time: 00:00:06
Memory Utilized: 1.61 MB
Memory Efficiency: 0.00% of 64.00 GB

 +++++++++++++++++++++++++++++++++++++++++++++++++++++++++++++++++++++++++++
 ++   Memory Efficiency is too small. Please review the requested memory. ++
 ++ It seems that you do not need that much memory so we recommend        ++
 ++ requesting less memory in other similar jobs.                         ++
 +++++++++++++++++++++++++++++++++++++++++++++++++++++++++++++++++++++++++++
 
*****************************************************************************

