slurmstepd: info: Setting TMPDIR to /scratch/4639064. Previous errors about TMPDIR can be discarded
srun python3 /home/csic/mus/fii/chvi/test/entire_pipeline.py --dimensions 2 --size 3 --seed 12
2,3,12,0.061818599700927734,0.00014495849609375,1.2502553462982178

*****************************************************************************
*                                                                           *
*                    JOB EFFICIENCY REPORT (seff 4639064)                   *
*                                                                           *
*****************************************************************************

Job ID: 4639064
Cluster: finisterrae3
User/Group: csmusfii/csic
State: COMPLETED (exit code 0)
Nodes: 1
Cores per node: 64
CPU Utilized: 00:00:10
CPU Efficiency: 3.91% of 00:04:16 core-walltime
Job Wall-clock time: 00:00:04
Memory Utilized: 1.79 MB
Memory Efficiency: 0.00% of 64.00 GB

 +++++++++++++++++++++++++++++++++++++++++++++++++++++++++++++++++++++++++++
 ++   Memory Efficiency is too small. Please review the requested memory. ++
 ++ It seems that you do not need that much memory so we recommend        ++
 ++ requesting less memory in other similar jobs.                         ++
 +++++++++++++++++++++++++++++++++++++++++++++++++++++++++++++++++++++++++++
 
*****************************************************************************

