slurmstepd: info: Setting TMPDIR to /scratch/4646275. Previous errors about TMPDIR can be discarded
srun python3 /home/csic/mus/fii/chvi/test/entire_pipeline.py --dimensions 2 --size 4 --seed 13
2,4,13,0.011957168579101562,0.00010085105895996094,0.970102071762085

*****************************************************************************
*                                                                           *
*                    JOB EFFICIENCY REPORT (seff 4646275)                   *
*                                                                           *
*****************************************************************************

Job ID: 4646275
Cluster: finisterrae3
User/Group: csmusfii/csic
State: COMPLETED (exit code 0)
Nodes: 1
Cores per node: 64
CPU Utilized: 00:00:10
CPU Efficiency: 2.60% of 00:06:24 core-walltime
Job Wall-clock time: 00:00:06
Memory Utilized: 1.58 MB
Memory Efficiency: 0.00% of 64.00 GB

 +++++++++++++++++++++++++++++++++++++++++++++++++++++++++++++++++++++++++++
 ++   Memory Efficiency is too small. Please review the requested memory. ++
 ++ It seems that you do not need that much memory so we recommend        ++
 ++ requesting less memory in other similar jobs.                         ++
 +++++++++++++++++++++++++++++++++++++++++++++++++++++++++++++++++++++++++++
 
*****************************************************************************

