slurmstepd: info: Setting TMPDIR to /scratch/4639080. Previous errors about TMPDIR can be discarded
srun python3 /home/csic/mus/fii/chvi/test/entire_pipeline.py --dimensions 2 --size 4 --seed 8
2,4,8,0.01395106315612793,0.00010132789611816406,1.0054786205291748

*****************************************************************************
*                                                                           *
*                    JOB EFFICIENCY REPORT (seff 4639080)                   *
*                                                                           *
*****************************************************************************

Job ID: 4639080
Cluster: finisterrae3
User/Group: csmusfii/csic
State: COMPLETED (exit code 0)
Nodes: 1
Cores per node: 64
CPU Utilized: 00:00:09
CPU Efficiency: 3.52% of 00:04:16 core-walltime
Job Wall-clock time: 00:00:04
Memory Utilized: 3.88 MB
Memory Efficiency: 0.01% of 64.00 GB

 +++++++++++++++++++++++++++++++++++++++++++++++++++++++++++++++++++++++++++
 ++   Memory Efficiency is too small. Please review the requested memory. ++
 ++ It seems that you do not need that much memory so we recommend        ++
 ++ requesting less memory in other similar jobs.                         ++
 +++++++++++++++++++++++++++++++++++++++++++++++++++++++++++++++++++++++++++
 
*****************************************************************************

