slurmstepd: info: Setting TMPDIR to /scratch/4639078. Previous errors about TMPDIR can be discarded
srun python3 /home/csic/mus/fii/chvi/test/entire_pipeline.py --dimensions 2 --size 4 --seed 6
2,4,6,0.05668950080871582,0.00014090538024902344,1.3333086967468262

*****************************************************************************
*                                                                           *
*                    JOB EFFICIENCY REPORT (seff 4639078)                   *
*                                                                           *
*****************************************************************************

Job ID: 4639078
Cluster: finisterrae3
User/Group: csmusfii/csic
State: COMPLETED (exit code 0)
Nodes: 1
Cores per node: 64
CPU Utilized: 00:00:09
CPU Efficiency: 2.81% of 00:05:20 core-walltime
Job Wall-clock time: 00:00:05
Memory Utilized: 1.20 MB
Memory Efficiency: 0.00% of 64.00 GB

 +++++++++++++++++++++++++++++++++++++++++++++++++++++++++++++++++++++++++++
 ++   Memory Efficiency is too small. Please review the requested memory. ++
 ++ It seems that you do not need that much memory so we recommend        ++
 ++ requesting less memory in other similar jobs.                         ++
 +++++++++++++++++++++++++++++++++++++++++++++++++++++++++++++++++++++++++++
 
*****************************************************************************

