slurmstepd: info: Setting TMPDIR to /scratch/4639077. Previous errors about TMPDIR can be discarded
srun python3 /home/csic/mus/fii/chvi/test/entire_pipeline.py --dimensions 2 --size 4 --seed 5
2,4,5,0.01119542121887207,9.703636169433594e-05,0.9673609733581543

*****************************************************************************
*                                                                           *
*                    JOB EFFICIENCY REPORT (seff 4639077)                   *
*                                                                           *
*****************************************************************************

Job ID: 4639077
Cluster: finisterrae3
User/Group: csmusfii/csic
State: COMPLETED (exit code 0)
Nodes: 1
Cores per node: 64
CPU Utilized: 00:00:10
CPU Efficiency: 2.23% of 00:07:28 core-walltime
Job Wall-clock time: 00:00:07
Memory Utilized: 1.70 MB
Memory Efficiency: 0.00% of 64.00 GB

 +++++++++++++++++++++++++++++++++++++++++++++++++++++++++++++++++++++++++++
 ++   Memory Efficiency is too small. Please review the requested memory. ++
 ++ It seems that you do not need that much memory so we recommend        ++
 ++ requesting less memory in other similar jobs.                         ++
 +++++++++++++++++++++++++++++++++++++++++++++++++++++++++++++++++++++++++++
 
*****************************************************************************

