slurmstepd: info: Setting TMPDIR to /scratch/4646282. Previous errors about TMPDIR can be discarded
srun python3 /home/csic/mus/fii/chvi/test/entire_pipeline.py --dimensions 2 --size 4 --seed 20
2,4,20,0.010838985443115234,0.00010204315185546875,0.9771642684936523

*****************************************************************************
*                                                                           *
*                    JOB EFFICIENCY REPORT (seff 4646282)                   *
*                                                                           *
*****************************************************************************

Job ID: 4646282
Cluster: finisterrae3
User/Group: csmusfii/csic
State: COMPLETED (exit code 0)
Nodes: 1
Cores per node: 64
CPU Utilized: 00:00:09
CPU Efficiency: 2.81% of 00:05:20 core-walltime
Job Wall-clock time: 00:00:05
Memory Utilized: 2.07 MB
Memory Efficiency: 0.00% of 64.00 GB

 +++++++++++++++++++++++++++++++++++++++++++++++++++++++++++++++++++++++++++
 ++   Memory Efficiency is too small. Please review the requested memory. ++
 ++ It seems that you do not need that much memory so we recommend        ++
 ++ requesting less memory in other similar jobs.                         ++
 +++++++++++++++++++++++++++++++++++++++++++++++++++++++++++++++++++++++++++
 
*****************************************************************************

