slurmstepd: info: Setting TMPDIR to /scratch/4646279. Previous errors about TMPDIR can be discarded
srun python3 /home/csic/mus/fii/chvi/test/entire_pipeline.py --dimensions 2 --size 4 --seed 17
2,4,17,0.011270523071289062,9.894371032714844e-05,1.0267705917358398

*****************************************************************************
*                                                                           *
*                    JOB EFFICIENCY REPORT (seff 4646279)                   *
*                                                                           *
*****************************************************************************

Job ID: 4646279
Cluster: finisterrae3
User/Group: csmusfii/csic
State: COMPLETED (exit code 0)
Nodes: 1
Cores per node: 64
CPU Utilized: 00:00:10
CPU Efficiency: 2.23% of 00:07:28 core-walltime
Job Wall-clock time: 00:00:07
Memory Utilized: 1.73 MB
Memory Efficiency: 0.00% of 64.00 GB

 +++++++++++++++++++++++++++++++++++++++++++++++++++++++++++++++++++++++++++
 ++   Memory Efficiency is too small. Please review the requested memory. ++
 ++ It seems that you do not need that much memory so we recommend        ++
 ++ requesting less memory in other similar jobs.                         ++
 +++++++++++++++++++++++++++++++++++++++++++++++++++++++++++++++++++++++++++
 
*****************************************************************************

