slurmstepd: info: Setting TMPDIR to /scratch/4646276. Previous errors about TMPDIR can be discarded
srun python3 /home/csic/mus/fii/chvi/test/entire_pipeline.py --dimensions 2 --size 4 --seed 14
2,4,14,0.05374264717102051,0.00013875961303710938,1.4524815082550049

*****************************************************************************
*                                                                           *
*                    JOB EFFICIENCY REPORT (seff 4646276)                   *
*                                                                           *
*****************************************************************************

Job ID: 4646276
Cluster: finisterrae3
User/Group: csmusfii/csic
State: COMPLETED (exit code 0)
Nodes: 1
Cores per node: 64
CPU Utilized: 00:00:10
CPU Efficiency: 5.21% of 00:03:12 core-walltime
Job Wall-clock time: 00:00:03
Memory Utilized: 1.70 MB
Memory Efficiency: 0.00% of 64.00 GB

 +++++++++++++++++++++++++++++++++++++++++++++++++++++++++++++++++++++++++++
 ++   Memory Efficiency is too small. Please review the requested memory. ++
 ++ It seems that you do not need that much memory so we recommend        ++
 ++ requesting less memory in other similar jobs.                         ++
 +++++++++++++++++++++++++++++++++++++++++++++++++++++++++++++++++++++++++++
 
*****************************************************************************

