slurmstepd: info: Setting TMPDIR to /scratch/4646300. Previous errors about TMPDIR can be discarded
srun python3 /home/csic/mus/fii/chvi/test/entire_pipeline.py --dimensions 2 --size 5 --seed 18
2,5,18,0.0828857421875,0.00011110305786132812,0.9431514739990234

*****************************************************************************
*                                                                           *
*                    JOB EFFICIENCY REPORT (seff 4646300)                   *
*                                                                           *
*****************************************************************************

Job ID: 4646300
Cluster: finisterrae3
User/Group: csmusfii/csic
State: COMPLETED (exit code 0)
Nodes: 1
Cores per node: 64
CPU Utilized: 00:00:13
CPU Efficiency: 10.16% of 00:02:08 core-walltime
Job Wall-clock time: 00:00:02
Memory Utilized: 1.46 MB
Memory Efficiency: 0.00% of 64.00 GB

 +++++++++++++++++++++++++++++++++++++++++++++++++++++++++++++++++++++++++++
 ++   Memory Efficiency is too small. Please review the requested memory. ++
 ++ It seems that you do not need that much memory so we recommend        ++
 ++ requesting less memory in other similar jobs.                         ++
 +++++++++++++++++++++++++++++++++++++++++++++++++++++++++++++++++++++++++++
 
*****************************************************************************

