slurmstepd: info: Setting TMPDIR to /scratch/4646285. Previous errors about TMPDIR can be discarded
srun python3 /home/csic/mus/fii/chvi/test/entire_pipeline.py --dimensions 2 --size 5 --seed 3
2,5,3,0.05702066421508789,0.00010657310485839844,0.9789690971374512

*****************************************************************************
*                                                                           *
*                    JOB EFFICIENCY REPORT (seff 4646285)                   *
*                                                                           *
*****************************************************************************

Job ID: 4646285
Cluster: finisterrae3
User/Group: csmusfii/csic
State: COMPLETED (exit code 0)
Nodes: 1
Cores per node: 64
CPU Utilized: 00:00:12
CPU Efficiency: 3.75% of 00:05:20 core-walltime
Job Wall-clock time: 00:00:05
Memory Utilized: 2.37 MB
Memory Efficiency: 0.00% of 64.00 GB

 +++++++++++++++++++++++++++++++++++++++++++++++++++++++++++++++++++++++++++
 ++   Memory Efficiency is too small. Please review the requested memory. ++
 ++ It seems that you do not need that much memory so we recommend        ++
 ++ requesting less memory in other similar jobs.                         ++
 +++++++++++++++++++++++++++++++++++++++++++++++++++++++++++++++++++++++++++
 
*****************************************************************************

