slurmstepd: info: Setting TMPDIR to /scratch/4646288. Previous errors about TMPDIR can be discarded
srun python3 /home/csic/mus/fii/chvi/test/entire_pipeline.py --dimensions 2 --size 5 --seed 6
2,5,6,0.03715062141418457,0.00010561943054199219,0.9851663112640381

*****************************************************************************
*                                                                           *
*                    JOB EFFICIENCY REPORT (seff 4646288)                   *
*                                                                           *
*****************************************************************************

Job ID: 4646288
Cluster: finisterrae3
User/Group: csmusfii/csic
State: COMPLETED (exit code 0)
Nodes: 1
Cores per node: 64
CPU Utilized: 00:00:10
CPU Efficiency: 3.91% of 00:04:16 core-walltime
Job Wall-clock time: 00:00:04
Memory Utilized: 2.20 MB
Memory Efficiency: 0.00% of 64.00 GB

 +++++++++++++++++++++++++++++++++++++++++++++++++++++++++++++++++++++++++++
 ++   Memory Efficiency is too small. Please review the requested memory. ++
 ++ It seems that you do not need that much memory so we recommend        ++
 ++ requesting less memory in other similar jobs.                         ++
 +++++++++++++++++++++++++++++++++++++++++++++++++++++++++++++++++++++++++++
 
*****************************************************************************

