slurmstepd: info: Setting TMPDIR to /scratch/4646292. Previous errors about TMPDIR can be discarded
srun python3 /home/csic/mus/fii/chvi/test/entire_pipeline.py --dimensions 2 --size 5 --seed 10
2,5,10,0.031862497329711914,0.00010919570922851562,0.9690189361572266

*****************************************************************************
*                                                                           *
*                    JOB EFFICIENCY REPORT (seff 4646292)                   *
*                                                                           *
*****************************************************************************

Job ID: 4646292
Cluster: finisterrae3
User/Group: csmusfii/csic
State: COMPLETED (exit code 0)
Nodes: 1
Cores per node: 64
CPU Utilized: 00:00:10
CPU Efficiency: 3.12% of 00:05:20 core-walltime
Job Wall-clock time: 00:00:05
Memory Utilized: 3.11 MB
Memory Efficiency: 0.00% of 64.00 GB

 +++++++++++++++++++++++++++++++++++++++++++++++++++++++++++++++++++++++++++
 ++   Memory Efficiency is too small. Please review the requested memory. ++
 ++ It seems that you do not need that much memory so we recommend        ++
 ++ requesting less memory in other similar jobs.                         ++
 +++++++++++++++++++++++++++++++++++++++++++++++++++++++++++++++++++++++++++
 
*****************************************************************************

