slurmstepd: info: Setting TMPDIR to /scratch/4646295. Previous errors about TMPDIR can be discarded
srun python3 /home/csic/mus/fii/chvi/test/entire_pipeline.py --dimensions 2 --size 5 --seed 13
2,5,13,0.11913466453552246,0.00013566017150878906,1.2553377151489258

*****************************************************************************
*                                                                           *
*                    JOB EFFICIENCY REPORT (seff 4646295)                   *
*                                                                           *
*****************************************************************************

Job ID: 4646295
Cluster: finisterrae3
User/Group: csmusfii/csic
State: COMPLETED (exit code 0)
Nodes: 1
Cores per node: 64
CPU Utilized: 00:00:12
CPU Efficiency: 3.75% of 00:05:20 core-walltime
Job Wall-clock time: 00:00:05
Memory Utilized: 1.54 MB
Memory Efficiency: 0.00% of 64.00 GB

 +++++++++++++++++++++++++++++++++++++++++++++++++++++++++++++++++++++++++++
 ++   Memory Efficiency is too small. Please review the requested memory. ++
 ++ It seems that you do not need that much memory so we recommend        ++
 ++ requesting less memory in other similar jobs.                         ++
 +++++++++++++++++++++++++++++++++++++++++++++++++++++++++++++++++++++++++++
 
*****************************************************************************

