slurmstepd: info: Setting TMPDIR to /scratch/4646287. Previous errors about TMPDIR can be discarded
srun python3 /home/csic/mus/fii/chvi/test/entire_pipeline.py --dimensions 2 --size 5 --seed 5
2,5,5,0.06978607177734375,0.00012230873107910156,1.1981310844421387

*****************************************************************************
*                                                                           *
*                    JOB EFFICIENCY REPORT (seff 4646287)                   *
*                                                                           *
*****************************************************************************

Job ID: 4646287
Cluster: finisterrae3
User/Group: csmusfii/csic
State: COMPLETED (exit code 0)
Nodes: 1
Cores per node: 64
CPU Utilized: 00:00:11
CPU Efficiency: 3.44% of 00:05:20 core-walltime
Job Wall-clock time: 00:00:05
Memory Utilized: 1.62 MB
Memory Efficiency: 0.00% of 64.00 GB

 +++++++++++++++++++++++++++++++++++++++++++++++++++++++++++++++++++++++++++
 ++   Memory Efficiency is too small. Please review the requested memory. ++
 ++ It seems that you do not need that much memory so we recommend        ++
 ++ requesting less memory in other similar jobs.                         ++
 +++++++++++++++++++++++++++++++++++++++++++++++++++++++++++++++++++++++++++
 
*****************************************************************************

