slurmstepd: info: Setting TMPDIR to /scratch/4646297. Previous errors about TMPDIR can be discarded
srun python3 /home/csic/mus/fii/chvi/test/entire_pipeline.py --dimensions 2 --size 5 --seed 15
2,5,15,0.024182796478271484,9.799003601074219e-05,0.9792079925537109

*****************************************************************************
*                                                                           *
*                    JOB EFFICIENCY REPORT (seff 4646297)                   *
*                                                                           *
*****************************************************************************

Job ID: 4646297
Cluster: finisterrae3
User/Group: csmusfii/csic
State: COMPLETED (exit code 0)
Nodes: 1
Cores per node: 64
CPU Utilized: 00:00:11
CPU Efficiency: 5.73% of 00:03:12 core-walltime
Job Wall-clock time: 00:00:03
Memory Utilized: 2.46 MB
Memory Efficiency: 0.00% of 64.00 GB

 +++++++++++++++++++++++++++++++++++++++++++++++++++++++++++++++++++++++++++
 ++   Memory Efficiency is too small. Please review the requested memory. ++
 ++ It seems that you do not need that much memory so we recommend        ++
 ++ requesting less memory in other similar jobs.                         ++
 +++++++++++++++++++++++++++++++++++++++++++++++++++++++++++++++++++++++++++
 
*****************************************************************************

