slurmstepd: info: Setting TMPDIR to /scratch/4646294. Previous errors about TMPDIR can be discarded
srun python3 /home/csic/mus/fii/chvi/test/entire_pipeline.py --dimensions 2 --size 5 --seed 12
2,5,12,0.02639627456665039,0.00010561943054199219,0.9454360008239746

*****************************************************************************
*                                                                           *
*                    JOB EFFICIENCY REPORT (seff 4646294)                   *
*                                                                           *
*****************************************************************************

Job ID: 4646294
Cluster: finisterrae3
User/Group: csmusfii/csic
State: COMPLETED (exit code 0)
Nodes: 1
Cores per node: 64
CPU Utilized: 00:00:11
CPU Efficiency: 5.73% of 00:03:12 core-walltime
Job Wall-clock time: 00:00:03
Memory Utilized: 1.19 MB
Memory Efficiency: 0.00% of 64.00 GB

 +++++++++++++++++++++++++++++++++++++++++++++++++++++++++++++++++++++++++++
 ++   Memory Efficiency is too small. Please review the requested memory. ++
 ++ It seems that you do not need that much memory so we recommend        ++
 ++ requesting less memory in other similar jobs.                         ++
 +++++++++++++++++++++++++++++++++++++++++++++++++++++++++++++++++++++++++++
 
*****************************************************************************

