slurmstepd: info: Setting TMPDIR to /scratch/4646301. Previous errors about TMPDIR can be discarded
srun python3 /home/csic/mus/fii/chvi/test/entire_pipeline.py --dimensions 2 --size 5 --seed 19
2,5,19,0.0217287540435791,0.00011372566223144531,0.9679887294769287

*****************************************************************************
*                                                                           *
*                    JOB EFFICIENCY REPORT (seff 4646301)                   *
*                                                                           *
*****************************************************************************

Job ID: 4646301
Cluster: finisterrae3
User/Group: csmusfii/csic
State: COMPLETED (exit code 0)
Nodes: 1
Cores per node: 64
CPU Utilized: 00:00:09
CPU Efficiency: 7.03% of 00:02:08 core-walltime
Job Wall-clock time: 00:00:02
Memory Utilized: 2.89 MB
Memory Efficiency: 0.00% of 64.00 GB

 +++++++++++++++++++++++++++++++++++++++++++++++++++++++++++++++++++++++++++
 ++   Memory Efficiency is too small. Please review the requested memory. ++
 ++ It seems that you do not need that much memory so we recommend        ++
 ++ requesting less memory in other similar jobs.                         ++
 +++++++++++++++++++++++++++++++++++++++++++++++++++++++++++++++++++++++++++
 
*****************************************************************************

