slurmstepd: info: Setting TMPDIR to /scratch/4646321. Previous errors about TMPDIR can be discarded
srun python3 /home/csic/mus/fii/chvi/test/entire_pipeline.py --dimensions 2 --size 6 --seed 19
2,6,19,0.10047411918640137,0.00011181831359863281,0.9753053188323975

*****************************************************************************
*                                                                           *
*                    JOB EFFICIENCY REPORT (seff 4646321)                   *
*                                                                           *
*****************************************************************************

Job ID: 4646321
Cluster: finisterrae3
User/Group: csmusfii/csic
State: COMPLETED (exit code 0)
Nodes: 1
Cores per node: 64
CPU Utilized: 00:00:14
CPU Efficiency: 7.29% of 00:03:12 core-walltime
Job Wall-clock time: 00:00:03
Memory Utilized: 2.55 MB
Memory Efficiency: 0.00% of 64.00 GB

 +++++++++++++++++++++++++++++++++++++++++++++++++++++++++++++++++++++++++++
 ++   Memory Efficiency is too small. Please review the requested memory. ++
 ++ It seems that you do not need that much memory so we recommend        ++
 ++ requesting less memory in other similar jobs.                         ++
 +++++++++++++++++++++++++++++++++++++++++++++++++++++++++++++++++++++++++++
 
*****************************************************************************

