slurmstepd: info: Setting TMPDIR to /scratch/4646319. Previous errors about TMPDIR can be discarded
srun python3 /home/csic/mus/fii/chvi/test/entire_pipeline.py --dimensions 2 --size 6 --seed 17
2,6,17,0.1687479019165039,0.0001761913299560547,1.230478286743164

*****************************************************************************
*                                                                           *
*                    JOB EFFICIENCY REPORT (seff 4646319)                   *
*                                                                           *
*****************************************************************************

Job ID: 4646319
Cluster: finisterrae3
User/Group: csmusfii/csic
State: COMPLETED (exit code 0)
Nodes: 1
Cores per node: 64
CPU Utilized: 00:00:11
CPU Efficiency: 2.86% of 00:06:24 core-walltime
Job Wall-clock time: 00:00:06
Memory Utilized: 1.52 MB
Memory Efficiency: 0.00% of 64.00 GB

 +++++++++++++++++++++++++++++++++++++++++++++++++++++++++++++++++++++++++++
 ++   Memory Efficiency is too small. Please review the requested memory. ++
 ++ It seems that you do not need that much memory so we recommend        ++
 ++ requesting less memory in other similar jobs.                         ++
 +++++++++++++++++++++++++++++++++++++++++++++++++++++++++++++++++++++++++++
 
*****************************************************************************

