slurmstepd: info: Setting TMPDIR to /scratch/4646308. Previous errors about TMPDIR can be discarded
srun python3 /home/csic/mus/fii/chvi/test/entire_pipeline.py --dimensions 2 --size 6 --seed 6
2,6,6,0.03301501274108887,0.00010347366333007812,0.9436430931091309

*****************************************************************************
*                                                                           *
*                    JOB EFFICIENCY REPORT (seff 4646308)                   *
*                                                                           *
*****************************************************************************

Job ID: 4646308
Cluster: finisterrae3
User/Group: csmusfii/csic
State: COMPLETED (exit code 0)
Nodes: 1
Cores per node: 64
CPU Utilized: 00:00:08
CPU Efficiency: 4.17% of 00:03:12 core-walltime
Job Wall-clock time: 00:00:03
Memory Utilized: 2.66 MB
Memory Efficiency: 0.00% of 64.00 GB

 +++++++++++++++++++++++++++++++++++++++++++++++++++++++++++++++++++++++++++
 ++   Memory Efficiency is too small. Please review the requested memory. ++
 ++ It seems that you do not need that much memory so we recommend        ++
 ++ requesting less memory in other similar jobs.                         ++
 +++++++++++++++++++++++++++++++++++++++++++++++++++++++++++++++++++++++++++
 
*****************************************************************************

