slurmstepd: info: Setting TMPDIR to /scratch/4646312. Previous errors about TMPDIR can be discarded
srun python3 /home/csic/mus/fii/chvi/test/entire_pipeline.py --dimensions 2 --size 6 --seed 10
2,6,10,0.09914278984069824,0.00010442733764648438,0.9557712078094482

*****************************************************************************
*                                                                           *
*                    JOB EFFICIENCY REPORT (seff 4646312)                   *
*                                                                           *
*****************************************************************************

Job ID: 4646312
Cluster: finisterrae3
User/Group: csmusfii/csic
State: COMPLETED (exit code 0)
Nodes: 1
Cores per node: 64
CPU Utilized: 00:00:15
CPU Efficiency: 7.81% of 00:03:12 core-walltime
Job Wall-clock time: 00:00:03
Memory Utilized: 1.83 MB
Memory Efficiency: 0.00% of 64.00 GB

 +++++++++++++++++++++++++++++++++++++++++++++++++++++++++++++++++++++++++++
 ++   Memory Efficiency is too small. Please review the requested memory. ++
 ++ It seems that you do not need that much memory so we recommend        ++
 ++ requesting less memory in other similar jobs.                         ++
 +++++++++++++++++++++++++++++++++++++++++++++++++++++++++++++++++++++++++++
 
*****************************************************************************

