slurmstepd: info: Setting TMPDIR to /scratch/4646320. Previous errors about TMPDIR can be discarded
srun python3 /home/csic/mus/fii/chvi/test/entire_pipeline.py --dimensions 2 --size 6 --seed 18
2,6,18,0.09447646141052246,0.00010418891906738281,0.9655780792236328

*****************************************************************************
*                                                                           *
*                    JOB EFFICIENCY REPORT (seff 4646320)                   *
*                                                                           *
*****************************************************************************

Job ID: 4646320
Cluster: finisterrae3
User/Group: csmusfii/csic
State: COMPLETED (exit code 0)
Nodes: 1
Cores per node: 64
CPU Utilized: 00:00:15
CPU Efficiency: 3.91% of 00:06:24 core-walltime
Job Wall-clock time: 00:00:06
Memory Utilized: 2.10 MB
Memory Efficiency: 0.00% of 64.00 GB

 +++++++++++++++++++++++++++++++++++++++++++++++++++++++++++++++++++++++++++
 ++   Memory Efficiency is too small. Please review the requested memory. ++
 ++ It seems that you do not need that much memory so we recommend        ++
 ++ requesting less memory in other similar jobs.                         ++
 +++++++++++++++++++++++++++++++++++++++++++++++++++++++++++++++++++++++++++
 
*****************************************************************************

