slurmstepd: info: Setting TMPDIR to /scratch/4646306. Previous errors about TMPDIR can be discarded
srun python3 /home/csic/mus/fii/chvi/test/entire_pipeline.py --dimensions 2 --size 6 --seed 4
2,6,4,0.11499810218811035,0.00013637542724609375,0.985213041305542

*****************************************************************************
*                                                                           *
*                    JOB EFFICIENCY REPORT (seff 4646306)                   *
*                                                                           *
*****************************************************************************

Job ID: 4646306
Cluster: finisterrae3
User/Group: csmusfii/csic
State: COMPLETED (exit code 0)
Nodes: 1
Cores per node: 64
CPU Utilized: 00:00:14
CPU Efficiency: 7.29% of 00:03:12 core-walltime
Job Wall-clock time: 00:00:03
Memory Utilized: 1.42 MB
Memory Efficiency: 0.00% of 64.00 GB

 +++++++++++++++++++++++++++++++++++++++++++++++++++++++++++++++++++++++++++
 ++   Memory Efficiency is too small. Please review the requested memory. ++
 ++ It seems that you do not need that much memory so we recommend        ++
 ++ requesting less memory in other similar jobs.                         ++
 +++++++++++++++++++++++++++++++++++++++++++++++++++++++++++++++++++++++++++
 
*****************************************************************************

