slurmstepd: info: Setting TMPDIR to /scratch/4646307. Previous errors about TMPDIR can be discarded
srun python3 /home/csic/mus/fii/chvi/test/entire_pipeline.py --dimensions 2 --size 6 --seed 5
2,6,5,0.13035321235656738,0.0001442432403564453,1.2054741382598877

*****************************************************************************
*                                                                           *
*                    JOB EFFICIENCY REPORT (seff 4646307)                   *
*                                                                           *
*****************************************************************************

Job ID: 4646307
Cluster: finisterrae3
User/Group: csmusfii/csic
State: COMPLETED (exit code 0)
Nodes: 1
Cores per node: 64
CPU Utilized: 00:00:14
CPU Efficiency: 4.38% of 00:05:20 core-walltime
Job Wall-clock time: 00:00:05
Memory Utilized: 2.08 MB
Memory Efficiency: 0.00% of 64.00 GB

 +++++++++++++++++++++++++++++++++++++++++++++++++++++++++++++++++++++++++++
 ++   Memory Efficiency is too small. Please review the requested memory. ++
 ++ It seems that you do not need that much memory so we recommend        ++
 ++ requesting less memory in other similar jobs.                         ++
 +++++++++++++++++++++++++++++++++++++++++++++++++++++++++++++++++++++++++++
 
*****************************************************************************

