slurmstepd: info: Setting TMPDIR to /scratch/4654568. Previous errors about TMPDIR can be discarded
srun python3 /home/csic/mus/fii/chvi/test/entire_pipeline.py --dimensions 2 --size 7 --seed 12
2,7,12,0.12183785438537598,0.00010228157043457031,1.008854627609253

*****************************************************************************
*                                                                           *
*                    JOB EFFICIENCY REPORT (seff 4654568)                   *
*                                                                           *
*****************************************************************************

Job ID: 4654568
Cluster: finisterrae3
User/Group: csmusfii/csic
State: COMPLETED (exit code 0)
Nodes: 1
Cores per node: 64
CPU Utilized: 00:00:15
CPU Efficiency: 5.86% of 00:04:16 core-walltime
Job Wall-clock time: 00:00:04
Memory Utilized: 804.00 KB
Memory Efficiency: 0.00% of 64.00 GB

 +++++++++++++++++++++++++++++++++++++++++++++++++++++++++++++++++++++++++++
 ++   Memory Efficiency is too small. Please review the requested memory. ++
 ++ It seems that you do not need that much memory so we recommend        ++
 ++ requesting less memory in other similar jobs.                         ++
 +++++++++++++++++++++++++++++++++++++++++++++++++++++++++++++++++++++++++++
 
*****************************************************************************

