slurmstepd: info: Setting TMPDIR to /scratch/4654566. Previous errors about TMPDIR can be discarded
srun python3 /home/csic/mus/fii/chvi/test/entire_pipeline.py --dimensions 2 --size 7 --seed 10
2,7,10,0.050833702087402344,0.00011205673217773438,0.9626758098602295

*****************************************************************************
*                                                                           *
*                    JOB EFFICIENCY REPORT (seff 4654566)                   *
*                                                                           *
*****************************************************************************

Job ID: 4654566
Cluster: finisterrae3
User/Group: csmusfii/csic
State: COMPLETED (exit code 0)
Nodes: 1
Cores per node: 64
CPU Utilized: 00:00:11
CPU Efficiency: 4.30% of 00:04:16 core-walltime
Job Wall-clock time: 00:00:04
Memory Utilized: 924.00 KB
Memory Efficiency: 0.00% of 64.00 GB

 +++++++++++++++++++++++++++++++++++++++++++++++++++++++++++++++++++++++++++
 ++   Memory Efficiency is too small. Please review the requested memory. ++
 ++ It seems that you do not need that much memory so we recommend        ++
 ++ requesting less memory in other similar jobs.                         ++
 +++++++++++++++++++++++++++++++++++++++++++++++++++++++++++++++++++++++++++
 
*****************************************************************************

