slurmstepd: info: Setting TMPDIR to /scratch/4654559. Previous errors about TMPDIR can be discarded
srun python3 /home/csic/mus/fii/chvi/test/entire_pipeline.py --dimensions 2 --size 7 --seed 3
2,7,3,0.18535637855529785,0.0001747608184814453,1.1958832740783691

*****************************************************************************
*                                                                           *
*                    JOB EFFICIENCY REPORT (seff 4654559)                   *
*                                                                           *
*****************************************************************************

Job ID: 4654559
Cluster: finisterrae3
User/Group: csmusfii/csic
State: COMPLETED (exit code 0)
Nodes: 1
Cores per node: 64
CPU Utilized: 00:00:15
CPU Efficiency: 4.69% of 00:05:20 core-walltime
Job Wall-clock time: 00:00:05
Memory Utilized: 932.00 KB
Memory Efficiency: 0.00% of 64.00 GB

 +++++++++++++++++++++++++++++++++++++++++++++++++++++++++++++++++++++++++++
 ++   Memory Efficiency is too small. Please review the requested memory. ++
 ++ It seems that you do not need that much memory so we recommend        ++
 ++ requesting less memory in other similar jobs.                         ++
 +++++++++++++++++++++++++++++++++++++++++++++++++++++++++++++++++++++++++++
 
*****************************************************************************

