slurmstepd: info: Setting TMPDIR to /scratch/4654595. Previous errors about TMPDIR can be discarded
srun python3 /home/csic/mus/fii/chvi/test/entire_pipeline.py --dimensions 2 --size 8 --seed 19
2,8,19,0.11764192581176758,0.00011181831359863281,0.9768872261047363

*****************************************************************************
*                                                                           *
*                    JOB EFFICIENCY REPORT (seff 4654595)                   *
*                                                                           *
*****************************************************************************

Job ID: 4654595
Cluster: finisterrae3
User/Group: csmusfii/csic
State: COMPLETED (exit code 0)
Nodes: 1
Cores per node: 64
CPU Utilized: 00:00:16
CPU Efficiency: 4.17% of 00:06:24 core-walltime
Job Wall-clock time: 00:00:06
Memory Utilized: 868.00 KB
Memory Efficiency: 0.00% of 64.00 GB

 +++++++++++++++++++++++++++++++++++++++++++++++++++++++++++++++++++++++++++
 ++   Memory Efficiency is too small. Please review the requested memory. ++
 ++ It seems that you do not need that much memory so we recommend        ++
 ++ requesting less memory in other similar jobs.                         ++
 +++++++++++++++++++++++++++++++++++++++++++++++++++++++++++++++++++++++++++
 
*****************************************************************************

