slurmstepd: info: Setting TMPDIR to /scratch/4654589. Previous errors about TMPDIR can be discarded
srun python3 /home/csic/mus/fii/chvi/test/entire_pipeline.py --dimensions 2 --size 8 --seed 13
2,8,13,0.028412818908691406,0.00012302398681640625,0.9590017795562744

*****************************************************************************
*                                                                           *
*                    JOB EFFICIENCY REPORT (seff 4654589)                   *
*                                                                           *
*****************************************************************************

Job ID: 4654589
Cluster: finisterrae3
User/Group: csmusfii/csic
State: COMPLETED (exit code 0)
Nodes: 1
Cores per node: 64
CPU Utilized: 00:00:10
CPU Efficiency: 3.91% of 00:04:16 core-walltime
Job Wall-clock time: 00:00:04
Memory Utilized: 4.04 MB
Memory Efficiency: 0.01% of 64.00 GB

 +++++++++++++++++++++++++++++++++++++++++++++++++++++++++++++++++++++++++++
 ++   Memory Efficiency is too small. Please review the requested memory. ++
 ++ It seems that you do not need that much memory so we recommend        ++
 ++ requesting less memory in other similar jobs.                         ++
 +++++++++++++++++++++++++++++++++++++++++++++++++++++++++++++++++++++++++++
 
*****************************************************************************

