slurmstepd: info: Setting TMPDIR to /scratch/4654579. Previous errors about TMPDIR can be discarded
srun python3 /home/csic/mus/fii/chvi/test/entire_pipeline.py --dimensions 2 --size 8 --seed 3
2,8,3,0.10205888748168945,0.00010514259338378906,0.9696195125579834

*****************************************************************************
*                                                                           *
*                    JOB EFFICIENCY REPORT (seff 4654579)                   *
*                                                                           *
*****************************************************************************

Job ID: 4654579
Cluster: finisterrae3
User/Group: csmusfii/csic
State: COMPLETED (exit code 0)
Nodes: 1
Cores per node: 64
CPU Utilized: 00:00:15
CPU Efficiency: 5.86% of 00:04:16 core-walltime
Job Wall-clock time: 00:00:04
Memory Utilized: 2.86 MB
Memory Efficiency: 0.00% of 64.00 GB

 +++++++++++++++++++++++++++++++++++++++++++++++++++++++++++++++++++++++++++
 ++   Memory Efficiency is too small. Please review the requested memory. ++
 ++ It seems that you do not need that much memory so we recommend        ++
 ++ requesting less memory in other similar jobs.                         ++
 +++++++++++++++++++++++++++++++++++++++++++++++++++++++++++++++++++++++++++
 
*****************************************************************************

