slurmstepd: info: Setting TMPDIR to /scratch/4654583. Previous errors about TMPDIR can be discarded
srun python3 /home/csic/mus/fii/chvi/test/entire_pipeline.py --dimensions 2 --size 8 --seed 7
2,8,7,0.038254499435424805,0.00013566017150878906,0.9700260162353516

*****************************************************************************
*                                                                           *
*                    JOB EFFICIENCY REPORT (seff 4654583)                   *
*                                                                           *
*****************************************************************************

Job ID: 4654583
Cluster: finisterrae3
User/Group: csmusfii/csic
State: COMPLETED (exit code 0)
Nodes: 1
Cores per node: 64
CPU Utilized: 00:00:10
CPU Efficiency: 3.91% of 00:04:16 core-walltime
Job Wall-clock time: 00:00:04
Memory Utilized: 528.00 KB
Memory Efficiency: 0.00% of 64.00 GB

 +++++++++++++++++++++++++++++++++++++++++++++++++++++++++++++++++++++++++++
 ++   Memory Efficiency is too small. Please review the requested memory. ++
 ++ It seems that you do not need that much memory so we recommend        ++
 ++ requesting less memory in other similar jobs.                         ++
 +++++++++++++++++++++++++++++++++++++++++++++++++++++++++++++++++++++++++++
 
*****************************************************************************

