slurmstepd: info: Setting TMPDIR to /scratch/4654586. Previous errors about TMPDIR can be discarded
srun python3 /home/csic/mus/fii/chvi/test/entire_pipeline.py --dimensions 2 --size 8 --seed 10
2,8,10,0.048811912536621094,0.00011754035949707031,0.9740495681762695

*****************************************************************************
*                                                                           *
*                    JOB EFFICIENCY REPORT (seff 4654586)                   *
*                                                                           *
*****************************************************************************

Job ID: 4654586
Cluster: finisterrae3
User/Group: csmusfii/csic
State: COMPLETED (exit code 0)
Nodes: 1
Cores per node: 64
CPU Utilized: 00:00:11
CPU Efficiency: 4.30% of 00:04:16 core-walltime
Job Wall-clock time: 00:00:04
Memory Utilized: 784.00 KB
Memory Efficiency: 0.00% of 64.00 GB

 +++++++++++++++++++++++++++++++++++++++++++++++++++++++++++++++++++++++++++
 ++   Memory Efficiency is too small. Please review the requested memory. ++
 ++ It seems that you do not need that much memory so we recommend        ++
 ++ requesting less memory in other similar jobs.                         ++
 +++++++++++++++++++++++++++++++++++++++++++++++++++++++++++++++++++++++++++
 
*****************************************************************************

