slurmstepd: info: Setting TMPDIR to /scratch/4654581. Previous errors about TMPDIR can be discarded
srun python3 /home/csic/mus/fii/chvi/test/entire_pipeline.py --dimensions 2 --size 8 --seed 5
2,8,5,0.038919687271118164,0.00011014938354492188,0.9453587532043457

*****************************************************************************
*                                                                           *
*                    JOB EFFICIENCY REPORT (seff 4654581)                   *
*                                                                           *
*****************************************************************************

Job ID: 4654581
Cluster: finisterrae3
User/Group: csmusfii/csic
State: COMPLETED (exit code 0)
Nodes: 1
Cores per node: 64
CPU Utilized: 00:00:10
CPU Efficiency: 3.91% of 00:04:16 core-walltime
Job Wall-clock time: 00:00:04
Memory Utilized: 792.00 KB
Memory Efficiency: 0.00% of 64.00 GB

 +++++++++++++++++++++++++++++++++++++++++++++++++++++++++++++++++++++++++++
 ++   Memory Efficiency is too small. Please review the requested memory. ++
 ++ It seems that you do not need that much memory so we recommend        ++
 ++ requesting less memory in other similar jobs.                         ++
 +++++++++++++++++++++++++++++++++++++++++++++++++++++++++++++++++++++++++++
 
*****************************************************************************

