slurmstepd: info: Setting TMPDIR to /scratch/4654580. Previous errors about TMPDIR can be discarded
srun python3 /home/csic/mus/fii/chvi/test/entire_pipeline.py --dimensions 2 --size 8 --seed 4
2,8,4,0.07823896408081055,0.00010180473327636719,0.9510049819946289

*****************************************************************************
*                                                                           *
*                    JOB EFFICIENCY REPORT (seff 4654580)                   *
*                                                                           *
*****************************************************************************

Job ID: 4654580
Cluster: finisterrae3
User/Group: csmusfii/csic
State: COMPLETED (exit code 0)
Nodes: 1
Cores per node: 64
CPU Utilized: 00:00:12
CPU Efficiency: 4.69% of 00:04:16 core-walltime
Job Wall-clock time: 00:00:04
Memory Utilized: 1.03 MB
Memory Efficiency: 0.00% of 64.00 GB

 +++++++++++++++++++++++++++++++++++++++++++++++++++++++++++++++++++++++++++
 ++   Memory Efficiency is too small. Please review the requested memory. ++
 ++ It seems that you do not need that much memory so we recommend        ++
 ++ requesting less memory in other similar jobs.                         ++
 +++++++++++++++++++++++++++++++++++++++++++++++++++++++++++++++++++++++++++
 
*****************************************************************************

