slurmstepd: info: Setting TMPDIR to /scratch/4654626. Previous errors about TMPDIR can be discarded
srun python3 /home/csic/mus/fii/chvi/test/entire_pipeline.py --dimensions 2 --size 9 --seed 11
2,9,11,0.02550196647644043,0.0001285076141357422,0.9520533084869385

*****************************************************************************
*                                                                           *
*                    JOB EFFICIENCY REPORT (seff 4654626)                   *
*                                                                           *
*****************************************************************************

Job ID: 4654626
Cluster: finisterrae3
User/Group: csmusfii/csic
State: COMPLETED (exit code 0)
Nodes: 1
Cores per node: 64
CPU Utilized: 00:00:10
CPU Efficiency: 5.21% of 00:03:12 core-walltime
Job Wall-clock time: 00:00:03
Memory Utilized: 3.32 MB
Memory Efficiency: 0.01% of 64.00 GB

 +++++++++++++++++++++++++++++++++++++++++++++++++++++++++++++++++++++++++++
 ++   Memory Efficiency is too small. Please review the requested memory. ++
 ++ It seems that you do not need that much memory so we recommend        ++
 ++ requesting less memory in other similar jobs.                         ++
 +++++++++++++++++++++++++++++++++++++++++++++++++++++++++++++++++++++++++++
 
*****************************************************************************

