slurmstepd: info: Setting TMPDIR to /scratch/4654597. Previous errors about TMPDIR can be discarded
srun python3 /home/csic/mus/fii/chvi/test/entire_pipeline.py --dimensions 2 --size 9 --seed 1
2,9,1,0.11748218536376953,0.00011563301086425781,0.9530322551727295

*****************************************************************************
*                                                                           *
*                    JOB EFFICIENCY REPORT (seff 4654597)                   *
*                                                                           *
*****************************************************************************

Job ID: 4654597
Cluster: finisterrae3
User/Group: csmusfii/csic
State: COMPLETED (exit code 0)
Nodes: 1
Cores per node: 64
CPU Utilized: 00:00:15
CPU Efficiency: 3.91% of 00:06:24 core-walltime
Job Wall-clock time: 00:00:06
Memory Utilized: 1.19 MB
Memory Efficiency: 0.00% of 64.00 GB

 +++++++++++++++++++++++++++++++++++++++++++++++++++++++++++++++++++++++++++
 ++   Memory Efficiency is too small. Please review the requested memory. ++
 ++ It seems that you do not need that much memory so we recommend        ++
 ++ requesting less memory in other similar jobs.                         ++
 +++++++++++++++++++++++++++++++++++++++++++++++++++++++++++++++++++++++++++
 
*****************************************************************************

