slurmstepd: info: Setting TMPDIR to /scratch/4654602. Previous errors about TMPDIR can be discarded
srun python3 /home/csic/mus/fii/chvi/test/entire_pipeline.py --dimensions 2 --size 9 --seed 6
2,9,6,0.11688685417175293,0.00012183189392089844,0.9593024253845215

*****************************************************************************
*                                                                           *
*                    JOB EFFICIENCY REPORT (seff 4654602)                   *
*                                                                           *
*****************************************************************************

Job ID: 4654602
Cluster: finisterrae3
User/Group: csmusfii/csic
State: COMPLETED (exit code 0)
Nodes: 1
Cores per node: 64
CPU Utilized: 00:00:15
CPU Efficiency: 3.91% of 00:06:24 core-walltime
Job Wall-clock time: 00:00:06
Memory Utilized: 528.00 KB
Memory Efficiency: 0.00% of 64.00 GB

 +++++++++++++++++++++++++++++++++++++++++++++++++++++++++++++++++++++++++++
 ++   Memory Efficiency is too small. Please review the requested memory. ++
 ++ It seems that you do not need that much memory so we recommend        ++
 ++ requesting less memory in other similar jobs.                         ++
 +++++++++++++++++++++++++++++++++++++++++++++++++++++++++++++++++++++++++++
 
*****************************************************************************

