slurmstepd: info: Setting TMPDIR to /scratch/4654635. Previous errors about TMPDIR can be discarded
srun python3 /home/csic/mus/fii/chvi/test/entire_pipeline.py --dimensions 2 --size 9 --seed 20
2,9,20,0.05018281936645508,0.00012564659118652344,0.9715797901153564

*****************************************************************************
*                                                                           *
*                    JOB EFFICIENCY REPORT (seff 4654635)                   *
*                                                                           *
*****************************************************************************

Job ID: 4654635
Cluster: finisterrae3
User/Group: csmusfii/csic
State: COMPLETED (exit code 0)
Nodes: 1
Cores per node: 64
CPU Utilized: 00:00:11
CPU Efficiency: 3.44% of 00:05:20 core-walltime
Job Wall-clock time: 00:00:05
Memory Utilized: 396.00 KB
Memory Efficiency: 0.00% of 64.00 GB

 +++++++++++++++++++++++++++++++++++++++++++++++++++++++++++++++++++++++++++
 ++   Memory Efficiency is too small. Please review the requested memory. ++
 ++ It seems that you do not need that much memory so we recommend        ++
 ++ requesting less memory in other similar jobs.                         ++
 +++++++++++++++++++++++++++++++++++++++++++++++++++++++++++++++++++++++++++
 
*****************************************************************************

