slurmstepd: info: Setting TMPDIR to /scratch/4654631. Previous errors about TMPDIR can be discarded
srun python3 /home/csic/mus/fii/chvi/test/entire_pipeline.py --dimensions 2 --size 9 --seed 16
2,9,16,0.04906463623046875,0.00011372566223144531,0.963477611541748

*****************************************************************************
*                                                                           *
*                    JOB EFFICIENCY REPORT (seff 4654631)                   *
*                                                                           *
*****************************************************************************

Job ID: 4654631
Cluster: finisterrae3
User/Group: csmusfii/csic
State: COMPLETED (exit code 0)
Nodes: 1
Cores per node: 64
CPU Utilized: 00:00:11
CPU Efficiency: 2.46% of 00:07:28 core-walltime
Job Wall-clock time: 00:00:07
Memory Utilized: 132.00 KB
Memory Efficiency: 0.00% of 64.00 GB

 +++++++++++++++++++++++++++++++++++++++++++++++++++++++++++++++++++++++++++
 ++   Memory Efficiency is too small. Please review the requested memory. ++
 ++ It seems that you do not need that much memory so we recommend        ++
 ++ requesting less memory in other similar jobs.                         ++
 +++++++++++++++++++++++++++++++++++++++++++++++++++++++++++++++++++++++++++
 
*****************************************************************************

