slurmstepd: info: Setting TMPDIR to /scratch/4654651. Previous errors about TMPDIR can be discarded
srun python3 /home/csic/mus/fii/chvi/test/entire_pipeline.py --dimensions 3 --size 2 --seed 16
3,2,16,0.012090921401977539,0.0001068115234375,0.9758467674255371

*****************************************************************************
*                                                                           *
*                    JOB EFFICIENCY REPORT (seff 4654651)                   *
*                                                                           *
*****************************************************************************

Job ID: 4654651
Cluster: finisterrae3
User/Group: csmusfii/csic
State: COMPLETED (exit code 0)
Nodes: 1
Cores per node: 64
CPU Utilized: 00:00:09
CPU Efficiency: 4.69% of 00:03:12 core-walltime
Job Wall-clock time: 00:00:03
Memory Utilized: 2.35 MB
Memory Efficiency: 0.00% of 64.00 GB

 +++++++++++++++++++++++++++++++++++++++++++++++++++++++++++++++++++++++++++
 ++   Memory Efficiency is too small. Please review the requested memory. ++
 ++ It seems that you do not need that much memory so we recommend        ++
 ++ requesting less memory in other similar jobs.                         ++
 +++++++++++++++++++++++++++++++++++++++++++++++++++++++++++++++++++++++++++
 
*****************************************************************************

