slurmstepd: info: Setting TMPDIR to /scratch/4654641. Previous errors about TMPDIR can be discarded
srun python3 /home/csic/mus/fii/chvi/test/entire_pipeline.py --dimensions 3 --size 2 --seed 6
3,2,6,0.011252641677856445,0.00010991096496582031,0.9712729454040527

*****************************************************************************
*                                                                           *
*                    JOB EFFICIENCY REPORT (seff 4654641)                   *
*                                                                           *
*****************************************************************************

Job ID: 4654641
Cluster: finisterrae3
User/Group: csmusfii/csic
State: COMPLETED (exit code 0)
Nodes: 1
Cores per node: 64
CPU Utilized: 00:00:10
CPU Efficiency: 3.12% of 00:05:20 core-walltime
Job Wall-clock time: 00:00:05
Memory Utilized: 1.59 MB
Memory Efficiency: 0.00% of 64.00 GB

 +++++++++++++++++++++++++++++++++++++++++++++++++++++++++++++++++++++++++++
 ++   Memory Efficiency is too small. Please review the requested memory. ++
 ++ It seems that you do not need that much memory so we recommend        ++
 ++ requesting less memory in other similar jobs.                         ++
 +++++++++++++++++++++++++++++++++++++++++++++++++++++++++++++++++++++++++++
 
*****************************************************************************

