slurmstepd: info: Setting TMPDIR to /scratch/4654649. Previous errors about TMPDIR can be discarded
srun python3 /home/csic/mus/fii/chvi/test/entire_pipeline.py --dimensions 3 --size 2 --seed 14
3,2,14,0.012042045593261719,0.00011658668518066406,0.9615933895111084

*****************************************************************************
*                                                                           *
*                    JOB EFFICIENCY REPORT (seff 4654649)                   *
*                                                                           *
*****************************************************************************

Job ID: 4654649
Cluster: finisterrae3
User/Group: csmusfii/csic
State: COMPLETED (exit code 0)
Nodes: 1
Cores per node: 64
CPU Utilized: 00:00:09
CPU Efficiency: 4.69% of 00:03:12 core-walltime
Job Wall-clock time: 00:00:03
Memory Utilized: 2.10 MB
Memory Efficiency: 0.00% of 64.00 GB

 +++++++++++++++++++++++++++++++++++++++++++++++++++++++++++++++++++++++++++
 ++   Memory Efficiency is too small. Please review the requested memory. ++
 ++ It seems that you do not need that much memory so we recommend        ++
 ++ requesting less memory in other similar jobs.                         ++
 +++++++++++++++++++++++++++++++++++++++++++++++++++++++++++++++++++++++++++
 
*****************************************************************************

