slurmstepd: info: Setting TMPDIR to /scratch/4654637. Previous errors about TMPDIR can be discarded
srun python3 /home/csic/mus/fii/chvi/test/entire_pipeline.py --dimensions 3 --size 2 --seed 2
3,2,2,0.011037349700927734,0.00012040138244628906,0.9617431163787842

*****************************************************************************
*                                                                           *
*                    JOB EFFICIENCY REPORT (seff 4654637)                   *
*                                                                           *
*****************************************************************************

Job ID: 4654637
Cluster: finisterrae3
User/Group: csmusfii/csic
State: COMPLETED (exit code 0)
Nodes: 1
Cores per node: 64
CPU Utilized: 00:00:10
CPU Efficiency: 3.12% of 00:05:20 core-walltime
Job Wall-clock time: 00:00:05
Memory Utilized: 3.89 MB
Memory Efficiency: 0.01% of 64.00 GB

 +++++++++++++++++++++++++++++++++++++++++++++++++++++++++++++++++++++++++++
 ++   Memory Efficiency is too small. Please review the requested memory. ++
 ++ It seems that you do not need that much memory so we recommend        ++
 ++ requesting less memory in other similar jobs.                         ++
 +++++++++++++++++++++++++++++++++++++++++++++++++++++++++++++++++++++++++++
 
*****************************************************************************

