slurmstepd: info: Setting TMPDIR to /scratch/4654643. Previous errors about TMPDIR can be discarded
srun python3 /home/csic/mus/fii/chvi/test/entire_pipeline.py --dimensions 3 --size 2 --seed 8
3,2,8,0.010529279708862305,0.00010895729064941406,0.9788179397583008

*****************************************************************************
*                                                                           *
*                    JOB EFFICIENCY REPORT (seff 4654643)                   *
*                                                                           *
*****************************************************************************

Job ID: 4654643
Cluster: finisterrae3
User/Group: csmusfii/csic
State: COMPLETED (exit code 0)
Nodes: 1
Cores per node: 64
CPU Utilized: 00:00:09
CPU Efficiency: 4.69% of 00:03:12 core-walltime
Job Wall-clock time: 00:00:03
Memory Utilized: 3.19 MB
Memory Efficiency: 0.00% of 64.00 GB

 +++++++++++++++++++++++++++++++++++++++++++++++++++++++++++++++++++++++++++
 ++   Memory Efficiency is too small. Please review the requested memory. ++
 ++ It seems that you do not need that much memory so we recommend        ++
 ++ requesting less memory in other similar jobs.                         ++
 +++++++++++++++++++++++++++++++++++++++++++++++++++++++++++++++++++++++++++
 
*****************************************************************************

