slurmstepd: info: Setting TMPDIR to /scratch/4654640. Previous errors about TMPDIR can be discarded
srun python3 /home/csic/mus/fii/chvi/test/entire_pipeline.py --dimensions 3 --size 2 --seed 5
3,2,5,0.010783195495605469,0.00010418891906738281,0.9711463451385498

*****************************************************************************
*                                                                           *
*                    JOB EFFICIENCY REPORT (seff 4654640)                   *
*                                                                           *
*****************************************************************************

Job ID: 4654640
Cluster: finisterrae3
User/Group: csmusfii/csic
State: COMPLETED (exit code 0)
Nodes: 1
Cores per node: 64
CPU Utilized: 00:00:09
CPU Efficiency: 2.81% of 00:05:20 core-walltime
Job Wall-clock time: 00:00:05
Memory Utilized: 3.23 MB
Memory Efficiency: 0.00% of 64.00 GB

 +++++++++++++++++++++++++++++++++++++++++++++++++++++++++++++++++++++++++++
 ++   Memory Efficiency is too small. Please review the requested memory. ++
 ++ It seems that you do not need that much memory so we recommend        ++
 ++ requesting less memory in other similar jobs.                         ++
 +++++++++++++++++++++++++++++++++++++++++++++++++++++++++++++++++++++++++++
 
*****************************************************************************

