slurmstepd: info: Setting TMPDIR to /scratch/4654636. Previous errors about TMPDIR can be discarded
srun python3 /home/csic/mus/fii/chvi/test/entire_pipeline.py --dimensions 3 --size 2 --seed 1
3,2,1,0.010114669799804688,0.00011563301086425781,0.9408798217773438

*****************************************************************************
*                                                                           *
*                    JOB EFFICIENCY REPORT (seff 4654636)                   *
*                                                                           *
*****************************************************************************

Job ID: 4654636
Cluster: finisterrae3
User/Group: csmusfii/csic
State: COMPLETED (exit code 0)
Nodes: 1
Cores per node: 64
CPU Utilized: 00:00:09
CPU Efficiency: 2.81% of 00:05:20 core-walltime
Job Wall-clock time: 00:00:05
Memory Utilized: 1.29 MB
Memory Efficiency: 0.00% of 64.00 GB

 +++++++++++++++++++++++++++++++++++++++++++++++++++++++++++++++++++++++++++
 ++   Memory Efficiency is too small. Please review the requested memory. ++
 ++ It seems that you do not need that much memory so we recommend        ++
 ++ requesting less memory in other similar jobs.                         ++
 +++++++++++++++++++++++++++++++++++++++++++++++++++++++++++++++++++++++++++
 
*****************************************************************************

