slurmstepd: info: Setting TMPDIR to /scratch/4654656. Previous errors about TMPDIR can be discarded
srun python3 /home/csic/mus/fii/chvi/test/entire_pipeline.py --dimensions 3 --size 3 --seed 1
3,3,1,0.0633549690246582,0.00011086463928222656,0.9607751369476318

*****************************************************************************
*                                                                           *
*                    JOB EFFICIENCY REPORT (seff 4654656)                   *
*                                                                           *
*****************************************************************************

Job ID: 4654656
Cluster: finisterrae3
User/Group: csmusfii/csic
State: COMPLETED (exit code 0)
Nodes: 1
Cores per node: 64
CPU Utilized: 00:00:12
CPU Efficiency: 6.25% of 00:03:12 core-walltime
Job Wall-clock time: 00:00:03
Memory Utilized: 3.12 MB
Memory Efficiency: 0.00% of 64.00 GB

 +++++++++++++++++++++++++++++++++++++++++++++++++++++++++++++++++++++++++++
 ++   Memory Efficiency is too small. Please review the requested memory. ++
 ++ It seems that you do not need that much memory so we recommend        ++
 ++ requesting less memory in other similar jobs.                         ++
 +++++++++++++++++++++++++++++++++++++++++++++++++++++++++++++++++++++++++++
 
*****************************************************************************

