slurmstepd: info: Setting TMPDIR to /scratch/4654659. Previous errors about TMPDIR can be discarded
srun python3 /home/csic/mus/fii/chvi/test/entire_pipeline.py --dimensions 3 --size 3 --seed 4
3,3,4,0.026271343231201172,0.0001232624053955078,0.9549486637115479

*****************************************************************************
*                                                                           *
*                    JOB EFFICIENCY REPORT (seff 4654659)                   *
*                                                                           *
*****************************************************************************

Job ID: 4654659
Cluster: finisterrae3
User/Group: csmusfii/csic
State: COMPLETED (exit code 0)
Nodes: 1
Cores per node: 64
CPU Utilized: 00:00:11
CPU Efficiency: 5.73% of 00:03:12 core-walltime
Job Wall-clock time: 00:00:03
Memory Utilized: 1.59 MB
Memory Efficiency: 0.00% of 64.00 GB

 +++++++++++++++++++++++++++++++++++++++++++++++++++++++++++++++++++++++++++
 ++   Memory Efficiency is too small. Please review the requested memory. ++
 ++ It seems that you do not need that much memory so we recommend        ++
 ++ requesting less memory in other similar jobs.                         ++
 +++++++++++++++++++++++++++++++++++++++++++++++++++++++++++++++++++++++++++
 
*****************************************************************************

