slurmstepd: info: Setting TMPDIR to /scratch/4654699. Previous errors about TMPDIR can be discarded
srun python3 /home/csic/mus/fii/chvi/test/entire_pipeline.py --dimensions 3 --size 4 --seed 11
3,4,11,0.09000277519226074,0.00012993812561035156,1.005802869796753

*****************************************************************************
*                                                                           *
*                    JOB EFFICIENCY REPORT (seff 4654699)                   *
*                                                                           *
*****************************************************************************

Job ID: 4654699
Cluster: finisterrae3
User/Group: csmusfii/csic
State: COMPLETED (exit code 0)
Nodes: 1
Cores per node: 64
CPU Utilized: 00:00:13
CPU Efficiency: 4.06% of 00:05:20 core-walltime
Job Wall-clock time: 00:00:05
Memory Utilized: 1.16 MB
Memory Efficiency: 0.00% of 64.00 GB

 +++++++++++++++++++++++++++++++++++++++++++++++++++++++++++++++++++++++++++
 ++   Memory Efficiency is too small. Please review the requested memory. ++
 ++ It seems that you do not need that much memory so we recommend        ++
 ++ requesting less memory in other similar jobs.                         ++
 +++++++++++++++++++++++++++++++++++++++++++++++++++++++++++++++++++++++++++
 
*****************************************************************************

