slurmstepd: info: Setting TMPDIR to /scratch/4654692. Previous errors about TMPDIR can be discarded
srun python3 /home/csic/mus/fii/chvi/test/entire_pipeline.py --dimensions 3 --size 4 --seed 4
3,4,4,0.06180262565612793,0.00013494491577148438,0.9773523807525635

*****************************************************************************
*                                                                           *
*                    JOB EFFICIENCY REPORT (seff 4654692)                   *
*                                                                           *
*****************************************************************************

Job ID: 4654692
Cluster: finisterrae3
User/Group: csmusfii/csic
State: COMPLETED (exit code 0)
Nodes: 1
Cores per node: 64
CPU Utilized: 00:00:12
CPU Efficiency: 3.75% of 00:05:20 core-walltime
Job Wall-clock time: 00:00:05
Memory Utilized: 1.29 MB
Memory Efficiency: 0.00% of 64.00 GB

 +++++++++++++++++++++++++++++++++++++++++++++++++++++++++++++++++++++++++++
 ++   Memory Efficiency is too small. Please review the requested memory. ++
 ++ It seems that you do not need that much memory so we recommend        ++
 ++ requesting less memory in other similar jobs.                         ++
 +++++++++++++++++++++++++++++++++++++++++++++++++++++++++++++++++++++++++++
 
*****************************************************************************

