slurmstepd: info: Setting TMPDIR to /scratch/4654724. Previous errors about TMPDIR can be discarded
srun python3 /home/csic/mus/fii/chvi/test/entire_pipeline.py --dimensions 3 --size 5 --seed 16
3,5,16,0.0934302806854248,0.00014019012451171875,0.9638469219207764

*****************************************************************************
*                                                                           *
*                    JOB EFFICIENCY REPORT (seff 4654724)                   *
*                                                                           *
*****************************************************************************

Job ID: 4654724
Cluster: finisterrae3
User/Group: csmusfii/csic
State: COMPLETED (exit code 0)
Nodes: 1
Cores per node: 64
CPU Utilized: 00:00:14
CPU Efficiency: 5.47% of 00:04:16 core-walltime
Job Wall-clock time: 00:00:04
Memory Utilized: 528.00 KB
Memory Efficiency: 0.00% of 64.00 GB

 +++++++++++++++++++++++++++++++++++++++++++++++++++++++++++++++++++++++++++
 ++   Memory Efficiency is too small. Please review the requested memory. ++
 ++ It seems that you do not need that much memory so we recommend        ++
 ++ requesting less memory in other similar jobs.                         ++
 +++++++++++++++++++++++++++++++++++++++++++++++++++++++++++++++++++++++++++
 
*****************************************************************************

