slurmstepd: info: Setting TMPDIR to /scratch/4654732. Previous errors about TMPDIR can be discarded
srun python3 /home/csic/mus/fii/chvi/test/entire_pipeline.py --dimensions 3 --size 6 --seed 4
3,6,4,0.10186982154846191,0.00012421607971191406,1.0249590873718262

*****************************************************************************
*                                                                           *
*                    JOB EFFICIENCY REPORT (seff 4654732)                   *
*                                                                           *
*****************************************************************************

Job ID: 4654732
Cluster: finisterrae3
User/Group: csmusfii/csic
State: COMPLETED (exit code 0)
Nodes: 1
Cores per node: 64
CPU Utilized: 00:00:14
CPU Efficiency: 3.65% of 00:06:24 core-walltime
Job Wall-clock time: 00:00:06
Memory Utilized: 2.06 MB
Memory Efficiency: 0.00% of 64.00 GB

 +++++++++++++++++++++++++++++++++++++++++++++++++++++++++++++++++++++++++++
 ++   Memory Efficiency is too small. Please review the requested memory. ++
 ++ It seems that you do not need that much memory so we recommend        ++
 ++ requesting less memory in other similar jobs.                         ++
 +++++++++++++++++++++++++++++++++++++++++++++++++++++++++++++++++++++++++++
 
*****************************************************************************

