slurmstepd: info: Setting TMPDIR to /scratch/4654750. Previous errors about TMPDIR can be discarded
srun python3 /home/csic/mus/fii/chvi/test/entire_pipeline.py --dimensions 3 --size 6 --seed 20
3,6,20,0.1135857105255127,0.00012922286987304688,0.9623596668243408

*****************************************************************************
*                                                                           *
*                    JOB EFFICIENCY REPORT (seff 4654750)                   *
*                                                                           *
*****************************************************************************

Job ID: 4654750
Cluster: finisterrae3
User/Group: csmusfii/csic
State: COMPLETED (exit code 0)
Nodes: 1
Cores per node: 64
CPU Utilized: 00:00:15
CPU Efficiency: 4.69% of 00:05:20 core-walltime
Job Wall-clock time: 00:00:05
Memory Utilized: 416.00 KB
Memory Efficiency: 0.00% of 64.00 GB

 +++++++++++++++++++++++++++++++++++++++++++++++++++++++++++++++++++++++++++
 ++   Memory Efficiency is too small. Please review the requested memory. ++
 ++ It seems that you do not need that much memory so we recommend        ++
 ++ requesting less memory in other similar jobs.                         ++
 +++++++++++++++++++++++++++++++++++++++++++++++++++++++++++++++++++++++++++
 
*****************************************************************************

