slurmstepd: info: Setting TMPDIR to /scratch/4654733. Previous errors about TMPDIR can be discarded
srun python3 /home/csic/mus/fii/chvi/test/entire_pipeline.py --dimensions 3 --size 6 --seed 5
3,6,5,0.0733029842376709,0.00014472007751464844,0.9584190845489502

*****************************************************************************
*                                                                           *
*                    JOB EFFICIENCY REPORT (seff 4654733)                   *
*                                                                           *
*****************************************************************************

Job ID: 4654733
Cluster: finisterrae3
User/Group: csmusfii/csic
State: COMPLETED (exit code 0)
Nodes: 1
Cores per node: 64
CPU Utilized: 00:00:12
CPU Efficiency: 3.12% of 00:06:24 core-walltime
Job Wall-clock time: 00:00:06
Memory Utilized: 564.00 KB
Memory Efficiency: 0.00% of 64.00 GB

 +++++++++++++++++++++++++++++++++++++++++++++++++++++++++++++++++++++++++++
 ++   Memory Efficiency is too small. Please review the requested memory. ++
 ++ It seems that you do not need that much memory so we recommend        ++
 ++ requesting less memory in other similar jobs.                         ++
 +++++++++++++++++++++++++++++++++++++++++++++++++++++++++++++++++++++++++++
 
*****************************************************************************

