slurmstepd: info: Setting TMPDIR to /scratch/4654751. Previous errors about TMPDIR can be discarded
srun python3 /home/csic/mus/fii/chvi/test/entire_pipeline.py --dimensions 3 --size 7 --seed 1
3,7,1,0.1323103904724121,0.0001246929168701172,0.965566873550415

*****************************************************************************
*                                                                           *
*                    JOB EFFICIENCY REPORT (seff 4654751)                   *
*                                                                           *
*****************************************************************************

Job ID: 4654751
Cluster: finisterrae3
User/Group: csmusfii/csic
State: COMPLETED (exit code 0)
Nodes: 1
Cores per node: 64
CPU Utilized: 00:00:16
CPU Efficiency: 5.00% of 00:05:20 core-walltime
Job Wall-clock time: 00:00:05
Memory Utilized: 660.00 KB
Memory Efficiency: 0.00% of 64.00 GB

 +++++++++++++++++++++++++++++++++++++++++++++++++++++++++++++++++++++++++++
 ++   Memory Efficiency is too small. Please review the requested memory. ++
 ++ It seems that you do not need that much memory so we recommend        ++
 ++ requesting less memory in other similar jobs.                         ++
 +++++++++++++++++++++++++++++++++++++++++++++++++++++++++++++++++++++++++++
 
*****************************************************************************

