slurmstepd: info: Setting TMPDIR to /scratch/4654767. Previous errors about TMPDIR can be discarded
srun python3 /home/csic/mus/fii/chvi/test/entire_pipeline.py --dimensions 3 --size 7 --seed 17
3,7,17,0.09151887893676758,0.00013017654418945312,0.9549593925476074

*****************************************************************************
*                                                                           *
*                    JOB EFFICIENCY REPORT (seff 4654767)                   *
*                                                                           *
*****************************************************************************

Job ID: 4654767
Cluster: finisterrae3
User/Group: csmusfii/csic
State: COMPLETED (exit code 0)
Nodes: 1
Cores per node: 64
CPU Utilized: 00:00:13
CPU Efficiency: 4.06% of 00:05:20 core-walltime
Job Wall-clock time: 00:00:05
Memory Utilized: 924.00 KB
Memory Efficiency: 0.00% of 64.00 GB

 +++++++++++++++++++++++++++++++++++++++++++++++++++++++++++++++++++++++++++
 ++   Memory Efficiency is too small. Please review the requested memory. ++
 ++ It seems that you do not need that much memory so we recommend        ++
 ++ requesting less memory in other similar jobs.                         ++
 +++++++++++++++++++++++++++++++++++++++++++++++++++++++++++++++++++++++++++
 
*****************************************************************************

