slurmstepd: info: Setting TMPDIR to /scratch/4654763. Previous errors about TMPDIR can be discarded
srun python3 /home/csic/mus/fii/chvi/test/entire_pipeline.py --dimensions 3 --size 7 --seed 13
3,7,13,0.09836077690124512,0.00012063980102539062,0.9767177104949951

*****************************************************************************
*                                                                           *
*                    JOB EFFICIENCY REPORT (seff 4654763)                   *
*                                                                           *
*****************************************************************************

Job ID: 4654763
Cluster: finisterrae3
User/Group: csmusfii/csic
State: COMPLETED (exit code 0)
Nodes: 1
Cores per node: 64
CPU Utilized: 00:00:14
CPU Efficiency: 3.65% of 00:06:24 core-walltime
Job Wall-clock time: 00:00:06
Memory Utilized: 396.00 KB
Memory Efficiency: 0.00% of 64.00 GB

 +++++++++++++++++++++++++++++++++++++++++++++++++++++++++++++++++++++++++++
 ++   Memory Efficiency is too small. Please review the requested memory. ++
 ++ It seems that you do not need that much memory so we recommend        ++
 ++ requesting less memory in other similar jobs.                         ++
 +++++++++++++++++++++++++++++++++++++++++++++++++++++++++++++++++++++++++++
 
*****************************************************************************

