slurmstepd: info: Setting TMPDIR to /scratch/4654755. Previous errors about TMPDIR can be discarded
srun python3 /home/csic/mus/fii/chvi/test/entire_pipeline.py --dimensions 3 --size 7 --seed 5
3,7,5,0.06840944290161133,0.00011038780212402344,0.9433383941650391

*****************************************************************************
*                                                                           *
*                    JOB EFFICIENCY REPORT (seff 4654755)                   *
*                                                                           *
*****************************************************************************

Job ID: 4654755
Cluster: finisterrae3
User/Group: csmusfii/csic
State: COMPLETED (exit code 0)
Nodes: 1
Cores per node: 64
CPU Utilized: 00:00:12
CPU Efficiency: 3.75% of 00:05:20 core-walltime
Job Wall-clock time: 00:00:05
Memory Utilized: 792.00 KB
Memory Efficiency: 0.00% of 64.00 GB

 +++++++++++++++++++++++++++++++++++++++++++++++++++++++++++++++++++++++++++
 ++   Memory Efficiency is too small. Please review the requested memory. ++
 ++ It seems that you do not need that much memory so we recommend        ++
 ++ requesting less memory in other similar jobs.                         ++
 +++++++++++++++++++++++++++++++++++++++++++++++++++++++++++++++++++++++++++
 
*****************************************************************************

