slurmstepd: info: Setting TMPDIR to /scratch/4654776. Previous errors about TMPDIR can be discarded
srun python3 /home/csic/mus/fii/chvi/test/entire_pipeline.py --dimensions 3 --size 8 --seed 6
3,8,6,0.14054560661315918,0.00013756752014160156,0.9669497013092041

*****************************************************************************
*                                                                           *
*                    JOB EFFICIENCY REPORT (seff 4654776)                   *
*                                                                           *
*****************************************************************************

Job ID: 4654776
Cluster: finisterrae3
User/Group: csmusfii/csic
State: COMPLETED (exit code 0)
Nodes: 1
Cores per node: 64
CPU Utilized: 00:00:16
CPU Efficiency: 4.17% of 00:06:24 core-walltime
Job Wall-clock time: 00:00:06
Memory Utilized: 396.00 KB
Memory Efficiency: 0.00% of 64.00 GB

 +++++++++++++++++++++++++++++++++++++++++++++++++++++++++++++++++++++++++++
 ++   Memory Efficiency is too small. Please review the requested memory. ++
 ++ It seems that you do not need that much memory so we recommend        ++
 ++ requesting less memory in other similar jobs.                         ++
 +++++++++++++++++++++++++++++++++++++++++++++++++++++++++++++++++++++++++++
 
*****************************************************************************

