slurmstepd: info: Setting TMPDIR to /scratch/4654790. Previous errors about TMPDIR can be discarded
srun python3 /home/csic/mus/fii/chvi/test/entire_pipeline.py --dimensions 3 --size 8 --seed 20
3,8,20,0.14663314819335938,0.00013256072998046875,0.976801872253418

*****************************************************************************
*                                                                           *
*                    JOB EFFICIENCY REPORT (seff 4654790)                   *
*                                                                           *
*****************************************************************************

Job ID: 4654790
Cluster: finisterrae3
User/Group: csmusfii/csic
State: COMPLETED (exit code 0)
Nodes: 1
Cores per node: 64
CPU Utilized: 00:00:16
CPU Efficiency: 4.17% of 00:06:24 core-walltime
Job Wall-clock time: 00:00:06
Memory Utilized: 1.82 MB
Memory Efficiency: 0.00% of 64.00 GB

 +++++++++++++++++++++++++++++++++++++++++++++++++++++++++++++++++++++++++++
 ++   Memory Efficiency is too small. Please review the requested memory. ++
 ++ It seems that you do not need that much memory so we recommend        ++
 ++ requesting less memory in other similar jobs.                         ++
 +++++++++++++++++++++++++++++++++++++++++++++++++++++++++++++++++++++++++++
 
*****************************************************************************

