slurmstepd: info: Setting TMPDIR to /scratch/4654783. Previous errors about TMPDIR can be discarded
srun python3 /home/csic/mus/fii/chvi/test/entire_pipeline.py --dimensions 3 --size 8 --seed 13
3,8,13,0.14997243881225586,0.0001366138458251953,0.9759490489959717

*****************************************************************************
*                                                                           *
*                    JOB EFFICIENCY REPORT (seff 4654783)                   *
*                                                                           *
*****************************************************************************

Job ID: 4654783
Cluster: finisterrae3
User/Group: csmusfii/csic
State: COMPLETED (exit code 0)
Nodes: 1
Cores per node: 64
CPU Utilized: 00:00:16
CPU Efficiency: 6.25% of 00:04:16 core-walltime
Job Wall-clock time: 00:00:04
Memory Utilized: 1.03 MB
Memory Efficiency: 0.00% of 64.00 GB

 +++++++++++++++++++++++++++++++++++++++++++++++++++++++++++++++++++++++++++
 ++   Memory Efficiency is too small. Please review the requested memory. ++
 ++ It seems that you do not need that much memory so we recommend        ++
 ++ requesting less memory in other similar jobs.                         ++
 +++++++++++++++++++++++++++++++++++++++++++++++++++++++++++++++++++++++++++
 
*****************************************************************************

