slurmstepd: info: Setting TMPDIR to /scratch/4654771. Previous errors about TMPDIR can be discarded
srun python3 /home/csic/mus/fii/chvi/test/entire_pipeline.py --dimensions 3 --size 8 --seed 1
3,8,1,0.12051105499267578,0.0001316070556640625,0.9537923336029053

*****************************************************************************
*                                                                           *
*                    JOB EFFICIENCY REPORT (seff 4654771)                   *
*                                                                           *
*****************************************************************************

Job ID: 4654771
Cluster: finisterrae3
User/Group: csmusfii/csic
State: COMPLETED (exit code 0)
Nodes: 1
Cores per node: 64
CPU Utilized: 00:00:15
CPU Efficiency: 4.69% of 00:05:20 core-walltime
Job Wall-clock time: 00:00:05
Memory Utilized: 1.03 MB
Memory Efficiency: 0.00% of 64.00 GB

 +++++++++++++++++++++++++++++++++++++++++++++++++++++++++++++++++++++++++++
 ++   Memory Efficiency is too small. Please review the requested memory. ++
 ++ It seems that you do not need that much memory so we recommend        ++
 ++ requesting less memory in other similar jobs.                         ++
 +++++++++++++++++++++++++++++++++++++++++++++++++++++++++++++++++++++++++++
 
*****************************************************************************

