slurmstepd: info: Setting TMPDIR to /scratch/4654786. Previous errors about TMPDIR can be discarded
srun python3 /home/csic/mus/fii/chvi/test/entire_pipeline.py --dimensions 3 --size 8 --seed 16
3,8,16,0.1549384593963623,0.0001461505889892578,0.9716250896453857

*****************************************************************************
*                                                                           *
*                    JOB EFFICIENCY REPORT (seff 4654786)                   *
*                                                                           *
*****************************************************************************

Job ID: 4654786
Cluster: finisterrae3
User/Group: csmusfii/csic
State: COMPLETED (exit code 0)
Nodes: 1
Cores per node: 64
CPU Utilized: 00:00:17
CPU Efficiency: 6.64% of 00:04:16 core-walltime
Job Wall-clock time: 00:00:04
Memory Utilized: 528.00 KB
Memory Efficiency: 0.00% of 64.00 GB

 +++++++++++++++++++++++++++++++++++++++++++++++++++++++++++++++++++++++++++
 ++   Memory Efficiency is too small. Please review the requested memory. ++
 ++ It seems that you do not need that much memory so we recommend        ++
 ++ requesting less memory in other similar jobs.                         ++
 +++++++++++++++++++++++++++++++++++++++++++++++++++++++++++++++++++++++++++
 
*****************************************************************************

