slurmstepd: info: Setting TMPDIR to /scratch/4654794. Previous errors about TMPDIR can be discarded
srun python3 /home/csic/mus/fii/chvi/test/entire_pipeline.py --dimensions 3 --size 9 --seed 2
3,9,2,0.16824078559875488,0.0001227855682373047,0.9526550769805908

*****************************************************************************
*                                                                           *
*                    JOB EFFICIENCY REPORT (seff 4654794)                   *
*                                                                           *
*****************************************************************************

Job ID: 4654794
Cluster: finisterrae3
User/Group: csmusfii/csic
State: COMPLETED (exit code 0)
Nodes: 1
Cores per node: 64
CPU Utilized: 00:00:16
CPU Efficiency: 5.00% of 00:05:20 core-walltime
Job Wall-clock time: 00:00:05
Memory Utilized: 924.00 KB
Memory Efficiency: 0.00% of 64.00 GB

 +++++++++++++++++++++++++++++++++++++++++++++++++++++++++++++++++++++++++++
 ++   Memory Efficiency is too small. Please review the requested memory. ++
 ++ It seems that you do not need that much memory so we recommend        ++
 ++ requesting less memory in other similar jobs.                         ++
 +++++++++++++++++++++++++++++++++++++++++++++++++++++++++++++++++++++++++++
 
*****************************************************************************

