slurmstepd: info: Setting TMPDIR to /scratch/4654797. Previous errors about TMPDIR can be discarded
srun python3 /home/csic/mus/fii/chvi/test/entire_pipeline.py --dimensions 3 --size 9 --seed 5
3,9,5,0.15687155723571777,0.00013136863708496094,1.0291590690612793

*****************************************************************************
*                                                                           *
*                    JOB EFFICIENCY REPORT (seff 4654797)                   *
*                                                                           *
*****************************************************************************

Job ID: 4654797
Cluster: finisterrae3
User/Group: csmusfii/csic
State: COMPLETED (exit code 0)
Nodes: 1
Cores per node: 64
CPU Utilized: 00:00:17
CPU Efficiency: 5.31% of 00:05:20 core-walltime
Job Wall-clock time: 00:00:05
Memory Utilized: 1.29 MB
Memory Efficiency: 0.00% of 64.00 GB

 +++++++++++++++++++++++++++++++++++++++++++++++++++++++++++++++++++++++++++
 ++   Memory Efficiency is too small. Please review the requested memory. ++
 ++ It seems that you do not need that much memory so we recommend        ++
 ++ requesting less memory in other similar jobs.                         ++
 +++++++++++++++++++++++++++++++++++++++++++++++++++++++++++++++++++++++++++
 
*****************************************************************************

