slurmstepd: info: Setting TMPDIR to /scratch/4654796. Previous errors about TMPDIR can be discarded
srun python3 /home/csic/mus/fii/chvi/test/entire_pipeline.py --dimensions 3 --size 9 --seed 4
3,9,4,0.05750775337219238,0.00012350082397460938,0.965160608291626

*****************************************************************************
*                                                                           *
*                    JOB EFFICIENCY REPORT (seff 4654796)                   *
*                                                                           *
*****************************************************************************

Job ID: 4654796
Cluster: finisterrae3
User/Group: csmusfii/csic
State: COMPLETED (exit code 0)
Nodes: 1
Cores per node: 64
CPU Utilized: 00:00:11
CPU Efficiency: 3.44% of 00:05:20 core-walltime
Job Wall-clock time: 00:00:05
Memory Utilized: 528.00 KB
Memory Efficiency: 0.00% of 64.00 GB

 +++++++++++++++++++++++++++++++++++++++++++++++++++++++++++++++++++++++++++
 ++   Memory Efficiency is too small. Please review the requested memory. ++
 ++ It seems that you do not need that much memory so we recommend        ++
 ++ requesting less memory in other similar jobs.                         ++
 +++++++++++++++++++++++++++++++++++++++++++++++++++++++++++++++++++++++++++
 
*****************************************************************************

