slurmstepd: info: Setting TMPDIR to /scratch/4654810. Previous errors about TMPDIR can be discarded
srun python3 /home/csic/mus/fii/chvi/test/entire_pipeline.py --dimensions 3 --size 9 --seed 18
3,9,18,0.166733980178833,0.00014853477478027344,0.9653594493865967

*****************************************************************************
*                                                                           *
*                    JOB EFFICIENCY REPORT (seff 4654810)                   *
*                                                                           *
*****************************************************************************

Job ID: 4654810
Cluster: finisterrae3
User/Group: csmusfii/csic
State: COMPLETED (exit code 0)
Nodes: 1
Cores per node: 64
CPU Utilized: 00:00:18
CPU Efficiency: 9.38% of 00:03:12 core-walltime
Job Wall-clock time: 00:00:03
Memory Utilized: 924.00 KB
Memory Efficiency: 0.00% of 64.00 GB

 +++++++++++++++++++++++++++++++++++++++++++++++++++++++++++++++++++++++++++
 ++   Memory Efficiency is too small. Please review the requested memory. ++
 ++ It seems that you do not need that much memory so we recommend        ++
 ++ requesting less memory in other similar jobs.                         ++
 +++++++++++++++++++++++++++++++++++++++++++++++++++++++++++++++++++++++++++
 
*****************************************************************************

