slurmstepd: info: Setting TMPDIR to /scratch/4654804. Previous errors about TMPDIR can be discarded
srun python3 /home/csic/mus/fii/chvi/test/entire_pipeline.py --dimensions 3 --size 9 --seed 12
3,9,12,0.17415714263916016,0.00012350082397460938,0.966228723526001

*****************************************************************************
*                                                                           *
*                    JOB EFFICIENCY REPORT (seff 4654804)                   *
*                                                                           *
*****************************************************************************

Job ID: 4654804
Cluster: finisterrae3
User/Group: csmusfii/csic
State: COMPLETED (exit code 0)
Nodes: 1
Cores per node: 64
CPU Utilized: 00:00:18
CPU Efficiency: 4.69% of 00:06:24 core-walltime
Job Wall-clock time: 00:00:06
Memory Utilized: 792.00 KB
Memory Efficiency: 0.00% of 64.00 GB

 +++++++++++++++++++++++++++++++++++++++++++++++++++++++++++++++++++++++++++
 ++   Memory Efficiency is too small. Please review the requested memory. ++
 ++ It seems that you do not need that much memory so we recommend        ++
 ++ requesting less memory in other similar jobs.                         ++
 +++++++++++++++++++++++++++++++++++++++++++++++++++++++++++++++++++++++++++
 
*****************************************************************************

