slurmstepd: info: Setting TMPDIR to /scratch/4654803. Previous errors about TMPDIR can be discarded
srun python3 /home/csic/mus/fii/chvi/test/entire_pipeline.py --dimensions 3 --size 9 --seed 11
3,9,11,0.15904879570007324,0.00013065338134765625,0.9765148162841797

*****************************************************************************
*                                                                           *
*                    JOB EFFICIENCY REPORT (seff 4654803)                   *
*                                                                           *
*****************************************************************************

Job ID: 4654803
Cluster: finisterrae3
User/Group: csmusfii/csic
State: COMPLETED (exit code 0)
Nodes: 1
Cores per node: 64
CPU Utilized: 00:00:17
CPU Efficiency: 4.43% of 00:06:24 core-walltime
Job Wall-clock time: 00:00:06
Memory Utilized: 660.00 KB
Memory Efficiency: 0.00% of 64.00 GB

 +++++++++++++++++++++++++++++++++++++++++++++++++++++++++++++++++++++++++++
 ++   Memory Efficiency is too small. Please review the requested memory. ++
 ++ It seems that you do not need that much memory so we recommend        ++
 ++ requesting less memory in other similar jobs.                         ++
 +++++++++++++++++++++++++++++++++++++++++++++++++++++++++++++++++++++++++++
 
*****************************************************************************

