slurmstepd: info: Setting TMPDIR to /scratch/4654809. Previous errors about TMPDIR can be discarded
srun python3 /home/csic/mus/fii/chvi/test/entire_pipeline.py --dimensions 3 --size 9 --seed 17
3,9,17,0.16110491752624512,0.000148773193359375,0.990441083908081

*****************************************************************************
*                                                                           *
*                    JOB EFFICIENCY REPORT (seff 4654809)                   *
*                                                                           *
*****************************************************************************

Job ID: 4654809
Cluster: finisterrae3
User/Group: csmusfii/csic
State: COMPLETED (exit code 0)
Nodes: 1
Cores per node: 64
CPU Utilized: 00:00:17
CPU Efficiency: 8.85% of 00:03:12 core-walltime
Job Wall-clock time: 00:00:03
Memory Utilized: 2.54 MB
Memory Efficiency: 0.00% of 64.00 GB

 +++++++++++++++++++++++++++++++++++++++++++++++++++++++++++++++++++++++++++
 ++   Memory Efficiency is too small. Please review the requested memory. ++
 ++ It seems that you do not need that much memory so we recommend        ++
 ++ requesting less memory in other similar jobs.                         ++
 +++++++++++++++++++++++++++++++++++++++++++++++++++++++++++++++++++++++++++
 
*****************************************************************************

