slurmstepd: info: Setting TMPDIR to /scratch/4654832. Previous errors about TMPDIR can be discarded
srun python3 /home/csic/mus/fii/chvi/test/entire_pipeline.py --dimensions 4 --size 2 --seed 20
4,2,20,0.011961936950683594,0.00011467933654785156,0.9536116123199463

*****************************************************************************
*                                                                           *
*                    JOB EFFICIENCY REPORT (seff 4654832)                   *
*                                                                           *
*****************************************************************************

Job ID: 4654832
Cluster: finisterrae3
User/Group: csmusfii/csic
State: COMPLETED (exit code 0)
Nodes: 1
Cores per node: 64
CPU Utilized: 00:00:09
CPU Efficiency: 2.34% of 00:06:24 core-walltime
Job Wall-clock time: 00:00:06
Memory Utilized: 1.78 MB
Memory Efficiency: 0.00% of 64.00 GB

 +++++++++++++++++++++++++++++++++++++++++++++++++++++++++++++++++++++++++++
 ++   Memory Efficiency is too small. Please review the requested memory. ++
 ++ It seems that you do not need that much memory so we recommend        ++
 ++ requesting less memory in other similar jobs.                         ++
 +++++++++++++++++++++++++++++++++++++++++++++++++++++++++++++++++++++++++++
 
*****************************************************************************

