slurmstepd: info: Setting TMPDIR to /scratch/4654828. Previous errors about TMPDIR can be discarded
srun python3 /home/csic/mus/fii/chvi/test/entire_pipeline.py --dimensions 4 --size 2 --seed 16
4,2,16,0.010280132293701172,0.00013685226440429688,0.953740119934082

*****************************************************************************
*                                                                           *
*                    JOB EFFICIENCY REPORT (seff 4654828)                   *
*                                                                           *
*****************************************************************************

Job ID: 4654828
Cluster: finisterrae3
User/Group: csmusfii/csic
State: COMPLETED (exit code 0)
Nodes: 1
Cores per node: 64
CPU Utilized: 00:00:09
CPU Efficiency: 2.34% of 00:06:24 core-walltime
Job Wall-clock time: 00:00:06
Memory Utilized: 1.73 MB
Memory Efficiency: 0.00% of 64.00 GB

 +++++++++++++++++++++++++++++++++++++++++++++++++++++++++++++++++++++++++++
 ++   Memory Efficiency is too small. Please review the requested memory. ++
 ++ It seems that you do not need that much memory so we recommend        ++
 ++ requesting less memory in other similar jobs.                         ++
 +++++++++++++++++++++++++++++++++++++++++++++++++++++++++++++++++++++++++++
 
*****************************************************************************

