slurmstepd: info: Setting TMPDIR to /scratch/4654824. Previous errors about TMPDIR can be discarded
srun python3 /home/csic/mus/fii/chvi/test/entire_pipeline.py --dimensions 4 --size 2 --seed 12
4,2,12,0.011457204818725586,0.00013518333435058594,0.9610435962677002

*****************************************************************************
*                                                                           *
*                    JOB EFFICIENCY REPORT (seff 4654824)                   *
*                                                                           *
*****************************************************************************

Job ID: 4654824
Cluster: finisterrae3
User/Group: csmusfii/csic
State: COMPLETED (exit code 0)
Nodes: 1
Cores per node: 64
CPU Utilized: 00:00:10
CPU Efficiency: 5.21% of 00:03:12 core-walltime
Job Wall-clock time: 00:00:03
Memory Utilized: 2.61 MB
Memory Efficiency: 0.00% of 64.00 GB

 +++++++++++++++++++++++++++++++++++++++++++++++++++++++++++++++++++++++++++
 ++   Memory Efficiency is too small. Please review the requested memory. ++
 ++ It seems that you do not need that much memory so we recommend        ++
 ++ requesting less memory in other similar jobs.                         ++
 +++++++++++++++++++++++++++++++++++++++++++++++++++++++++++++++++++++++++++
 
*****************************************************************************

