slurmstepd: info: Setting TMPDIR to /scratch/4654822. Previous errors about TMPDIR can be discarded
srun python3 /home/csic/mus/fii/chvi/test/entire_pipeline.py --dimensions 4 --size 2 --seed 10
4,2,10,0.050246477127075195,0.00013208389282226562,0.9553432464599609

*****************************************************************************
*                                                                           *
*                    JOB EFFICIENCY REPORT (seff 4654822)                   *
*                                                                           *
*****************************************************************************

Job ID: 4654822
Cluster: finisterrae3
User/Group: csmusfii/csic
State: COMPLETED (exit code 0)
Nodes: 1
Cores per node: 64
CPU Utilized: 00:00:11
CPU Efficiency: 5.73% of 00:03:12 core-walltime
Job Wall-clock time: 00:00:03
Memory Utilized: 1.03 MB
Memory Efficiency: 0.00% of 64.00 GB

 +++++++++++++++++++++++++++++++++++++++++++++++++++++++++++++++++++++++++++
 ++   Memory Efficiency is too small. Please review the requested memory. ++
 ++ It seems that you do not need that much memory so we recommend        ++
 ++ requesting less memory in other similar jobs.                         ++
 +++++++++++++++++++++++++++++++++++++++++++++++++++++++++++++++++++++++++++
 
*****************************************************************************

