slurmstepd: info: Setting TMPDIR to /scratch/4654823. Previous errors about TMPDIR can be discarded
srun python3 /home/csic/mus/fii/chvi/test/entire_pipeline.py --dimensions 4 --size 2 --seed 11
4,2,11,0.01149606704711914,0.0001220703125,0.9421899318695068

*****************************************************************************
*                                                                           *
*                    JOB EFFICIENCY REPORT (seff 4654823)                   *
*                                                                           *
*****************************************************************************

Job ID: 4654823
Cluster: finisterrae3
User/Group: csmusfii/csic
State: COMPLETED (exit code 0)
Nodes: 1
Cores per node: 64
CPU Utilized: 00:00:09
CPU Efficiency: 4.69% of 00:03:12 core-walltime
Job Wall-clock time: 00:00:03
Memory Utilized: 692.00 KB
Memory Efficiency: 0.00% of 64.00 GB

 +++++++++++++++++++++++++++++++++++++++++++++++++++++++++++++++++++++++++++
 ++   Memory Efficiency is too small. Please review the requested memory. ++
 ++ It seems that you do not need that much memory so we recommend        ++
 ++ requesting less memory in other similar jobs.                         ++
 +++++++++++++++++++++++++++++++++++++++++++++++++++++++++++++++++++++++++++
 
*****************************************************************************

