slurmstepd: info: Setting TMPDIR to /scratch/4654831. Previous errors about TMPDIR can be discarded
srun python3 /home/csic/mus/fii/chvi/test/entire_pipeline.py --dimensions 4 --size 2 --seed 19
4,2,19,0.011311054229736328,0.00011491775512695312,0.9521658420562744

*****************************************************************************
*                                                                           *
*                    JOB EFFICIENCY REPORT (seff 4654831)                   *
*                                                                           *
*****************************************************************************

Job ID: 4654831
Cluster: finisterrae3
User/Group: csmusfii/csic
State: COMPLETED (exit code 0)
Nodes: 1
Cores per node: 64
CPU Utilized: 00:00:10
CPU Efficiency: 2.60% of 00:06:24 core-walltime
Job Wall-clock time: 00:00:06
Memory Utilized: 1.59 MB
Memory Efficiency: 0.00% of 64.00 GB

 +++++++++++++++++++++++++++++++++++++++++++++++++++++++++++++++++++++++++++
 ++   Memory Efficiency is too small. Please review the requested memory. ++
 ++ It seems that you do not need that much memory so we recommend        ++
 ++ requesting less memory in other similar jobs.                         ++
 +++++++++++++++++++++++++++++++++++++++++++++++++++++++++++++++++++++++++++
 
*****************************************************************************

