slurmstepd: info: Setting TMPDIR to /scratch/4654835. Previous errors about TMPDIR can be discarded
srun python3 /home/csic/mus/fii/chvi/test/entire_pipeline.py --dimensions 4 --size 3 --seed 3
4,3,3,0.05388307571411133,0.00013256072998046875,0.9501471519470215

*****************************************************************************
*                                                                           *
*                    JOB EFFICIENCY REPORT (seff 4654835)                   *
*                                                                           *
*****************************************************************************

Job ID: 4654835
Cluster: finisterrae3
User/Group: csmusfii/csic
State: COMPLETED (exit code 0)
Nodes: 1
Cores per node: 64
CPU Utilized: 00:00:11
CPU Efficiency: 2.86% of 00:06:24 core-walltime
Job Wall-clock time: 00:00:06
Memory Utilized: 2.17 MB
Memory Efficiency: 0.00% of 64.00 GB

 +++++++++++++++++++++++++++++++++++++++++++++++++++++++++++++++++++++++++++
 ++   Memory Efficiency is too small. Please review the requested memory. ++
 ++ It seems that you do not need that much memory so we recommend        ++
 ++ requesting less memory in other similar jobs.                         ++
 +++++++++++++++++++++++++++++++++++++++++++++++++++++++++++++++++++++++++++
 
*****************************************************************************

