slurmstepd: info: Setting TMPDIR to /scratch/4654853. Previous errors about TMPDIR can be discarded
srun python3 /home/csic/mus/fii/chvi/test/entire_pipeline.py --dimensions 4 --size 3 --seed 19
4,3,19,0.09897613525390625,0.0001285076141357422,0.9874494075775146

*****************************************************************************
*                                                                           *
*                    JOB EFFICIENCY REPORT (seff 4654853)                   *
*                                                                           *
*****************************************************************************

Job ID: 4654853
Cluster: finisterrae3
User/Group: csmusfii/csic
State: COMPLETED (exit code 0)
Nodes: 1
Cores per node: 64
CPU Utilized: 00:00:13
CPU Efficiency: 3.39% of 00:06:24 core-walltime
Job Wall-clock time: 00:00:06
Memory Utilized: 1.26 MB
Memory Efficiency: 0.00% of 64.00 GB

 +++++++++++++++++++++++++++++++++++++++++++++++++++++++++++++++++++++++++++
 ++   Memory Efficiency is too small. Please review the requested memory. ++
 ++ It seems that you do not need that much memory so we recommend        ++
 ++ requesting less memory in other similar jobs.                         ++
 +++++++++++++++++++++++++++++++++++++++++++++++++++++++++++++++++++++++++++
 
*****************************************************************************

