slurmstepd: info: Setting TMPDIR to /scratch/4654842. Previous errors about TMPDIR can be discarded
srun python3 /home/csic/mus/fii/chvi/test/entire_pipeline.py --dimensions 4 --size 3 --seed 10
4,3,10,0.06645417213439941,0.0001418590545654297,0.9937155246734619

*****************************************************************************
*                                                                           *
*                    JOB EFFICIENCY REPORT (seff 4654842)                   *
*                                                                           *
*****************************************************************************

Job ID: 4654842
Cluster: finisterrae3
User/Group: csmusfii/csic
State: COMPLETED (exit code 0)
Nodes: 1
Cores per node: 64
CPU Utilized: 00:00:12
CPU Efficiency: 3.12% of 00:06:24 core-walltime
Job Wall-clock time: 00:00:06
Memory Utilized: 2.71 MB
Memory Efficiency: 0.00% of 64.00 GB

 +++++++++++++++++++++++++++++++++++++++++++++++++++++++++++++++++++++++++++
 ++   Memory Efficiency is too small. Please review the requested memory. ++
 ++ It seems that you do not need that much memory so we recommend        ++
 ++ requesting less memory in other similar jobs.                         ++
 +++++++++++++++++++++++++++++++++++++++++++++++++++++++++++++++++++++++++++
 
*****************************************************************************

