slurmstepd: info: Setting TMPDIR to /scratch/4654836. Previous errors about TMPDIR can be discarded
srun python3 /home/csic/mus/fii/chvi/test/entire_pipeline.py --dimensions 4 --size 3 --seed 4
4,3,4,0.06541323661804199,0.00013875961303710938,0.967778205871582

*****************************************************************************
*                                                                           *
*                    JOB EFFICIENCY REPORT (seff 4654836)                   *
*                                                                           *
*****************************************************************************

Job ID: 4654836
Cluster: finisterrae3
User/Group: csmusfii/csic
State: COMPLETED (exit code 0)
Nodes: 1
Cores per node: 64
CPU Utilized: 00:00:12
CPU Efficiency: 3.12% of 00:06:24 core-walltime
Job Wall-clock time: 00:00:06
Memory Utilized: 1.16 MB
Memory Efficiency: 0.00% of 64.00 GB

 +++++++++++++++++++++++++++++++++++++++++++++++++++++++++++++++++++++++++++
 ++   Memory Efficiency is too small. Please review the requested memory. ++
 ++ It seems that you do not need that much memory so we recommend        ++
 ++ requesting less memory in other similar jobs.                         ++
 +++++++++++++++++++++++++++++++++++++++++++++++++++++++++++++++++++++++++++
 
*****************************************************************************

