slurmstepd: info: Setting TMPDIR to /scratch/4654845. Previous errors about TMPDIR can be discarded
srun python3 /home/csic/mus/fii/chvi/test/entire_pipeline.py --dimensions 4 --size 3 --seed 11
4,3,11,0.08635711669921875,0.0001475811004638672,0.9649195671081543

*****************************************************************************
*                                                                           *
*                    JOB EFFICIENCY REPORT (seff 4654845)                   *
*                                                                           *
*****************************************************************************

Job ID: 4654845
Cluster: finisterrae3
User/Group: csmusfii/csic
State: COMPLETED (exit code 0)
Nodes: 1
Cores per node: 64
CPU Utilized: 00:00:13
CPU Efficiency: 6.77% of 00:03:12 core-walltime
Job Wall-clock time: 00:00:03
Memory Utilized: 396.00 KB
Memory Efficiency: 0.00% of 64.00 GB

 +++++++++++++++++++++++++++++++++++++++++++++++++++++++++++++++++++++++++++
 ++   Memory Efficiency is too small. Please review the requested memory. ++
 ++ It seems that you do not need that much memory so we recommend        ++
 ++ requesting less memory in other similar jobs.                         ++
 +++++++++++++++++++++++++++++++++++++++++++++++++++++++++++++++++++++++++++
 
*****************************************************************************

