slurmstepd: info: Setting TMPDIR to /scratch/4654852. Previous errors about TMPDIR can be discarded
srun python3 /home/csic/mus/fii/chvi/test/entire_pipeline.py --dimensions 4 --size 3 --seed 18
4,3,18,0.04965567588806152,0.0001575946807861328,0.9588501453399658

*****************************************************************************
*                                                                           *
*                    JOB EFFICIENCY REPORT (seff 4654852)                   *
*                                                                           *
*****************************************************************************

Job ID: 4654852
Cluster: finisterrae3
User/Group: csmusfii/csic
State: COMPLETED (exit code 0)
Nodes: 1
Cores per node: 64
CPU Utilized: 00:00:11
CPU Efficiency: 2.86% of 00:06:24 core-walltime
Job Wall-clock time: 00:00:06
Memory Utilized: 2.14 MB
Memory Efficiency: 0.00% of 64.00 GB

 +++++++++++++++++++++++++++++++++++++++++++++++++++++++++++++++++++++++++++
 ++   Memory Efficiency is too small. Please review the requested memory. ++
 ++ It seems that you do not need that much memory so we recommend        ++
 ++ requesting less memory in other similar jobs.                         ++
 +++++++++++++++++++++++++++++++++++++++++++++++++++++++++++++++++++++++++++
 
*****************************************************************************

