slurmstepd: info: Setting TMPDIR to /scratch/4654857. Previous errors about TMPDIR can be discarded
srun python3 /home/csic/mus/fii/chvi/test/entire_pipeline.py --dimensions 4 --size 4 --seed 3
4,4,3,0.09670400619506836,0.00016307830810546875,0.9665946960449219

*****************************************************************************
*                                                                           *
*                    JOB EFFICIENCY REPORT (seff 4654857)                   *
*                                                                           *
*****************************************************************************

Job ID: 4654857
Cluster: finisterrae3
User/Group: csmusfii/csic
State: COMPLETED (exit code 0)
Nodes: 1
Cores per node: 64
CPU Utilized: 00:00:14
CPU Efficiency: 3.65% of 00:06:24 core-walltime
Job Wall-clock time: 00:00:06
Memory Utilized: 528.00 KB
Memory Efficiency: 0.00% of 64.00 GB

 +++++++++++++++++++++++++++++++++++++++++++++++++++++++++++++++++++++++++++
 ++   Memory Efficiency is too small. Please review the requested memory. ++
 ++ It seems that you do not need that much memory so we recommend        ++
 ++ requesting less memory in other similar jobs.                         ++
 +++++++++++++++++++++++++++++++++++++++++++++++++++++++++++++++++++++++++++
 
*****************************************************************************

