slurmstepd: info: Setting TMPDIR to /scratch/4654858. Previous errors about TMPDIR can be discarded
srun python3 /home/csic/mus/fii/chvi/test/entire_pipeline.py --dimensions 4 --size 4 --seed 4
4,4,4,0.11315679550170898,0.00014138221740722656,0.9529128074645996

*****************************************************************************
*                                                                           *
*                    JOB EFFICIENCY REPORT (seff 4654858)                   *
*                                                                           *
*****************************************************************************

Job ID: 4654858
Cluster: finisterrae3
User/Group: csmusfii/csic
State: COMPLETED (exit code 0)
Nodes: 1
Cores per node: 64
CPU Utilized: 00:00:14
CPU Efficiency: 3.65% of 00:06:24 core-walltime
Job Wall-clock time: 00:00:06
Memory Utilized: 1.96 MB
Memory Efficiency: 0.00% of 64.00 GB

 +++++++++++++++++++++++++++++++++++++++++++++++++++++++++++++++++++++++++++
 ++   Memory Efficiency is too small. Please review the requested memory. ++
 ++ It seems that you do not need that much memory so we recommend        ++
 ++ requesting less memory in other similar jobs.                         ++
 +++++++++++++++++++++++++++++++++++++++++++++++++++++++++++++++++++++++++++
 
*****************************************************************************

