slurmstepd: info: Setting TMPDIR to /scratch/4654864. Previous errors about TMPDIR can be discarded
srun python3 /home/csic/mus/fii/chvi/test/entire_pipeline.py --dimensions 4 --size 4 --seed 10
4,4,10,0.09818363189697266,0.0001544952392578125,0.955014705657959

*****************************************************************************
*                                                                           *
*                    JOB EFFICIENCY REPORT (seff 4654864)                   *
*                                                                           *
*****************************************************************************

Job ID: 4654864
Cluster: finisterrae3
User/Group: csmusfii/csic
State: COMPLETED (exit code 0)
Nodes: 1
Cores per node: 64
CPU Utilized: 00:00:14
CPU Efficiency: 4.38% of 00:05:20 core-walltime
Job Wall-clock time: 00:00:05
Memory Utilized: 528.00 KB
Memory Efficiency: 0.00% of 64.00 GB

 +++++++++++++++++++++++++++++++++++++++++++++++++++++++++++++++++++++++++++
 ++   Memory Efficiency is too small. Please review the requested memory. ++
 ++ It seems that you do not need that much memory so we recommend        ++
 ++ requesting less memory in other similar jobs.                         ++
 +++++++++++++++++++++++++++++++++++++++++++++++++++++++++++++++++++++++++++
 
*****************************************************************************

