slurmstepd: info: Setting TMPDIR to /scratch/4654860. Previous errors about TMPDIR can be discarded
srun python3 /home/csic/mus/fii/chvi/test/entire_pipeline.py --dimensions 4 --size 4 --seed 6
4,4,6,0.09632349014282227,0.0001628398895263672,0.9568972587585449

*****************************************************************************
*                                                                           *
*                    JOB EFFICIENCY REPORT (seff 4654860)                   *
*                                                                           *
*****************************************************************************

Job ID: 4654860
Cluster: finisterrae3
User/Group: csmusfii/csic
State: COMPLETED (exit code 0)
Nodes: 1
Cores per node: 64
CPU Utilized: 00:00:13
CPU Efficiency: 3.39% of 00:06:24 core-walltime
Job Wall-clock time: 00:00:06
Memory Utilized: 1.43 MB
Memory Efficiency: 0.00% of 64.00 GB

 +++++++++++++++++++++++++++++++++++++++++++++++++++++++++++++++++++++++++++
 ++   Memory Efficiency is too small. Please review the requested memory. ++
 ++ It seems that you do not need that much memory so we recommend        ++
 ++ requesting less memory in other similar jobs.                         ++
 +++++++++++++++++++++++++++++++++++++++++++++++++++++++++++++++++++++++++++
 
*****************************************************************************

