slurmstepd: info: Setting TMPDIR to /scratch/4654883. Previous errors about TMPDIR can be discarded
srun python3 /home/csic/mus/fii/chvi/test/entire_pipeline.py --dimensions 4 --size 5 --seed 9
4,5,9,0.12370657920837402,0.0001361370086669922,1.0262537002563477

*****************************************************************************
*                                                                           *
*                    JOB EFFICIENCY REPORT (seff 4654883)                   *
*                                                                           *
*****************************************************************************

Job ID: 4654883
Cluster: finisterrae3
User/Group: csmusfii/csic
State: COMPLETED (exit code 0)
Nodes: 1
Cores per node: 64
CPU Utilized: 00:00:15
CPU Efficiency: 3.91% of 00:06:24 core-walltime
Job Wall-clock time: 00:00:06
Memory Utilized: 2.11 MB
Memory Efficiency: 0.00% of 64.00 GB

 +++++++++++++++++++++++++++++++++++++++++++++++++++++++++++++++++++++++++++
 ++   Memory Efficiency is too small. Please review the requested memory. ++
 ++ It seems that you do not need that much memory so we recommend        ++
 ++ requesting less memory in other similar jobs.                         ++
 +++++++++++++++++++++++++++++++++++++++++++++++++++++++++++++++++++++++++++
 
*****************************************************************************

