slurmstepd: info: Setting TMPDIR to /scratch/4654891. Previous errors about TMPDIR can be discarded
srun python3 /home/csic/mus/fii/chvi/test/entire_pipeline.py --dimensions 4 --size 5 --seed 17
4,5,17,0.11530709266662598,0.00016641616821289062,1.2364230155944824

*****************************************************************************
*                                                                           *
*                    JOB EFFICIENCY REPORT (seff 4654891)                   *
*                                                                           *
*****************************************************************************

Job ID: 4654891
Cluster: finisterrae3
User/Group: csmusfii/csic
State: RUNNING
Nodes: 1
Cores per node: 64
CPU Utilized: 00:00:00
CPU Efficiency: 0.00% of 00:04:16 core-walltime
Job Wall-clock time: 00:00:04
Memory Utilized: 0.00 MB (estimated maximum)
Memory Efficiency: 0.00% of 64.00 GB (64.00 GB/node)
WARNING: Efficiency statistics may be misleading for RUNNING jobs.

 +++++++++++++++++++++++++++++++++++++++++++++++++++++++++++++++++++++++++++
 ++   Memory Efficiency is too small. Please review the requested memory. ++
 ++ It seems that you do not need that much memory so we recommend        ++
 ++ requesting less memory in other similar jobs.                         ++
 +++++++++++++++++++++++++++++++++++++++++++++++++++++++++++++++++++++++++++
 
*****************************************************************************

