slurmstepd: info: Setting TMPDIR to /scratch/4654890. Previous errors about TMPDIR can be discarded
srun python3 /home/csic/mus/fii/chvi/test/entire_pipeline.py --dimensions 4 --size 5 --seed 16
4,5,16,0.1318526268005371,0.00018525123596191406,0.9673986434936523

*****************************************************************************
*                                                                           *
*                    JOB EFFICIENCY REPORT (seff 4654890)                   *
*                                                                           *
*****************************************************************************

Job ID: 4654890
Cluster: finisterrae3
User/Group: csmusfii/csic
State: COMPLETED (exit code 0)
Nodes: 1
Cores per node: 64
CPU Utilized: 00:00:15
CPU Efficiency: 7.81% of 00:03:12 core-walltime
Job Wall-clock time: 00:00:03
Memory Utilized: 396.00 KB
Memory Efficiency: 0.00% of 64.00 GB

 +++++++++++++++++++++++++++++++++++++++++++++++++++++++++++++++++++++++++++
 ++   Memory Efficiency is too small. Please review the requested memory. ++
 ++ It seems that you do not need that much memory so we recommend        ++
 ++ requesting less memory in other similar jobs.                         ++
 +++++++++++++++++++++++++++++++++++++++++++++++++++++++++++++++++++++++++++
 
*****************************************************************************

