slurmstepd: info: Setting TMPDIR to /scratch/4658614. Previous errors about TMPDIR can be discarded
srun python3 /home/csic/mus/fii/chvi/test/entire_pipeline.py --dimensions 4 --size 6 --seed 16
4,6,16,0.1681079864501953,0.00016808509826660156,0.9678263664245605

*****************************************************************************
*                                                                           *
*                    JOB EFFICIENCY REPORT (seff 4658614)                   *
*                                                                           *
*****************************************************************************

Job ID: 4658614
Cluster: finisterrae3
User/Group: csmusfii/csic
State: COMPLETED (exit code 0)
Nodes: 1
Cores per node: 64
CPU Utilized: 00:00:16
CPU Efficiency: 8.33% of 00:03:12 core-walltime
Job Wall-clock time: 00:00:03
Memory Utilized: 396.00 KB
Memory Efficiency: 0.00% of 64.00 GB

 +++++++++++++++++++++++++++++++++++++++++++++++++++++++++++++++++++++++++++
 ++   Memory Efficiency is too small. Please review the requested memory. ++
 ++ It seems that you do not need that much memory so we recommend        ++
 ++ requesting less memory in other similar jobs.                         ++
 +++++++++++++++++++++++++++++++++++++++++++++++++++++++++++++++++++++++++++
 
*****************************************************************************

