slurmstepd: info: Setting TMPDIR to /scratch/4658599. Previous errors about TMPDIR can be discarded
srun python3 /home/csic/mus/fii/chvi/test/entire_pipeline.py --dimensions 4 --size 6 --seed 1
4,6,1,0.16846036911010742,0.00016736984252929688,0.9778971672058105

*****************************************************************************
*                                                                           *
*                    JOB EFFICIENCY REPORT (seff 4658599)                   *
*                                                                           *
*****************************************************************************

Job ID: 4658599
Cluster: finisterrae3
User/Group: csmusfii/csic
State: COMPLETED (exit code 0)
Nodes: 1
Cores per node: 64
CPU Utilized: 00:00:18
CPU Efficiency: 4.69% of 00:06:24 core-walltime
Job Wall-clock time: 00:00:06
Memory Utilized: 1.46 MB
Memory Efficiency: 0.00% of 64.00 GB

 +++++++++++++++++++++++++++++++++++++++++++++++++++++++++++++++++++++++++++
 ++   Memory Efficiency is too small. Please review the requested memory. ++
 ++ It seems that you do not need that much memory so we recommend        ++
 ++ requesting less memory in other similar jobs.                         ++
 +++++++++++++++++++++++++++++++++++++++++++++++++++++++++++++++++++++++++++
 
*****************************************************************************

