slurmstepd: info: Setting TMPDIR to /scratch/4658604. Previous errors about TMPDIR can be discarded
srun python3 /home/csic/mus/fii/chvi/test/entire_pipeline.py --dimensions 4 --size 6 --seed 6
4,6,6,0.16784167289733887,0.00012731552124023438,0.9520070552825928

*****************************************************************************
*                                                                           *
*                    JOB EFFICIENCY REPORT (seff 4658604)                   *
*                                                                           *
*****************************************************************************

Job ID: 4658604
Cluster: finisterrae3
User/Group: csmusfii/csic
State: COMPLETED (exit code 0)
Nodes: 1
Cores per node: 64
CPU Utilized: 00:00:18
CPU Efficiency: 7.03% of 00:04:16 core-walltime
Job Wall-clock time: 00:00:04
Memory Utilized: 660.00 KB
Memory Efficiency: 0.00% of 64.00 GB

 +++++++++++++++++++++++++++++++++++++++++++++++++++++++++++++++++++++++++++
 ++   Memory Efficiency is too small. Please review the requested memory. ++
 ++ It seems that you do not need that much memory so we recommend        ++
 ++ requesting less memory in other similar jobs.                         ++
 +++++++++++++++++++++++++++++++++++++++++++++++++++++++++++++++++++++++++++
 
*****************************************************************************

