slurmstepd: info: Setting TMPDIR to /scratch/4658615. Previous errors about TMPDIR can be discarded
srun python3 /home/csic/mus/fii/chvi/test/entire_pipeline.py --dimensions 4 --size 6 --seed 17
4,6,17,0.16562104225158691,0.00013947486877441406,0.9581940174102783

*****************************************************************************
*                                                                           *
*                    JOB EFFICIENCY REPORT (seff 4658615)                   *
*                                                                           *
*****************************************************************************

Job ID: 4658615
Cluster: finisterrae3
User/Group: csmusfii/csic
State: COMPLETED (exit code 0)
Nodes: 1
Cores per node: 64
CPU Utilized: 00:00:17
CPU Efficiency: 5.31% of 00:05:20 core-walltime
Job Wall-clock time: 00:00:05
Memory Utilized: 924.00 KB
Memory Efficiency: 0.00% of 64.00 GB

 +++++++++++++++++++++++++++++++++++++++++++++++++++++++++++++++++++++++++++
 ++   Memory Efficiency is too small. Please review the requested memory. ++
 ++ It seems that you do not need that much memory so we recommend        ++
 ++ requesting less memory in other similar jobs.                         ++
 +++++++++++++++++++++++++++++++++++++++++++++++++++++++++++++++++++++++++++
 
*****************************************************************************

