slurmstepd: info: Setting TMPDIR to /scratch/4658616. Previous errors about TMPDIR can be discarded
srun python3 /home/csic/mus/fii/chvi/test/entire_pipeline.py --dimensions 4 --size 6 --seed 18
4,6,18,0.16385102272033691,0.00015473365783691406,0.9776833057403564

*****************************************************************************
*                                                                           *
*                    JOB EFFICIENCY REPORT (seff 4658616)                   *
*                                                                           *
*****************************************************************************

Job ID: 4658616
Cluster: finisterrae3
User/Group: csmusfii/csic
State: COMPLETED (exit code 0)
Nodes: 1
Cores per node: 64
CPU Utilized: 00:00:17
CPU Efficiency: 5.31% of 00:05:20 core-walltime
Job Wall-clock time: 00:00:05
Memory Utilized: 1.29 MB
Memory Efficiency: 0.00% of 64.00 GB

 +++++++++++++++++++++++++++++++++++++++++++++++++++++++++++++++++++++++++++
 ++   Memory Efficiency is too small. Please review the requested memory. ++
 ++ It seems that you do not need that much memory so we recommend        ++
 ++ requesting less memory in other similar jobs.                         ++
 +++++++++++++++++++++++++++++++++++++++++++++++++++++++++++++++++++++++++++
 
*****************************************************************************

