slurmstepd: info: Setting TMPDIR to /scratch/4658603. Previous errors about TMPDIR can be discarded
srun python3 /home/csic/mus/fii/chvi/test/entire_pipeline.py --dimensions 4 --size 6 --seed 5
4,6,5,0.09143233299255371,0.00015234947204589844,0.9636392593383789

*****************************************************************************
*                                                                           *
*                    JOB EFFICIENCY REPORT (seff 4658603)                   *
*                                                                           *
*****************************************************************************

Job ID: 4658603
Cluster: finisterrae3
User/Group: csmusfii/csic
State: COMPLETED (exit code 0)
Nodes: 1
Cores per node: 64
CPU Utilized: 00:00:13
CPU Efficiency: 5.08% of 00:04:16 core-walltime
Job Wall-clock time: 00:00:04
Memory Utilized: 1.16 MB
Memory Efficiency: 0.00% of 64.00 GB

 +++++++++++++++++++++++++++++++++++++++++++++++++++++++++++++++++++++++++++
 ++   Memory Efficiency is too small. Please review the requested memory. ++
 ++ It seems that you do not need that much memory so we recommend        ++
 ++ requesting less memory in other similar jobs.                         ++
 +++++++++++++++++++++++++++++++++++++++++++++++++++++++++++++++++++++++++++
 
*****************************************************************************

