slurmstepd: info: Setting TMPDIR to /scratch/4658609. Previous errors about TMPDIR can be discarded
srun python3 /home/csic/mus/fii/chvi/test/entire_pipeline.py --dimensions 4 --size 6 --seed 11
4,6,11,0.1491546630859375,0.00016832351684570312,0.9786090850830078

*****************************************************************************
*                                                                           *
*                    JOB EFFICIENCY REPORT (seff 4658609)                   *
*                                                                           *
*****************************************************************************

Job ID: 4658609
Cluster: finisterrae3
User/Group: csmusfii/csic
State: COMPLETED (exit code 0)
Nodes: 1
Cores per node: 64
CPU Utilized: 00:00:17
CPU Efficiency: 4.43% of 00:06:24 core-walltime
Job Wall-clock time: 00:00:06
Memory Utilized: 1.29 MB
Memory Efficiency: 0.00% of 64.00 GB

 +++++++++++++++++++++++++++++++++++++++++++++++++++++++++++++++++++++++++++
 ++   Memory Efficiency is too small. Please review the requested memory. ++
 ++ It seems that you do not need that much memory so we recommend        ++
 ++ requesting less memory in other similar jobs.                         ++
 +++++++++++++++++++++++++++++++++++++++++++++++++++++++++++++++++++++++++++
 
*****************************************************************************

