slurmstepd: info: Setting TMPDIR to /scratch/4658613. Previous errors about TMPDIR can be discarded
srun python3 /home/csic/mus/fii/chvi/test/entire_pipeline.py --dimensions 4 --size 6 --seed 15
4,6,15,0.1598038673400879,0.00016117095947265625,0.9520399570465088

*****************************************************************************
*                                                                           *
*                    JOB EFFICIENCY REPORT (seff 4658613)                   *
*                                                                           *
*****************************************************************************

Job ID: 4658613
Cluster: finisterrae3
User/Group: csmusfii/csic
State: COMPLETED (exit code 0)
Nodes: 1
Cores per node: 64
CPU Utilized: 00:00:17
CPU Efficiency: 8.85% of 00:03:12 core-walltime
Job Wall-clock time: 00:00:03
Memory Utilized: 792.00 KB
Memory Efficiency: 0.00% of 64.00 GB

 +++++++++++++++++++++++++++++++++++++++++++++++++++++++++++++++++++++++++++
 ++   Memory Efficiency is too small. Please review the requested memory. ++
 ++ It seems that you do not need that much memory so we recommend        ++
 ++ requesting less memory in other similar jobs.                         ++
 +++++++++++++++++++++++++++++++++++++++++++++++++++++++++++++++++++++++++++
 
*****************************************************************************

