slurmstepd: info: Setting TMPDIR to /scratch/4658620. Previous errors about TMPDIR can be discarded
srun python3 /home/csic/mus/fii/chvi/test/entire_pipeline.py --dimensions 4 --size 7 --seed 2
4,7,2,0.24763846397399902,0.0001766681671142578,0.9782752990722656

*****************************************************************************
*                                                                           *
*                    JOB EFFICIENCY REPORT (seff 4658620)                   *
*                                                                           *
*****************************************************************************

Job ID: 4658620
Cluster: finisterrae3
User/Group: csmusfii/csic
State: COMPLETED (exit code 0)
Nodes: 1
Cores per node: 64
CPU Utilized: 00:00:22
CPU Efficiency: 11.46% of 00:03:12 core-walltime
Job Wall-clock time: 00:00:03
Memory Utilized: 924.00 KB
Memory Efficiency: 0.00% of 64.00 GB

 +++++++++++++++++++++++++++++++++++++++++++++++++++++++++++++++++++++++++++
 ++   Memory Efficiency is too small. Please review the requested memory. ++
 ++ It seems that you do not need that much memory so we recommend        ++
 ++ requesting less memory in other similar jobs.                         ++
 +++++++++++++++++++++++++++++++++++++++++++++++++++++++++++++++++++++++++++
 
*****************************************************************************

