slurmstepd: info: Setting TMPDIR to /scratch/4658626. Previous errors about TMPDIR can be discarded
srun python3 /home/csic/mus/fii/chvi/test/entire_pipeline.py --dimensions 4 --size 7 --seed 5
4,7,5,0.21005964279174805,0.00016236305236816406,0.9601550102233887

*****************************************************************************
*                                                                           *
*                    JOB EFFICIENCY REPORT (seff 4658626)                   *
*                                                                           *
*****************************************************************************

Job ID: 4658626
Cluster: finisterrae3
User/Group: csmusfii/csic
State: COMPLETED (exit code 0)
Nodes: 1
Cores per node: 64
CPU Utilized: 00:00:20
CPU Efficiency: 6.25% of 00:05:20 core-walltime
Job Wall-clock time: 00:00:05
Memory Utilized: 3.28 MB
Memory Efficiency: 0.01% of 64.00 GB

 +++++++++++++++++++++++++++++++++++++++++++++++++++++++++++++++++++++++++++
 ++   Memory Efficiency is too small. Please review the requested memory. ++
 ++ It seems that you do not need that much memory so we recommend        ++
 ++ requesting less memory in other similar jobs.                         ++
 +++++++++++++++++++++++++++++++++++++++++++++++++++++++++++++++++++++++++++
 
*****************************************************************************

