slurmstepd: info: Setting TMPDIR to /scratch/4658634. Previous errors about TMPDIR can be discarded
srun python3 /home/csic/mus/fii/chvi/test/entire_pipeline.py --dimensions 4 --size 7 --seed 8
4,7,8,0.1823110580444336,0.00014591217041015625,0.998389720916748

*****************************************************************************
*                                                                           *
*                    JOB EFFICIENCY REPORT (seff 4658634)                   *
*                                                                           *
*****************************************************************************

Job ID: 4658634
Cluster: finisterrae3
User/Group: csmusfii/csic
State: COMPLETED (exit code 0)
Nodes: 1
Cores per node: 64
CPU Utilized: 00:00:19
CPU Efficiency: 4.95% of 00:06:24 core-walltime
Job Wall-clock time: 00:00:06
Memory Utilized: 924.00 KB
Memory Efficiency: 0.00% of 64.00 GB

 +++++++++++++++++++++++++++++++++++++++++++++++++++++++++++++++++++++++++++
 ++   Memory Efficiency is too small. Please review the requested memory. ++
 ++ It seems that you do not need that much memory so we recommend        ++
 ++ requesting less memory in other similar jobs.                         ++
 +++++++++++++++++++++++++++++++++++++++++++++++++++++++++++++++++++++++++++
 
*****************************************************************************

