slurmstepd: info: Setting TMPDIR to /scratch/4658637. Previous errors about TMPDIR can be discarded
srun python3 /home/csic/mus/fii/chvi/test/entire_pipeline.py --dimensions 4 --size 7 --seed 10
4,7,10,0.32382774353027344,0.00015020370483398438,1.0110225677490234

*****************************************************************************
*                                                                           *
*                    JOB EFFICIENCY REPORT (seff 4658637)                   *
*                                                                           *
*****************************************************************************

Job ID: 4658637
Cluster: finisterrae3
User/Group: csmusfii/csic
State: COMPLETED (exit code 0)
Nodes: 1
Cores per node: 64
CPU Utilized: 00:00:19
CPU Efficiency: 4.95% of 00:06:24 core-walltime
Job Wall-clock time: 00:00:06
Memory Utilized: 396.00 KB
Memory Efficiency: 0.00% of 64.00 GB

 +++++++++++++++++++++++++++++++++++++++++++++++++++++++++++++++++++++++++++
 ++   Memory Efficiency is too small. Please review the requested memory. ++
 ++ It seems that you do not need that much memory so we recommend        ++
 ++ requesting less memory in other similar jobs.                         ++
 +++++++++++++++++++++++++++++++++++++++++++++++++++++++++++++++++++++++++++
 
*****************************************************************************

