slurmstepd: info: Setting TMPDIR to /scratch/4658632. Previous errors about TMPDIR can be discarded
srun python3 /home/csic/mus/fii/chvi/test/entire_pipeline.py --dimensions 4 --size 7 --seed 7
4,7,7,0.1885831356048584,0.0001633167266845703,1.0192244052886963

*****************************************************************************
*                                                                           *
*                    JOB EFFICIENCY REPORT (seff 4658632)                   *
*                                                                           *
*****************************************************************************

Job ID: 4658632
Cluster: finisterrae3
User/Group: csmusfii/csic
State: COMPLETED (exit code 0)
Nodes: 1
Cores per node: 64
CPU Utilized: 00:00:19
CPU Efficiency: 4.95% of 00:06:24 core-walltime
Job Wall-clock time: 00:00:06
Memory Utilized: 1.03 MB
Memory Efficiency: 0.00% of 64.00 GB

 +++++++++++++++++++++++++++++++++++++++++++++++++++++++++++++++++++++++++++
 ++   Memory Efficiency is too small. Please review the requested memory. ++
 ++ It seems that you do not need that much memory so we recommend        ++
 ++ requesting less memory in other similar jobs.                         ++
 +++++++++++++++++++++++++++++++++++++++++++++++++++++++++++++++++++++++++++
 
*****************************************************************************

