slurmstepd: info: Setting TMPDIR to /scratch/4658624. Previous errors about TMPDIR can be discarded
srun python3 /home/csic/mus/fii/chvi/test/entire_pipeline.py --dimensions 4 --size 7 --seed 4
4,7,4,0.12636995315551758,0.00019788742065429688,0.9689416885375977

*****************************************************************************
*                                                                           *
*                    JOB EFFICIENCY REPORT (seff 4658624)                   *
*                                                                           *
*****************************************************************************

Job ID: 4658624
Cluster: finisterrae3
User/Group: csmusfii/csic
State: COMPLETED (exit code 0)
Nodes: 1
Cores per node: 64
CPU Utilized: 00:00:15
CPU Efficiency: 4.69% of 00:05:20 core-walltime
Job Wall-clock time: 00:00:05
Memory Utilized: 924.00 KB
Memory Efficiency: 0.00% of 64.00 GB

 +++++++++++++++++++++++++++++++++++++++++++++++++++++++++++++++++++++++++++
 ++   Memory Efficiency is too small. Please review the requested memory. ++
 ++ It seems that you do not need that much memory so we recommend        ++
 ++ requesting less memory in other similar jobs.                         ++
 +++++++++++++++++++++++++++++++++++++++++++++++++++++++++++++++++++++++++++
 
*****************************************************************************

