slurmstepd: info: Setting TMPDIR to /scratch/4658645. Previous errors about TMPDIR can be discarded
srun python3 /home/csic/mus/fii/chvi/test/entire_pipeline.py --dimensions 4 --size 7 --seed 18
4,7,18,0.2537648677825928,0.00019240379333496094,1.1802434921264648

*****************************************************************************
*                                                                           *
*                    JOB EFFICIENCY REPORT (seff 4658645)                   *
*                                                                           *
*****************************************************************************

Job ID: 4658645
Cluster: finisterrae3
User/Group: csmusfii/csic
State: COMPLETED (exit code 0)
Nodes: 1
Cores per node: 64
CPU Utilized: 00:00:22
CPU Efficiency: 5.73% of 00:06:24 core-walltime
Job Wall-clock time: 00:00:06
Memory Utilized: 1.03 MB
Memory Efficiency: 0.00% of 64.00 GB

 +++++++++++++++++++++++++++++++++++++++++++++++++++++++++++++++++++++++++++
 ++   Memory Efficiency is too small. Please review the requested memory. ++
 ++ It seems that you do not need that much memory so we recommend        ++
 ++ requesting less memory in other similar jobs.                         ++
 +++++++++++++++++++++++++++++++++++++++++++++++++++++++++++++++++++++++++++
 
*****************************************************************************

