slurmstepd: info: Setting TMPDIR to /scratch/4658644. Previous errors about TMPDIR can be discarded
srun python3 /home/csic/mus/fii/chvi/test/entire_pipeline.py --dimensions 4 --size 7 --seed 17
4,7,17,0.22795939445495605,0.00013494491577148438,1.2223680019378662

*****************************************************************************
*                                                                           *
*                    JOB EFFICIENCY REPORT (seff 4658644)                   *
*                                                                           *
*****************************************************************************

Job ID: 4658644
Cluster: finisterrae3
User/Group: csmusfii/csic
State: COMPLETED (exit code 0)
Nodes: 1
Cores per node: 64
CPU Utilized: 00:00:21
CPU Efficiency: 5.47% of 00:06:24 core-walltime
Job Wall-clock time: 00:00:06
Memory Utilized: 544.00 KB
Memory Efficiency: 0.00% of 64.00 GB

 +++++++++++++++++++++++++++++++++++++++++++++++++++++++++++++++++++++++++++
 ++   Memory Efficiency is too small. Please review the requested memory. ++
 ++ It seems that you do not need that much memory so we recommend        ++
 ++ requesting less memory in other similar jobs.                         ++
 +++++++++++++++++++++++++++++++++++++++++++++++++++++++++++++++++++++++++++
 
*****************************************************************************

