slurmstepd: info: Setting TMPDIR to /scratch/4658621. Previous errors about TMPDIR can be discarded
srun python3 /home/csic/mus/fii/chvi/test/entire_pipeline.py --dimensions 4 --size 7 --seed 3
4,7,3,0.18945908546447754,0.000164031982421875,0.9529857635498047

*****************************************************************************
*                                                                           *
*                    JOB EFFICIENCY REPORT (seff 4658621)                   *
*                                                                           *
*****************************************************************************

Job ID: 4658621
Cluster: finisterrae3
User/Group: csmusfii/csic
State: COMPLETED (exit code 0)
Nodes: 1
Cores per node: 64
CPU Utilized: 00:00:19
CPU Efficiency: 5.94% of 00:05:20 core-walltime
Job Wall-clock time: 00:00:05
Memory Utilized: 396.00 KB
Memory Efficiency: 0.00% of 64.00 GB

 +++++++++++++++++++++++++++++++++++++++++++++++++++++++++++++++++++++++++++
 ++   Memory Efficiency is too small. Please review the requested memory. ++
 ++ It seems that you do not need that much memory so we recommend        ++
 ++ requesting less memory in other similar jobs.                         ++
 +++++++++++++++++++++++++++++++++++++++++++++++++++++++++++++++++++++++++++
 
*****************************************************************************

