slurmstepd: info: Setting TMPDIR to /scratch/4658640. Previous errors about TMPDIR can be discarded
srun python3 /home/csic/mus/fii/chvi/test/entire_pipeline.py --dimensions 4 --size 7 --seed 13
4,7,13,0.25475192070007324,0.00015282630920410156,1.0751049518585205

*****************************************************************************
*                                                                           *
*                    JOB EFFICIENCY REPORT (seff 4658640)                   *
*                                                                           *
*****************************************************************************

Job ID: 4658640
Cluster: finisterrae3
User/Group: csmusfii/csic
State: COMPLETED (exit code 0)
Nodes: 1
Cores per node: 64
CPU Utilized: 00:00:22
CPU Efficiency: 6.88% of 00:05:20 core-walltime
Job Wall-clock time: 00:00:05
Memory Utilized: 396.00 KB
Memory Efficiency: 0.00% of 64.00 GB

 +++++++++++++++++++++++++++++++++++++++++++++++++++++++++++++++++++++++++++
 ++   Memory Efficiency is too small. Please review the requested memory. ++
 ++ It seems that you do not need that much memory so we recommend        ++
 ++ requesting less memory in other similar jobs.                         ++
 +++++++++++++++++++++++++++++++++++++++++++++++++++++++++++++++++++++++++++
 
*****************************************************************************

