slurmstepd: info: Setting TMPDIR to /scratch/4658650. Previous errors about TMPDIR can be discarded
srun python3 /home/csic/mus/fii/chvi/test/entire_pipeline.py --dimensions 4 --size 8 --seed 3
4,8,3,0.3445713520050049,0.00016188621520996094,1.0623295307159424

*****************************************************************************
*                                                                           *
*                    JOB EFFICIENCY REPORT (seff 4658650)                   *
*                                                                           *
*****************************************************************************

Job ID: 4658650
Cluster: finisterrae3
User/Group: csmusfii/csic
State: COMPLETED (exit code 0)
Nodes: 1
Cores per node: 64
CPU Utilized: 00:00:27
CPU Efficiency: 14.06% of 00:03:12 core-walltime
Job Wall-clock time: 00:00:03
Memory Utilized: 2.98 MB
Memory Efficiency: 0.00% of 64.00 GB

 +++++++++++++++++++++++++++++++++++++++++++++++++++++++++++++++++++++++++++
 ++   Memory Efficiency is too small. Please review the requested memory. ++
 ++ It seems that you do not need that much memory so we recommend        ++
 ++ requesting less memory in other similar jobs.                         ++
 +++++++++++++++++++++++++++++++++++++++++++++++++++++++++++++++++++++++++++
 
*****************************************************************************

