slurmstepd: info: Setting TMPDIR to /scratch/4658651. Previous errors about TMPDIR can be discarded
srun python3 /home/csic/mus/fii/chvi/test/entire_pipeline.py --dimensions 4 --size 8 --seed 4
4,8,4,0.26038575172424316,0.00017547607421875,1.1813297271728516

*****************************************************************************
*                                                                           *
*                    JOB EFFICIENCY REPORT (seff 4658651)                   *
*                                                                           *
*****************************************************************************

Job ID: 4658651
Cluster: finisterrae3
User/Group: csmusfii/csic
State: COMPLETED (exit code 0)
Nodes: 1
Cores per node: 64
CPU Utilized: 00:00:24
CPU Efficiency: 12.50% of 00:03:12 core-walltime
Job Wall-clock time: 00:00:03
Memory Utilized: 660.00 KB
Memory Efficiency: 0.00% of 64.00 GB

 +++++++++++++++++++++++++++++++++++++++++++++++++++++++++++++++++++++++++++
 ++   Memory Efficiency is too small. Please review the requested memory. ++
 ++ It seems that you do not need that much memory so we recommend        ++
 ++ requesting less memory in other similar jobs.                         ++
 +++++++++++++++++++++++++++++++++++++++++++++++++++++++++++++++++++++++++++
 
*****************************************************************************

