slurmstepd: info: Setting TMPDIR to /scratch/4658652. Previous errors about TMPDIR can be discarded
srun python3 /home/csic/mus/fii/chvi/test/entire_pipeline.py --dimensions 4 --size 8 --seed 5
4,8,5,0.2963523864746094,0.00016760826110839844,1.063201904296875

*****************************************************************************
*                                                                           *
*                    JOB EFFICIENCY REPORT (seff 4658652)                   *
*                                                                           *
*****************************************************************************

Job ID: 4658652
Cluster: finisterrae3
User/Group: csmusfii/csic
State: COMPLETED (exit code 0)
Nodes: 1
Cores per node: 64
CPU Utilized: 00:00:26
CPU Efficiency: 13.54% of 00:03:12 core-walltime
Job Wall-clock time: 00:00:03
Memory Utilized: 792.00 KB
Memory Efficiency: 0.00% of 64.00 GB

 +++++++++++++++++++++++++++++++++++++++++++++++++++++++++++++++++++++++++++
 ++   Memory Efficiency is too small. Please review the requested memory. ++
 ++ It seems that you do not need that much memory so we recommend        ++
 ++ requesting less memory in other similar jobs.                         ++
 +++++++++++++++++++++++++++++++++++++++++++++++++++++++++++++++++++++++++++
 
*****************************************************************************

