slurmstepd: info: Setting TMPDIR to /scratch/4660050. Previous errors about TMPDIR can be discarded
srun python3 /home/csic/mus/fii/chvi/test/entire_pipeline.py --dimensions 4 --size 8 --seed 18
4,8,18,0.2923088073730469,0.00017023086547851562,0.9842109680175781

*****************************************************************************
*                                                                           *
*                    JOB EFFICIENCY REPORT (seff 4660050)                   *
*                                                                           *
*****************************************************************************

Job ID: 4660050
Cluster: finisterrae3
User/Group: csmusfii/csic
State: COMPLETED (exit code 0)
Nodes: 1
Cores per node: 64
CPU Utilized: 00:00:25
CPU Efficiency: 7.81% of 00:05:20 core-walltime
Job Wall-clock time: 00:00:05
Memory Utilized: 1.53 MB
Memory Efficiency: 0.00% of 64.00 GB

 +++++++++++++++++++++++++++++++++++++++++++++++++++++++++++++++++++++++++++
 ++   Memory Efficiency is too small. Please review the requested memory. ++
 ++ It seems that you do not need that much memory so we recommend        ++
 ++ requesting less memory in other similar jobs.                         ++
 +++++++++++++++++++++++++++++++++++++++++++++++++++++++++++++++++++++++++++
 
*****************************************************************************

