slurmstepd: info: Setting TMPDIR to /scratch/4660046. Previous errors about TMPDIR can be discarded
srun python3 /home/csic/mus/fii/chvi/test/entire_pipeline.py --dimensions 4 --size 8 --seed 14
4,8,14,0.3542048931121826,0.00015091896057128906,0.9649734497070312

*****************************************************************************
*                                                                           *
*                    JOB EFFICIENCY REPORT (seff 4660046)                   *
*                                                                           *
*****************************************************************************

Job ID: 4660046
Cluster: finisterrae3
User/Group: csmusfii/csic
State: COMPLETED (exit code 0)
Nodes: 1
Cores per node: 64
CPU Utilized: 00:00:27
CPU Efficiency: 7.03% of 00:06:24 core-walltime
Job Wall-clock time: 00:00:06
Memory Utilized: 1.03 MB
Memory Efficiency: 0.00% of 64.00 GB

 +++++++++++++++++++++++++++++++++++++++++++++++++++++++++++++++++++++++++++
 ++   Memory Efficiency is too small. Please review the requested memory. ++
 ++ It seems that you do not need that much memory so we recommend        ++
 ++ requesting less memory in other similar jobs.                         ++
 +++++++++++++++++++++++++++++++++++++++++++++++++++++++++++++++++++++++++++
 
*****************************************************************************

