slurmstepd: info: Setting TMPDIR to /scratch/4658649. Previous errors about TMPDIR can be discarded
srun python3 /home/csic/mus/fii/chvi/test/entire_pipeline.py --dimensions 4 --size 8 --seed 2
4,8,2,0.30603456497192383,0.00014543533325195312,1.1805403232574463

*****************************************************************************
*                                                                           *
*                    JOB EFFICIENCY REPORT (seff 4658649)                   *
*                                                                           *
*****************************************************************************

Job ID: 4658649
Cluster: finisterrae3
User/Group: csmusfii/csic
State: COMPLETED (exit code 0)
Nodes: 1
Cores per node: 64
CPU Utilized: 00:00:26
CPU Efficiency: 13.54% of 00:03:12 core-walltime
Job Wall-clock time: 00:00:03
Memory Utilized: 2.05 MB
Memory Efficiency: 0.00% of 64.00 GB

 +++++++++++++++++++++++++++++++++++++++++++++++++++++++++++++++++++++++++++
 ++   Memory Efficiency is too small. Please review the requested memory. ++
 ++ It seems that you do not need that much memory so we recommend        ++
 ++ requesting less memory in other similar jobs.                         ++
 +++++++++++++++++++++++++++++++++++++++++++++++++++++++++++++++++++++++++++
 
*****************************************************************************

