slurmstepd: info: Setting TMPDIR to /scratch/4660048. Previous errors about TMPDIR can be discarded
srun python3 /home/csic/mus/fii/chvi/test/entire_pipeline.py --dimensions 4 --size 8 --seed 16
4,8,16,0.3074016571044922,0.0001399517059326172,0.9978237152099609

*****************************************************************************
*                                                                           *
*                    JOB EFFICIENCY REPORT (seff 4660048)                   *
*                                                                           *
*****************************************************************************

Job ID: 4660048
Cluster: finisterrae3
User/Group: csmusfii/csic
State: COMPLETED (exit code 0)
Nodes: 1
Cores per node: 64
CPU Utilized: 00:00:26
CPU Efficiency: 8.12% of 00:05:20 core-walltime
Job Wall-clock time: 00:00:05
Memory Utilized: 2.04 MB
Memory Efficiency: 0.00% of 64.00 GB

 +++++++++++++++++++++++++++++++++++++++++++++++++++++++++++++++++++++++++++
 ++   Memory Efficiency is too small. Please review the requested memory. ++
 ++ It seems that you do not need that much memory so we recommend        ++
 ++ requesting less memory in other similar jobs.                         ++
 +++++++++++++++++++++++++++++++++++++++++++++++++++++++++++++++++++++++++++
 
*****************************************************************************

