slurmstepd: info: Setting TMPDIR to /scratch/4660069. Previous errors about TMPDIR can be discarded
srun python3 /home/csic/mus/fii/chvi/test/entire_pipeline.py --dimensions 4 --size 9 --seed 17
4,9,17,0.4327113628387451,0.00015544891357421875,1.031290054321289

*****************************************************************************
*                                                                           *
*                    JOB EFFICIENCY REPORT (seff 4660069)                   *
*                                                                           *
*****************************************************************************

Job ID: 4660069
Cluster: finisterrae3
User/Group: csmusfii/csic
State: RUNNING
Nodes: 1
Cores per node: 64
CPU Utilized: 00:00:00
CPU Efficiency: 0.00% of 00:05:20 core-walltime
Job Wall-clock time: 00:00:05
Memory Utilized: 0.00 MB (estimated maximum)
Memory Efficiency: 0.00% of 64.00 GB (64.00 GB/node)
WARNING: Efficiency statistics may be misleading for RUNNING jobs.

 +++++++++++++++++++++++++++++++++++++++++++++++++++++++++++++++++++++++++++
 ++   Memory Efficiency is too small. Please review the requested memory. ++
 ++ It seems that you do not need that much memory so we recommend        ++
 ++ requesting less memory in other similar jobs.                         ++
 +++++++++++++++++++++++++++++++++++++++++++++++++++++++++++++++++++++++++++
 
*****************************************************************************

