slurmstepd: info: Setting TMPDIR to /scratch/4660054. Previous errors about TMPDIR can be discarded
srun python3 /home/csic/mus/fii/chvi/test/entire_pipeline.py --dimensions 4 --size 9 --seed 2
4,9,2,0.4319159984588623,0.0001499652862548828,0.973973274230957

*****************************************************************************
*                                                                           *
*                    JOB EFFICIENCY REPORT (seff 4660054)                   *
*                                                                           *
*****************************************************************************

Job ID: 4660054
Cluster: finisterrae3
User/Group: csmusfii/csic
State: COMPLETED (exit code 0)
Nodes: 1
Cores per node: 64
CPU Utilized: 00:00:34
CPU Efficiency: 17.71% of 00:03:12 core-walltime
Job Wall-clock time: 00:00:03
Memory Utilized: 1.55 MB
Memory Efficiency: 0.00% of 64.00 GB

 +++++++++++++++++++++++++++++++++++++++++++++++++++++++++++++++++++++++++++
 ++   Memory Efficiency is too small. Please review the requested memory. ++
 ++ It seems that you do not need that much memory so we recommend        ++
 ++ requesting less memory in other similar jobs.                         ++
 +++++++++++++++++++++++++++++++++++++++++++++++++++++++++++++++++++++++++++
 
*****************************************************************************

