slurmstepd: info: Setting TMPDIR to /scratch/4660063. Previous errors about TMPDIR can be discarded
srun python3 /home/csic/mus/fii/chvi/test/entire_pipeline.py --dimensions 4 --size 9 --seed 11
4,9,11,0.4461848735809326,0.0001914501190185547,0.996448278427124

*****************************************************************************
*                                                                           *
*                    JOB EFFICIENCY REPORT (seff 4660063)                   *
*                                                                           *
*****************************************************************************

Job ID: 4660063
Cluster: finisterrae3
User/Group: csmusfii/csic
State: COMPLETED (exit code 0)
Nodes: 1
Cores per node: 64
CPU Utilized: 00:00:35
CPU Efficiency: 10.94% of 00:05:20 core-walltime
Job Wall-clock time: 00:00:05
Memory Utilized: 1.16 MB
Memory Efficiency: 0.00% of 64.00 GB

 +++++++++++++++++++++++++++++++++++++++++++++++++++++++++++++++++++++++++++
 ++   Memory Efficiency is too small. Please review the requested memory. ++
 ++ It seems that you do not need that much memory so we recommend        ++
 ++ requesting less memory in other similar jobs.                         ++
 +++++++++++++++++++++++++++++++++++++++++++++++++++++++++++++++++++++++++++
 
*****************************************************************************

