slurmstepd: info: Setting TMPDIR to /scratch/4660062. Previous errors about TMPDIR can be discarded
srun python3 /home/csic/mus/fii/chvi/test/entire_pipeline.py --dimensions 4 --size 9 --seed 10
4,9,10,0.40935301780700684,0.000152587890625,0.9967429637908936

*****************************************************************************
*                                                                           *
*                    JOB EFFICIENCY REPORT (seff 4660062)                   *
*                                                                           *
*****************************************************************************

Job ID: 4660062
Cluster: finisterrae3
User/Group: csmusfii/csic
State: COMPLETED (exit code 0)
Nodes: 1
Cores per node: 64
CPU Utilized: 00:00:33
CPU Efficiency: 8.59% of 00:06:24 core-walltime
Job Wall-clock time: 00:00:06
Memory Utilized: 1.03 MB
Memory Efficiency: 0.00% of 64.00 GB

 +++++++++++++++++++++++++++++++++++++++++++++++++++++++++++++++++++++++++++
 ++   Memory Efficiency is too small. Please review the requested memory. ++
 ++ It seems that you do not need that much memory so we recommend        ++
 ++ requesting less memory in other similar jobs.                         ++
 +++++++++++++++++++++++++++++++++++++++++++++++++++++++++++++++++++++++++++
 
*****************************************************************************

