slurmstepd: info: Setting TMPDIR to /scratch/4660071. Previous errors about TMPDIR can be discarded
srun python3 /home/csic/mus/fii/chvi/test/entire_pipeline.py --dimensions 4 --size 9 --seed 19
4,9,19,0.4734609127044678,0.0001976490020751953,0.9952523708343506

*****************************************************************************
*                                                                           *
*                    JOB EFFICIENCY REPORT (seff 4660071)                   *
*                                                                           *
*****************************************************************************

Job ID: 4660071
Cluster: finisterrae3
User/Group: csmusfii/csic
State: COMPLETED (exit code 0)
Nodes: 1
Cores per node: 64
CPU Utilized: 00:00:35
CPU Efficiency: 18.23% of 00:03:12 core-walltime
Job Wall-clock time: 00:00:03
Memory Utilized: 528.00 KB
Memory Efficiency: 0.00% of 64.00 GB

 +++++++++++++++++++++++++++++++++++++++++++++++++++++++++++++++++++++++++++
 ++   Memory Efficiency is too small. Please review the requested memory. ++
 ++ It seems that you do not need that much memory so we recommend        ++
 ++ requesting less memory in other similar jobs.                         ++
 +++++++++++++++++++++++++++++++++++++++++++++++++++++++++++++++++++++++++++
 
*****************************************************************************

