slurmstepd: info: Setting TMPDIR to /scratch/4660072. Previous errors about TMPDIR can be discarded
srun python3 /home/csic/mus/fii/chvi/test/entire_pipeline.py --dimensions 4 --size 9 --seed 20
4,9,20,0.43266868591308594,0.00016450881958007812,0.9833583831787109

*****************************************************************************
*                                                                           *
*                    JOB EFFICIENCY REPORT (seff 4660072)                   *
*                                                                           *
*****************************************************************************

Job ID: 4660072
Cluster: finisterrae3
User/Group: csmusfii/csic
State: COMPLETED (exit code 0)
Nodes: 1
Cores per node: 64
CPU Utilized: 00:00:34
CPU Efficiency: 17.71% of 00:03:12 core-walltime
Job Wall-clock time: 00:00:03
Memory Utilized: 660.00 KB
Memory Efficiency: 0.00% of 64.00 GB

 +++++++++++++++++++++++++++++++++++++++++++++++++++++++++++++++++++++++++++
 ++   Memory Efficiency is too small. Please review the requested memory. ++
 ++ It seems that you do not need that much memory so we recommend        ++
 ++ requesting less memory in other similar jobs.                         ++
 +++++++++++++++++++++++++++++++++++++++++++++++++++++++++++++++++++++++++++
 
*****************************************************************************

