slurmstepd: info: Setting TMPDIR to /scratch/4660057. Previous errors about TMPDIR can be discarded
srun python3 /home/csic/mus/fii/chvi/test/entire_pipeline.py --dimensions 4 --size 9 --seed 5
4,9,5,0.43027400970458984,0.00016546249389648438,0.9852094650268555

*****************************************************************************
*                                                                           *
*                    JOB EFFICIENCY REPORT (seff 4660057)                   *
*                                                                           *
*****************************************************************************

Job ID: 4660057
Cluster: finisterrae3
User/Group: csmusfii/csic
State: COMPLETED (exit code 0)
Nodes: 1
Cores per node: 64
CPU Utilized: 00:00:34
CPU Efficiency: 17.71% of 00:03:12 core-walltime
Job Wall-clock time: 00:00:03
Memory Utilized: 924.00 KB
Memory Efficiency: 0.00% of 64.00 GB

 +++++++++++++++++++++++++++++++++++++++++++++++++++++++++++++++++++++++++++
 ++   Memory Efficiency is too small. Please review the requested memory. ++
 ++ It seems that you do not need that much memory so we recommend        ++
 ++ requesting less memory in other similar jobs.                         ++
 +++++++++++++++++++++++++++++++++++++++++++++++++++++++++++++++++++++++++++
 
*****************************************************************************

