slurmstepd: info: Setting TMPDIR to /scratch/4660067. Previous errors about TMPDIR can be discarded
srun python3 /home/csic/mus/fii/chvi/test/entire_pipeline.py --dimensions 4 --size 9 --seed 15
4,9,15,0.4456355571746826,0.0001575946807861328,1.014404058456421

*****************************************************************************
*                                                                           *
*                    JOB EFFICIENCY REPORT (seff 4660067)                   *
*                                                                           *
*****************************************************************************

Job ID: 4660067
Cluster: finisterrae3
User/Group: csmusfii/csic
State: RUNNING
Nodes: 1
Cores per node: 64
CPU Utilized: 00:00:00
CPU Efficiency: 0.00% of 00:05:20 core-walltime
Job Wall-clock time: 00:00:05
Memory Utilized: 396.00 KB
Memory Efficiency: 0.00% of 64.00 GB
WARNING: Efficiency statistics may be misleading for RUNNING jobs.

 +++++++++++++++++++++++++++++++++++++++++++++++++++++++++++++++++++++++++++
 ++   Memory Efficiency is too small. Please review the requested memory. ++
 ++ It seems that you do not need that much memory so we recommend        ++
 ++ requesting less memory in other similar jobs.                         ++
 +++++++++++++++++++++++++++++++++++++++++++++++++++++++++++++++++++++++++++
 
*****************************************************************************

