slurmstepd: info: Setting TMPDIR to /scratch/4660083. Previous errors about TMPDIR can be discarded
srun python3 /home/csic/mus/fii/chvi/test/entire_pipeline.py --dimensions 5 --size 2 --seed 11
5,2,11,0.027540922164916992,0.0001418590545654297,1.0175518989562988

*****************************************************************************
*                                                                           *
*                    JOB EFFICIENCY REPORT (seff 4660083)                   *
*                                                                           *
*****************************************************************************

Job ID: 4660083
Cluster: finisterrae3
User/Group: csmusfii/csic
State: RUNNING
Nodes: 1
Cores per node: 64
CPU Utilized: 00:00:10
CPU Efficiency: 2.60% of 00:06:24 core-walltime
Job Wall-clock time: 00:00:06
Memory Utilized: 1.70 MB
Memory Efficiency: 0.00% of 64.00 GB
WARNING: Efficiency statistics may be misleading for RUNNING jobs.

 +++++++++++++++++++++++++++++++++++++++++++++++++++++++++++++++++++++++++++
 ++   Memory Efficiency is too small. Please review the requested memory. ++
 ++ It seems that you do not need that much memory so we recommend        ++
 ++ requesting less memory in other similar jobs.                         ++
 +++++++++++++++++++++++++++++++++++++++++++++++++++++++++++++++++++++++++++
 
*****************************************************************************

