slurmstepd: info: Setting TMPDIR to /scratch/4660086. Previous errors about TMPDIR can be discarded
srun python3 /home/csic/mus/fii/chvi/test/entire_pipeline.py --dimensions 5 --size 2 --seed 14
5,2,14,0.056955814361572266,0.0001468658447265625,1.0153849124908447

*****************************************************************************
*                                                                           *
*                    JOB EFFICIENCY REPORT (seff 4660086)                   *
*                                                                           *
*****************************************************************************

Job ID: 4660086
Cluster: finisterrae3
User/Group: csmusfii/csic
State: COMPLETED (exit code 0)
Nodes: 1
Cores per node: 64
CPU Utilized: 00:00:13
CPU Efficiency: 4.06% of 00:05:20 core-walltime
Job Wall-clock time: 00:00:05
Memory Utilized: 876.00 KB
Memory Efficiency: 0.00% of 64.00 GB

 +++++++++++++++++++++++++++++++++++++++++++++++++++++++++++++++++++++++++++
 ++   Memory Efficiency is too small. Please review the requested memory. ++
 ++ It seems that you do not need that much memory so we recommend        ++
 ++ requesting less memory in other similar jobs.                         ++
 +++++++++++++++++++++++++++++++++++++++++++++++++++++++++++++++++++++++++++
 
*****************************************************************************

