slurmstepd: info: Setting TMPDIR to /scratch/4660074. Previous errors about TMPDIR can be discarded
srun python3 /home/csic/mus/fii/chvi/test/entire_pipeline.py --dimensions 5 --size 2 --seed 2
5,2,2,0.0576169490814209,0.00012445449829101562,0.9999902248382568

*****************************************************************************
*                                                                           *
*                    JOB EFFICIENCY REPORT (seff 4660074)                   *
*                                                                           *
*****************************************************************************

Job ID: 4660074
Cluster: finisterrae3
User/Group: csmusfii/csic
State: COMPLETED (exit code 0)
Nodes: 1
Cores per node: 64
CPU Utilized: 00:00:13
CPU Efficiency: 6.77% of 00:03:12 core-walltime
Job Wall-clock time: 00:00:03
Memory Utilized: 1.09 MB
Memory Efficiency: 0.00% of 64.00 GB

 +++++++++++++++++++++++++++++++++++++++++++++++++++++++++++++++++++++++++++
 ++   Memory Efficiency is too small. Please review the requested memory. ++
 ++ It seems that you do not need that much memory so we recommend        ++
 ++ requesting less memory in other similar jobs.                         ++
 +++++++++++++++++++++++++++++++++++++++++++++++++++++++++++++++++++++++++++
 
*****************************************************************************

