slurmstepd: info: Setting TMPDIR to /scratch/4660089. Previous errors about TMPDIR can be discarded
srun python3 /home/csic/mus/fii/chvi/test/entire_pipeline.py --dimensions 5 --size 2 --seed 17
5,2,17,0.05796670913696289,0.00014638900756835938,0.9690816402435303

*****************************************************************************
*                                                                           *
*                    JOB EFFICIENCY REPORT (seff 4660089)                   *
*                                                                           *
*****************************************************************************

Job ID: 4660089
Cluster: finisterrae3
User/Group: csmusfii/csic
State: COMPLETED (exit code 0)
Nodes: 1
Cores per node: 64
CPU Utilized: 00:00:12
CPU Efficiency: 6.25% of 00:03:12 core-walltime
Job Wall-clock time: 00:00:03
Memory Utilized: 3.14 MB
Memory Efficiency: 0.00% of 64.00 GB

 +++++++++++++++++++++++++++++++++++++++++++++++++++++++++++++++++++++++++++
 ++   Memory Efficiency is too small. Please review the requested memory. ++
 ++ It seems that you do not need that much memory so we recommend        ++
 ++ requesting less memory in other similar jobs.                         ++
 +++++++++++++++++++++++++++++++++++++++++++++++++++++++++++++++++++++++++++
 
*****************************************************************************

