slurmstepd: info: Setting TMPDIR to /scratch/4660076. Previous errors about TMPDIR can be discarded
srun python3 /home/csic/mus/fii/chvi/test/entire_pipeline.py --dimensions 5 --size 2 --seed 4
5,2,4,0.02248406410217285,0.0001404285430908203,1.0193188190460205

*****************************************************************************
*                                                                           *
*                    JOB EFFICIENCY REPORT (seff 4660076)                   *
*                                                                           *
*****************************************************************************

Job ID: 4660076
Cluster: finisterrae3
User/Group: csmusfii/csic
State: COMPLETED (exit code 0)
Nodes: 1
Cores per node: 64
CPU Utilized: 00:00:10
CPU Efficiency: 5.21% of 00:03:12 core-walltime
Job Wall-clock time: 00:00:03
Memory Utilized: 2.08 MB
Memory Efficiency: 0.00% of 64.00 GB

 +++++++++++++++++++++++++++++++++++++++++++++++++++++++++++++++++++++++++++
 ++   Memory Efficiency is too small. Please review the requested memory. ++
 ++ It seems that you do not need that much memory so we recommend        ++
 ++ requesting less memory in other similar jobs.                         ++
 +++++++++++++++++++++++++++++++++++++++++++++++++++++++++++++++++++++++++++
 
*****************************************************************************

