slurmstepd: info: Setting TMPDIR to /scratch/4660087. Previous errors about TMPDIR can be discarded
srun python3 /home/csic/mus/fii/chvi/test/entire_pipeline.py --dimensions 5 --size 2 --seed 15
5,2,15,0.09097456932067871,0.00020885467529296875,1.2395405769348145

*****************************************************************************
*                                                                           *
*                    JOB EFFICIENCY REPORT (seff 4660087)                   *
*                                                                           *
*****************************************************************************

Job ID: 4660087
Cluster: finisterrae3
User/Group: csmusfii/csic
State: RUNNING
Nodes: 1
Cores per node: 64
CPU Utilized: 00:00:00
CPU Efficiency: 0.00% of 00:06:24 core-walltime
Job Wall-clock time: 00:00:06
Memory Utilized: 0.00 MB (estimated maximum)
Memory Efficiency: 0.00% of 64.00 GB (64.00 GB/node)
WARNING: Efficiency statistics may be misleading for RUNNING jobs.

 +++++++++++++++++++++++++++++++++++++++++++++++++++++++++++++++++++++++++++
 ++   Memory Efficiency is too small. Please review the requested memory. ++
 ++ It seems that you do not need that much memory so we recommend        ++
 ++ requesting less memory in other similar jobs.                         ++
 +++++++++++++++++++++++++++++++++++++++++++++++++++++++++++++++++++++++++++
 
*****************************************************************************

