slurmstepd: info: Setting TMPDIR to /scratch/4660079. Previous errors about TMPDIR can be discarded
srun python3 /home/csic/mus/fii/chvi/test/entire_pipeline.py --dimensions 5 --size 2 --seed 7
5,2,7,0.047223806381225586,0.00014138221740722656,1.0018305778503418

*****************************************************************************
*                                                                           *
*                    JOB EFFICIENCY REPORT (seff 4660079)                   *
*                                                                           *
*****************************************************************************

Job ID: 4660079
Cluster: finisterrae3
User/Group: csmusfii/csic
State: COMPLETED (exit code 0)
Nodes: 1
Cores per node: 64
CPU Utilized: 00:00:11
CPU Efficiency: 2.86% of 00:06:24 core-walltime
Job Wall-clock time: 00:00:06
Memory Utilized: 2.51 MB
Memory Efficiency: 0.00% of 64.00 GB

 +++++++++++++++++++++++++++++++++++++++++++++++++++++++++++++++++++++++++++
 ++   Memory Efficiency is too small. Please review the requested memory. ++
 ++ It seems that you do not need that much memory so we recommend        ++
 ++ requesting less memory in other similar jobs.                         ++
 +++++++++++++++++++++++++++++++++++++++++++++++++++++++++++++++++++++++++++
 
*****************************************************************************

