slurmstepd: info: Setting TMPDIR to /scratch/4662075. Previous errors about TMPDIR can be discarded
srun python3 /home/csic/mus/fii/chvi/test/entire_pipeline.py --dimensions 5 --size 3 --seed 2
5,3,2,0.14269733428955078,0.0002224445343017578,1.282318115234375

*****************************************************************************
*                                                                           *
*                    JOB EFFICIENCY REPORT (seff 4662075)                   *
*                                                                           *
*****************************************************************************

Job ID: 4662075
Cluster: finisterrae3
User/Group: csmusfii/csic
State: COMPLETED (exit code 0)
Nodes: 1
Cores per node: 64
CPU Utilized: 00:00:13
CPU Efficiency: 2.90% of 00:07:28 core-walltime
Job Wall-clock time: 00:00:07
Memory Utilized: 1.16 MB
Memory Efficiency: 0.00% of 64.00 GB

 +++++++++++++++++++++++++++++++++++++++++++++++++++++++++++++++++++++++++++
 ++   Memory Efficiency is too small. Please review the requested memory. ++
 ++ It seems that you do not need that much memory so we recommend        ++
 ++ requesting less memory in other similar jobs.                         ++
 +++++++++++++++++++++++++++++++++++++++++++++++++++++++++++++++++++++++++++
 
*****************************************************************************

