slurmstepd: info: Setting TMPDIR to /scratch/4662092. Previous errors about TMPDIR can be discarded
srun python3 /home/csic/mus/fii/chvi/test/entire_pipeline.py --dimensions 5 --size 3 --seed 19
5,3,19,0.1437537670135498,0.00020813941955566406,1.2448644638061523

*****************************************************************************
*                                                                           *
*                    JOB EFFICIENCY REPORT (seff 4662092)                   *
*                                                                           *
*****************************************************************************

Job ID: 4662092
Cluster: finisterrae3
User/Group: csmusfii/csic
State: COMPLETED (exit code 0)
Nodes: 1
Cores per node: 64
CPU Utilized: 00:00:13
CPU Efficiency: 3.39% of 00:06:24 core-walltime
Job Wall-clock time: 00:00:06
Memory Utilized: 792.00 KB
Memory Efficiency: 0.00% of 64.00 GB

 +++++++++++++++++++++++++++++++++++++++++++++++++++++++++++++++++++++++++++
 ++   Memory Efficiency is too small. Please review the requested memory. ++
 ++ It seems that you do not need that much memory so we recommend        ++
 ++ requesting less memory in other similar jobs.                         ++
 +++++++++++++++++++++++++++++++++++++++++++++++++++++++++++++++++++++++++++
 
*****************************************************************************

