slurmstepd: info: Setting TMPDIR to /scratch/4662088. Previous errors about TMPDIR can be discarded
srun python3 /home/csic/mus/fii/chvi/test/entire_pipeline.py --dimensions 5 --size 3 --seed 15
5,3,15,0.16834044456481934,0.00018095970153808594,1.172227144241333

*****************************************************************************
*                                                                           *
*                    JOB EFFICIENCY REPORT (seff 4662088)                   *
*                                                                           *
*****************************************************************************

Job ID: 4662088
Cluster: finisterrae3
User/Group: csmusfii/csic
State: COMPLETED (exit code 0)
Nodes: 1
Cores per node: 64
CPU Utilized: 00:00:13
CPU Efficiency: 2.90% of 00:07:28 core-walltime
Job Wall-clock time: 00:00:07
Memory Utilized: 1.03 MB
Memory Efficiency: 0.00% of 64.00 GB

 +++++++++++++++++++++++++++++++++++++++++++++++++++++++++++++++++++++++++++
 ++   Memory Efficiency is too small. Please review the requested memory. ++
 ++ It seems that you do not need that much memory so we recommend        ++
 ++ requesting less memory in other similar jobs.                         ++
 +++++++++++++++++++++++++++++++++++++++++++++++++++++++++++++++++++++++++++
 
*****************************************************************************

