slurmstepd: info: Setting TMPDIR to /scratch/4662074. Previous errors about TMPDIR can be discarded
srun python3 /home/csic/mus/fii/chvi/test/entire_pipeline.py --dimensions 5 --size 3 --seed 1
5,3,1,0.12929749488830566,0.00016450881958007812,1.1574647426605225

*****************************************************************************
*                                                                           *
*                    JOB EFFICIENCY REPORT (seff 4662074)                   *
*                                                                           *
*****************************************************************************

Job ID: 4662074
Cluster: finisterrae3
User/Group: csmusfii/csic
State: COMPLETED (exit code 0)
Nodes: 1
Cores per node: 64
CPU Utilized: 00:00:09
CPU Efficiency: 3.52% of 00:04:16 core-walltime
Job Wall-clock time: 00:00:04
Memory Utilized: 924.00 KB
Memory Efficiency: 0.00% of 64.00 GB

 +++++++++++++++++++++++++++++++++++++++++++++++++++++++++++++++++++++++++++
 ++   Memory Efficiency is too small. Please review the requested memory. ++
 ++ It seems that you do not need that much memory so we recommend        ++
 ++ requesting less memory in other similar jobs.                         ++
 +++++++++++++++++++++++++++++++++++++++++++++++++++++++++++++++++++++++++++
 
*****************************************************************************

