slurmstepd: info: Setting TMPDIR to /scratch/4662087. Previous errors about TMPDIR can be discarded
srun python3 /home/csic/mus/fii/chvi/test/entire_pipeline.py --dimensions 5 --size 3 --seed 14
5,3,14,0.07992887496948242,0.0001785755157470703,0.9950432777404785

*****************************************************************************
*                                                                           *
*                    JOB EFFICIENCY REPORT (seff 4662087)                   *
*                                                                           *
*****************************************************************************

Job ID: 4662087
Cluster: finisterrae3
User/Group: csmusfii/csic
State: COMPLETED (exit code 0)
Nodes: 1
Cores per node: 64
CPU Utilized: 00:00:12
CPU Efficiency: 2.68% of 00:07:28 core-walltime
Job Wall-clock time: 00:00:07
Memory Utilized: 792.00 KB
Memory Efficiency: 0.00% of 64.00 GB

 +++++++++++++++++++++++++++++++++++++++++++++++++++++++++++++++++++++++++++
 ++   Memory Efficiency is too small. Please review the requested memory. ++
 ++ It seems that you do not need that much memory so we recommend        ++
 ++ requesting less memory in other similar jobs.                         ++
 +++++++++++++++++++++++++++++++++++++++++++++++++++++++++++++++++++++++++++
 
*****************************************************************************

