slurmstepd: info: Setting TMPDIR to /scratch/4662091. Previous errors about TMPDIR can be discarded
srun python3 /home/csic/mus/fii/chvi/test/entire_pipeline.py --dimensions 5 --size 3 --seed 18
5,3,18,0.0927422046661377,0.00017309188842773438,0.9628200531005859

*****************************************************************************
*                                                                           *
*                    JOB EFFICIENCY REPORT (seff 4662091)                   *
*                                                                           *
*****************************************************************************

Job ID: 4662091
Cluster: finisterrae3
User/Group: csmusfii/csic
State: COMPLETED (exit code 0)
Nodes: 1
Cores per node: 64
CPU Utilized: 00:00:13
CPU Efficiency: 5.08% of 00:04:16 core-walltime
Job Wall-clock time: 00:00:04
Memory Utilized: 2.91 MB
Memory Efficiency: 0.00% of 64.00 GB

 +++++++++++++++++++++++++++++++++++++++++++++++++++++++++++++++++++++++++++
 ++   Memory Efficiency is too small. Please review the requested memory. ++
 ++ It seems that you do not need that much memory so we recommend        ++
 ++ requesting less memory in other similar jobs.                         ++
 +++++++++++++++++++++++++++++++++++++++++++++++++++++++++++++++++++++++++++
 
*****************************************************************************

