slurmstepd: info: Setting TMPDIR to /scratch/4662093. Previous errors about TMPDIR can be discarded
srun python3 /home/csic/mus/fii/chvi/test/entire_pipeline.py --dimensions 5 --size 3 --seed 20
5,3,20,0.08351826667785645,0.00018644332885742188,0.9543581008911133

*****************************************************************************
*                                                                           *
*                    JOB EFFICIENCY REPORT (seff 4662093)                   *
*                                                                           *
*****************************************************************************

Job ID: 4662093
Cluster: finisterrae3
User/Group: csmusfii/csic
State: COMPLETED (exit code 0)
Nodes: 1
Cores per node: 64
CPU Utilized: 00:00:13
CPU Efficiency: 6.77% of 00:03:12 core-walltime
Job Wall-clock time: 00:00:03
Memory Utilized: 540.00 KB
Memory Efficiency: 0.00% of 64.00 GB

 +++++++++++++++++++++++++++++++++++++++++++++++++++++++++++++++++++++++++++
 ++   Memory Efficiency is too small. Please review the requested memory. ++
 ++ It seems that you do not need that much memory so we recommend        ++
 ++ requesting less memory in other similar jobs.                         ++
 +++++++++++++++++++++++++++++++++++++++++++++++++++++++++++++++++++++++++++
 
*****************************************************************************

