slurmstepd: info: Setting TMPDIR to /scratch/4662078. Previous errors about TMPDIR can be discarded
srun python3 /home/csic/mus/fii/chvi/test/entire_pipeline.py --dimensions 5 --size 3 --seed 5
5,3,5,0.086395263671875,0.00018596649169921875,0.9513289928436279

*****************************************************************************
*                                                                           *
*                    JOB EFFICIENCY REPORT (seff 4662078)                   *
*                                                                           *
*****************************************************************************

Job ID: 4662078
Cluster: finisterrae3
User/Group: csmusfii/csic
State: COMPLETED (exit code 0)
Nodes: 1
Cores per node: 64
CPU Utilized: 00:00:13
CPU Efficiency: 5.08% of 00:04:16 core-walltime
Job Wall-clock time: 00:00:04
Memory Utilized: 1.16 MB
Memory Efficiency: 0.00% of 64.00 GB

 +++++++++++++++++++++++++++++++++++++++++++++++++++++++++++++++++++++++++++
 ++   Memory Efficiency is too small. Please review the requested memory. ++
 ++ It seems that you do not need that much memory so we recommend        ++
 ++ requesting less memory in other similar jobs.                         ++
 +++++++++++++++++++++++++++++++++++++++++++++++++++++++++++++++++++++++++++
 
*****************************************************************************

