slurmstepd: info: Setting TMPDIR to /scratch/4662102. Previous errors about TMPDIR can be discarded
srun python3 /home/csic/mus/fii/chvi/test/entire_pipeline.py --dimensions 5 --size 4 --seed 9
5,4,9,0.09415602684020996,0.0001533031463623047,0.9443554878234863

*****************************************************************************
*                                                                           *
*                    JOB EFFICIENCY REPORT (seff 4662102)                   *
*                                                                           *
*****************************************************************************

Job ID: 4662102
Cluster: finisterrae3
User/Group: csmusfii/csic
State: COMPLETED (exit code 0)
Nodes: 1
Cores per node: 64
CPU Utilized: 00:00:14
CPU Efficiency: 3.65% of 00:06:24 core-walltime
Job Wall-clock time: 00:00:06
Memory Utilized: 924.00 KB
Memory Efficiency: 0.00% of 64.00 GB

 +++++++++++++++++++++++++++++++++++++++++++++++++++++++++++++++++++++++++++
 ++   Memory Efficiency is too small. Please review the requested memory. ++
 ++ It seems that you do not need that much memory so we recommend        ++
 ++ requesting less memory in other similar jobs.                         ++
 +++++++++++++++++++++++++++++++++++++++++++++++++++++++++++++++++++++++++++
 
*****************************************************************************

