slurmstepd: info: Setting TMPDIR to /scratch/4662099. Previous errors about TMPDIR can be discarded
srun python3 /home/csic/mus/fii/chvi/test/entire_pipeline.py --dimensions 5 --size 4 --seed 6
5,4,6,0.21031951904296875,0.00020694732666015625,1.1331565380096436

*****************************************************************************
*                                                                           *
*                    JOB EFFICIENCY REPORT (seff 4662099)                   *
*                                                                           *
*****************************************************************************

Job ID: 4662099
Cluster: finisterrae3
User/Group: csmusfii/csic
State: COMPLETED (exit code 0)
Nodes: 1
Cores per node: 64
CPU Utilized: 00:00:15
CPU Efficiency: 7.81% of 00:03:12 core-walltime
Job Wall-clock time: 00:00:03
Memory Utilized: 924.00 KB
Memory Efficiency: 0.00% of 64.00 GB

 +++++++++++++++++++++++++++++++++++++++++++++++++++++++++++++++++++++++++++
 ++   Memory Efficiency is too small. Please review the requested memory. ++
 ++ It seems that you do not need that much memory so we recommend        ++
 ++ requesting less memory in other similar jobs.                         ++
 +++++++++++++++++++++++++++++++++++++++++++++++++++++++++++++++++++++++++++
 
*****************************************************************************

