slurmstepd: info: Setting TMPDIR to /scratch/4662097. Previous errors about TMPDIR can be discarded
srun python3 /home/csic/mus/fii/chvi/test/entire_pipeline.py --dimensions 5 --size 4 --seed 4
5,4,4,0.1818101406097412,0.0001938343048095703,1.0292506217956543

*****************************************************************************
*                                                                           *
*                    JOB EFFICIENCY REPORT (seff 4662097)                   *
*                                                                           *
*****************************************************************************

Job ID: 4662097
Cluster: finisterrae3
User/Group: csmusfii/csic
State: COMPLETED (exit code 0)
Nodes: 1
Cores per node: 64
CPU Utilized: 00:00:16
CPU Efficiency: 8.33% of 00:03:12 core-walltime
Job Wall-clock time: 00:00:03
Memory Utilized: 3.07 MB
Memory Efficiency: 0.00% of 64.00 GB

 +++++++++++++++++++++++++++++++++++++++++++++++++++++++++++++++++++++++++++
 ++   Memory Efficiency is too small. Please review the requested memory. ++
 ++ It seems that you do not need that much memory so we recommend        ++
 ++ requesting less memory in other similar jobs.                         ++
 +++++++++++++++++++++++++++++++++++++++++++++++++++++++++++++++++++++++++++
 
*****************************************************************************

