slurmstepd: info: Setting TMPDIR to /scratch/4662098. Previous errors about TMPDIR can be discarded
srun python3 /home/csic/mus/fii/chvi/test/entire_pipeline.py --dimensions 5 --size 4 --seed 5
5,4,5,0.22846579551696777,0.0002346038818359375,1.0809366703033447

*****************************************************************************
*                                                                           *
*                    JOB EFFICIENCY REPORT (seff 4662098)                   *
*                                                                           *
*****************************************************************************

Job ID: 4662098
Cluster: finisterrae3
User/Group: csmusfii/csic
State: COMPLETED (exit code 0)
Nodes: 1
Cores per node: 64
CPU Utilized: 00:00:15
CPU Efficiency: 7.81% of 00:03:12 core-walltime
Job Wall-clock time: 00:00:03
Memory Utilized: 1.16 MB
Memory Efficiency: 0.00% of 64.00 GB

 +++++++++++++++++++++++++++++++++++++++++++++++++++++++++++++++++++++++++++
 ++   Memory Efficiency is too small. Please review the requested memory. ++
 ++ It seems that you do not need that much memory so we recommend        ++
 ++ requesting less memory in other similar jobs.                         ++
 +++++++++++++++++++++++++++++++++++++++++++++++++++++++++++++++++++++++++++
 
*****************************************************************************

