slurmstepd: info: Setting TMPDIR to /scratch/4662109. Previous errors about TMPDIR can be discarded
srun python3 /home/csic/mus/fii/chvi/test/entire_pipeline.py --dimensions 5 --size 4 --seed 16
5,4,16,0.14156532287597656,0.00017976760864257812,0.9913935661315918

*****************************************************************************
*                                                                           *
*                    JOB EFFICIENCY REPORT (seff 4662109)                   *
*                                                                           *
*****************************************************************************

Job ID: 4662109
Cluster: finisterrae3
User/Group: csmusfii/csic
State: COMPLETED (exit code 0)
Nodes: 1
Cores per node: 64
CPU Utilized: 00:00:15
CPU Efficiency: 3.91% of 00:06:24 core-walltime
Job Wall-clock time: 00:00:06
Memory Utilized: 528.00 KB
Memory Efficiency: 0.00% of 64.00 GB

 +++++++++++++++++++++++++++++++++++++++++++++++++++++++++++++++++++++++++++
 ++   Memory Efficiency is too small. Please review the requested memory. ++
 ++ It seems that you do not need that much memory so we recommend        ++
 ++ requesting less memory in other similar jobs.                         ++
 +++++++++++++++++++++++++++++++++++++++++++++++++++++++++++++++++++++++++++
 
*****************************************************************************

