slurmstepd: info: Setting TMPDIR to /scratch/4671464. Previous errors about TMPDIR can be discarded
srun python3 /home/csic/mus/fii/chvi/test/entire_pipeline.py --dimensions 5 --size 5 --seed 18
5,5,18,0.2939472198486328,0.00019359588623046875,0.9577579498291016

*****************************************************************************
*                                                                           *
*                    JOB EFFICIENCY REPORT (seff 4671464)                   *
*                                                                           *
*****************************************************************************

Job ID: 4671464
Cluster: finisterrae3
User/Group: csmusfii/csic
State: COMPLETED (exit code 0)
Nodes: 1
Cores per node: 64
CPU Utilized: 00:00:23
CPU Efficiency: 8.98% of 00:04:16 core-walltime
Job Wall-clock time: 00:00:04
Memory Utilized: 792.00 KB
Memory Efficiency: 0.00% of 64.00 GB

 +++++++++++++++++++++++++++++++++++++++++++++++++++++++++++++++++++++++++++
 ++   Memory Efficiency is too small. Please review the requested memory. ++
 ++ It seems that you do not need that much memory so we recommend        ++
 ++ requesting less memory in other similar jobs.                         ++
 +++++++++++++++++++++++++++++++++++++++++++++++++++++++++++++++++++++++++++
 
*****************************************************************************

