slurmstepd: info: Setting TMPDIR to /scratch/4671460. Previous errors about TMPDIR can be discarded
srun python3 /home/csic/mus/fii/chvi/test/entire_pipeline.py --dimensions 5 --size 5 --seed 14
5,5,14,0.2430417537689209,0.0001621246337890625,1.2458972930908203

*****************************************************************************
*                                                                           *
*                    JOB EFFICIENCY REPORT (seff 4671460)                   *
*                                                                           *
*****************************************************************************

Job ID: 4671460
Cluster: finisterrae3
User/Group: csmusfii/csic
State: COMPLETED (exit code 0)
Nodes: 1
Cores per node: 64
CPU Utilized: 00:00:22
CPU Efficiency: 8.59% of 00:04:16 core-walltime
Job Wall-clock time: 00:00:04
Memory Utilized: 1.16 MB
Memory Efficiency: 0.00% of 64.00 GB

 +++++++++++++++++++++++++++++++++++++++++++++++++++++++++++++++++++++++++++
 ++   Memory Efficiency is too small. Please review the requested memory. ++
 ++ It seems that you do not need that much memory so we recommend        ++
 ++ requesting less memory in other similar jobs.                         ++
 +++++++++++++++++++++++++++++++++++++++++++++++++++++++++++++++++++++++++++
 
*****************************************************************************

