slurmstepd: info: Setting TMPDIR to /scratch/4671457. Previous errors about TMPDIR can be discarded
srun python3 /home/csic/mus/fii/chvi/test/entire_pipeline.py --dimensions 5 --size 5 --seed 11
5,5,11,0.2847297191619873,0.0002410411834716797,1.069669485092163

*****************************************************************************
*                                                                           *
*                    JOB EFFICIENCY REPORT (seff 4671457)                   *
*                                                                           *
*****************************************************************************

Job ID: 4671457
Cluster: finisterrae3
User/Group: csmusfii/csic
State: COMPLETED (exit code 0)
Nodes: 1
Cores per node: 64
CPU Utilized: 00:00:23
CPU Efficiency: 11.98% of 00:03:12 core-walltime
Job Wall-clock time: 00:00:03
Memory Utilized: 528.00 KB
Memory Efficiency: 0.00% of 64.00 GB

 +++++++++++++++++++++++++++++++++++++++++++++++++++++++++++++++++++++++++++
 ++   Memory Efficiency is too small. Please review the requested memory. ++
 ++ It seems that you do not need that much memory so we recommend        ++
 ++ requesting less memory in other similar jobs.                         ++
 +++++++++++++++++++++++++++++++++++++++++++++++++++++++++++++++++++++++++++
 
*****************************************************************************

