slurmstepd: info: Setting TMPDIR to /scratch/4671461. Previous errors about TMPDIR can be discarded
srun python3 /home/csic/mus/fii/chvi/test/entire_pipeline.py --dimensions 5 --size 5 --seed 15
5,5,15,0.2513251304626465,0.00020360946655273438,0.9459943771362305

*****************************************************************************
*                                                                           *
*                    JOB EFFICIENCY REPORT (seff 4671461)                   *
*                                                                           *
*****************************************************************************

Job ID: 4671461
Cluster: finisterrae3
User/Group: csmusfii/csic
State: COMPLETED (exit code 0)
Nodes: 1
Cores per node: 64
CPU Utilized: 00:00:22
CPU Efficiency: 11.46% of 00:03:12 core-walltime
Job Wall-clock time: 00:00:03
Memory Utilized: 1.08 MB
Memory Efficiency: 0.00% of 64.00 GB

 +++++++++++++++++++++++++++++++++++++++++++++++++++++++++++++++++++++++++++
 ++   Memory Efficiency is too small. Please review the requested memory. ++
 ++ It seems that you do not need that much memory so we recommend        ++
 ++ requesting less memory in other similar jobs.                         ++
 +++++++++++++++++++++++++++++++++++++++++++++++++++++++++++++++++++++++++++
 
*****************************************************************************

