slurmstepd: info: Setting TMPDIR to /scratch/4671458. Previous errors about TMPDIR can be discarded
srun python3 /home/csic/mus/fii/chvi/test/entire_pipeline.py --dimensions 5 --size 5 --seed 12
5,5,12,0.2994072437286377,0.0001678466796875,0.9443264007568359

*****************************************************************************
*                                                                           *
*                    JOB EFFICIENCY REPORT (seff 4671458)                   *
*                                                                           *
*****************************************************************************

Job ID: 4671458
Cluster: finisterrae3
User/Group: csmusfii/csic
State: COMPLETED (exit code 0)
Nodes: 1
Cores per node: 64
CPU Utilized: 00:00:24
CPU Efficiency: 6.25% of 00:06:24 core-walltime
Job Wall-clock time: 00:00:06
Memory Utilized: 1.03 MB
Memory Efficiency: 0.00% of 64.00 GB

 +++++++++++++++++++++++++++++++++++++++++++++++++++++++++++++++++++++++++++
 ++   Memory Efficiency is too small. Please review the requested memory. ++
 ++ It seems that you do not need that much memory so we recommend        ++
 ++ requesting less memory in other similar jobs.                         ++
 +++++++++++++++++++++++++++++++++++++++++++++++++++++++++++++++++++++++++++
 
*****************************************************************************

