slurmstepd: info: Setting TMPDIR to /scratch/4671465. Previous errors about TMPDIR can be discarded
srun python3 /home/csic/mus/fii/chvi/test/entire_pipeline.py --dimensions 5 --size 5 --seed 19
5,5,19,0.2836034297943115,0.00017380714416503906,0.9797871112823486

*****************************************************************************
*                                                                           *
*                    JOB EFFICIENCY REPORT (seff 4671465)                   *
*                                                                           *
*****************************************************************************

Job ID: 4671465
Cluster: finisterrae3
User/Group: csmusfii/csic
State: COMPLETED (exit code 0)
Nodes: 1
Cores per node: 64
CPU Utilized: 00:00:23
CPU Efficiency: 5.13% of 00:07:28 core-walltime
Job Wall-clock time: 00:00:07
Memory Utilized: 1.03 MB
Memory Efficiency: 0.00% of 64.00 GB

 +++++++++++++++++++++++++++++++++++++++++++++++++++++++++++++++++++++++++++
 ++   Memory Efficiency is too small. Please review the requested memory. ++
 ++ It seems that you do not need that much memory so we recommend        ++
 ++ requesting less memory in other similar jobs.                         ++
 +++++++++++++++++++++++++++++++++++++++++++++++++++++++++++++++++++++++++++
 
*****************************************************************************

