slurmstepd: info: Setting TMPDIR to /scratch/4671459. Previous errors about TMPDIR can be discarded
srun python3 /home/csic/mus/fii/chvi/test/entire_pipeline.py --dimensions 5 --size 5 --seed 13
5,5,13,0.3038327693939209,0.0002014636993408203,0.9533321857452393

*****************************************************************************
*                                                                           *
*                    JOB EFFICIENCY REPORT (seff 4671459)                   *
*                                                                           *
*****************************************************************************

Job ID: 4671459
Cluster: finisterrae3
User/Group: csmusfii/csic
State: COMPLETED (exit code 0)
Nodes: 1
Cores per node: 64
CPU Utilized: 00:00:23
CPU Efficiency: 5.99% of 00:06:24 core-walltime
Job Wall-clock time: 00:00:06
Memory Utilized: 924.00 KB
Memory Efficiency: 0.00% of 64.00 GB

 +++++++++++++++++++++++++++++++++++++++++++++++++++++++++++++++++++++++++++
 ++   Memory Efficiency is too small. Please review the requested memory. ++
 ++ It seems that you do not need that much memory so we recommend        ++
 ++ requesting less memory in other similar jobs.                         ++
 +++++++++++++++++++++++++++++++++++++++++++++++++++++++++++++++++++++++++++
 
*****************************************************************************

