slurmstepd: info: Setting TMPDIR to /scratch/4671470. Previous errors about TMPDIR can be discarded
srun python3 /home/csic/mus/fii/chvi/test/entire_pipeline.py --dimensions 5 --size 6 --seed 4
5,6,4,0.7159557342529297,0.00017833709716796875,1.0833194255828857

*****************************************************************************
*                                                                           *
*                    JOB EFFICIENCY REPORT (seff 4671470)                   *
*                                                                           *
*****************************************************************************

Job ID: 4671470
Cluster: finisterrae3
User/Group: csmusfii/csic
State: COMPLETED (exit code 0)
Nodes: 1
Cores per node: 64
CPU Utilized: 00:00:43
CPU Efficiency: 11.20% of 00:06:24 core-walltime
Job Wall-clock time: 00:00:06
Memory Utilized: 1.27 MB
Memory Efficiency: 0.00% of 64.00 GB

 +++++++++++++++++++++++++++++++++++++++++++++++++++++++++++++++++++++++++++
 ++   Memory Efficiency is too small. Please review the requested memory. ++
 ++ It seems that you do not need that much memory so we recommend        ++
 ++ requesting less memory in other similar jobs.                         ++
 +++++++++++++++++++++++++++++++++++++++++++++++++++++++++++++++++++++++++++
 
*****************************************************************************

