slurmstepd: info: Setting TMPDIR to /scratch/4671468. Previous errors about TMPDIR can be discarded
srun python3 /home/csic/mus/fii/chvi/test/entire_pipeline.py --dimensions 5 --size 6 --seed 2
5,6,2,0.7501473426818848,0.0002598762512207031,1.1445391178131104

*****************************************************************************
*                                                                           *
*                    JOB EFFICIENCY REPORT (seff 4671468)                   *
*                                                                           *
*****************************************************************************

Job ID: 4671468
Cluster: finisterrae3
User/Group: csmusfii/csic
State: COMPLETED (exit code 0)
Nodes: 1
Cores per node: 64
CPU Utilized: 00:00:43
CPU Efficiency: 16.80% of 00:04:16 core-walltime
Job Wall-clock time: 00:00:04
Memory Utilized: 924.00 KB
Memory Efficiency: 0.00% of 64.00 GB

 +++++++++++++++++++++++++++++++++++++++++++++++++++++++++++++++++++++++++++
 ++   Memory Efficiency is too small. Please review the requested memory. ++
 ++ It seems that you do not need that much memory so we recommend        ++
 ++ requesting less memory in other similar jobs.                         ++
 +++++++++++++++++++++++++++++++++++++++++++++++++++++++++++++++++++++++++++
 
*****************************************************************************

