slurmstepd: info: Setting TMPDIR to /scratch/4671484. Previous errors about TMPDIR can be discarded
srun python3 /home/csic/mus/fii/chvi/test/entire_pipeline.py --dimensions 5 --size 6 --seed 18
5,6,18,0.656897783279419,0.0001995563507080078,0.9603972434997559

*****************************************************************************
*                                                                           *
*                    JOB EFFICIENCY REPORT (seff 4671484)                   *
*                                                                           *
*****************************************************************************

Job ID: 4671484
Cluster: finisterrae3
User/Group: csmusfii/csic
State: COMPLETED (exit code 0)
Nodes: 1
Cores per node: 64
CPU Utilized: 00:00:41
CPU Efficiency: 16.02% of 00:04:16 core-walltime
Job Wall-clock time: 00:00:04
Memory Utilized: 1.16 MB
Memory Efficiency: 0.00% of 64.00 GB

 +++++++++++++++++++++++++++++++++++++++++++++++++++++++++++++++++++++++++++
 ++   Memory Efficiency is too small. Please review the requested memory. ++
 ++ It seems that you do not need that much memory so we recommend        ++
 ++ requesting less memory in other similar jobs.                         ++
 +++++++++++++++++++++++++++++++++++++++++++++++++++++++++++++++++++++++++++
 
*****************************************************************************

