slurmstepd: info: Setting TMPDIR to /scratch/4671475. Previous errors about TMPDIR can be discarded
srun python3 /home/csic/mus/fii/chvi/test/entire_pipeline.py --dimensions 5 --size 6 --seed 9
5,6,9,0.8035731315612793,0.00020003318786621094,1.2617099285125732

*****************************************************************************
*                                                                           *
*                    JOB EFFICIENCY REPORT (seff 4671475)                   *
*                                                                           *
*****************************************************************************

Job ID: 4671475
Cluster: finisterrae3
User/Group: csmusfii/csic
State: COMPLETED (exit code 0)
Nodes: 1
Cores per node: 64
CPU Utilized: 00:00:43
CPU Efficiency: 11.20% of 00:06:24 core-walltime
Job Wall-clock time: 00:00:06
Memory Utilized: 660.00 KB
Memory Efficiency: 0.00% of 64.00 GB

 +++++++++++++++++++++++++++++++++++++++++++++++++++++++++++++++++++++++++++
 ++   Memory Efficiency is too small. Please review the requested memory. ++
 ++ It seems that you do not need that much memory so we recommend        ++
 ++ requesting less memory in other similar jobs.                         ++
 +++++++++++++++++++++++++++++++++++++++++++++++++++++++++++++++++++++++++++
 
*****************************************************************************

