slurmstepd: info: Setting TMPDIR to /scratch/4671482. Previous errors about TMPDIR can be discarded
srun python3 /home/csic/mus/fii/chvi/test/entire_pipeline.py --dimensions 5 --size 6 --seed 16
5,6,16,0.6459712982177734,0.00023627281188964844,0.9900052547454834

*****************************************************************************
*                                                                           *
*                    JOB EFFICIENCY REPORT (seff 4671482)                   *
*                                                                           *
*****************************************************************************

Job ID: 4671482
Cluster: finisterrae3
User/Group: csmusfii/csic
State: COMPLETED (exit code 0)
Nodes: 1
Cores per node: 64
CPU Utilized: 00:00:43
CPU Efficiency: 9.60% of 00:07:28 core-walltime
Job Wall-clock time: 00:00:07
Memory Utilized: 660.00 KB
Memory Efficiency: 0.00% of 64.00 GB

 +++++++++++++++++++++++++++++++++++++++++++++++++++++++++++++++++++++++++++
 ++   Memory Efficiency is too small. Please review the requested memory. ++
 ++ It seems that you do not need that much memory so we recommend        ++
 ++ requesting less memory in other similar jobs.                         ++
 +++++++++++++++++++++++++++++++++++++++++++++++++++++++++++++++++++++++++++
 
*****************************************************************************

