slurmstepd: info: Setting TMPDIR to /scratch/4671467. Previous errors about TMPDIR can be discarded
srun python3 /home/csic/mus/fii/chvi/test/entire_pipeline.py --dimensions 5 --size 6 --seed 1
5,6,1,0.6468892097473145,0.0002009868621826172,0.9376823902130127

*****************************************************************************
*                                                                           *
*                    JOB EFFICIENCY REPORT (seff 4671467)                   *
*                                                                           *
*****************************************************************************

Job ID: 4671467
Cluster: finisterrae3
User/Group: csmusfii/csic
State: COMPLETED (exit code 0)
Nodes: 1
Cores per node: 64
CPU Utilized: 00:00:42
CPU Efficiency: 10.94% of 00:06:24 core-walltime
Job Wall-clock time: 00:00:06
Memory Utilized: 528.00 KB
Memory Efficiency: 0.00% of 64.00 GB

 +++++++++++++++++++++++++++++++++++++++++++++++++++++++++++++++++++++++++++
 ++   Memory Efficiency is too small. Please review the requested memory. ++
 ++ It seems that you do not need that much memory so we recommend        ++
 ++ requesting less memory in other similar jobs.                         ++
 +++++++++++++++++++++++++++++++++++++++++++++++++++++++++++++++++++++++++++
 
*****************************************************************************

