slurmstepd: info: Setting TMPDIR to /scratch/4671473. Previous errors about TMPDIR can be discarded
srun python3 /home/csic/mus/fii/chvi/test/entire_pipeline.py --dimensions 5 --size 6 --seed 7
5,6,7,0.7015314102172852,0.00017404556274414062,1.142282247543335

*****************************************************************************
*                                                                           *
*                    JOB EFFICIENCY REPORT (seff 4671473)                   *
*                                                                           *
*****************************************************************************

Job ID: 4671473
Cluster: finisterrae3
User/Group: csmusfii/csic
State: COMPLETED (exit code 0)
Nodes: 1
Cores per node: 64
CPU Utilized: 00:00:43
CPU Efficiency: 9.60% of 00:07:28 core-walltime
Job Wall-clock time: 00:00:07
Memory Utilized: 528.00 KB
Memory Efficiency: 0.00% of 64.00 GB

 +++++++++++++++++++++++++++++++++++++++++++++++++++++++++++++++++++++++++++
 ++   Memory Efficiency is too small. Please review the requested memory. ++
 ++ It seems that you do not need that much memory so we recommend        ++
 ++ requesting less memory in other similar jobs.                         ++
 +++++++++++++++++++++++++++++++++++++++++++++++++++++++++++++++++++++++++++
 
*****************************************************************************

