slurmstepd: info: Setting TMPDIR to /scratch/4671486. Previous errors about TMPDIR can be discarded
srun python3 /home/csic/mus/fii/chvi/test/entire_pipeline.py --dimensions 5 --size 6 --seed 20
5,6,20,0.6866192817687988,0.0002543926239013672,0.9881303310394287

*****************************************************************************
*                                                                           *
*                    JOB EFFICIENCY REPORT (seff 4671486)                   *
*                                                                           *
*****************************************************************************

Job ID: 4671486
Cluster: finisterrae3
User/Group: csmusfii/csic
State: COMPLETED (exit code 0)
Nodes: 1
Cores per node: 64
CPU Utilized: 00:00:43
CPU Efficiency: 11.20% of 00:06:24 core-walltime
Job Wall-clock time: 00:00:06
Memory Utilized: 660.00 KB
Memory Efficiency: 0.00% of 64.00 GB

 +++++++++++++++++++++++++++++++++++++++++++++++++++++++++++++++++++++++++++
 ++   Memory Efficiency is too small. Please review the requested memory. ++
 ++ It seems that you do not need that much memory so we recommend        ++
 ++ requesting less memory in other similar jobs.                         ++
 +++++++++++++++++++++++++++++++++++++++++++++++++++++++++++++++++++++++++++
 
*****************************************************************************

