slurmstepd: info: Setting TMPDIR to /scratch/4671481. Previous errors about TMPDIR can be discarded
srun python3 /home/csic/mus/fii/chvi/test/entire_pipeline.py --dimensions 5 --size 6 --seed 15
5,6,15,0.7180249691009521,0.0002624988555908203,1.2258415222167969

*****************************************************************************
*                                                                           *
*                    JOB EFFICIENCY REPORT (seff 4671481)                   *
*                                                                           *
*****************************************************************************

Job ID: 4671481
Cluster: finisterrae3
User/Group: csmusfii/csic
State: COMPLETED (exit code 0)
Nodes: 1
Cores per node: 64
CPU Utilized: 00:00:43
CPU Efficiency: 9.60% of 00:07:28 core-walltime
Job Wall-clock time: 00:00:07
Memory Utilized: 924.00 KB
Memory Efficiency: 0.00% of 64.00 GB

 +++++++++++++++++++++++++++++++++++++++++++++++++++++++++++++++++++++++++++
 ++   Memory Efficiency is too small. Please review the requested memory. ++
 ++ It seems that you do not need that much memory so we recommend        ++
 ++ requesting less memory in other similar jobs.                         ++
 +++++++++++++++++++++++++++++++++++++++++++++++++++++++++++++++++++++++++++
 
*****************************************************************************

