slurmstepd: info: Setting TMPDIR to /scratch/4671469. Previous errors about TMPDIR can be discarded
srun python3 /home/csic/mus/fii/chvi/test/entire_pipeline.py --dimensions 5 --size 6 --seed 3
5,6,3,0.6408793926239014,0.00016498565673828125,0.9740056991577148

*****************************************************************************
*                                                                           *
*                    JOB EFFICIENCY REPORT (seff 4671469)                   *
*                                                                           *
*****************************************************************************

Job ID: 4671469
Cluster: finisterrae3
User/Group: csmusfii/csic
State: COMPLETED (exit code 0)
Nodes: 1
Cores per node: 64
CPU Utilized: 00:00:42
CPU Efficiency: 9.38% of 00:07:28 core-walltime
Job Wall-clock time: 00:00:07
Memory Utilized: 2.32 MB
Memory Efficiency: 0.00% of 64.00 GB

 +++++++++++++++++++++++++++++++++++++++++++++++++++++++++++++++++++++++++++
 ++   Memory Efficiency is too small. Please review the requested memory. ++
 ++ It seems that you do not need that much memory so we recommend        ++
 ++ requesting less memory in other similar jobs.                         ++
 +++++++++++++++++++++++++++++++++++++++++++++++++++++++++++++++++++++++++++
 
*****************************************************************************

