slurmstepd: info: Setting TMPDIR to /scratch/4671474. Previous errors about TMPDIR can be discarded
srun python3 /home/csic/mus/fii/chvi/test/entire_pipeline.py --dimensions 5 --size 6 --seed 8
5,6,8,0.775836706161499,0.00026297569274902344,1.2749009132385254

*****************************************************************************
*                                                                           *
*                    JOB EFFICIENCY REPORT (seff 4671474)                   *
*                                                                           *
*****************************************************************************

Job ID: 4671474
Cluster: finisterrae3
User/Group: csmusfii/csic
State: COMPLETED (exit code 0)
Nodes: 1
Cores per node: 64
CPU Utilized: 00:00:43
CPU Efficiency: 16.80% of 00:04:16 core-walltime
Job Wall-clock time: 00:00:04
Memory Utilized: 2.01 MB
Memory Efficiency: 0.00% of 64.00 GB

 +++++++++++++++++++++++++++++++++++++++++++++++++++++++++++++++++++++++++++
 ++   Memory Efficiency is too small. Please review the requested memory. ++
 ++ It seems that you do not need that much memory so we recommend        ++
 ++ requesting less memory in other similar jobs.                         ++
 +++++++++++++++++++++++++++++++++++++++++++++++++++++++++++++++++++++++++++
 
*****************************************************************************

