slurmstepd: info: Setting TMPDIR to /scratch/4671491. Previous errors about TMPDIR can be discarded
srun python3 /home/csic/mus/fii/chvi/test/entire_pipeline.py --dimensions 5 --size 7 --seed 5
5,7,5,1.6443750858306885,0.0002715587615966797,1.027766227722168

*****************************************************************************
*                                                                           *
*                    JOB EFFICIENCY REPORT (seff 4671491)                   *
*                                                                           *
*****************************************************************************

Job ID: 4671491
Cluster: finisterrae3
User/Group: csmusfii/csic
State: COMPLETED (exit code 0)
Nodes: 1
Cores per node: 64
CPU Utilized: 00:01:34
CPU Efficiency: 18.36% of 00:08:32 core-walltime
Job Wall-clock time: 00:00:08
Memory Utilized: 1.03 MB
Memory Efficiency: 0.00% of 64.00 GB

 +++++++++++++++++++++++++++++++++++++++++++++++++++++++++++++++++++++++++++
 ++   Memory Efficiency is too small. Please review the requested memory. ++
 ++ It seems that you do not need that much memory so we recommend        ++
 ++ requesting less memory in other similar jobs.                         ++
 +++++++++++++++++++++++++++++++++++++++++++++++++++++++++++++++++++++++++++
 
*****************************************************************************

