slurmstepd: info: Setting TMPDIR to /scratch/4671494. Previous errors about TMPDIR can be discarded
srun python3 /home/csic/mus/fii/chvi/test/entire_pipeline.py --dimensions 5 --size 7 --seed 8
5,7,8,1.7201380729675293,0.00023412704467773438,1.0231056213378906

*****************************************************************************
*                                                                           *
*                    JOB EFFICIENCY REPORT (seff 4671494)                   *
*                                                                           *
*****************************************************************************

Job ID: 4671494
Cluster: finisterrae3
User/Group: csmusfii/csic
State: COMPLETED (exit code 0)
Nodes: 1
Cores per node: 64
CPU Utilized: 00:01:34
CPU Efficiency: 16.32% of 00:09:36 core-walltime
Job Wall-clock time: 00:00:09
Memory Utilized: 396.00 KB
Memory Efficiency: 0.00% of 64.00 GB

 +++++++++++++++++++++++++++++++++++++++++++++++++++++++++++++++++++++++++++
 ++   Memory Efficiency is too small. Please review the requested memory. ++
 ++ It seems that you do not need that much memory so we recommend        ++
 ++ requesting less memory in other similar jobs.                         ++
 +++++++++++++++++++++++++++++++++++++++++++++++++++++++++++++++++++++++++++
 
*****************************************************************************

