slurmstepd: info: Setting TMPDIR to /scratch/4671502. Previous errors about TMPDIR can be discarded
srun python3 /home/csic/mus/fii/chvi/test/entire_pipeline.py --dimensions 5 --size 7 --seed 16
5,7,16,1.7693636417388916,0.0001976490020751953,0.975905179977417

*****************************************************************************
*                                                                           *
*                    JOB EFFICIENCY REPORT (seff 4671502)                   *
*                                                                           *
*****************************************************************************

Job ID: 4671502
Cluster: finisterrae3
User/Group: csmusfii/csic
State: COMPLETED (exit code 0)
Nodes: 1
Cores per node: 64
CPU Utilized: 00:01:34
CPU Efficiency: 29.38% of 00:05:20 core-walltime
Job Wall-clock time: 00:00:05
Memory Utilized: 660.00 KB
Memory Efficiency: 0.00% of 64.00 GB

 +++++++++++++++++++++++++++++++++++++++++++++++++++++++++++++++++++++++++++
 ++   Memory Efficiency is too small. Please review the requested memory. ++
 ++ It seems that you do not need that much memory so we recommend        ++
 ++ requesting less memory in other similar jobs.                         ++
 +++++++++++++++++++++++++++++++++++++++++++++++++++++++++++++++++++++++++++
 
*****************************************************************************

