slurmstepd: info: Setting TMPDIR to /scratch/4671506. Previous errors about TMPDIR can be discarded
srun python3 /home/csic/mus/fii/chvi/test/entire_pipeline.py --dimensions 5 --size 7 --seed 20
5,7,20,1.8440868854522705,0.00024580955505371094,0.9912092685699463

*****************************************************************************
*                                                                           *
*                    JOB EFFICIENCY REPORT (seff 4671506)                   *
*                                                                           *
*****************************************************************************

Job ID: 4671506
Cluster: finisterrae3
User/Group: csmusfii/csic
State: COMPLETED (exit code 0)
Nodes: 1
Cores per node: 64
CPU Utilized: 00:01:35
CPU Efficiency: 18.55% of 00:08:32 core-walltime
Job Wall-clock time: 00:00:08
Memory Utilized: 792.00 KB
Memory Efficiency: 0.00% of 64.00 GB

 +++++++++++++++++++++++++++++++++++++++++++++++++++++++++++++++++++++++++++
 ++   Memory Efficiency is too small. Please review the requested memory. ++
 ++ It seems that you do not need that much memory so we recommend        ++
 ++ requesting less memory in other similar jobs.                         ++
 +++++++++++++++++++++++++++++++++++++++++++++++++++++++++++++++++++++++++++
 
*****************************************************************************

