slurmstepd: info: Setting TMPDIR to /scratch/4671488. Previous errors about TMPDIR can be discarded
srun python3 /home/csic/mus/fii/chvi/test/entire_pipeline.py --dimensions 5 --size 7 --seed 2
5,7,2,1.696620225906372,0.00021219253540039062,0.9789655208587646

*****************************************************************************
*                                                                           *
*                    JOB EFFICIENCY REPORT (seff 4671488)                   *
*                                                                           *
*****************************************************************************

Job ID: 4671488
Cluster: finisterrae3
User/Group: csmusfii/csic
State: COMPLETED (exit code 0)
Nodes: 1
Cores per node: 64
CPU Utilized: 00:01:35
CPU Efficiency: 16.49% of 00:09:36 core-walltime
Job Wall-clock time: 00:00:09
Memory Utilized: 924.00 KB
Memory Efficiency: 0.00% of 64.00 GB

 +++++++++++++++++++++++++++++++++++++++++++++++++++++++++++++++++++++++++++
 ++   Memory Efficiency is too small. Please review the requested memory. ++
 ++ It seems that you do not need that much memory so we recommend        ++
 ++ requesting less memory in other similar jobs.                         ++
 +++++++++++++++++++++++++++++++++++++++++++++++++++++++++++++++++++++++++++
 
*****************************************************************************

