slurmstepd: info: Setting TMPDIR to /scratch/4671503. Previous errors about TMPDIR can be discarded
srun python3 /home/csic/mus/fii/chvi/test/entire_pipeline.py --dimensions 5 --size 7 --seed 17
5,7,17,1.713038444519043,0.00017189979553222656,0.9839956760406494

*****************************************************************************
*                                                                           *
*                    JOB EFFICIENCY REPORT (seff 4671503)                   *
*                                                                           *
*****************************************************************************

Job ID: 4671503
Cluster: finisterrae3
User/Group: csmusfii/csic
State: COMPLETED (exit code 0)
Nodes: 1
Cores per node: 64
CPU Utilized: 00:01:35
CPU Efficiency: 16.49% of 00:09:36 core-walltime
Job Wall-clock time: 00:00:09
Memory Utilized: 792.00 KB
Memory Efficiency: 0.00% of 64.00 GB

 +++++++++++++++++++++++++++++++++++++++++++++++++++++++++++++++++++++++++++
 ++   Memory Efficiency is too small. Please review the requested memory. ++
 ++ It seems that you do not need that much memory so we recommend        ++
 ++ requesting less memory in other similar jobs.                         ++
 +++++++++++++++++++++++++++++++++++++++++++++++++++++++++++++++++++++++++++
 
*****************************************************************************

