slurmstepd: info: Setting TMPDIR to /scratch/4671492. Previous errors about TMPDIR can be discarded
srun python3 /home/csic/mus/fii/chvi/test/entire_pipeline.py --dimensions 5 --size 7 --seed 6
5,7,6,1.7271060943603516,0.00020694732666015625,1.0785553455352783

*****************************************************************************
*                                                                           *
*                    JOB EFFICIENCY REPORT (seff 4671492)                   *
*                                                                           *
*****************************************************************************

Job ID: 4671492
Cluster: finisterrae3
User/Group: csmusfii/csic
State: COMPLETED (exit code 0)
Nodes: 1
Cores per node: 64
CPU Utilized: 00:01:34
CPU Efficiency: 24.48% of 00:06:24 core-walltime
Job Wall-clock time: 00:00:06
Memory Utilized: 528.00 KB
Memory Efficiency: 0.00% of 64.00 GB

 +++++++++++++++++++++++++++++++++++++++++++++++++++++++++++++++++++++++++++
 ++   Memory Efficiency is too small. Please review the requested memory. ++
 ++ It seems that you do not need that much memory so we recommend        ++
 ++ requesting less memory in other similar jobs.                         ++
 +++++++++++++++++++++++++++++++++++++++++++++++++++++++++++++++++++++++++++
 
*****************************************************************************

