slurmstepd: info: Setting TMPDIR to /scratch/4673519. Previous errors about TMPDIR can be discarded
srun python3 /home/csic/mus/fii/chvi/test/entire_pipeline.py --dimensions 5 --size 8 --seed 16
5,8,16,4.200614929199219,0.00021386146545410156,1.0111150741577148

*****************************************************************************
*                                                                           *
*                    JOB EFFICIENCY REPORT (seff 4673519)                   *
*                                                                           *
*****************************************************************************

Job ID: 4673519
Cluster: finisterrae3
User/Group: csmusfii/csic
State: COMPLETED (exit code 0)
Nodes: 1
Cores per node: 64
CPU Utilized: 00:03:36
CPU Efficiency: 37.50% of 00:09:36 core-walltime
Job Wall-clock time: 00:00:09
Memory Utilized: 1.05 MB
Memory Efficiency: 0.00% of 64.00 GB

 +++++++++++++++++++++++++++++++++++++++++++++++++++++++++++++++++++++++++++
 ++   Memory Efficiency is too small. Please review the requested memory. ++
 ++ It seems that you do not need that much memory so we recommend        ++
 ++ requesting less memory in other similar jobs.                         ++
 +++++++++++++++++++++++++++++++++++++++++++++++++++++++++++++++++++++++++++
 
*****************************************************************************

