slurmstepd: info: Setting TMPDIR to /scratch/4673521. Previous errors about TMPDIR can be discarded
srun python3 /home/csic/mus/fii/chvi/test/entire_pipeline.py --dimensions 5 --size 8 --seed 18
5,8,18,4.301795959472656,0.0002052783966064453,1.020348310470581

*****************************************************************************
*                                                                           *
*                    JOB EFFICIENCY REPORT (seff 4673521)                   *
*                                                                           *
*****************************************************************************

Job ID: 4673521
Cluster: finisterrae3
User/Group: csmusfii/csic
State: COMPLETED (exit code 0)
Nodes: 1
Cores per node: 64
CPU Utilized: 00:03:35
CPU Efficiency: 37.33% of 00:09:36 core-walltime
Job Wall-clock time: 00:00:09
Memory Utilized: 1.29 MB
Memory Efficiency: 0.00% of 64.00 GB

 +++++++++++++++++++++++++++++++++++++++++++++++++++++++++++++++++++++++++++
 ++   Memory Efficiency is too small. Please review the requested memory. ++
 ++ It seems that you do not need that much memory so we recommend        ++
 ++ requesting less memory in other similar jobs.                         ++
 +++++++++++++++++++++++++++++++++++++++++++++++++++++++++++++++++++++++++++
 
*****************************************************************************

