slurmstepd: info: Setting TMPDIR to /scratch/4673514. Previous errors about TMPDIR can be discarded
srun python3 /home/csic/mus/fii/chvi/test/entire_pipeline.py --dimensions 5 --size 8 --seed 11
5,8,11,4.294942855834961,0.0002181529998779297,1.0196506977081299

*****************************************************************************
*                                                                           *
*                    JOB EFFICIENCY REPORT (seff 4673514)                   *
*                                                                           *
*****************************************************************************

Job ID: 4673514
Cluster: finisterrae3
User/Group: csmusfii/csic
State: COMPLETED (exit code 0)
Nodes: 1
Cores per node: 64
CPU Utilized: 00:03:30
CPU Efficiency: 27.34% of 00:12:48 core-walltime
Job Wall-clock time: 00:00:12
Memory Utilized: 1.68 MB
Memory Efficiency: 0.00% of 64.00 GB

 +++++++++++++++++++++++++++++++++++++++++++++++++++++++++++++++++++++++++++
 ++   Memory Efficiency is too small. Please review the requested memory. ++
 ++ It seems that you do not need that much memory so we recommend        ++
 ++ requesting less memory in other similar jobs.                         ++
 +++++++++++++++++++++++++++++++++++++++++++++++++++++++++++++++++++++++++++
 
*****************************************************************************

