slurmstepd: info: Setting TMPDIR to /scratch/4673522. Previous errors about TMPDIR can be discarded
srun python3 /home/csic/mus/fii/chvi/test/entire_pipeline.py --dimensions 5 --size 8 --seed 19
5,8,19,4.15086817741394,0.00024247169494628906,1.2996690273284912

*****************************************************************************
*                                                                           *
*                    JOB EFFICIENCY REPORT (seff 4673522)                   *
*                                                                           *
*****************************************************************************

Job ID: 4673522
Cluster: finisterrae3
User/Group: csmusfii/csic
State: COMPLETED (exit code 0)
Nodes: 1
Cores per node: 64
CPU Utilized: 00:03:30
CPU Efficiency: 32.81% of 00:10:40 core-walltime
Job Wall-clock time: 00:00:10
Memory Utilized: 1.03 MB
Memory Efficiency: 0.00% of 64.00 GB

 +++++++++++++++++++++++++++++++++++++++++++++++++++++++++++++++++++++++++++
 ++   Memory Efficiency is too small. Please review the requested memory. ++
 ++ It seems that you do not need that much memory so we recommend        ++
 ++ requesting less memory in other similar jobs.                         ++
 +++++++++++++++++++++++++++++++++++++++++++++++++++++++++++++++++++++++++++
 
*****************************************************************************

