slurmstepd: info: Setting TMPDIR to /scratch/4673504. Previous errors about TMPDIR can be discarded
srun python3 /home/csic/mus/fii/chvi/test/entire_pipeline.py --dimensions 5 --size 8 --seed 1
5,8,1,4.0035176277160645,0.00022935867309570312,1.1491830348968506

*****************************************************************************
*                                                                           *
*                    JOB EFFICIENCY REPORT (seff 4673504)                   *
*                                                                           *
*****************************************************************************

Job ID: 4673504
Cluster: finisterrae3
User/Group: csmusfii/csic
State: COMPLETED (exit code 0)
Nodes: 1
Cores per node: 64
CPU Utilized: 00:03:30
CPU Efficiency: 32.81% of 00:10:40 core-walltime
Job Wall-clock time: 00:00:10
Memory Utilized: 1.46 MB
Memory Efficiency: 0.00% of 64.00 GB

 +++++++++++++++++++++++++++++++++++++++++++++++++++++++++++++++++++++++++++
 ++   Memory Efficiency is too small. Please review the requested memory. ++
 ++ It seems that you do not need that much memory so we recommend        ++
 ++ requesting less memory in other similar jobs.                         ++
 +++++++++++++++++++++++++++++++++++++++++++++++++++++++++++++++++++++++++++
 
*****************************************************************************

