slurmstepd: info: Setting TMPDIR to /scratch/4673523. Previous errors about TMPDIR can be discarded
srun python3 /home/csic/mus/fii/chvi/test/entire_pipeline.py --dimensions 5 --size 8 --seed 20
5,8,20,4.364819765090942,0.00019860267639160156,0.9960238933563232

*****************************************************************************
*                                                                           *
*                    JOB EFFICIENCY REPORT (seff 4673523)                   *
*                                                                           *
*****************************************************************************

Job ID: 4673523
Cluster: finisterrae3
User/Group: csmusfii/csic
State: COMPLETED (exit code 0)
Nodes: 1
Cores per node: 64
CPU Utilized: 00:03:32
CPU Efficiency: 33.12% of 00:10:40 core-walltime
Job Wall-clock time: 00:00:10
Memory Utilized: 660.00 KB
Memory Efficiency: 0.00% of 64.00 GB

 +++++++++++++++++++++++++++++++++++++++++++++++++++++++++++++++++++++++++++
 ++   Memory Efficiency is too small. Please review the requested memory. ++
 ++ It seems that you do not need that much memory so we recommend        ++
 ++ requesting less memory in other similar jobs.                         ++
 +++++++++++++++++++++++++++++++++++++++++++++++++++++++++++++++++++++++++++
 
*****************************************************************************

