slurmstepd: info: Setting TMPDIR to /scratch/4673512. Previous errors about TMPDIR can be discarded
srun python3 /home/csic/mus/fii/chvi/test/entire_pipeline.py --dimensions 5 --size 8 --seed 9
5,8,9,4.221786260604858,0.00022721290588378906,1.0336918830871582

*****************************************************************************
*                                                                           *
*                    JOB EFFICIENCY REPORT (seff 4673512)                   *
*                                                                           *
*****************************************************************************

Job ID: 4673512
Cluster: finisterrae3
User/Group: csmusfii/csic
State: COMPLETED (exit code 0)
Nodes: 1
Cores per node: 64
CPU Utilized: 00:03:31
CPU Efficiency: 36.63% of 00:09:36 core-walltime
Job Wall-clock time: 00:00:09
Memory Utilized: 528.00 KB
Memory Efficiency: 0.00% of 64.00 GB

 +++++++++++++++++++++++++++++++++++++++++++++++++++++++++++++++++++++++++++
 ++   Memory Efficiency is too small. Please review the requested memory. ++
 ++ It seems that you do not need that much memory so we recommend        ++
 ++ requesting less memory in other similar jobs.                         ++
 +++++++++++++++++++++++++++++++++++++++++++++++++++++++++++++++++++++++++++
 
*****************************************************************************

