slurmstepd: info: Setting TMPDIR to /scratch/4673517. Previous errors about TMPDIR can be discarded
srun python3 /home/csic/mus/fii/chvi/test/entire_pipeline.py --dimensions 5 --size 8 --seed 14
5,8,14,4.143504619598389,0.0002288818359375,0.9782400131225586

*****************************************************************************
*                                                                           *
*                    JOB EFFICIENCY REPORT (seff 4673517)                   *
*                                                                           *
*****************************************************************************

Job ID: 4673517
Cluster: finisterrae3
User/Group: csmusfii/csic
State: COMPLETED (exit code 0)
Nodes: 1
Cores per node: 64
CPU Utilized: 00:03:30
CPU Efficiency: 36.46% of 00:09:36 core-walltime
Job Wall-clock time: 00:00:09
Memory Utilized: 528.00 KB
Memory Efficiency: 0.00% of 64.00 GB

 +++++++++++++++++++++++++++++++++++++++++++++++++++++++++++++++++++++++++++
 ++   Memory Efficiency is too small. Please review the requested memory. ++
 ++ It seems that you do not need that much memory so we recommend        ++
 ++ requesting less memory in other similar jobs.                         ++
 +++++++++++++++++++++++++++++++++++++++++++++++++++++++++++++++++++++++++++
 
*****************************************************************************

