slurmstepd: info: Setting TMPDIR to /scratch/4673505. Previous errors about TMPDIR can be discarded
srun python3 /home/csic/mus/fii/chvi/test/entire_pipeline.py --dimensions 5 --size 8 --seed 2
5,8,2,4.201382398605347,0.00024175643920898438,1.0390844345092773

*****************************************************************************
*                                                                           *
*                    JOB EFFICIENCY REPORT (seff 4673505)                   *
*                                                                           *
*****************************************************************************

Job ID: 4673505
Cluster: finisterrae3
User/Group: csmusfii/csic
State: COMPLETED (exit code 0)
Nodes: 1
Cores per node: 64
CPU Utilized: 00:03:28
CPU Efficiency: 32.50% of 00:10:40 core-walltime
Job Wall-clock time: 00:00:10
Memory Utilized: 528.00 KB
Memory Efficiency: 0.00% of 64.00 GB

 +++++++++++++++++++++++++++++++++++++++++++++++++++++++++++++++++++++++++++
 ++   Memory Efficiency is too small. Please review the requested memory. ++
 ++ It seems that you do not need that much memory so we recommend        ++
 ++ requesting less memory in other similar jobs.                         ++
 +++++++++++++++++++++++++++++++++++++++++++++++++++++++++++++++++++++++++++
 
*****************************************************************************

