slurmstepd: info: Setting TMPDIR to /scratch/4673513. Previous errors about TMPDIR can be discarded
srun python3 /home/csic/mus/fii/chvi/test/entire_pipeline.py --dimensions 5 --size 8 --seed 10
5,8,10,4.347343444824219,0.0002052783966064453,0.9962997436523438

*****************************************************************************
*                                                                           *
*                    JOB EFFICIENCY REPORT (seff 4673513)                   *
*                                                                           *
*****************************************************************************

Job ID: 4673513
Cluster: finisterrae3
User/Group: csmusfii/csic
State: COMPLETED (exit code 0)
Nodes: 1
Cores per node: 64
CPU Utilized: 00:03:35
CPU Efficiency: 27.99% of 00:12:48 core-walltime
Job Wall-clock time: 00:00:12
Memory Utilized: 528.00 KB
Memory Efficiency: 0.00% of 64.00 GB

 +++++++++++++++++++++++++++++++++++++++++++++++++++++++++++++++++++++++++++
 ++   Memory Efficiency is too small. Please review the requested memory. ++
 ++ It seems that you do not need that much memory so we recommend        ++
 ++ requesting less memory in other similar jobs.                         ++
 +++++++++++++++++++++++++++++++++++++++++++++++++++++++++++++++++++++++++++
 
*****************************************************************************

