slurmstepd: info: Setting TMPDIR to /scratch/4673538. Previous errors about TMPDIR can be discarded
srun python3 /home/csic/mus/fii/chvi/test/entire_pipeline.py --dimensions 5 --size 9 --seed 15
5,9,15,9.771983861923218,0.0002186298370361328,1.1311476230621338

*****************************************************************************
*                                                                           *
*                    JOB EFFICIENCY REPORT (seff 4673538)                   *
*                                                                           *
*****************************************************************************

Job ID: 4673538
Cluster: finisterrae3
User/Group: csmusfii/csic
State: COMPLETED (exit code 0)
Nodes: 1
Cores per node: 64
CPU Utilized: 00:07:28
CPU Efficiency: 46.67% of 00:16:00 core-walltime
Job Wall-clock time: 00:00:15
Memory Utilized: 792.00 KB
Memory Efficiency: 0.00% of 64.00 GB

 +++++++++++++++++++++++++++++++++++++++++++++++++++++++++++++++++++++++++++
 ++   Memory Efficiency is too small. Please review the requested memory. ++
 ++ It seems that you do not need that much memory so we recommend        ++
 ++ requesting less memory in other similar jobs.                         ++
 +++++++++++++++++++++++++++++++++++++++++++++++++++++++++++++++++++++++++++
 
*****************************************************************************

