slurmstepd: info: Setting TMPDIR to /scratch/4673535. Previous errors about TMPDIR can be discarded
srun python3 /home/csic/mus/fii/chvi/test/entire_pipeline.py --dimensions 5 --size 9 --seed 12
5,9,12,8.928127527236938,0.00020051002502441406,1.0289194583892822

*****************************************************************************
*                                                                           *
*                    JOB EFFICIENCY REPORT (seff 4673535)                   *
*                                                                           *
*****************************************************************************

Job ID: 4673535
Cluster: finisterrae3
User/Group: csmusfii/csic
State: COMPLETED (exit code 0)
Nodes: 1
Cores per node: 64
CPU Utilized: 00:07:38
CPU Efficiency: 59.64% of 00:12:48 core-walltime
Job Wall-clock time: 00:00:12
Memory Utilized: 396.00 KB
Memory Efficiency: 0.00% of 64.00 GB

 +++++++++++++++++++++++++++++++++++++++++++++++++++++++++++++++++++++++++++
 ++   Memory Efficiency is too small. Please review the requested memory. ++
 ++ It seems that you do not need that much memory so we recommend        ++
 ++ requesting less memory in other similar jobs.                         ++
 +++++++++++++++++++++++++++++++++++++++++++++++++++++++++++++++++++++++++++
 
*****************************************************************************

