slurmstepd: info: Setting TMPDIR to /scratch/4673542. Previous errors about TMPDIR can be discarded
srun python3 /home/csic/mus/fii/chvi/test/entire_pipeline.py --dimensions 5 --size 9 --seed 19
5,9,19,8.788447856903076,0.0003135204315185547,1.0250463485717773

*****************************************************************************
*                                                                           *
*                    JOB EFFICIENCY REPORT (seff 4673542)                   *
*                                                                           *
*****************************************************************************

Job ID: 4673542
Cluster: finisterrae3
User/Group: csmusfii/csic
State: COMPLETED (exit code 0)
Nodes: 1
Cores per node: 64
CPU Utilized: 00:07:33
CPU Efficiency: 58.98% of 00:12:48 core-walltime
Job Wall-clock time: 00:00:12
Memory Utilized: 1.88 MB
Memory Efficiency: 0.00% of 64.00 GB

 +++++++++++++++++++++++++++++++++++++++++++++++++++++++++++++++++++++++++++
 ++   Memory Efficiency is too small. Please review the requested memory. ++
 ++ It seems that you do not need that much memory so we recommend        ++
 ++ requesting less memory in other similar jobs.                         ++
 +++++++++++++++++++++++++++++++++++++++++++++++++++++++++++++++++++++++++++
 
*****************************************************************************

