slurmstepd: info: Setting TMPDIR to /scratch/4673534. Previous errors about TMPDIR can be discarded
srun python3 /home/csic/mus/fii/chvi/test/entire_pipeline.py --dimensions 5 --size 9 --seed 11
5,9,11,9.530294179916382,0.000274658203125,1.0346617698669434

*****************************************************************************
*                                                                           *
*                    JOB EFFICIENCY REPORT (seff 4673534)                   *
*                                                                           *
*****************************************************************************

Job ID: 4673534
Cluster: finisterrae3
User/Group: csmusfii/csic
State: COMPLETED (exit code 0)
Nodes: 1
Cores per node: 64
CPU Utilized: 00:07:39
CPU Efficiency: 42.19% of 00:18:08 core-walltime
Job Wall-clock time: 00:00:17
Memory Utilized: 396.00 KB
Memory Efficiency: 0.00% of 64.00 GB

 +++++++++++++++++++++++++++++++++++++++++++++++++++++++++++++++++++++++++++
 ++   Memory Efficiency is too small. Please review the requested memory. ++
 ++ It seems that you do not need that much memory so we recommend        ++
 ++ requesting less memory in other similar jobs.                         ++
 +++++++++++++++++++++++++++++++++++++++++++++++++++++++++++++++++++++++++++
 
*****************************************************************************

