slurmstepd: info: Setting TMPDIR to /scratch/4673524. Previous errors about TMPDIR can be discarded
srun python3 /home/csic/mus/fii/chvi/test/entire_pipeline.py --dimensions 5 --size 9 --seed 1
5,9,1,9.10806131362915,0.00023436546325683594,1.0210092067718506

*****************************************************************************
*                                                                           *
*                    JOB EFFICIENCY REPORT (seff 4673524)                   *
*                                                                           *
*****************************************************************************

Job ID: 4673524
Cluster: finisterrae3
User/Group: csmusfii/csic
State: COMPLETED (exit code 0)
Nodes: 1
Cores per node: 64
CPU Utilized: 00:07:36
CPU Efficiency: 54.81% of 00:13:52 core-walltime
Job Wall-clock time: 00:00:13
Memory Utilized: 1.02 MB
Memory Efficiency: 0.00% of 64.00 GB

 +++++++++++++++++++++++++++++++++++++++++++++++++++++++++++++++++++++++++++
 ++   Memory Efficiency is too small. Please review the requested memory. ++
 ++ It seems that you do not need that much memory so we recommend        ++
 ++ requesting less memory in other similar jobs.                         ++
 +++++++++++++++++++++++++++++++++++++++++++++++++++++++++++++++++++++++++++
 
*****************************************************************************

