slurmstepd: info: Setting TMPDIR to /scratch/4673536. Previous errors about TMPDIR can be discarded
srun python3 /home/csic/mus/fii/chvi/test/entire_pipeline.py --dimensions 5 --size 9 --seed 13
5,9,13,9.418206214904785,0.00017499923706054688,1.020507574081421

*****************************************************************************
*                                                                           *
*                    JOB EFFICIENCY REPORT (seff 4673536)                   *
*                                                                           *
*****************************************************************************

Job ID: 4673536
Cluster: finisterrae3
User/Group: csmusfii/csic
State: COMPLETED (exit code 0)
Nodes: 1
Cores per node: 64
CPU Utilized: 00:07:36
CPU Efficiency: 47.50% of 00:16:00 core-walltime
Job Wall-clock time: 00:00:15
Memory Utilized: 396.00 KB
Memory Efficiency: 0.00% of 64.00 GB

 +++++++++++++++++++++++++++++++++++++++++++++++++++++++++++++++++++++++++++
 ++   Memory Efficiency is too small. Please review the requested memory. ++
 ++ It seems that you do not need that much memory so we recommend        ++
 ++ requesting less memory in other similar jobs.                         ++
 +++++++++++++++++++++++++++++++++++++++++++++++++++++++++++++++++++++++++++
 
*****************************************************************************

