slurmstepd: info: Setting TMPDIR to /scratch/4673526. Previous errors about TMPDIR can be discarded
srun python3 /home/csic/mus/fii/chvi/test/entire_pipeline.py --dimensions 5 --size 9 --seed 3
5,9,3,9.376203536987305,0.00017833709716796875,1.0190768241882324

*****************************************************************************
*                                                                           *
*                    JOB EFFICIENCY REPORT (seff 4673526)                   *
*                                                                           *
*****************************************************************************

Job ID: 4673526
Cluster: finisterrae3
User/Group: csmusfii/csic
State: COMPLETED (exit code 0)
Nodes: 1
Cores per node: 64
CPU Utilized: 00:07:32
CPU Efficiency: 47.08% of 00:16:00 core-walltime
Job Wall-clock time: 00:00:15
Memory Utilized: 1.07 MB
Memory Efficiency: 0.00% of 64.00 GB

 +++++++++++++++++++++++++++++++++++++++++++++++++++++++++++++++++++++++++++
 ++   Memory Efficiency is too small. Please review the requested memory. ++
 ++ It seems that you do not need that much memory so we recommend        ++
 ++ requesting less memory in other similar jobs.                         ++
 +++++++++++++++++++++++++++++++++++++++++++++++++++++++++++++++++++++++++++
 
*****************************************************************************

