slurmstepd: info: Setting TMPDIR to /scratch/4673543. Previous errors about TMPDIR can be discarded
srun python3 /home/csic/mus/fii/chvi/test/entire_pipeline.py --dimensions 5 --size 9 --seed 20
5,9,20,9.006723880767822,0.00020599365234375,0.98956298828125

*****************************************************************************
*                                                                           *
*                    JOB EFFICIENCY REPORT (seff 4673543)                   *
*                                                                           *
*****************************************************************************

Job ID: 4673543
Cluster: finisterrae3
User/Group: csmusfii/csic
State: COMPLETED (exit code 0)
Nodes: 1
Cores per node: 64
CPU Utilized: 00:07:40
CPU Efficiency: 59.90% of 00:12:48 core-walltime
Job Wall-clock time: 00:00:12
Memory Utilized: 924.00 KB
Memory Efficiency: 0.00% of 64.00 GB

 +++++++++++++++++++++++++++++++++++++++++++++++++++++++++++++++++++++++++++
 ++   Memory Efficiency is too small. Please review the requested memory. ++
 ++ It seems that you do not need that much memory so we recommend        ++
 ++ requesting less memory in other similar jobs.                         ++
 +++++++++++++++++++++++++++++++++++++++++++++++++++++++++++++++++++++++++++
 
*****************************************************************************

