slurmstepd: info: Setting TMPDIR to /scratch/4673528. Previous errors about TMPDIR can be discarded
srun python3 /home/csic/mus/fii/chvi/test/entire_pipeline.py --dimensions 5 --size 9 --seed 5
5,9,5,9.106785774230957,0.00021004676818847656,1.0357353687286377

*****************************************************************************
*                                                                           *
*                    JOB EFFICIENCY REPORT (seff 4673528)                   *
*                                                                           *
*****************************************************************************

Job ID: 4673528
Cluster: finisterrae3
User/Group: csmusfii/csic
State: COMPLETED (exit code 0)
Nodes: 1
Cores per node: 64
CPU Utilized: 00:07:35
CPU Efficiency: 47.40% of 00:16:00 core-walltime
Job Wall-clock time: 00:00:15
Memory Utilized: 528.00 KB
Memory Efficiency: 0.00% of 64.00 GB

 +++++++++++++++++++++++++++++++++++++++++++++++++++++++++++++++++++++++++++
 ++   Memory Efficiency is too small. Please review the requested memory. ++
 ++ It seems that you do not need that much memory so we recommend        ++
 ++ requesting less memory in other similar jobs.                         ++
 +++++++++++++++++++++++++++++++++++++++++++++++++++++++++++++++++++++++++++
 
*****************************************************************************

