slurmstepd: info: Setting TMPDIR to /scratch/4673529. Previous errors about TMPDIR can be discarded
srun python3 /home/csic/mus/fii/chvi/test/entire_pipeline.py --dimensions 5 --size 9 --seed 6
5,9,6,8.89486050605774,0.00018668174743652344,1.0108482837677002

*****************************************************************************
*                                                                           *
*                    JOB EFFICIENCY REPORT (seff 4673529)                   *
*                                                                           *
*****************************************************************************

Job ID: 4673529
Cluster: finisterrae3
User/Group: csmusfii/csic
State: COMPLETED (exit code 0)
Nodes: 1
Cores per node: 64
CPU Utilized: 00:07:33
CPU Efficiency: 47.19% of 00:16:00 core-walltime
Job Wall-clock time: 00:00:15
Memory Utilized: 1.87 MB
Memory Efficiency: 0.00% of 64.00 GB

 +++++++++++++++++++++++++++++++++++++++++++++++++++++++++++++++++++++++++++
 ++   Memory Efficiency is too small. Please review the requested memory. ++
 ++ It seems that you do not need that much memory so we recommend        ++
 ++ requesting less memory in other similar jobs.                         ++
 +++++++++++++++++++++++++++++++++++++++++++++++++++++++++++++++++++++++++++
 
*****************************************************************************

