slurmstepd: info: Setting TMPDIR to /scratch/4673540. Previous errors about TMPDIR can be discarded
srun python3 /home/csic/mus/fii/chvi/test/entire_pipeline.py --dimensions 5 --size 9 --seed 17
5,9,17,9.25675630569458,0.0002338886260986328,0.9927239418029785

*****************************************************************************
*                                                                           *
*                    JOB EFFICIENCY REPORT (seff 4673540)                   *
*                                                                           *
*****************************************************************************

Job ID: 4673540
Cluster: finisterrae3
User/Group: csmusfii/csic
State: COMPLETED (exit code 0)
Nodes: 1
Cores per node: 64
CPU Utilized: 00:07:38
CPU Efficiency: 47.71% of 00:16:00 core-walltime
Job Wall-clock time: 00:00:15
Memory Utilized: 2.07 MB
Memory Efficiency: 0.00% of 64.00 GB

 +++++++++++++++++++++++++++++++++++++++++++++++++++++++++++++++++++++++++++
 ++   Memory Efficiency is too small. Please review the requested memory. ++
 ++ It seems that you do not need that much memory so we recommend        ++
 ++ requesting less memory in other similar jobs.                         ++
 +++++++++++++++++++++++++++++++++++++++++++++++++++++++++++++++++++++++++++
 
*****************************************************************************

