slurmstepd: info: Setting TMPDIR to /scratch/4673525. Previous errors about TMPDIR can be discarded
srun python3 /home/csic/mus/fii/chvi/test/entire_pipeline.py --dimensions 5 --size 9 --seed 2
5,9,2,9.106984853744507,0.0003476142883300781,1.278360366821289

*****************************************************************************
*                                                                           *
*                    JOB EFFICIENCY REPORT (seff 4673525)                   *
*                                                                           *
*****************************************************************************

Job ID: 4673525
Cluster: finisterrae3
User/Group: csmusfii/csic
State: COMPLETED (exit code 0)
Nodes: 1
Cores per node: 64
CPU Utilized: 00:07:29
CPU Efficiency: 46.77% of 00:16:00 core-walltime
Job Wall-clock time: 00:00:15
Memory Utilized: 924.00 KB
Memory Efficiency: 0.00% of 64.00 GB

 +++++++++++++++++++++++++++++++++++++++++++++++++++++++++++++++++++++++++++
 ++   Memory Efficiency is too small. Please review the requested memory. ++
 ++ It seems that you do not need that much memory so we recommend        ++
 ++ requesting less memory in other similar jobs.                         ++
 +++++++++++++++++++++++++++++++++++++++++++++++++++++++++++++++++++++++++++
 
*****************************************************************************

