slurmstepd: info: Setting TMPDIR to /scratch/4673530. Previous errors about TMPDIR can be discarded
srun python3 /home/csic/mus/fii/chvi/test/entire_pipeline.py --dimensions 5 --size 9 --seed 7
5,9,7,9.078100204467773,0.0002040863037109375,1.1040260791778564

*****************************************************************************
*                                                                           *
*                    JOB EFFICIENCY REPORT (seff 4673530)                   *
*                                                                           *
*****************************************************************************

Job ID: 4673530
Cluster: finisterrae3
User/Group: csmusfii/csic
State: COMPLETED (exit code 0)
Nodes: 1
Cores per node: 64
CPU Utilized: 00:07:30
CPU Efficiency: 41.36% of 00:18:08 core-walltime
Job Wall-clock time: 00:00:17
Memory Utilized: 660.00 KB
Memory Efficiency: 0.00% of 64.00 GB

 +++++++++++++++++++++++++++++++++++++++++++++++++++++++++++++++++++++++++++
 ++   Memory Efficiency is too small. Please review the requested memory. ++
 ++ It seems that you do not need that much memory so we recommend        ++
 ++ requesting less memory in other similar jobs.                         ++
 +++++++++++++++++++++++++++++++++++++++++++++++++++++++++++++++++++++++++++
 
*****************************************************************************

