slurmstepd: info: Setting TMPDIR to /scratch/4673527. Previous errors about TMPDIR can be discarded
srun python3 /home/csic/mus/fii/chvi/test/entire_pipeline.py --dimensions 5 --size 9 --seed 4
5,9,4,8.979367733001709,0.0002110004425048828,0.9747562408447266

*****************************************************************************
*                                                                           *
*                    JOB EFFICIENCY REPORT (seff 4673527)                   *
*                                                                           *
*****************************************************************************

Job ID: 4673527
Cluster: finisterrae3
User/Group: csmusfii/csic
State: COMPLETED (exit code 0)
Nodes: 1
Cores per node: 64
CPU Utilized: 00:07:30
CPU Efficiency: 50.22% of 00:14:56 core-walltime
Job Wall-clock time: 00:00:14
Memory Utilized: 428.00 KB
Memory Efficiency: 0.00% of 64.00 GB

 +++++++++++++++++++++++++++++++++++++++++++++++++++++++++++++++++++++++++++
 ++   Memory Efficiency is too small. Please review the requested memory. ++
 ++ It seems that you do not need that much memory so we recommend        ++
 ++ requesting less memory in other similar jobs.                         ++
 +++++++++++++++++++++++++++++++++++++++++++++++++++++++++++++++++++++++++++
 
*****************************************************************************

