slurmstepd: info: Setting TMPDIR to /scratch/4673541. Previous errors about TMPDIR can be discarded
srun python3 /home/csic/mus/fii/chvi/test/entire_pipeline.py --dimensions 5 --size 9 --seed 18
5,9,18,9.407124042510986,0.0002541542053222656,1.0265395641326904

*****************************************************************************
*                                                                           *
*                    JOB EFFICIENCY REPORT (seff 4673541)                   *
*                                                                           *
*****************************************************************************

Job ID: 4673541
Cluster: finisterrae3
User/Group: csmusfii/csic
State: COMPLETED (exit code 0)
Nodes: 1
Cores per node: 64
CPU Utilized: 00:07:34
CPU Efficiency: 47.29% of 00:16:00 core-walltime
Job Wall-clock time: 00:00:15
Memory Utilized: 660.00 KB
Memory Efficiency: 0.00% of 64.00 GB

 +++++++++++++++++++++++++++++++++++++++++++++++++++++++++++++++++++++++++++
 ++   Memory Efficiency is too small. Please review the requested memory. ++
 ++ It seems that you do not need that much memory so we recommend        ++
 ++ requesting less memory in other similar jobs.                         ++
 +++++++++++++++++++++++++++++++++++++++++++++++++++++++++++++++++++++++++++
 
*****************************************************************************

