slurmstepd: info: Setting TMPDIR to /scratch/4673583. Previous errors about TMPDIR can be discarded
srun python3 /home/csic/mus/fii/chvi/test/entire_pipeline.py --dimensions 6 --size 2 --seed 14
6,2,14,0.06006622314453125,0.00017118453979492188,1.025895357131958

*****************************************************************************
*                                                                           *
*                    JOB EFFICIENCY REPORT (seff 4673583)                   *
*                                                                           *
*****************************************************************************

Job ID: 4673583
Cluster: finisterrae3
User/Group: csmusfii/csic
State: COMPLETED (exit code 0)
Nodes: 1
Cores per node: 64
CPU Utilized: 00:00:12
CPU Efficiency: 3.12% of 00:06:24 core-walltime
Job Wall-clock time: 00:00:06
Memory Utilized: 716.00 KB
Memory Efficiency: 0.00% of 64.00 GB

 +++++++++++++++++++++++++++++++++++++++++++++++++++++++++++++++++++++++++++
 ++   Memory Efficiency is too small. Please review the requested memory. ++
 ++ It seems that you do not need that much memory so we recommend        ++
 ++ requesting less memory in other similar jobs.                         ++
 +++++++++++++++++++++++++++++++++++++++++++++++++++++++++++++++++++++++++++
 
*****************************************************************************

