slurmstepd: info: Setting TMPDIR to /scratch/4673552. Previous errors about TMPDIR can be discarded
srun python3 /home/csic/mus/fii/chvi/test/entire_pipeline.py --dimensions 6 --size 2 --seed 9
6,2,9,0.06902527809143066,0.00018715858459472656,1.0091383457183838

*****************************************************************************
*                                                                           *
*                    JOB EFFICIENCY REPORT (seff 4673552)                   *
*                                                                           *
*****************************************************************************

Job ID: 4673552
Cluster: finisterrae3
User/Group: csmusfii/csic
State: COMPLETED (exit code 0)
Nodes: 1
Cores per node: 64
CPU Utilized: 00:00:12
CPU Efficiency: 4.69% of 00:04:16 core-walltime
Job Wall-clock time: 00:00:04
Memory Utilized: 1.30 MB
Memory Efficiency: 0.00% of 64.00 GB

 +++++++++++++++++++++++++++++++++++++++++++++++++++++++++++++++++++++++++++
 ++   Memory Efficiency is too small. Please review the requested memory. ++
 ++ It seems that you do not need that much memory so we recommend        ++
 ++ requesting less memory in other similar jobs.                         ++
 +++++++++++++++++++++++++++++++++++++++++++++++++++++++++++++++++++++++++++
 
*****************************************************************************

