slurmstepd: info: Setting TMPDIR to /scratch/4673580. Previous errors about TMPDIR can be discarded
srun python3 /home/csic/mus/fii/chvi/test/entire_pipeline.py --dimensions 6 --size 2 --seed 11
6,2,11,0.07272577285766602,0.00015234947204589844,1.0742077827453613

*****************************************************************************
*                                                                           *
*                    JOB EFFICIENCY REPORT (seff 4673580)                   *
*                                                                           *
*****************************************************************************

Job ID: 4673580
Cluster: finisterrae3
User/Group: csmusfii/csic
State: COMPLETED (exit code 0)
Nodes: 1
Cores per node: 64
CPU Utilized: 00:00:12
CPU Efficiency: 3.12% of 00:06:24 core-walltime
Job Wall-clock time: 00:00:06
Memory Utilized: 1.09 MB
Memory Efficiency: 0.00% of 64.00 GB

 +++++++++++++++++++++++++++++++++++++++++++++++++++++++++++++++++++++++++++
 ++   Memory Efficiency is too small. Please review the requested memory. ++
 ++ It seems that you do not need that much memory so we recommend        ++
 ++ requesting less memory in other similar jobs.                         ++
 +++++++++++++++++++++++++++++++++++++++++++++++++++++++++++++++++++++++++++
 
*****************************************************************************

