slurmstepd: info: Setting TMPDIR to /scratch/4673586. Previous errors about TMPDIR can be discarded
srun python3 /home/csic/mus/fii/chvi/test/entire_pipeline.py --dimensions 6 --size 2 --seed 17
6,2,17,0.08223628997802734,0.0001697540283203125,1.0788047313690186

*****************************************************************************
*                                                                           *
*                    JOB EFFICIENCY REPORT (seff 4673586)                   *
*                                                                           *
*****************************************************************************

Job ID: 4673586
Cluster: finisterrae3
User/Group: csmusfii/csic
State: COMPLETED (exit code 0)
Nodes: 1
Cores per node: 64
CPU Utilized: 00:00:13
CPU Efficiency: 3.39% of 00:06:24 core-walltime
Job Wall-clock time: 00:00:06
Memory Utilized: 980.00 KB
Memory Efficiency: 0.00% of 64.00 GB

 +++++++++++++++++++++++++++++++++++++++++++++++++++++++++++++++++++++++++++
 ++   Memory Efficiency is too small. Please review the requested memory. ++
 ++ It seems that you do not need that much memory so we recommend        ++
 ++ requesting less memory in other similar jobs.                         ++
 +++++++++++++++++++++++++++++++++++++++++++++++++++++++++++++++++++++++++++
 
*****************************************************************************

