slurmstepd: info: Setting TMPDIR to /scratch/4673582. Previous errors about TMPDIR can be discarded
srun python3 /home/csic/mus/fii/chvi/test/entire_pipeline.py --dimensions 6 --size 2 --seed 13
6,2,13,0.060045719146728516,0.0001575946807861328,1.0168278217315674

*****************************************************************************
*                                                                           *
*                    JOB EFFICIENCY REPORT (seff 4673582)                   *
*                                                                           *
*****************************************************************************

Job ID: 4673582
Cluster: finisterrae3
User/Group: csmusfii/csic
State: COMPLETED (exit code 0)
Nodes: 1
Cores per node: 64
CPU Utilized: 00:00:11
CPU Efficiency: 2.86% of 00:06:24 core-walltime
Job Wall-clock time: 00:00:06
Memory Utilized: 1.07 MB
Memory Efficiency: 0.00% of 64.00 GB

 +++++++++++++++++++++++++++++++++++++++++++++++++++++++++++++++++++++++++++
 ++   Memory Efficiency is too small. Please review the requested memory. ++
 ++ It seems that you do not need that much memory so we recommend        ++
 ++ requesting less memory in other similar jobs.                         ++
 +++++++++++++++++++++++++++++++++++++++++++++++++++++++++++++++++++++++++++
 
*****************************************************************************

