slurmstepd: info: Setting TMPDIR to /scratch/4673589. Previous errors about TMPDIR can be discarded
srun python3 /home/csic/mus/fii/chvi/test/entire_pipeline.py --dimensions 6 --size 2 --seed 20
6,2,20,0.056488990783691406,0.000171661376953125,1.0110256671905518

*****************************************************************************
*                                                                           *
*                    JOB EFFICIENCY REPORT (seff 4673589)                   *
*                                                                           *
*****************************************************************************

Job ID: 4673589
Cluster: finisterrae3
User/Group: csmusfii/csic
State: COMPLETED (exit code 0)
Nodes: 1
Cores per node: 64
CPU Utilized: 00:00:12
CPU Efficiency: 2.68% of 00:07:28 core-walltime
Job Wall-clock time: 00:00:07
Memory Utilized: 716.00 KB
Memory Efficiency: 0.00% of 64.00 GB

 +++++++++++++++++++++++++++++++++++++++++++++++++++++++++++++++++++++++++++
 ++   Memory Efficiency is too small. Please review the requested memory. ++
 ++ It seems that you do not need that much memory so we recommend        ++
 ++ requesting less memory in other similar jobs.                         ++
 +++++++++++++++++++++++++++++++++++++++++++++++++++++++++++++++++++++++++++
 
*****************************************************************************

