slurmstepd: info: Setting TMPDIR to /scratch/4673546. Previous errors about TMPDIR can be discarded
srun python3 /home/csic/mus/fii/chvi/test/entire_pipeline.py --dimensions 6 --size 2 --seed 3
6,2,3,0.034984588623046875,0.00016546249389648438,1.1129686832427979

*****************************************************************************
*                                                                           *
*                    JOB EFFICIENCY REPORT (seff 4673546)                   *
*                                                                           *
*****************************************************************************

Job ID: 4673546
Cluster: finisterrae3
User/Group: csmusfii/csic
State: COMPLETED (exit code 0)
Nodes: 1
Cores per node: 64
CPU Utilized: 00:00:10
CPU Efficiency: 3.12% of 00:05:20 core-walltime
Job Wall-clock time: 00:00:05
Memory Utilized: 1.59 MB
Memory Efficiency: 0.00% of 64.00 GB

 +++++++++++++++++++++++++++++++++++++++++++++++++++++++++++++++++++++++++++
 ++   Memory Efficiency is too small. Please review the requested memory. ++
 ++ It seems that you do not need that much memory so we recommend        ++
 ++ requesting less memory in other similar jobs.                         ++
 +++++++++++++++++++++++++++++++++++++++++++++++++++++++++++++++++++++++++++
 
*****************************************************************************

