slurmstepd: info: Setting TMPDIR to /scratch/4673587. Previous errors about TMPDIR can be discarded
srun python3 /home/csic/mus/fii/chvi/test/entire_pipeline.py --dimensions 6 --size 2 --seed 18
6,2,18,0.05595278739929199,0.00019788742065429688,1.0865416526794434

*****************************************************************************
*                                                                           *
*                    JOB EFFICIENCY REPORT (seff 4673587)                   *
*                                                                           *
*****************************************************************************

Job ID: 4673587
Cluster: finisterrae3
User/Group: csmusfii/csic
State: COMPLETED (exit code 0)
Nodes: 1
Cores per node: 64
CPU Utilized: 00:00:11
CPU Efficiency: 2.46% of 00:07:28 core-walltime
Job Wall-clock time: 00:00:07
Memory Utilized: 792.00 KB
Memory Efficiency: 0.00% of 64.00 GB

 +++++++++++++++++++++++++++++++++++++++++++++++++++++++++++++++++++++++++++
 ++   Memory Efficiency is too small. Please review the requested memory. ++
 ++ It seems that you do not need that much memory so we recommend        ++
 ++ requesting less memory in other similar jobs.                         ++
 +++++++++++++++++++++++++++++++++++++++++++++++++++++++++++++++++++++++++++
 
*****************************************************************************

