slurmstepd: info: Setting TMPDIR to /scratch/4673591. Previous errors about TMPDIR can be discarded
srun python3 /home/csic/mus/fii/chvi/test/entire_pipeline.py --dimensions 6 --size 3 --seed 2
6,3,2,0.17437505722045898,0.00021529197692871094,1.1808292865753174

*****************************************************************************
*                                                                           *
*                    JOB EFFICIENCY REPORT (seff 4673591)                   *
*                                                                           *
*****************************************************************************

Job ID: 4673591
Cluster: finisterrae3
User/Group: csmusfii/csic
State: COMPLETED (exit code 0)
Nodes: 1
Cores per node: 64
CPU Utilized: 00:00:14
CPU Efficiency: 5.47% of 00:04:16 core-walltime
Job Wall-clock time: 00:00:04
Memory Utilized: 660.00 KB
Memory Efficiency: 0.00% of 64.00 GB

 +++++++++++++++++++++++++++++++++++++++++++++++++++++++++++++++++++++++++++
 ++   Memory Efficiency is too small. Please review the requested memory. ++
 ++ It seems that you do not need that much memory so we recommend        ++
 ++ requesting less memory in other similar jobs.                         ++
 +++++++++++++++++++++++++++++++++++++++++++++++++++++++++++++++++++++++++++
 
*****************************************************************************

