slurmstepd: info: Setting TMPDIR to /scratch/4673598. Previous errors about TMPDIR can be discarded
srun python3 /home/csic/mus/fii/chvi/test/entire_pipeline.py --dimensions 6 --size 3 --seed 9
6,3,9,0.04105544090270996,0.0001728534698486328,0.9756045341491699

*****************************************************************************
*                                                                           *
*                    JOB EFFICIENCY REPORT (seff 4673598)                   *
*                                                                           *
*****************************************************************************

Job ID: 4673598
Cluster: finisterrae3
User/Group: csmusfii/csic
State: COMPLETED (exit code 0)
Nodes: 1
Cores per node: 64
CPU Utilized: 00:00:10
CPU Efficiency: 2.23% of 00:07:28 core-walltime
Job Wall-clock time: 00:00:07
Memory Utilized: 660.00 KB
Memory Efficiency: 0.00% of 64.00 GB

 +++++++++++++++++++++++++++++++++++++++++++++++++++++++++++++++++++++++++++
 ++   Memory Efficiency is too small. Please review the requested memory. ++
 ++ It seems that you do not need that much memory so we recommend        ++
 ++ requesting less memory in other similar jobs.                         ++
 +++++++++++++++++++++++++++++++++++++++++++++++++++++++++++++++++++++++++++
 
*****************************************************************************

