slurmstepd: info: Setting TMPDIR to /scratch/4673607. Previous errors about TMPDIR can be discarded
srun python3 /home/csic/mus/fii/chvi/test/entire_pipeline.py --dimensions 6 --size 3 --seed 18
6,3,18,0.1395406723022461,0.00016355514526367188,0.9995412826538086

*****************************************************************************
*                                                                           *
*                    JOB EFFICIENCY REPORT (seff 4673607)                   *
*                                                                           *
*****************************************************************************

Job ID: 4673607
Cluster: finisterrae3
User/Group: csmusfii/csic
State: COMPLETED (exit code 0)
Nodes: 1
Cores per node: 64
CPU Utilized: 00:00:14
CPU Efficiency: 3.12% of 00:07:28 core-walltime
Job Wall-clock time: 00:00:07
Memory Utilized: 660.00 KB
Memory Efficiency: 0.00% of 64.00 GB

 +++++++++++++++++++++++++++++++++++++++++++++++++++++++++++++++++++++++++++
 ++   Memory Efficiency is too small. Please review the requested memory. ++
 ++ It seems that you do not need that much memory so we recommend        ++
 ++ requesting less memory in other similar jobs.                         ++
 +++++++++++++++++++++++++++++++++++++++++++++++++++++++++++++++++++++++++++
 
*****************************************************************************

