slurmstepd: info: Setting TMPDIR to /scratch/4673599. Previous errors about TMPDIR can be discarded
srun python3 /home/csic/mus/fii/chvi/test/entire_pipeline.py --dimensions 6 --size 3 --seed 10
6,3,10,0.11820769309997559,0.00017023086547851562,1.1108462810516357

*****************************************************************************
*                                                                           *
*                    JOB EFFICIENCY REPORT (seff 4673599)                   *
*                                                                           *
*****************************************************************************

Job ID: 4673599
Cluster: finisterrae3
User/Group: csmusfii/csic
State: COMPLETED (exit code 0)
Nodes: 1
Cores per node: 64
CPU Utilized: 00:00:14
CPU Efficiency: 3.12% of 00:07:28 core-walltime
Job Wall-clock time: 00:00:07
Memory Utilized: 528.00 KB
Memory Efficiency: 0.00% of 64.00 GB

 +++++++++++++++++++++++++++++++++++++++++++++++++++++++++++++++++++++++++++
 ++   Memory Efficiency is too small. Please review the requested memory. ++
 ++ It seems that you do not need that much memory so we recommend        ++
 ++ requesting less memory in other similar jobs.                         ++
 +++++++++++++++++++++++++++++++++++++++++++++++++++++++++++++++++++++++++++
 
*****************************************************************************

