slurmstepd: info: Setting TMPDIR to /scratch/4673612. Previous errors about TMPDIR can be discarded
srun python3 /home/csic/mus/fii/chvi/test/entire_pipeline.py --dimensions 6 --size 4 --seed 3
6,4,3,0.10461211204528809,0.0001761913299560547,0.9723217487335205

*****************************************************************************
*                                                                           *
*                    JOB EFFICIENCY REPORT (seff 4673612)                   *
*                                                                           *
*****************************************************************************

Job ID: 4673612
Cluster: finisterrae3
User/Group: csmusfii/csic
State: COMPLETED (exit code 0)
Nodes: 1
Cores per node: 64
CPU Utilized: 00:00:14
CPU Efficiency: 3.12% of 00:07:28 core-walltime
Job Wall-clock time: 00:00:07
Memory Utilized: 596.00 KB
Memory Efficiency: 0.00% of 64.00 GB

 +++++++++++++++++++++++++++++++++++++++++++++++++++++++++++++++++++++++++++
 ++   Memory Efficiency is too small. Please review the requested memory. ++
 ++ It seems that you do not need that much memory so we recommend        ++
 ++ requesting less memory in other similar jobs.                         ++
 +++++++++++++++++++++++++++++++++++++++++++++++++++++++++++++++++++++++++++
 
*****************************************************************************

