slurmstepd: info: Setting TMPDIR to /scratch/4673622. Previous errors about TMPDIR can be discarded
srun python3 /home/csic/mus/fii/chvi/test/entire_pipeline.py --dimensions 6 --size 4 --seed 13
6,4,13,0.527885913848877,0.0002377033233642578,1.0084755420684814

*****************************************************************************
*                                                                           *
*                    JOB EFFICIENCY REPORT (seff 4673622)                   *
*                                                                           *
*****************************************************************************

Job ID: 4673622
Cluster: finisterrae3
User/Group: csmusfii/csic
State: COMPLETED (exit code 0)
Nodes: 1
Cores per node: 64
CPU Utilized: 00:00:32
CPU Efficiency: 10.00% of 00:05:20 core-walltime
Job Wall-clock time: 00:00:05
Memory Utilized: 2.02 MB
Memory Efficiency: 0.00% of 64.00 GB

 +++++++++++++++++++++++++++++++++++++++++++++++++++++++++++++++++++++++++++
 ++   Memory Efficiency is too small. Please review the requested memory. ++
 ++ It seems that you do not need that much memory so we recommend        ++
 ++ requesting less memory in other similar jobs.                         ++
 +++++++++++++++++++++++++++++++++++++++++++++++++++++++++++++++++++++++++++
 
*****************************************************************************

