slurmstepd: info: Setting TMPDIR to /scratch/4673617. Previous errors about TMPDIR can be discarded
srun python3 /home/csic/mus/fii/chvi/test/entire_pipeline.py --dimensions 6 --size 4 --seed 8
6,4,8,0.6620101928710938,0.0002841949462890625,0.9848105907440186

*****************************************************************************
*                                                                           *
*                    JOB EFFICIENCY REPORT (seff 4673617)                   *
*                                                                           *
*****************************************************************************

Job ID: 4673617
Cluster: finisterrae3
User/Group: csmusfii/csic
State: COMPLETED (exit code 0)
Nodes: 1
Cores per node: 64
CPU Utilized: 00:00:34
CPU Efficiency: 7.59% of 00:07:28 core-walltime
Job Wall-clock time: 00:00:07
Memory Utilized: 528.00 KB
Memory Efficiency: 0.00% of 64.00 GB

 +++++++++++++++++++++++++++++++++++++++++++++++++++++++++++++++++++++++++++
 ++   Memory Efficiency is too small. Please review the requested memory. ++
 ++ It seems that you do not need that much memory so we recommend        ++
 ++ requesting less memory in other similar jobs.                         ++
 +++++++++++++++++++++++++++++++++++++++++++++++++++++++++++++++++++++++++++
 
*****************************************************************************

