slurmstepd: info: Setting TMPDIR to /scratch/4673611. Previous errors about TMPDIR can be discarded
srun python3 /home/csic/mus/fii/chvi/test/entire_pipeline.py --dimensions 6 --size 4 --seed 2
6,4,2,0.6032862663269043,0.00022912025451660156,0.9591662883758545

*****************************************************************************
*                                                                           *
*                    JOB EFFICIENCY REPORT (seff 4673611)                   *
*                                                                           *
*****************************************************************************

Job ID: 4673611
Cluster: finisterrae3
User/Group: csmusfii/csic
State: COMPLETED (exit code 0)
Nodes: 1
Cores per node: 64
CPU Utilized: 00:00:33
CPU Efficiency: 7.37% of 00:07:28 core-walltime
Job Wall-clock time: 00:00:07
Memory Utilized: 2.06 MB
Memory Efficiency: 0.00% of 64.00 GB

 +++++++++++++++++++++++++++++++++++++++++++++++++++++++++++++++++++++++++++
 ++   Memory Efficiency is too small. Please review the requested memory. ++
 ++ It seems that you do not need that much memory so we recommend        ++
 ++ requesting less memory in other similar jobs.                         ++
 +++++++++++++++++++++++++++++++++++++++++++++++++++++++++++++++++++++++++++
 
*****************************************************************************

