slurmstepd: info: Setting TMPDIR to /scratch/4673614. Previous errors about TMPDIR can be discarded
srun python3 /home/csic/mus/fii/chvi/test/entire_pipeline.py --dimensions 6 --size 4 --seed 5
6,4,5,0.6338939666748047,0.00020813941955566406,0.9758992195129395

*****************************************************************************
*                                                                           *
*                    JOB EFFICIENCY REPORT (seff 4673614)                   *
*                                                                           *
*****************************************************************************

Job ID: 4673614
Cluster: finisterrae3
User/Group: csmusfii/csic
State: COMPLETED (exit code 0)
Nodes: 1
Cores per node: 64
CPU Utilized: 00:00:34
CPU Efficiency: 7.59% of 00:07:28 core-walltime
Job Wall-clock time: 00:00:07
Memory Utilized: 528.00 KB
Memory Efficiency: 0.00% of 64.00 GB

 +++++++++++++++++++++++++++++++++++++++++++++++++++++++++++++++++++++++++++
 ++   Memory Efficiency is too small. Please review the requested memory. ++
 ++ It seems that you do not need that much memory so we recommend        ++
 ++ requesting less memory in other similar jobs.                         ++
 +++++++++++++++++++++++++++++++++++++++++++++++++++++++++++++++++++++++++++
 
*****************************************************************************

