slurmstepd: info: Setting TMPDIR to /scratch/4673626. Previous errors about TMPDIR can be discarded
srun python3 /home/csic/mus/fii/chvi/test/entire_pipeline.py --dimensions 6 --size 4 --seed 17
6,4,17,0.6366696357727051,0.00029468536376953125,1.0115394592285156

*****************************************************************************
*                                                                           *
*                    JOB EFFICIENCY REPORT (seff 4673626)                   *
*                                                                           *
*****************************************************************************

Job ID: 4673626
Cluster: finisterrae3
User/Group: csmusfii/csic
State: COMPLETED (exit code 0)
Nodes: 1
Cores per node: 64
CPU Utilized: 00:00:33
CPU Efficiency: 10.31% of 00:05:20 core-walltime
Job Wall-clock time: 00:00:05
Memory Utilized: 528.00 KB
Memory Efficiency: 0.00% of 64.00 GB

 +++++++++++++++++++++++++++++++++++++++++++++++++++++++++++++++++++++++++++
 ++   Memory Efficiency is too small. Please review the requested memory. ++
 ++ It seems that you do not need that much memory so we recommend        ++
 ++ requesting less memory in other similar jobs.                         ++
 +++++++++++++++++++++++++++++++++++++++++++++++++++++++++++++++++++++++++++
 
*****************************************************************************

