slurmstepd: info: Setting TMPDIR to /scratch/4673616. Previous errors about TMPDIR can be discarded
srun python3 /home/csic/mus/fii/chvi/test/entire_pipeline.py --dimensions 6 --size 4 --seed 7
6,4,7,0.642247200012207,0.00021719932556152344,0.9950172901153564

*****************************************************************************
*                                                                           *
*                    JOB EFFICIENCY REPORT (seff 4673616)                   *
*                                                                           *
*****************************************************************************

Job ID: 4673616
Cluster: finisterrae3
User/Group: csmusfii/csic
State: COMPLETED (exit code 0)
Nodes: 1
Cores per node: 64
CPU Utilized: 00:00:33
CPU Efficiency: 7.37% of 00:07:28 core-walltime
Job Wall-clock time: 00:00:07
Memory Utilized: 1.48 MB
Memory Efficiency: 0.00% of 64.00 GB

 +++++++++++++++++++++++++++++++++++++++++++++++++++++++++++++++++++++++++++
 ++   Memory Efficiency is too small. Please review the requested memory. ++
 ++ It seems that you do not need that much memory so we recommend        ++
 ++ requesting less memory in other similar jobs.                         ++
 +++++++++++++++++++++++++++++++++++++++++++++++++++++++++++++++++++++++++++
 
*****************************************************************************

