slurmstepd: info: Setting TMPDIR to /scratch/4673647. Previous errors about TMPDIR can be discarded
srun python3 /home/csic/mus/fii/chvi/test/entire_pipeline.py --dimensions 6 --size 5 --seed 17
6,5,17,3.6975767612457275,0.00021457672119140625,0.950645923614502

*****************************************************************************
*                                                                           *
*                    JOB EFFICIENCY REPORT (seff 4673647)                   *
*                                                                           *
*****************************************************************************

Job ID: 4673647
Cluster: finisterrae3
User/Group: csmusfii/csic
State: COMPLETED (exit code 0)
Nodes: 1
Cores per node: 64
CPU Utilized: 00:02:43
CPU Efficiency: 36.38% of 00:07:28 core-walltime
Job Wall-clock time: 00:00:07
Memory Utilized: 528.00 KB
Memory Efficiency: 0.00% of 64.00 GB

 +++++++++++++++++++++++++++++++++++++++++++++++++++++++++++++++++++++++++++
 ++   Memory Efficiency is too small. Please review the requested memory. ++
 ++ It seems that you do not need that much memory so we recommend        ++
 ++ requesting less memory in other similar jobs.                         ++
 +++++++++++++++++++++++++++++++++++++++++++++++++++++++++++++++++++++++++++
 
*****************************************************************************

