slurmstepd: info: Setting TMPDIR to /scratch/4673649. Previous errors about TMPDIR can be discarded
srun python3 /home/csic/mus/fii/chvi/test/entire_pipeline.py --dimensions 6 --size 5 --seed 19
6,5,19,3.9744834899902344,0.00020313262939453125,0.9582822322845459

*****************************************************************************
*                                                                           *
*                    JOB EFFICIENCY REPORT (seff 4673649)                   *
*                                                                           *
*****************************************************************************

Job ID: 4673649
Cluster: finisterrae3
User/Group: csmusfii/csic
State: COMPLETED (exit code 0)
Nodes: 1
Cores per node: 64
CPU Utilized: 00:02:38
CPU Efficiency: 35.27% of 00:07:28 core-walltime
Job Wall-clock time: 00:00:07
Memory Utilized: 396.00 KB
Memory Efficiency: 0.00% of 64.00 GB

 +++++++++++++++++++++++++++++++++++++++++++++++++++++++++++++++++++++++++++
 ++   Memory Efficiency is too small. Please review the requested memory. ++
 ++ It seems that you do not need that much memory so we recommend        ++
 ++ requesting less memory in other similar jobs.                         ++
 +++++++++++++++++++++++++++++++++++++++++++++++++++++++++++++++++++++++++++
 
*****************************************************************************

