slurmstepd: info: Setting TMPDIR to /scratch/4673646. Previous errors about TMPDIR can be discarded
srun python3 /home/csic/mus/fii/chvi/test/entire_pipeline.py --dimensions 6 --size 5 --seed 16
6,5,16,4.255357265472412,0.0002384185791015625,0.9766173362731934

*****************************************************************************
*                                                                           *
*                    JOB EFFICIENCY REPORT (seff 4673646)                   *
*                                                                           *
*****************************************************************************

Job ID: 4673646
Cluster: finisterrae3
User/Group: csmusfii/csic
State: COMPLETED (exit code 0)
Nodes: 1
Cores per node: 64
CPU Utilized: 00:02:42
CPU Efficiency: 25.31% of 00:10:40 core-walltime
Job Wall-clock time: 00:00:10
Memory Utilized: 660.00 KB
Memory Efficiency: 0.00% of 64.00 GB

 +++++++++++++++++++++++++++++++++++++++++++++++++++++++++++++++++++++++++++
 ++   Memory Efficiency is too small. Please review the requested memory. ++
 ++ It seems that you do not need that much memory so we recommend        ++
 ++ requesting less memory in other similar jobs.                         ++
 +++++++++++++++++++++++++++++++++++++++++++++++++++++++++++++++++++++++++++
 
*****************************************************************************

