slurmstepd: info: Setting TMPDIR to /scratch/4673631. Previous errors about TMPDIR can be discarded
srun python3 /home/csic/mus/fii/chvi/test/entire_pipeline.py --dimensions 6 --size 5 --seed 1
6,5,1,3.741426467895508,0.0004658699035644531,0.9763553142547607

*****************************************************************************
*                                                                           *
*                    JOB EFFICIENCY REPORT (seff 4673631)                   *
*                                                                           *
*****************************************************************************

Job ID: 4673631
Cluster: finisterrae3
User/Group: csmusfii/csic
State: COMPLETED (exit code 0)
Nodes: 1
Cores per node: 64
CPU Utilized: 00:02:40
CPU Efficiency: 35.71% of 00:07:28 core-walltime
Job Wall-clock time: 00:00:07
Memory Utilized: 832.00 KB
Memory Efficiency: 0.00% of 64.00 GB

 +++++++++++++++++++++++++++++++++++++++++++++++++++++++++++++++++++++++++++
 ++   Memory Efficiency is too small. Please review the requested memory. ++
 ++ It seems that you do not need that much memory so we recommend        ++
 ++ requesting less memory in other similar jobs.                         ++
 +++++++++++++++++++++++++++++++++++++++++++++++++++++++++++++++++++++++++++
 
*****************************************************************************

