slurmstepd: info: Setting TMPDIR to /scratch/4673643. Previous errors about TMPDIR can be discarded
srun python3 /home/csic/mus/fii/chvi/test/entire_pipeline.py --dimensions 6 --size 5 --seed 13
6,5,13,3.584442377090454,0.000225067138671875,0.9617183208465576

*****************************************************************************
*                                                                           *
*                    JOB EFFICIENCY REPORT (seff 4673643)                   *
*                                                                           *
*****************************************************************************

Job ID: 4673643
Cluster: finisterrae3
User/Group: csmusfii/csic
State: COMPLETED (exit code 0)
Nodes: 1
Cores per node: 64
CPU Utilized: 00:02:37
CPU Efficiency: 35.04% of 00:07:28 core-walltime
Job Wall-clock time: 00:00:07
Memory Utilized: 792.00 KB
Memory Efficiency: 0.00% of 64.00 GB

 +++++++++++++++++++++++++++++++++++++++++++++++++++++++++++++++++++++++++++
 ++   Memory Efficiency is too small. Please review the requested memory. ++
 ++ It seems that you do not need that much memory so we recommend        ++
 ++ requesting less memory in other similar jobs.                         ++
 +++++++++++++++++++++++++++++++++++++++++++++++++++++++++++++++++++++++++++
 
*****************************************************************************

