slurmstepd: info: Setting TMPDIR to /scratch/4673633. Previous errors about TMPDIR can be discarded
srun python3 /home/csic/mus/fii/chvi/test/entire_pipeline.py --dimensions 6 --size 5 --seed 3
6,5,3,3.4900050163269043,0.00020813941955566406,0.9704151153564453

*****************************************************************************
*                                                                           *
*                    JOB EFFICIENCY REPORT (seff 4673633)                   *
*                                                                           *
*****************************************************************************

Job ID: 4673633
Cluster: finisterrae3
User/Group: csmusfii/csic
State: COMPLETED (exit code 0)
Nodes: 1
Cores per node: 64
CPU Utilized: 00:02:39
CPU Efficiency: 35.49% of 00:07:28 core-walltime
Job Wall-clock time: 00:00:07
Memory Utilized: 352.00 KB
Memory Efficiency: 0.00% of 64.00 GB

 +++++++++++++++++++++++++++++++++++++++++++++++++++++++++++++++++++++++++++
 ++   Memory Efficiency is too small. Please review the requested memory. ++
 ++ It seems that you do not need that much memory so we recommend        ++
 ++ requesting less memory in other similar jobs.                         ++
 +++++++++++++++++++++++++++++++++++++++++++++++++++++++++++++++++++++++++++
 
*****************************************************************************

