slurmstepd: info: Setting TMPDIR to /scratch/4673645. Previous errors about TMPDIR can be discarded
srun python3 /home/csic/mus/fii/chvi/test/entire_pipeline.py --dimensions 6 --size 5 --seed 15
6,5,15,0.33332347869873047,0.00020360946655273438,0.9638638496398926

*****************************************************************************
*                                                                           *
*                    JOB EFFICIENCY REPORT (seff 4673645)                   *
*                                                                           *
*****************************************************************************

Job ID: 4673645
Cluster: finisterrae3
User/Group: csmusfii/csic
State: COMPLETED (exit code 0)
Nodes: 1
Cores per node: 64
CPU Utilized: 00:00:28
CPU Efficiency: 8.75% of 00:05:20 core-walltime
Job Wall-clock time: 00:00:05
Memory Utilized: 2.83 MB
Memory Efficiency: 0.00% of 64.00 GB

 +++++++++++++++++++++++++++++++++++++++++++++++++++++++++++++++++++++++++++
 ++   Memory Efficiency is too small. Please review the requested memory. ++
 ++ It seems that you do not need that much memory so we recommend        ++
 ++ requesting less memory in other similar jobs.                         ++
 +++++++++++++++++++++++++++++++++++++++++++++++++++++++++++++++++++++++++++
 
*****************************************************************************

