slurmstepd: info: Setting TMPDIR to /scratch/4673638. Previous errors about TMPDIR can be discarded
srun python3 /home/csic/mus/fii/chvi/test/entire_pipeline.py --dimensions 6 --size 5 --seed 8
6,5,8,3.9200878143310547,0.00021505355834960938,0.9695196151733398

*****************************************************************************
*                                                                           *
*                    JOB EFFICIENCY REPORT (seff 4673638)                   *
*                                                                           *
*****************************************************************************

Job ID: 4673638
Cluster: finisterrae3
User/Group: csmusfii/csic
State: COMPLETED (exit code 0)
Nodes: 1
Cores per node: 64
CPU Utilized: 00:02:40
CPU Efficiency: 35.71% of 00:07:28 core-walltime
Job Wall-clock time: 00:00:07
Memory Utilized: 264.00 KB
Memory Efficiency: 0.00% of 64.00 GB

 +++++++++++++++++++++++++++++++++++++++++++++++++++++++++++++++++++++++++++
 ++   Memory Efficiency is too small. Please review the requested memory. ++
 ++ It seems that you do not need that much memory so we recommend        ++
 ++ requesting less memory in other similar jobs.                         ++
 +++++++++++++++++++++++++++++++++++++++++++++++++++++++++++++++++++++++++++
 
*****************************************************************************

