slurmstepd: info: Setting TMPDIR to /scratch/4673636. Previous errors about TMPDIR can be discarded
srun python3 /home/csic/mus/fii/chvi/test/entire_pipeline.py --dimensions 6 --size 5 --seed 6
6,5,6,3.3048293590545654,0.0002372264862060547,1.0578701496124268

*****************************************************************************
*                                                                           *
*                    JOB EFFICIENCY REPORT (seff 4673636)                   *
*                                                                           *
*****************************************************************************

Job ID: 4673636
Cluster: finisterrae3
User/Group: csmusfii/csic
State: COMPLETED (exit code 0)
Nodes: 1
Cores per node: 64
CPU Utilized: 00:02:38
CPU Efficiency: 35.27% of 00:07:28 core-walltime
Job Wall-clock time: 00:00:07
Memory Utilized: 1.47 MB
Memory Efficiency: 0.00% of 64.00 GB

 +++++++++++++++++++++++++++++++++++++++++++++++++++++++++++++++++++++++++++
 ++   Memory Efficiency is too small. Please review the requested memory. ++
 ++ It seems that you do not need that much memory so we recommend        ++
 ++ requesting less memory in other similar jobs.                         ++
 +++++++++++++++++++++++++++++++++++++++++++++++++++++++++++++++++++++++++++
 
*****************************************************************************

