slurmstepd: info: Setting TMPDIR to /scratch/4673661. Previous errors about TMPDIR can be discarded
srun python3 /home/csic/mus/fii/chvi/test/entire_pipeline.py --dimensions 6 --size 6 --seed 11
6,6,11,16.944583654403687,0.0003407001495361328,0.9514703750610352

*****************************************************************************
*                                                                           *
*                    JOB EFFICIENCY REPORT (seff 4673661)                   *
*                                                                           *
*****************************************************************************

Job ID: 4673661
Cluster: finisterrae3
User/Group: csmusfii/csic
State: COMPLETED (exit code 0)
Nodes: 1
Cores per node: 64
CPU Utilized: 00:12:05
CPU Efficiency: 51.49% of 00:23:28 core-walltime
Job Wall-clock time: 00:00:22
Memory Utilized: 1.02 MB
Memory Efficiency: 0.00% of 64.00 GB

 +++++++++++++++++++++++++++++++++++++++++++++++++++++++++++++++++++++++++++
 ++   Memory Efficiency is too small. Please review the requested memory. ++
 ++ It seems that you do not need that much memory so we recommend        ++
 ++ requesting less memory in other similar jobs.                         ++
 +++++++++++++++++++++++++++++++++++++++++++++++++++++++++++++++++++++++++++
 
*****************************************************************************

