slurmstepd: info: Setting TMPDIR to /scratch/4673665. Previous errors about TMPDIR can be discarded
srun python3 /home/csic/mus/fii/chvi/test/entire_pipeline.py --dimensions 6 --size 6 --seed 15
6,6,15,17.39166831970215,0.00020432472229003906,0.9467928409576416

*****************************************************************************
*                                                                           *
*                    JOB EFFICIENCY REPORT (seff 4673665)                   *
*                                                                           *
*****************************************************************************

Job ID: 4673665
Cluster: finisterrae3
User/Group: csmusfii/csic
State: COMPLETED (exit code 0)
Nodes: 1
Cores per node: 64
CPU Utilized: 00:13:03
CPU Efficiency: 53.19% of 00:24:32 core-walltime
Job Wall-clock time: 00:00:23
Memory Utilized: 836.00 KB
Memory Efficiency: 0.00% of 64.00 GB

 +++++++++++++++++++++++++++++++++++++++++++++++++++++++++++++++++++++++++++
 ++   Memory Efficiency is too small. Please review the requested memory. ++
 ++ It seems that you do not need that much memory so we recommend        ++
 ++ requesting less memory in other similar jobs.                         ++
 +++++++++++++++++++++++++++++++++++++++++++++++++++++++++++++++++++++++++++
 
*****************************************************************************

