slurmstepd: info: Setting TMPDIR to /scratch/4673663. Previous errors about TMPDIR can be discarded
srun python3 /home/csic/mus/fii/chvi/test/entire_pipeline.py --dimensions 6 --size 6 --seed 13
6,6,13,0.9276595115661621,0.0001475811004638672,0.9498543739318848

*****************************************************************************
*                                                                           *
*                    JOB EFFICIENCY REPORT (seff 4673663)                   *
*                                                                           *
*****************************************************************************

Job ID: 4673663
Cluster: finisterrae3
User/Group: csmusfii/csic
State: COMPLETED (exit code 0)
Nodes: 1
Cores per node: 64
CPU Utilized: 00:01:04
CPU Efficiency: 14.29% of 00:07:28 core-walltime
Job Wall-clock time: 00:00:07
Memory Utilized: 792.00 KB
Memory Efficiency: 0.00% of 64.00 GB

 +++++++++++++++++++++++++++++++++++++++++++++++++++++++++++++++++++++++++++
 ++   Memory Efficiency is too small. Please review the requested memory. ++
 ++ It seems that you do not need that much memory so we recommend        ++
 ++ requesting less memory in other similar jobs.                         ++
 +++++++++++++++++++++++++++++++++++++++++++++++++++++++++++++++++++++++++++
 
*****************************************************************************

