slurmstepd: info: Setting TMPDIR to /scratch/4673667. Previous errors about TMPDIR can be discarded
srun python3 /home/csic/mus/fii/chvi/test/entire_pipeline.py --dimensions 6 --size 6 --seed 17
6,6,17,16.187925577163696,0.00023126602172851562,0.9544620513916016

*****************************************************************************
*                                                                           *
*                    JOB EFFICIENCY REPORT (seff 4673667)                   *
*                                                                           *
*****************************************************************************

Job ID: 4673667
Cluster: finisterrae3
User/Group: csmusfii/csic
State: COMPLETED (exit code 0)
Nodes: 1
Cores per node: 64
CPU Utilized: 00:12:10
CPU Efficiency: 60.03% of 00:20:16 core-walltime
Job Wall-clock time: 00:00:19
Memory Utilized: 1.29 MB
Memory Efficiency: 0.00% of 64.00 GB

 +++++++++++++++++++++++++++++++++++++++++++++++++++++++++++++++++++++++++++
 ++   Memory Efficiency is too small. Please review the requested memory. ++
 ++ It seems that you do not need that much memory so we recommend        ++
 ++ requesting less memory in other similar jobs.                         ++
 +++++++++++++++++++++++++++++++++++++++++++++++++++++++++++++++++++++++++++
 
*****************************************************************************

