slurmstepd: info: Setting TMPDIR to /scratch/4673656. Previous errors about TMPDIR can be discarded
srun python3 /home/csic/mus/fii/chvi/test/entire_pipeline.py --dimensions 6 --size 6 --seed 6
6,6,6,16.047532320022583,0.0002357959747314453,0.9695611000061035

*****************************************************************************
*                                                                           *
*                    JOB EFFICIENCY REPORT (seff 4673656)                   *
*                                                                           *
*****************************************************************************

Job ID: 4673656
Cluster: finisterrae3
User/Group: csmusfii/csic
State: COMPLETED (exit code 0)
Nodes: 1
Cores per node: 64
CPU Utilized: 00:11:59
CPU Efficiency: 59.13% of 00:20:16 core-walltime
Job Wall-clock time: 00:00:19
Memory Utilized: 1.03 MB
Memory Efficiency: 0.00% of 64.00 GB

 +++++++++++++++++++++++++++++++++++++++++++++++++++++++++++++++++++++++++++
 ++   Memory Efficiency is too small. Please review the requested memory. ++
 ++ It seems that you do not need that much memory so we recommend        ++
 ++ requesting less memory in other similar jobs.                         ++
 +++++++++++++++++++++++++++++++++++++++++++++++++++++++++++++++++++++++++++
 
*****************************************************************************

