slurmstepd: info: Setting TMPDIR to /scratch/4673666. Previous errors about TMPDIR can be discarded
srun python3 /home/csic/mus/fii/chvi/test/entire_pipeline.py --dimensions 6 --size 6 --seed 16
6,6,16,17.255093574523926,0.000209808349609375,1.0597972869873047

*****************************************************************************
*                                                                           *
*                    JOB EFFICIENCY REPORT (seff 4673666)                   *
*                                                                           *
*****************************************************************************

Job ID: 4673666
Cluster: finisterrae3
User/Group: csmusfii/csic
State: COMPLETED (exit code 0)
Nodes: 1
Cores per node: 64
CPU Utilized: 00:12:10
CPU Efficiency: 49.59% of 00:24:32 core-walltime
Job Wall-clock time: 00:00:23
Memory Utilized: 732.00 KB
Memory Efficiency: 0.00% of 64.00 GB

 +++++++++++++++++++++++++++++++++++++++++++++++++++++++++++++++++++++++++++
 ++   Memory Efficiency is too small. Please review the requested memory. ++
 ++ It seems that you do not need that much memory so we recommend        ++
 ++ requesting less memory in other similar jobs.                         ++
 +++++++++++++++++++++++++++++++++++++++++++++++++++++++++++++++++++++++++++
 
*****************************************************************************

