slurmstepd: info: Setting TMPDIR to /scratch/4673655. Previous errors about TMPDIR can be discarded
srun python3 /home/csic/mus/fii/chvi/test/entire_pipeline.py --dimensions 6 --size 6 --seed 5
6,6,5,17.532731294631958,0.0003085136413574219,0.9545331001281738

*****************************************************************************
*                                                                           *
*                    JOB EFFICIENCY REPORT (seff 4673655)                   *
*                                                                           *
*****************************************************************************

Job ID: 4673655
Cluster: finisterrae3
User/Group: csmusfii/csic
State: COMPLETED (exit code 0)
Nodes: 1
Cores per node: 64
CPU Utilized: 00:12:06
CPU Efficiency: 56.72% of 00:21:20 core-walltime
Job Wall-clock time: 00:00:20
Memory Utilized: 832.00 KB
Memory Efficiency: 0.00% of 64.00 GB

 +++++++++++++++++++++++++++++++++++++++++++++++++++++++++++++++++++++++++++
 ++   Memory Efficiency is too small. Please review the requested memory. ++
 ++ It seems that you do not need that much memory so we recommend        ++
 ++ requesting less memory in other similar jobs.                         ++
 +++++++++++++++++++++++++++++++++++++++++++++++++++++++++++++++++++++++++++
 
*****************************************************************************

