slurmstepd: info: Setting TMPDIR to /scratch/4673668. Previous errors about TMPDIR can be discarded
srun python3 /home/csic/mus/fii/chvi/test/entire_pipeline.py --dimensions 6 --size 6 --seed 18
6,6,18,15.764003992080688,0.00024199485778808594,0.9731521606445312

*****************************************************************************
*                                                                           *
*                    JOB EFFICIENCY REPORT (seff 4673668)                   *
*                                                                           *
*****************************************************************************

Job ID: 4673668
Cluster: finisterrae3
User/Group: csmusfii/csic
State: COMPLETED (exit code 0)
Nodes: 1
Cores per node: 64
CPU Utilized: 00:12:11
CPU Efficiency: 60.12% of 00:20:16 core-walltime
Job Wall-clock time: 00:00:19
Memory Utilized: 660.00 KB
Memory Efficiency: 0.00% of 64.00 GB

 +++++++++++++++++++++++++++++++++++++++++++++++++++++++++++++++++++++++++++
 ++   Memory Efficiency is too small. Please review the requested memory. ++
 ++ It seems that you do not need that much memory so we recommend        ++
 ++ requesting less memory in other similar jobs.                         ++
 +++++++++++++++++++++++++++++++++++++++++++++++++++++++++++++++++++++++++++
 
*****************************************************************************

