slurmstepd: info: Setting TMPDIR to /scratch/4673654. Previous errors about TMPDIR can be discarded
srun python3 /home/csic/mus/fii/chvi/test/entire_pipeline.py --dimensions 6 --size 6 --seed 4
6,6,4,0.9539194107055664,0.00022268295288085938,1.0671741962432861

*****************************************************************************
*                                                                           *
*                    JOB EFFICIENCY REPORT (seff 4673654)                   *
*                                                                           *
*****************************************************************************

Job ID: 4673654
Cluster: finisterrae3
User/Group: csmusfii/csic
State: COMPLETED (exit code 0)
Nodes: 1
Cores per node: 64
CPU Utilized: 00:01:06
CPU Efficiency: 25.78% of 00:04:16 core-walltime
Job Wall-clock time: 00:00:04
Memory Utilized: 1.16 MB
Memory Efficiency: 0.00% of 64.00 GB

 +++++++++++++++++++++++++++++++++++++++++++++++++++++++++++++++++++++++++++
 ++   Memory Efficiency is too small. Please review the requested memory. ++
 ++ It seems that you do not need that much memory so we recommend        ++
 ++ requesting less memory in other similar jobs.                         ++
 +++++++++++++++++++++++++++++++++++++++++++++++++++++++++++++++++++++++++++
 
*****************************************************************************

