slurmstepd: info: Setting TMPDIR to /scratch/4673664. Previous errors about TMPDIR can be discarded
srun python3 /home/csic/mus/fii/chvi/test/entire_pipeline.py --dimensions 6 --size 6 --seed 14
6,6,14,17.079203128814697,0.0002162456512451172,0.953150749206543

*****************************************************************************
*                                                                           *
*                    JOB EFFICIENCY REPORT (seff 4673664)                   *
*                                                                           *
*****************************************************************************

Job ID: 4673664
Cluster: finisterrae3
User/Group: csmusfii/csic
State: COMPLETED (exit code 0)
Nodes: 1
Cores per node: 64
CPU Utilized: 00:11:59
CPU Efficiency: 48.85% of 00:24:32 core-walltime
Job Wall-clock time: 00:00:23
Memory Utilized: 1.25 MB
Memory Efficiency: 0.00% of 64.00 GB

 +++++++++++++++++++++++++++++++++++++++++++++++++++++++++++++++++++++++++++
 ++   Memory Efficiency is too small. Please review the requested memory. ++
 ++ It seems that you do not need that much memory so we recommend        ++
 ++ requesting less memory in other similar jobs.                         ++
 +++++++++++++++++++++++++++++++++++++++++++++++++++++++++++++++++++++++++++
 
*****************************************************************************

