slurmstepd: info: Setting TMPDIR to /scratch/4673659. Previous errors about TMPDIR can be discarded
srun python3 /home/csic/mus/fii/chvi/test/entire_pipeline.py --dimensions 6 --size 6 --seed 9
6,6,9,17.507158994674683,0.0002148151397705078,0.9798104763031006

*****************************************************************************
*                                                                           *
*                    JOB EFFICIENCY REPORT (seff 4673659)                   *
*                                                                           *
*****************************************************************************

Job ID: 4673659
Cluster: finisterrae3
User/Group: csmusfii/csic
State: COMPLETED (exit code 0)
Nodes: 1
Cores per node: 64
CPU Utilized: 00:12:51
CPU Efficiency: 60.23% of 00:21:20 core-walltime
Job Wall-clock time: 00:00:20
Memory Utilized: 660.00 KB
Memory Efficiency: 0.00% of 64.00 GB

 +++++++++++++++++++++++++++++++++++++++++++++++++++++++++++++++++++++++++++
 ++   Memory Efficiency is too small. Please review the requested memory. ++
 ++ It seems that you do not need that much memory so we recommend        ++
 ++ requesting less memory in other similar jobs.                         ++
 +++++++++++++++++++++++++++++++++++++++++++++++++++++++++++++++++++++++++++
 
*****************************************************************************

