slurmstepd: info: Setting TMPDIR to /scratch/4673652. Previous errors about TMPDIR can be discarded
srun python3 /home/csic/mus/fii/chvi/test/entire_pipeline.py --dimensions 6 --size 6 --seed 2
6,6,2,17.248053550720215,0.0002865791320800781,0.9885153770446777

*****************************************************************************
*                                                                           *
*                    JOB EFFICIENCY REPORT (seff 4673652)                   *
*                                                                           *
*****************************************************************************

Job ID: 4673652
Cluster: finisterrae3
User/Group: csmusfii/csic
State: COMPLETED (exit code 0)
Nodes: 1
Cores per node: 64
CPU Utilized: 00:11:57
CPU Efficiency: 56.02% of 00:21:20 core-walltime
Job Wall-clock time: 00:00:20
Memory Utilized: 2.32 MB
Memory Efficiency: 0.00% of 64.00 GB

 +++++++++++++++++++++++++++++++++++++++++++++++++++++++++++++++++++++++++++
 ++   Memory Efficiency is too small. Please review the requested memory. ++
 ++ It seems that you do not need that much memory so we recommend        ++
 ++ requesting less memory in other similar jobs.                         ++
 +++++++++++++++++++++++++++++++++++++++++++++++++++++++++++++++++++++++++++
 
*****************************************************************************

