slurmstepd: info: Setting TMPDIR to /scratch/4673673. Previous errors about TMPDIR can be discarded
srun python3 /home/csic/mus/fii/chvi/test/entire_pipeline.py --dimensions 6 --size 7 --seed 3
6,7,3,3.2638702392578125,0.0001704692840576172,0.9720900058746338

*****************************************************************************
*                                                                           *
*                    JOB EFFICIENCY REPORT (seff 4673673)                   *
*                                                                           *
*****************************************************************************

Job ID: 4673673
Cluster: finisterrae3
User/Group: csmusfii/csic
State: COMPLETED (exit code 0)
Nodes: 1
Cores per node: 64
CPU Utilized: 00:03:25
CPU Efficiency: 45.76% of 00:07:28 core-walltime
Job Wall-clock time: 00:00:07
Memory Utilized: 960.00 KB
Memory Efficiency: 0.00% of 64.00 GB

 +++++++++++++++++++++++++++++++++++++++++++++++++++++++++++++++++++++++++++
 ++   Memory Efficiency is too small. Please review the requested memory. ++
 ++ It seems that you do not need that much memory so we recommend        ++
 ++ requesting less memory in other similar jobs.                         ++
 +++++++++++++++++++++++++++++++++++++++++++++++++++++++++++++++++++++++++++
 
*****************************************************************************

