slurmstepd: info: Setting TMPDIR to /scratch/4673675. Previous errors about TMPDIR can be discarded
srun python3 /home/csic/mus/fii/chvi/test/entire_pipeline.py --dimensions 6 --size 7 --seed 5
6,7,5,60.18371367454529,0.0003330707550048828,1.0352966785430908

*****************************************************************************
*                                                                           *
*                    JOB EFFICIENCY REPORT (seff 4673675)                   *
*                                                                           *
*****************************************************************************

Job ID: 4673675
Cluster: finisterrae3
User/Group: csmusfii/csic
State: COMPLETED (exit code 0)
Nodes: 1
Cores per node: 64
CPU Utilized: 00:46:06
CPU Efficiency: 67.53% of 01:08:16 core-walltime
Job Wall-clock time: 00:01:04
Memory Utilized: 378.47 MB
Memory Efficiency: 0.58% of 64.00 GB

 +++++++++++++++++++++++++++++++++++++++++++++++++++++++++++++++++++++++++++
 ++   Memory Efficiency is too small. Please review the requested memory. ++
 ++ It seems that you do not need that much memory so we recommend        ++
 ++ requesting less memory in other similar jobs.                         ++
 +++++++++++++++++++++++++++++++++++++++++++++++++++++++++++++++++++++++++++
 
*****************************************************************************

