slurmstepd: info: Setting TMPDIR to /scratch/4673690. Previous errors about TMPDIR can be discarded
srun python3 /home/csic/mus/fii/chvi/test/entire_pipeline.py --dimensions 6 --size 7 --seed 20
6,7,20,61.121957302093506,0.0002467632293701172,0.986863374710083

*****************************************************************************
*                                                                           *
*                    JOB EFFICIENCY REPORT (seff 4673690)                   *
*                                                                           *
*****************************************************************************

Job ID: 4673690
Cluster: finisterrae3
User/Group: csmusfii/csic
State: COMPLETED (exit code 0)
Nodes: 1
Cores per node: 64
CPU Utilized: 00:46:24
CPU Efficiency: 67.97% of 01:08:16 core-walltime
Job Wall-clock time: 00:01:04
Memory Utilized: 373.82 MB
Memory Efficiency: 0.57% of 64.00 GB

 +++++++++++++++++++++++++++++++++++++++++++++++++++++++++++++++++++++++++++
 ++   Memory Efficiency is too small. Please review the requested memory. ++
 ++ It seems that you do not need that much memory so we recommend        ++
 ++ requesting less memory in other similar jobs.                         ++
 +++++++++++++++++++++++++++++++++++++++++++++++++++++++++++++++++++++++++++
 
*****************************************************************************

