slurmstepd: info: Setting TMPDIR to /scratch/4673687. Previous errors about TMPDIR can be discarded
srun python3 /home/csic/mus/fii/chvi/test/entire_pipeline.py --dimensions 6 --size 7 --seed 17
6,7,17,67.50385546684265,0.00023221969604492188,0.9846162796020508

*****************************************************************************
*                                                                           *
*                    JOB EFFICIENCY REPORT (seff 4673687)                   *
*                                                                           *
*****************************************************************************

Job ID: 4673687
Cluster: finisterrae3
User/Group: csmusfii/csic
State: COMPLETED (exit code 0)
Nodes: 1
Cores per node: 64
CPU Utilized: 00:46:14
CPU Efficiency: 61.92% of 01:14:40 core-walltime
Job Wall-clock time: 00:01:10
Memory Utilized: 376.63 MB
Memory Efficiency: 0.57% of 64.00 GB

 +++++++++++++++++++++++++++++++++++++++++++++++++++++++++++++++++++++++++++
 ++   Memory Efficiency is too small. Please review the requested memory. ++
 ++ It seems that you do not need that much memory so we recommend        ++
 ++ requesting less memory in other similar jobs.                         ++
 +++++++++++++++++++++++++++++++++++++++++++++++++++++++++++++++++++++++++++
 
*****************************************************************************

