slurmstepd: info: Setting TMPDIR to /scratch/4673676. Previous errors about TMPDIR can be discarded
srun python3 /home/csic/mus/fii/chvi/test/entire_pipeline.py --dimensions 6 --size 7 --seed 6
6,7,6,58.06243443489075,0.0003082752227783203,0.9808657169342041

*****************************************************************************
*                                                                           *
*                    JOB EFFICIENCY REPORT (seff 4673676)                   *
*                                                                           *
*****************************************************************************

Job ID: 4673676
Cluster: finisterrae3
User/Group: csmusfii/csic
State: COMPLETED (exit code 0)
Nodes: 1
Cores per node: 64
CPU Utilized: 00:45:19
CPU Efficiency: 69.65% of 01:05:04 core-walltime
Job Wall-clock time: 00:01:01
Memory Utilized: 346.18 MB
Memory Efficiency: 0.53% of 64.00 GB

 +++++++++++++++++++++++++++++++++++++++++++++++++++++++++++++++++++++++++++
 ++   Memory Efficiency is too small. Please review the requested memory. ++
 ++ It seems that you do not need that much memory so we recommend        ++
 ++ requesting less memory in other similar jobs.                         ++
 +++++++++++++++++++++++++++++++++++++++++++++++++++++++++++++++++++++++++++
 
*****************************************************************************

