slurmstepd: info: Setting TMPDIR to /scratch/4673683. Previous errors about TMPDIR can be discarded
srun python3 /home/csic/mus/fii/chvi/test/entire_pipeline.py --dimensions 6 --size 7 --seed 13
6,7,13,59.651116609573364,0.00025963783264160156,0.9960143566131592

*****************************************************************************
*                                                                           *
*                    JOB EFFICIENCY REPORT (seff 4673683)                   *
*                                                                           *
*****************************************************************************

Job ID: 4673683
Cluster: finisterrae3
User/Group: csmusfii/csic
State: COMPLETED (exit code 0)
Nodes: 1
Cores per node: 64
CPU Utilized: 00:45:51
CPU Efficiency: 68.23% of 01:07:12 core-walltime
Job Wall-clock time: 00:01:03
Memory Utilized: 349.73 MB
Memory Efficiency: 0.53% of 64.00 GB

 +++++++++++++++++++++++++++++++++++++++++++++++++++++++++++++++++++++++++++
 ++   Memory Efficiency is too small. Please review the requested memory. ++
 ++ It seems that you do not need that much memory so we recommend        ++
 ++ requesting less memory in other similar jobs.                         ++
 +++++++++++++++++++++++++++++++++++++++++++++++++++++++++++++++++++++++++++
 
*****************************************************************************

