slurmstepd: info: Setting TMPDIR to /scratch/4673680. Previous errors about TMPDIR can be discarded
srun python3 /home/csic/mus/fii/chvi/test/entire_pipeline.py --dimensions 6 --size 7 --seed 10
6,7,10,58.15819597244263,0.00019741058349609375,0.9713163375854492

*****************************************************************************
*                                                                           *
*                    JOB EFFICIENCY REPORT (seff 4673680)                   *
*                                                                           *
*****************************************************************************

Job ID: 4673680
Cluster: finisterrae3
User/Group: csmusfii/csic
State: COMPLETED (exit code 0)
Nodes: 1
Cores per node: 64
CPU Utilized: 00:45:23
CPU Efficiency: 68.62% of 01:06:08 core-walltime
Job Wall-clock time: 00:01:02
Memory Utilized: 351.43 MB
Memory Efficiency: 0.54% of 64.00 GB

 +++++++++++++++++++++++++++++++++++++++++++++++++++++++++++++++++++++++++++
 ++   Memory Efficiency is too small. Please review the requested memory. ++
 ++ It seems that you do not need that much memory so we recommend        ++
 ++ requesting less memory in other similar jobs.                         ++
 +++++++++++++++++++++++++++++++++++++++++++++++++++++++++++++++++++++++++++
 
*****************************************************************************

