slurmstepd: info: Setting TMPDIR to /scratch/4673674. Previous errors about TMPDIR can be discarded
srun python3 /home/csic/mus/fii/chvi/test/entire_pipeline.py --dimensions 6 --size 7 --seed 4
6,7,4,59.6171395778656,0.0003764629364013672,1.0526413917541504

*****************************************************************************
*                                                                           *
*                    JOB EFFICIENCY REPORT (seff 4673674)                   *
*                                                                           *
*****************************************************************************

Job ID: 4673674
Cluster: finisterrae3
User/Group: csmusfii/csic
State: COMPLETED (exit code 0)
Nodes: 1
Cores per node: 64
CPU Utilized: 00:45:42
CPU Efficiency: 68.01% of 01:07:12 core-walltime
Job Wall-clock time: 00:01:03
Memory Utilized: 370.87 MB
Memory Efficiency: 0.57% of 64.00 GB

 +++++++++++++++++++++++++++++++++++++++++++++++++++++++++++++++++++++++++++
 ++   Memory Efficiency is too small. Please review the requested memory. ++
 ++ It seems that you do not need that much memory so we recommend        ++
 ++ requesting less memory in other similar jobs.                         ++
 +++++++++++++++++++++++++++++++++++++++++++++++++++++++++++++++++++++++++++
 
*****************************************************************************

