slurmstepd: info: Setting TMPDIR to /scratch/4673678. Previous errors about TMPDIR can be discarded
srun python3 /home/csic/mus/fii/chvi/test/entire_pipeline.py --dimensions 6 --size 7 --seed 8
6,7,8,58.15638065338135,0.0002048015594482422,0.9868974685668945

*****************************************************************************
*                                                                           *
*                    JOB EFFICIENCY REPORT (seff 4673678)                   *
*                                                                           *
*****************************************************************************

Job ID: 4673678
Cluster: finisterrae3
User/Group: csmusfii/csic
State: COMPLETED (exit code 0)
Nodes: 1
Cores per node: 64
CPU Utilized: 00:45:35
CPU Efficiency: 70.06% of 01:05:04 core-walltime
Job Wall-clock time: 00:01:01
Memory Utilized: 348.20 MB
Memory Efficiency: 0.53% of 64.00 GB

 +++++++++++++++++++++++++++++++++++++++++++++++++++++++++++++++++++++++++++
 ++   Memory Efficiency is too small. Please review the requested memory. ++
 ++ It seems that you do not need that much memory so we recommend        ++
 ++ requesting less memory in other similar jobs.                         ++
 +++++++++++++++++++++++++++++++++++++++++++++++++++++++++++++++++++++++++++
 
*****************************************************************************

