slurmstepd: info: Setting TMPDIR to /scratch/4673689. Previous errors about TMPDIR can be discarded
srun python3 /home/csic/mus/fii/chvi/test/entire_pipeline.py --dimensions 6 --size 7 --seed 19
6,7,19,60.27620458602905,0.00036406517028808594,0.9931707382202148

*****************************************************************************
*                                                                           *
*                    JOB EFFICIENCY REPORT (seff 4673689)                   *
*                                                                           *
*****************************************************************************

Job ID: 4673689
Cluster: finisterrae3
User/Group: csmusfii/csic
State: COMPLETED (exit code 0)
Nodes: 1
Cores per node: 64
CPU Utilized: 00:45:53
CPU Efficiency: 68.28% of 01:07:12 core-walltime
Job Wall-clock time: 00:01:03
Memory Utilized: 373.21 MB
Memory Efficiency: 0.57% of 64.00 GB

 +++++++++++++++++++++++++++++++++++++++++++++++++++++++++++++++++++++++++++
 ++   Memory Efficiency is too small. Please review the requested memory. ++
 ++ It seems that you do not need that much memory so we recommend        ++
 ++ requesting less memory in other similar jobs.                         ++
 +++++++++++++++++++++++++++++++++++++++++++++++++++++++++++++++++++++++++++
 
*****************************************************************************

