slurmstepd: info: Setting TMPDIR to /scratch/4673688. Previous errors about TMPDIR can be discarded
srun python3 /home/csic/mus/fii/chvi/test/entire_pipeline.py --dimensions 6 --size 7 --seed 18
6,7,18,59.299776554107666,0.0003333091735839844,0.9845056533813477

*****************************************************************************
*                                                                           *
*                    JOB EFFICIENCY REPORT (seff 4673688)                   *
*                                                                           *
*****************************************************************************

Job ID: 4673688
Cluster: finisterrae3
User/Group: csmusfii/csic
State: COMPLETED (exit code 0)
Nodes: 1
Cores per node: 64
CPU Utilized: 00:46:09
CPU Efficiency: 69.78% of 01:06:08 core-walltime
Job Wall-clock time: 00:01:02
Memory Utilized: 348.95 MB
Memory Efficiency: 0.53% of 64.00 GB

 +++++++++++++++++++++++++++++++++++++++++++++++++++++++++++++++++++++++++++
 ++   Memory Efficiency is too small. Please review the requested memory. ++
 ++ It seems that you do not need that much memory so we recommend        ++
 ++ requesting less memory in other similar jobs.                         ++
 +++++++++++++++++++++++++++++++++++++++++++++++++++++++++++++++++++++++++++
 
*****************************************************************************

