slurmstepd: info: Setting TMPDIR to /scratch/4673685. Previous errors about TMPDIR can be discarded
srun python3 /home/csic/mus/fii/chvi/test/entire_pipeline.py --dimensions 6 --size 7 --seed 15
6,7,15,3.3407931327819824,0.00023937225341796875,0.9919471740722656

*****************************************************************************
*                                                                           *
*                    JOB EFFICIENCY REPORT (seff 4673685)                   *
*                                                                           *
*****************************************************************************

Job ID: 4673685
Cluster: finisterrae3
User/Group: csmusfii/csic
State: COMPLETED (exit code 0)
Nodes: 1
Cores per node: 64
CPU Utilized: 00:03:29
CPU Efficiency: 46.65% of 00:07:28 core-walltime
Job Wall-clock time: 00:00:07
Memory Utilized: 2.55 MB
Memory Efficiency: 0.00% of 64.00 GB

 +++++++++++++++++++++++++++++++++++++++++++++++++++++++++++++++++++++++++++
 ++   Memory Efficiency is too small. Please review the requested memory. ++
 ++ It seems that you do not need that much memory so we recommend        ++
 ++ requesting less memory in other similar jobs.                         ++
 +++++++++++++++++++++++++++++++++++++++++++++++++++++++++++++++++++++++++++
 
*****************************************************************************

