slurmstepd: info: Setting TMPDIR to /scratch/4673679. Previous errors about TMPDIR can be discarded
srun python3 /home/csic/mus/fii/chvi/test/entire_pipeline.py --dimensions 6 --size 7 --seed 9
6,7,9,62.32508873939514,0.00022912025451660156,0.9939537048339844

*****************************************************************************
*                                                                           *
*                    JOB EFFICIENCY REPORT (seff 4673679)                   *
*                                                                           *
*****************************************************************************

Job ID: 4673679
Cluster: finisterrae3
User/Group: csmusfii/csic
State: COMPLETED (exit code 0)
Nodes: 1
Cores per node: 64
CPU Utilized: 00:45:37
CPU Efficiency: 64.80% of 01:10:24 core-walltime
Job Wall-clock time: 00:01:06
Memory Utilized: 372.92 MB
Memory Efficiency: 0.57% of 64.00 GB

 +++++++++++++++++++++++++++++++++++++++++++++++++++++++++++++++++++++++++++
 ++   Memory Efficiency is too small. Please review the requested memory. ++
 ++ It seems that you do not need that much memory so we recommend        ++
 ++ requesting less memory in other similar jobs.                         ++
 +++++++++++++++++++++++++++++++++++++++++++++++++++++++++++++++++++++++++++
 
*****************************************************************************

