slurmstepd: info: Setting TMPDIR to /scratch/4673682. Previous errors about TMPDIR can be discarded
srun python3 /home/csic/mus/fii/chvi/test/entire_pipeline.py --dimensions 6 --size 7 --seed 12
6,7,12,3.368455410003662,0.00016069412231445312,0.9719080924987793

*****************************************************************************
*                                                                           *
*                    JOB EFFICIENCY REPORT (seff 4673682)                   *
*                                                                           *
*****************************************************************************

Job ID: 4673682
Cluster: finisterrae3
User/Group: csmusfii/csic
State: COMPLETED (exit code 0)
Nodes: 1
Cores per node: 64
CPU Utilized: 00:03:25
CPU Efficiency: 45.76% of 00:07:28 core-walltime
Job Wall-clock time: 00:00:07
Memory Utilized: 2.15 MB
Memory Efficiency: 0.00% of 64.00 GB

 +++++++++++++++++++++++++++++++++++++++++++++++++++++++++++++++++++++++++++
 ++   Memory Efficiency is too small. Please review the requested memory. ++
 ++ It seems that you do not need that much memory so we recommend        ++
 ++ requesting less memory in other similar jobs.                         ++
 +++++++++++++++++++++++++++++++++++++++++++++++++++++++++++++++++++++++++++
 
*****************************************************************************

