slurmstepd: info: Setting TMPDIR to /scratch/4673686. Previous errors about TMPDIR can be discarded
srun python3 /home/csic/mus/fii/chvi/test/entire_pipeline.py --dimensions 6 --size 7 --seed 16
6,7,16,3.2849838733673096,0.00016546249389648438,0.967604398727417

*****************************************************************************
*                                                                           *
*                    JOB EFFICIENCY REPORT (seff 4673686)                   *
*                                                                           *
*****************************************************************************

Job ID: 4673686
Cluster: finisterrae3
User/Group: csmusfii/csic
State: COMPLETED (exit code 0)
Nodes: 1
Cores per node: 64
CPU Utilized: 00:03:26
CPU Efficiency: 45.98% of 00:07:28 core-walltime
Job Wall-clock time: 00:00:07
Memory Utilized: 1.16 MB
Memory Efficiency: 0.00% of 64.00 GB

 +++++++++++++++++++++++++++++++++++++++++++++++++++++++++++++++++++++++++++
 ++   Memory Efficiency is too small. Please review the requested memory. ++
 ++ It seems that you do not need that much memory so we recommend        ++
 ++ requesting less memory in other similar jobs.                         ++
 +++++++++++++++++++++++++++++++++++++++++++++++++++++++++++++++++++++++++++
 
*****************************************************************************

