slurmstepd: info: Setting TMPDIR to /scratch/4673672. Previous errors about TMPDIR can be discarded
srun python3 /home/csic/mus/fii/chvi/test/entire_pipeline.py --dimensions 6 --size 7 --seed 2
6,7,2,57.386030435562134,0.0002818107604980469,1.1037054061889648

*****************************************************************************
*                                                                           *
*                    JOB EFFICIENCY REPORT (seff 4673672)                   *
*                                                                           *
*****************************************************************************

Job ID: 4673672
Cluster: finisterrae3
User/Group: csmusfii/csic
State: COMPLETED (exit code 0)
Nodes: 1
Cores per node: 64
CPU Utilized: 00:45:39
CPU Efficiency: 71.33% of 01:04:00 core-walltime
Job Wall-clock time: 00:01:00
Memory Utilized: 353.52 MB
Memory Efficiency: 0.54% of 64.00 GB

 +++++++++++++++++++++++++++++++++++++++++++++++++++++++++++++++++++++++++++
 ++   Memory Efficiency is too small. Please review the requested memory. ++
 ++ It seems that you do not need that much memory so we recommend        ++
 ++ requesting less memory in other similar jobs.                         ++
 +++++++++++++++++++++++++++++++++++++++++++++++++++++++++++++++++++++++++++
 
*****************************************************************************

