slurmstepd: info: Setting TMPDIR to /scratch/4673698. Previous errors about TMPDIR can be discarded
srun python3 /home/csic/mus/fii/chvi/test/entire_pipeline.py --dimensions 6 --size 8 --seed 8
6,8,8,188.25910830497742,0.00024056434631347656,0.9577009677886963

*****************************************************************************
*                                                                           *
*                    JOB EFFICIENCY REPORT (seff 4673698)                   *
*                                                                           *
*****************************************************************************

Job ID: 4673698
Cluster: finisterrae3
User/Group: csmusfii/csic
State: COMPLETED (exit code 0)
Nodes: 1
Cores per node: 64
CPU Utilized: 02:20:43
CPU Efficiency: 69.43% of 03:22:40 core-walltime
Job Wall-clock time: 00:03:10
Memory Utilized: 868.63 MB
Memory Efficiency: 1.33% of 64.00 GB

 +++++++++++++++++++++++++++++++++++++++++++++++++++++++++++++++++++++++++++
 ++   Memory Efficiency is too small. Please review the requested memory. ++
 ++ It seems that you do not need that much memory so we recommend        ++
 ++ requesting less memory in other similar jobs.                         ++
 +++++++++++++++++++++++++++++++++++++++++++++++++++++++++++++++++++++++++++
 
*****************************************************************************

