slurmstepd: info: Setting TMPDIR to /scratch/4673697. Previous errors about TMPDIR can be discarded
srun python3 /home/csic/mus/fii/chvi/test/entire_pipeline.py --dimensions 6 --size 8 --seed 7
6,8,7,181.81570553779602,0.0005002021789550781,1.0145716667175293

*****************************************************************************
*                                                                           *
*                    JOB EFFICIENCY REPORT (seff 4673697)                   *
*                                                                           *
*****************************************************************************

Job ID: 4673697
Cluster: finisterrae3
User/Group: csmusfii/csic
State: COMPLETED (exit code 0)
Nodes: 1
Cores per node: 64
CPU Utilized: 02:18:52
CPU Efficiency: 70.75% of 03:16:16 core-walltime
Job Wall-clock time: 00:03:04
Memory Utilized: 868.29 MB
Memory Efficiency: 1.32% of 64.00 GB

 +++++++++++++++++++++++++++++++++++++++++++++++++++++++++++++++++++++++++++
 ++   Memory Efficiency is too small. Please review the requested memory. ++
 ++ It seems that you do not need that much memory so we recommend        ++
 ++ requesting less memory in other similar jobs.                         ++
 +++++++++++++++++++++++++++++++++++++++++++++++++++++++++++++++++++++++++++
 
*****************************************************************************

