slurmstepd: info: Setting TMPDIR to /scratch/4673692. Previous errors about TMPDIR can be discarded
srun python3 /home/csic/mus/fii/chvi/test/entire_pipeline.py --dimensions 6 --size 8 --seed 2
6,8,2,193.7603681087494,0.00041174888610839844,0.9716246128082275

*****************************************************************************
*                                                                           *
*                    JOB EFFICIENCY REPORT (seff 4673692)                   *
*                                                                           *
*****************************************************************************

Job ID: 4673692
Cluster: finisterrae3
User/Group: csmusfii/csic
State: COMPLETED (exit code 0)
Nodes: 1
Cores per node: 64
CPU Utilized: 02:19:15
CPU Efficiency: 66.27% of 03:30:08 core-walltime
Job Wall-clock time: 00:03:17
Memory Utilized: 868.54 MB
Memory Efficiency: 1.33% of 64.00 GB

 +++++++++++++++++++++++++++++++++++++++++++++++++++++++++++++++++++++++++++
 ++   Memory Efficiency is too small. Please review the requested memory. ++
 ++ It seems that you do not need that much memory so we recommend        ++
 ++ requesting less memory in other similar jobs.                         ++
 +++++++++++++++++++++++++++++++++++++++++++++++++++++++++++++++++++++++++++
 
*****************************************************************************

