slurmstepd: info: Setting TMPDIR to /scratch/4673700. Previous errors about TMPDIR can be discarded
srun python3 /home/csic/mus/fii/chvi/test/entire_pipeline.py --dimensions 6 --size 8 --seed 10
6,8,10,191.22183537483215,0.0004801750183105469,1.004326343536377

*****************************************************************************
*                                                                           *
*                    JOB EFFICIENCY REPORT (seff 4673700)                   *
*                                                                           *
*****************************************************************************

Job ID: 4673700
Cluster: finisterrae3
User/Group: csmusfii/csic
State: COMPLETED (exit code 0)
Nodes: 1
Cores per node: 64
CPU Utilized: 02:19:20
CPU Efficiency: 67.68% of 03:25:52 core-walltime
Job Wall-clock time: 00:03:13
Memory Utilized: 868.98 MB
Memory Efficiency: 1.33% of 64.00 GB

 +++++++++++++++++++++++++++++++++++++++++++++++++++++++++++++++++++++++++++
 ++   Memory Efficiency is too small. Please review the requested memory. ++
 ++ It seems that you do not need that much memory so we recommend        ++
 ++ requesting less memory in other similar jobs.                         ++
 +++++++++++++++++++++++++++++++++++++++++++++++++++++++++++++++++++++++++++
 
*****************************************************************************

