slurmstepd: info: Setting TMPDIR to /scratch/4673704. Previous errors about TMPDIR can be discarded
srun python3 /home/csic/mus/fii/chvi/test/entire_pipeline.py --dimensions 6 --size 8 --seed 14
6,8,14,181.00862741470337,0.00033020973205566406,1.1433768272399902

*****************************************************************************
*                                                                           *
*                    JOB EFFICIENCY REPORT (seff 4673704)                   *
*                                                                           *
*****************************************************************************

Job ID: 4673704
Cluster: finisterrae3
User/Group: csmusfii/csic
State: COMPLETED (exit code 0)
Nodes: 1
Cores per node: 64
CPU Utilized: 02:19:15
CPU Efficiency: 70.57% of 03:17:20 core-walltime
Job Wall-clock time: 00:03:05
Memory Utilized: 874.15 MB
Memory Efficiency: 1.33% of 64.00 GB

 +++++++++++++++++++++++++++++++++++++++++++++++++++++++++++++++++++++++++++
 ++   Memory Efficiency is too small. Please review the requested memory. ++
 ++ It seems that you do not need that much memory so we recommend        ++
 ++ requesting less memory in other similar jobs.                         ++
 +++++++++++++++++++++++++++++++++++++++++++++++++++++++++++++++++++++++++++
 
*****************************************************************************

