slurmstepd: info: Setting TMPDIR to /scratch/4673708. Previous errors about TMPDIR can be discarded
srun python3 /home/csic/mus/fii/chvi/test/entire_pipeline.py --dimensions 6 --size 8 --seed 18
6,8,18,205.45856404304504,0.00034618377685546875,1.0346603393554688

*****************************************************************************
*                                                                           *
*                    JOB EFFICIENCY REPORT (seff 4673708)                   *
*                                                                           *
*****************************************************************************

Job ID: 4673708
Cluster: finisterrae3
User/Group: csmusfii/csic
State: COMPLETED (exit code 0)
Nodes: 1
Cores per node: 64
CPU Utilized: 02:18:44
CPU Efficiency: 62.23% of 03:42:56 core-walltime
Job Wall-clock time: 00:03:29
Memory Utilized: 863.70 MB
Memory Efficiency: 1.32% of 64.00 GB

 +++++++++++++++++++++++++++++++++++++++++++++++++++++++++++++++++++++++++++
 ++   Memory Efficiency is too small. Please review the requested memory. ++
 ++ It seems that you do not need that much memory so we recommend        ++
 ++ requesting less memory in other similar jobs.                         ++
 +++++++++++++++++++++++++++++++++++++++++++++++++++++++++++++++++++++++++++
 
*****************************************************************************

