slurmstepd: info: Setting TMPDIR to /scratch/4673709. Previous errors about TMPDIR can be discarded
srun python3 /home/csic/mus/fii/chvi/test/entire_pipeline.py --dimensions 6 --size 8 --seed 19
6,8,19,189.31906175613403,0.0002415180206298828,1.009904384613037

*****************************************************************************
*                                                                           *
*                    JOB EFFICIENCY REPORT (seff 4673709)                   *
*                                                                           *
*****************************************************************************

Job ID: 4673709
Cluster: finisterrae3
User/Group: csmusfii/csic
State: COMPLETED (exit code 0)
Nodes: 1
Cores per node: 64
CPU Utilized: 02:20:56
CPU Efficiency: 68.46% of 03:25:52 core-walltime
Job Wall-clock time: 00:03:13
Memory Utilized: 872.19 MB
Memory Efficiency: 1.33% of 64.00 GB

 +++++++++++++++++++++++++++++++++++++++++++++++++++++++++++++++++++++++++++
 ++   Memory Efficiency is too small. Please review the requested memory. ++
 ++ It seems that you do not need that much memory so we recommend        ++
 ++ requesting less memory in other similar jobs.                         ++
 +++++++++++++++++++++++++++++++++++++++++++++++++++++++++++++++++++++++++++
 
*****************************************************************************

