slurmstepd: info: Setting TMPDIR to /scratch/4673703. Previous errors about TMPDIR can be discarded
srun python3 /home/csic/mus/fii/chvi/test/entire_pipeline.py --dimensions 6 --size 8 --seed 13
6,8,13,185.58290243148804,0.0002353191375732422,0.9894578456878662

*****************************************************************************
*                                                                           *
*                    JOB EFFICIENCY REPORT (seff 4673703)                   *
*                                                                           *
*****************************************************************************

Job ID: 4673703
Cluster: finisterrae3
User/Group: csmusfii/csic
State: COMPLETED (exit code 0)
Nodes: 1
Cores per node: 64
CPU Utilized: 02:23:05
CPU Efficiency: 70.97% of 03:21:36 core-walltime
Job Wall-clock time: 00:03:09
Memory Utilized: 869.27 MB
Memory Efficiency: 1.33% of 64.00 GB

 +++++++++++++++++++++++++++++++++++++++++++++++++++++++++++++++++++++++++++
 ++   Memory Efficiency is too small. Please review the requested memory. ++
 ++ It seems that you do not need that much memory so we recommend        ++
 ++ requesting less memory in other similar jobs.                         ++
 +++++++++++++++++++++++++++++++++++++++++++++++++++++++++++++++++++++++++++
 
*****************************************************************************

