slurmstepd: info: Setting TMPDIR to /scratch/4673707. Previous errors about TMPDIR can be discarded
srun python3 /home/csic/mus/fii/chvi/test/entire_pipeline.py --dimensions 6 --size 8 --seed 17
6,8,17,193.4752767086029,0.00028395652770996094,1.1328608989715576

*****************************************************************************
*                                                                           *
*                    JOB EFFICIENCY REPORT (seff 4673707)                   *
*                                                                           *
*****************************************************************************

Job ID: 4673707
Cluster: finisterrae3
User/Group: csmusfii/csic
State: COMPLETED (exit code 0)
Nodes: 1
Cores per node: 64
CPU Utilized: 02:18:47
CPU Efficiency: 65.71% of 03:31:12 core-walltime
Job Wall-clock time: 00:03:18
Memory Utilized: 874.79 MB
Memory Efficiency: 1.33% of 64.00 GB

 +++++++++++++++++++++++++++++++++++++++++++++++++++++++++++++++++++++++++++
 ++   Memory Efficiency is too small. Please review the requested memory. ++
 ++ It seems that you do not need that much memory so we recommend        ++
 ++ requesting less memory in other similar jobs.                         ++
 +++++++++++++++++++++++++++++++++++++++++++++++++++++++++++++++++++++++++++
 
*****************************************************************************

