slurmstepd: info: Setting TMPDIR to /scratch/4673702. Previous errors about TMPDIR can be discarded
srun python3 /home/csic/mus/fii/chvi/test/entire_pipeline.py --dimensions 6 --size 8 --seed 12
6,8,12,189.71215105056763,0.0004107952117919922,0.9956941604614258

*****************************************************************************
*                                                                           *
*                    JOB EFFICIENCY REPORT (seff 4673702)                   *
*                                                                           *
*****************************************************************************

Job ID: 4673702
Cluster: finisterrae3
User/Group: csmusfii/csic
State: COMPLETED (exit code 0)
Nodes: 1
Cores per node: 64
CPU Utilized: 02:19:38
CPU Efficiency: 68.54% of 03:23:44 core-walltime
Job Wall-clock time: 00:03:11
Memory Utilized: 872.05 MB
Memory Efficiency: 1.33% of 64.00 GB

 +++++++++++++++++++++++++++++++++++++++++++++++++++++++++++++++++++++++++++
 ++   Memory Efficiency is too small. Please review the requested memory. ++
 ++ It seems that you do not need that much memory so we recommend        ++
 ++ requesting less memory in other similar jobs.                         ++
 +++++++++++++++++++++++++++++++++++++++++++++++++++++++++++++++++++++++++++
 
*****************************************************************************

