slurmstepd: info: Setting TMPDIR to /scratch/4673693. Previous errors about TMPDIR can be discarded
srun python3 /home/csic/mus/fii/chvi/test/entire_pipeline.py --dimensions 6 --size 8 --seed 3
6,8,3,188.1934916973114,0.00042247772216796875,0.9923889636993408

*****************************************************************************
*                                                                           *
*                    JOB EFFICIENCY REPORT (seff 4673693)                   *
*                                                                           *
*****************************************************************************

Job ID: 4673693
Cluster: finisterrae3
User/Group: csmusfii/csic
State: COMPLETED (exit code 0)
Nodes: 1
Cores per node: 64
CPU Utilized: 02:19:16
CPU Efficiency: 68.72% of 03:22:40 core-walltime
Job Wall-clock time: 00:03:10
Memory Utilized: 875.59 MB
Memory Efficiency: 1.34% of 64.00 GB

 +++++++++++++++++++++++++++++++++++++++++++++++++++++++++++++++++++++++++++
 ++   Memory Efficiency is too small. Please review the requested memory. ++
 ++ It seems that you do not need that much memory so we recommend        ++
 ++ requesting less memory in other similar jobs.                         ++
 +++++++++++++++++++++++++++++++++++++++++++++++++++++++++++++++++++++++++++
 
*****************************************************************************

