slurmstepd: info: Setting TMPDIR to /scratch/4673695. Previous errors about TMPDIR can be discarded
srun python3 /home/csic/mus/fii/chvi/test/entire_pipeline.py --dimensions 6 --size 8 --seed 5
6,8,5,178.57594513893127,0.00024175643920898438,1.0166642665863037

*****************************************************************************
*                                                                           *
*                    JOB EFFICIENCY REPORT (seff 4673695)                   *
*                                                                           *
*****************************************************************************

Job ID: 4673695
Cluster: finisterrae3
User/Group: csmusfii/csic
State: COMPLETED (exit code 0)
Nodes: 1
Cores per node: 64
CPU Utilized: 02:19:13
CPU Efficiency: 72.51% of 03:12:00 core-walltime
Job Wall-clock time: 00:03:00
Memory Utilized: 862.36 MB
Memory Efficiency: 1.32% of 64.00 GB

 +++++++++++++++++++++++++++++++++++++++++++++++++++++++++++++++++++++++++++
 ++   Memory Efficiency is too small. Please review the requested memory. ++
 ++ It seems that you do not need that much memory so we recommend        ++
 ++ requesting less memory in other similar jobs.                         ++
 +++++++++++++++++++++++++++++++++++++++++++++++++++++++++++++++++++++++++++
 
*****************************************************************************

