slurmstepd: info: Setting TMPDIR to /scratch/4673716. Previous errors about TMPDIR can be discarded
srun python3 /home/csic/mus/fii/chvi/test/entire_pipeline.py --dimensions 6 --size 9 --seed 6
6,9,6,504.64959597587585,0.0003464221954345703,1.0139274597167969

*****************************************************************************
*                                                                           *
*                    JOB EFFICIENCY REPORT (seff 4673716)                   *
*                                                                           *
*****************************************************************************

Job ID: 4673716
Cluster: finisterrae3
User/Group: csmusfii/csic
State: COMPLETED (exit code 0)
Nodes: 1
Cores per node: 64
CPU Utilized: 06:11:08
CPU Efficiency: 68.76% of 08:59:44 core-walltime
Job Wall-clock time: 00:08:26
Memory Utilized: 1.85 GB
Memory Efficiency: 2.88% of 64.00 GB

 +++++++++++++++++++++++++++++++++++++++++++++++++++++++++++++++++++++++++++
 ++   Memory Efficiency is too small. Please review the requested memory. ++
 ++ It seems that you do not need that much memory so we recommend        ++
 ++ requesting less memory in other similar jobs.                         ++
 +++++++++++++++++++++++++++++++++++++++++++++++++++++++++++++++++++++++++++
 
*****************************************************************************

