slurmstepd: info: Setting TMPDIR to /scratch/4673711. Previous errors about TMPDIR can be discarded
srun python3 /home/csic/mus/fii/chvi/test/entire_pipeline.py --dimensions 6 --size 9 --seed 1
6,9,1,514.5323340892792,0.0002200603485107422,1.0186488628387451

*****************************************************************************
*                                                                           *
*                    JOB EFFICIENCY REPORT (seff 4673711)                   *
*                                                                           *
*****************************************************************************

Job ID: 4673711
Cluster: finisterrae3
User/Group: csmusfii/csic
State: COMPLETED (exit code 0)
Nodes: 1
Cores per node: 64
CPU Utilized: 06:08:42
CPU Efficiency: 66.86% of 09:11:28 core-walltime
Job Wall-clock time: 00:08:37
Memory Utilized: 1.85 GB
Memory Efficiency: 2.88% of 64.00 GB

 +++++++++++++++++++++++++++++++++++++++++++++++++++++++++++++++++++++++++++
 ++   Memory Efficiency is too small. Please review the requested memory. ++
 ++ It seems that you do not need that much memory so we recommend        ++
 ++ requesting less memory in other similar jobs.                         ++
 +++++++++++++++++++++++++++++++++++++++++++++++++++++++++++++++++++++++++++
 
*****************************************************************************

