slurmstepd: info: Setting TMPDIR to /scratch/4673721. Previous errors about TMPDIR can be discarded
srun python3 /home/csic/mus/fii/chvi/test/entire_pipeline.py --dimensions 6 --size 9 --seed 11
6,9,11,475.11837553977966,0.00025272369384765625,0.9825503826141357

*****************************************************************************
*                                                                           *
*                    JOB EFFICIENCY REPORT (seff 4673721)                   *
*                                                                           *
*****************************************************************************

Job ID: 4673721
Cluster: finisterrae3
User/Group: csmusfii/csic
State: COMPLETED (exit code 0)
Nodes: 1
Cores per node: 64
CPU Utilized: 06:03:03
CPU Efficiency: 71.35% of 08:28:48 core-walltime
Job Wall-clock time: 00:07:57
Memory Utilized: 1.84 GB
Memory Efficiency: 2.87% of 64.00 GB

 +++++++++++++++++++++++++++++++++++++++++++++++++++++++++++++++++++++++++++
 ++   Memory Efficiency is too small. Please review the requested memory. ++
 ++ It seems that you do not need that much memory so we recommend        ++
 ++ requesting less memory in other similar jobs.                         ++
 +++++++++++++++++++++++++++++++++++++++++++++++++++++++++++++++++++++++++++
 
*****************************************************************************

