slurmstepd: info: Setting TMPDIR to /scratch/4673728. Previous errors about TMPDIR can be discarded
srun python3 /home/csic/mus/fii/chvi/test/entire_pipeline.py --dimensions 6 --size 9 --seed 18
6,9,18,504.42839455604553,0.00032520294189453125,1.1854467391967773

*****************************************************************************
*                                                                           *
*                    JOB EFFICIENCY REPORT (seff 4673728)                   *
*                                                                           *
*****************************************************************************

Job ID: 4673728
Cluster: finisterrae3
User/Group: csmusfii/csic
State: COMPLETED (exit code 0)
Nodes: 1
Cores per node: 64
CPU Utilized: 06:07:12
CPU Efficiency: 67.90% of 09:00:48 core-walltime
Job Wall-clock time: 00:08:27
Memory Utilized: 1.84 GB
Memory Efficiency: 2.88% of 64.00 GB

 +++++++++++++++++++++++++++++++++++++++++++++++++++++++++++++++++++++++++++
 ++   Memory Efficiency is too small. Please review the requested memory. ++
 ++ It seems that you do not need that much memory so we recommend        ++
 ++ requesting less memory in other similar jobs.                         ++
 +++++++++++++++++++++++++++++++++++++++++++++++++++++++++++++++++++++++++++
 
*****************************************************************************

