slurmstepd: info: Setting TMPDIR to /scratch/4673723. Previous errors about TMPDIR can be discarded
srun python3 /home/csic/mus/fii/chvi/test/entire_pipeline.py --dimensions 6 --size 9 --seed 13
6,9,13,485.4810435771942,0.00022935867309570312,1.3494601249694824

*****************************************************************************
*                                                                           *
*                    JOB EFFICIENCY REPORT (seff 4673723)                   *
*                                                                           *
*****************************************************************************

Job ID: 4673723
Cluster: finisterrae3
User/Group: csmusfii/csic
State: COMPLETED (exit code 0)
Nodes: 1
Cores per node: 64
CPU Utilized: 06:03:19
CPU Efficiency: 69.65% of 08:41:36 core-walltime
Job Wall-clock time: 00:08:09
Memory Utilized: 1.84 GB
Memory Efficiency: 2.88% of 64.00 GB

 +++++++++++++++++++++++++++++++++++++++++++++++++++++++++++++++++++++++++++
 ++   Memory Efficiency is too small. Please review the requested memory. ++
 ++ It seems that you do not need that much memory so we recommend        ++
 ++ requesting less memory in other similar jobs.                         ++
 +++++++++++++++++++++++++++++++++++++++++++++++++++++++++++++++++++++++++++
 
*****************************************************************************

