slurmstepd: info: Setting TMPDIR to /scratch/4673725. Previous errors about TMPDIR can be discarded
srun python3 /home/csic/mus/fii/chvi/test/entire_pipeline.py --dimensions 6 --size 9 --seed 15
6,9,15,493.5258138179779,0.00023865699768066406,1.1295149326324463

*****************************************************************************
*                                                                           *
*                    JOB EFFICIENCY REPORT (seff 4673725)                   *
*                                                                           *
*****************************************************************************

Job ID: 4673725
Cluster: finisterrae3
User/Group: csmusfii/csic
State: COMPLETED (exit code 0)
Nodes: 1
Cores per node: 64
CPU Utilized: 06:05:38
CPU Efficiency: 68.97% of 08:50:08 core-walltime
Job Wall-clock time: 00:08:17
Memory Utilized: 1.84 GB
Memory Efficiency: 2.88% of 64.00 GB

 +++++++++++++++++++++++++++++++++++++++++++++++++++++++++++++++++++++++++++
 ++   Memory Efficiency is too small. Please review the requested memory. ++
 ++ It seems that you do not need that much memory so we recommend        ++
 ++ requesting less memory in other similar jobs.                         ++
 +++++++++++++++++++++++++++++++++++++++++++++++++++++++++++++++++++++++++++
 
*****************************************************************************

