slurmstepd: info: Setting TMPDIR to /scratch/4673715. Previous errors about TMPDIR can be discarded
srun python3 /home/csic/mus/fii/chvi/test/entire_pipeline.py --dimensions 6 --size 9 --seed 5
6,9,5,504.89490699768066,0.00037860870361328125,1.2215781211853027

*****************************************************************************
*                                                                           *
*                    JOB EFFICIENCY REPORT (seff 4673715)                   *
*                                                                           *
*****************************************************************************

Job ID: 4673715
Cluster: finisterrae3
User/Group: csmusfii/csic
State: COMPLETED (exit code 0)
Nodes: 1
Cores per node: 64
CPU Utilized: 06:05:09
CPU Efficiency: 67.12% of 09:04:00 core-walltime
Job Wall-clock time: 00:08:30
Memory Utilized: 1.84 GB
Memory Efficiency: 2.87% of 64.00 GB

 +++++++++++++++++++++++++++++++++++++++++++++++++++++++++++++++++++++++++++
 ++   Memory Efficiency is too small. Please review the requested memory. ++
 ++ It seems that you do not need that much memory so we recommend        ++
 ++ requesting less memory in other similar jobs.                         ++
 +++++++++++++++++++++++++++++++++++++++++++++++++++++++++++++++++++++++++++
 
*****************************************************************************

