slurmstepd: info: Setting TMPDIR to /scratch/4673714. Previous errors about TMPDIR can be discarded
srun python3 /home/csic/mus/fii/chvi/test/entire_pipeline.py --dimensions 6 --size 9 --seed 4
6,9,4,474.06084966659546,0.0002608299255371094,1.0315206050872803

*****************************************************************************
*                                                                           *
*                    JOB EFFICIENCY REPORT (seff 4673714)                   *
*                                                                           *
*****************************************************************************

Job ID: 4673714
Cluster: finisterrae3
User/Group: csmusfii/csic
State: COMPLETED (exit code 0)
Nodes: 1
Cores per node: 64
CPU Utilized: 06:06:57
CPU Efficiency: 72.27% of 08:27:44 core-walltime
Job Wall-clock time: 00:07:56
Memory Utilized: 1.84 GB
Memory Efficiency: 2.87% of 64.00 GB

 +++++++++++++++++++++++++++++++++++++++++++++++++++++++++++++++++++++++++++
 ++   Memory Efficiency is too small. Please review the requested memory. ++
 ++ It seems that you do not need that much memory so we recommend        ++
 ++ requesting less memory in other similar jobs.                         ++
 +++++++++++++++++++++++++++++++++++++++++++++++++++++++++++++++++++++++++++
 
*****************************************************************************

