slurmstepd: info: Setting TMPDIR to /scratch/4673726. Previous errors about TMPDIR can be discarded
srun python3 /home/csic/mus/fii/chvi/test/entire_pipeline.py --dimensions 6 --size 9 --seed 16
6,9,16,487.85978984832764,0.00034046173095703125,1.0922369956970215

*****************************************************************************
*                                                                           *
*                    JOB EFFICIENCY REPORT (seff 4673726)                   *
*                                                                           *
*****************************************************************************

Job ID: 4673726
Cluster: finisterrae3
User/Group: csmusfii/csic
State: COMPLETED (exit code 0)
Nodes: 1
Cores per node: 64
CPU Utilized: 06:09:04
CPU Efficiency: 70.61% of 08:42:40 core-walltime
Job Wall-clock time: 00:08:10
Memory Utilized: 1.84 GB
Memory Efficiency: 2.88% of 64.00 GB

 +++++++++++++++++++++++++++++++++++++++++++++++++++++++++++++++++++++++++++
 ++   Memory Efficiency is too small. Please review the requested memory. ++
 ++ It seems that you do not need that much memory so we recommend        ++
 ++ requesting less memory in other similar jobs.                         ++
 +++++++++++++++++++++++++++++++++++++++++++++++++++++++++++++++++++++++++++
 
*****************************************************************************

