slurmstepd: info: Setting TMPDIR to /scratch/4673712. Previous errors about TMPDIR can be discarded
srun python3 /home/csic/mus/fii/chvi/test/entire_pipeline.py --dimensions 6 --size 9 --seed 2
6,9,2,452.8954846858978,0.00021696090698242188,1.0561354160308838

*****************************************************************************
*                                                                           *
*                    JOB EFFICIENCY REPORT (seff 4673712)                   *
*                                                                           *
*****************************************************************************

Job ID: 4673712
Cluster: finisterrae3
User/Group: csmusfii/csic
State: COMPLETED (exit code 0)
Nodes: 1
Cores per node: 64
CPU Utilized: 06:05:46
CPU Efficiency: 75.36% of 08:05:20 core-walltime
Job Wall-clock time: 00:07:35
Memory Utilized: 1.84 GB
Memory Efficiency: 2.87% of 64.00 GB

 +++++++++++++++++++++++++++++++++++++++++++++++++++++++++++++++++++++++++++
 ++   Memory Efficiency is too small. Please review the requested memory. ++
 ++ It seems that you do not need that much memory so we recommend        ++
 ++ requesting less memory in other similar jobs.                         ++
 +++++++++++++++++++++++++++++++++++++++++++++++++++++++++++++++++++++++++++
 
*****************************************************************************

