slurmstepd: info: Setting TMPDIR to /scratch/4673720. Previous errors about TMPDIR can be discarded
srun python3 /home/csic/mus/fii/chvi/test/entire_pipeline.py --dimensions 6 --size 9 --seed 10
6,9,10,463.84466886520386,0.0003790855407714844,1.0406303405761719

*****************************************************************************
*                                                                           *
*                    JOB EFFICIENCY REPORT (seff 4673720)                   *
*                                                                           *
*****************************************************************************

Job ID: 4673720
Cluster: finisterrae3
User/Group: csmusfii/csic
State: COMPLETED (exit code 0)
Nodes: 1
Cores per node: 64
CPU Utilized: 06:04:13
CPU Efficiency: 73.27% of 08:17:04 core-walltime
Job Wall-clock time: 00:07:46
Memory Utilized: 1.85 GB
Memory Efficiency: 2.88% of 64.00 GB

 +++++++++++++++++++++++++++++++++++++++++++++++++++++++++++++++++++++++++++
 ++   Memory Efficiency is too small. Please review the requested memory. ++
 ++ It seems that you do not need that much memory so we recommend        ++
 ++ requesting less memory in other similar jobs.                         ++
 +++++++++++++++++++++++++++++++++++++++++++++++++++++++++++++++++++++++++++
 
*****************************************************************************

