slurmstepd: info: Setting TMPDIR to /scratch/4673729. Previous errors about TMPDIR can be discarded
srun python3 /home/csic/mus/fii/chvi/test/entire_pipeline.py --dimensions 6 --size 9 --seed 19
6,9,19,469.2499029636383,0.00030922889709472656,1.070796251296997

*****************************************************************************
*                                                                           *
*                    JOB EFFICIENCY REPORT (seff 4673729)                   *
*                                                                           *
*****************************************************************************

Job ID: 4673729
Cluster: finisterrae3
User/Group: csmusfii/csic
State: COMPLETED (exit code 0)
Nodes: 1
Cores per node: 64
CPU Utilized: 06:02:38
CPU Efficiency: 72.03% of 08:23:28 core-walltime
Job Wall-clock time: 00:07:52
Memory Utilized: 1.84 GB
Memory Efficiency: 2.87% of 64.00 GB

 +++++++++++++++++++++++++++++++++++++++++++++++++++++++++++++++++++++++++++
 ++   Memory Efficiency is too small. Please review the requested memory. ++
 ++ It seems that you do not need that much memory so we recommend        ++
 ++ requesting less memory in other similar jobs.                         ++
 +++++++++++++++++++++++++++++++++++++++++++++++++++++++++++++++++++++++++++
 
*****************************************************************************

