slurmstepd: info: Setting TMPDIR to /scratch/4673719. Previous errors about TMPDIR can be discarded
srun python3 /home/csic/mus/fii/chvi/test/entire_pipeline.py --dimensions 6 --size 9 --seed 9
6,9,9,488.61980295181274,0.00032210350036621094,1.0049324035644531

*****************************************************************************
*                                                                           *
*                    JOB EFFICIENCY REPORT (seff 4673719)                   *
*                                                                           *
*****************************************************************************

Job ID: 4673719
Cluster: finisterrae3
User/Group: csmusfii/csic
State: COMPLETED (exit code 0)
Nodes: 1
Cores per node: 64
CPU Utilized: 06:04:00
CPU Efficiency: 69.50% of 08:43:44 core-walltime
Job Wall-clock time: 00:08:11
Memory Utilized: 1.84 GB
Memory Efficiency: 2.88% of 64.00 GB

 +++++++++++++++++++++++++++++++++++++++++++++++++++++++++++++++++++++++++++
 ++   Memory Efficiency is too small. Please review the requested memory. ++
 ++ It seems that you do not need that much memory so we recommend        ++
 ++ requesting less memory in other similar jobs.                         ++
 +++++++++++++++++++++++++++++++++++++++++++++++++++++++++++++++++++++++++++
 
*****************************************************************************

