slurmstepd: info: Setting TMPDIR to /scratch/4673722. Previous errors about TMPDIR can be discarded
srun python3 /home/csic/mus/fii/chvi/test/entire_pipeline.py --dimensions 6 --size 9 --seed 12
6,9,12,520.5012965202332,0.0002601146697998047,1.0557277202606201

*****************************************************************************
*                                                                           *
*                    JOB EFFICIENCY REPORT (seff 4673722)                   *
*                                                                           *
*****************************************************************************

Job ID: 4673722
Cluster: finisterrae3
User/Group: csmusfii/csic
State: COMPLETED (exit code 0)
Nodes: 1
Cores per node: 64
CPU Utilized: 06:07:49
CPU Efficiency: 66.06% of 09:16:48 core-walltime
Job Wall-clock time: 00:08:42
Memory Utilized: 1.84 GB
Memory Efficiency: 2.87% of 64.00 GB

 +++++++++++++++++++++++++++++++++++++++++++++++++++++++++++++++++++++++++++
 ++   Memory Efficiency is too small. Please review the requested memory. ++
 ++ It seems that you do not need that much memory so we recommend        ++
 ++ requesting less memory in other similar jobs.                         ++
 +++++++++++++++++++++++++++++++++++++++++++++++++++++++++++++++++++++++++++
 
*****************************************************************************

