slurmstepd: info: Setting TMPDIR to /scratch/4709044. Previous errors about TMPDIR can be discarded
srun python3 /home/csic/mus/fii/chvi/test/entire_pipeline.py --dimensions 7 --size 2 --seed 18
7,2,18,0.07744359970092773,0.00017833709716796875,1.0731518268585205

*****************************************************************************
*                                                                           *
*                    JOB EFFICIENCY REPORT (seff 4709044)                   *
*                                                                           *
*****************************************************************************

Job ID: 4709044
Cluster: finisterrae3
User/Group: csmusfii/csic
State: COMPLETED (exit code 0)
Nodes: 1
Cores per node: 64
CPU Utilized: 00:00:12
CPU Efficiency: 4.69% of 00:04:16 core-walltime
Job Wall-clock time: 00:00:04
Memory Utilized: 792.00 KB
Memory Efficiency: 0.00% of 32.00 GB

 +++++++++++++++++++++++++++++++++++++++++++++++++++++++++++++++++++++++++++
 ++   Memory Efficiency is too small. Please review the requested memory. ++
 ++ It seems that you do not need that much memory so we recommend        ++
 ++ requesting less memory in other similar jobs.                         ++
 +++++++++++++++++++++++++++++++++++++++++++++++++++++++++++++++++++++++++++
 
*****************************************************************************

