slurmstepd: info: Setting TMPDIR to /scratch/4709045. Previous errors about TMPDIR can be discarded
srun python3 /home/csic/mus/fii/chvi/test/entire_pipeline.py --dimensions 7 --size 2 --seed 19
7,2,19,0.19023728370666504,0.00026798248291015625,1.5060803890228271

*****************************************************************************
*                                                                           *
*                    JOB EFFICIENCY REPORT (seff 4709045)                   *
*                                                                           *
*****************************************************************************

Job ID: 4709045
Cluster: finisterrae3
User/Group: csmusfii/csic
State: COMPLETED (exit code 0)
Nodes: 1
Cores per node: 64
CPU Utilized: 00:00:12
CPU Efficiency: 4.69% of 00:04:16 core-walltime
Job Wall-clock time: 00:00:04
Memory Utilized: 660.00 KB
Memory Efficiency: 0.00% of 32.00 GB

 +++++++++++++++++++++++++++++++++++++++++++++++++++++++++++++++++++++++++++
 ++   Memory Efficiency is too small. Please review the requested memory. ++
 ++ It seems that you do not need that much memory so we recommend        ++
 ++ requesting less memory in other similar jobs.                         ++
 +++++++++++++++++++++++++++++++++++++++++++++++++++++++++++++++++++++++++++
 
*****************************************************************************

