slurmstepd: info: Setting TMPDIR to /scratch/4709027. Previous errors about TMPDIR can be discarded
srun python3 /home/csic/mus/fii/chvi/test/entire_pipeline.py --dimensions 7 --size 2 --seed 1
7,2,1,0.34155845642089844,0.00024819374084472656,2.18807053565979

*****************************************************************************
*                                                                           *
*                    JOB EFFICIENCY REPORT (seff 4709027)                   *
*                                                                           *
*****************************************************************************

Job ID: 4709027
Cluster: finisterrae3
User/Group: csmusfii/csic
State: COMPLETED (exit code 0)
Nodes: 1
Cores per node: 64
CPU Utilized: 00:00:12
CPU Efficiency: 1.70% of 00:11:44 core-walltime
Job Wall-clock time: 00:00:11
Memory Utilized: 528.00 KB
Memory Efficiency: 0.00% of 32.00 GB

 +++++++++++++++++++++++++++++++++++++++++++++++++++++++++++++++++++++++++++
 ++   Memory Efficiency is too small. Please review the requested memory. ++
 ++ It seems that you do not need that much memory so we recommend        ++
 ++ requesting less memory in other similar jobs.                         ++
 +++++++++++++++++++++++++++++++++++++++++++++++++++++++++++++++++++++++++++
 
*****************************************************************************

