slurmstepd: info: Setting TMPDIR to /scratch/4709039. Previous errors about TMPDIR can be discarded
srun python3 /home/csic/mus/fii/chvi/test/entire_pipeline.py --dimensions 7 --size 2 --seed 13
7,2,13,0.04807329177856445,0.0001838207244873047,1.1907777786254883

*****************************************************************************
*                                                                           *
*                    JOB EFFICIENCY REPORT (seff 4709039)                   *
*                                                                           *
*****************************************************************************

Job ID: 4709039
Cluster: finisterrae3
User/Group: csmusfii/csic
State: COMPLETED (exit code 0)
Nodes: 1
Cores per node: 64
CPU Utilized: 00:00:10
CPU Efficiency: 2.60% of 00:06:24 core-walltime
Job Wall-clock time: 00:00:06
Memory Utilized: 552.00 KB
Memory Efficiency: 0.00% of 32.00 GB

 +++++++++++++++++++++++++++++++++++++++++++++++++++++++++++++++++++++++++++
 ++   Memory Efficiency is too small. Please review the requested memory. ++
 ++ It seems that you do not need that much memory so we recommend        ++
 ++ requesting less memory in other similar jobs.                         ++
 +++++++++++++++++++++++++++++++++++++++++++++++++++++++++++++++++++++++++++
 
*****************************************************************************

