slurmstepd: info: Setting TMPDIR to /scratch/4709028. Previous errors about TMPDIR can be discarded
srun python3 /home/csic/mus/fii/chvi/test/entire_pipeline.py --dimensions 7 --size 2 --seed 2
7,2,2,0.09188413619995117,0.0002079010009765625,0.9933462142944336

*****************************************************************************
*                                                                           *
*                    JOB EFFICIENCY REPORT (seff 4709028)                   *
*                                                                           *
*****************************************************************************

Job ID: 4709028
Cluster: finisterrae3
User/Group: csmusfii/csic
State: COMPLETED (exit code 0)
Nodes: 1
Cores per node: 64
CPU Utilized: 00:00:12
CPU Efficiency: 6.25% of 00:03:12 core-walltime
Job Wall-clock time: 00:00:03
Memory Utilized: 660.00 KB
Memory Efficiency: 0.00% of 32.00 GB

 +++++++++++++++++++++++++++++++++++++++++++++++++++++++++++++++++++++++++++
 ++   Memory Efficiency is too small. Please review the requested memory. ++
 ++ It seems that you do not need that much memory so we recommend        ++
 ++ requesting less memory in other similar jobs.                         ++
 +++++++++++++++++++++++++++++++++++++++++++++++++++++++++++++++++++++++++++
 
*****************************************************************************

