slurmstepd: info: Setting TMPDIR to /scratch/4709038. Previous errors about TMPDIR can be discarded
srun python3 /home/csic/mus/fii/chvi/test/entire_pipeline.py --dimensions 7 --size 2 --seed 12
7,2,12,0.16048812866210938,0.0002894401550292969,1.7373955249786377

*****************************************************************************
*                                                                           *
*                    JOB EFFICIENCY REPORT (seff 4709038)                   *
*                                                                           *
*****************************************************************************

Job ID: 4709038
Cluster: finisterrae3
User/Group: csmusfii/csic
State: COMPLETED (exit code 0)
Nodes: 1
Cores per node: 64
CPU Utilized: 00:00:13
CPU Efficiency: 2.54% of 00:08:32 core-walltime
Job Wall-clock time: 00:00:08
Memory Utilized: 792.00 KB
Memory Efficiency: 0.00% of 32.00 GB

 +++++++++++++++++++++++++++++++++++++++++++++++++++++++++++++++++++++++++++
 ++   Memory Efficiency is too small. Please review the requested memory. ++
 ++ It seems that you do not need that much memory so we recommend        ++
 ++ requesting less memory in other similar jobs.                         ++
 +++++++++++++++++++++++++++++++++++++++++++++++++++++++++++++++++++++++++++
 
*****************************************************************************

