slurmstepd: info: Setting TMPDIR to /scratch/4709051. Previous errors about TMPDIR can be discarded
srun python3 /home/csic/mus/fii/chvi/test/entire_pipeline.py --dimensions 7 --size 3 --seed 5
7,3,5,0.5052473545074463,0.0002872943878173828,1.015441656112671

*****************************************************************************
*                                                                           *
*                    JOB EFFICIENCY REPORT (seff 4709051)                   *
*                                                                           *
*****************************************************************************

Job ID: 4709051
Cluster: finisterrae3
User/Group: csmusfii/csic
State: COMPLETED (exit code 0)
Nodes: 1
Cores per node: 64
CPU Utilized: 00:00:26
CPU Efficiency: 6.77% of 00:06:24 core-walltime
Job Wall-clock time: 00:00:06
Memory Utilized: 1.54 MB
Memory Efficiency: 0.00% of 32.00 GB

 +++++++++++++++++++++++++++++++++++++++++++++++++++++++++++++++++++++++++++
 ++   Memory Efficiency is too small. Please review the requested memory. ++
 ++ It seems that you do not need that much memory so we recommend        ++
 ++ requesting less memory in other similar jobs.                         ++
 +++++++++++++++++++++++++++++++++++++++++++++++++++++++++++++++++++++++++++
 
*****************************************************************************

