slurmstepd: info: Setting TMPDIR to /scratch/4709055. Previous errors about TMPDIR can be discarded
srun python3 /home/csic/mus/fii/chvi/test/entire_pipeline.py --dimensions 7 --size 3 --seed 9
7,3,9,0.5518214702606201,0.0002925395965576172,1.469102144241333

*****************************************************************************
*                                                                           *
*                    JOB EFFICIENCY REPORT (seff 4709055)                   *
*                                                                           *
*****************************************************************************

Job ID: 4709055
Cluster: finisterrae3
User/Group: csmusfii/csic
State: COMPLETED (exit code 0)
Nodes: 1
Cores per node: 64
CPU Utilized: 00:00:26
CPU Efficiency: 5.80% of 00:07:28 core-walltime
Job Wall-clock time: 00:00:07
Memory Utilized: 924.00 KB
Memory Efficiency: 0.00% of 32.00 GB

 +++++++++++++++++++++++++++++++++++++++++++++++++++++++++++++++++++++++++++
 ++   Memory Efficiency is too small. Please review the requested memory. ++
 ++ It seems that you do not need that much memory so we recommend        ++
 ++ requesting less memory in other similar jobs.                         ++
 +++++++++++++++++++++++++++++++++++++++++++++++++++++++++++++++++++++++++++
 
*****************************************************************************

