slurmstepd: info: Setting TMPDIR to /scratch/4709049. Previous errors about TMPDIR can be discarded
srun python3 /home/csic/mus/fii/chvi/test/entire_pipeline.py --dimensions 7 --size 3 --seed 3
7,3,3,0.4423243999481201,0.00020813941955566406,1.1585478782653809

*****************************************************************************
*                                                                           *
*                    JOB EFFICIENCY REPORT (seff 4709049)                   *
*                                                                           *
*****************************************************************************

Job ID: 4709049
Cluster: finisterrae3
User/Group: csmusfii/csic
State: COMPLETED (exit code 0)
Nodes: 1
Cores per node: 64
CPU Utilized: 00:00:25
CPU Efficiency: 6.51% of 00:06:24 core-walltime
Job Wall-clock time: 00:00:06
Memory Utilized: 660.00 KB
Memory Efficiency: 0.00% of 32.00 GB

 +++++++++++++++++++++++++++++++++++++++++++++++++++++++++++++++++++++++++++
 ++   Memory Efficiency is too small. Please review the requested memory. ++
 ++ It seems that you do not need that much memory so we recommend        ++
 ++ requesting less memory in other similar jobs.                         ++
 +++++++++++++++++++++++++++++++++++++++++++++++++++++++++++++++++++++++++++
 
*****************************************************************************

