slurmstepd: info: Setting TMPDIR to /scratch/4709054. Previous errors about TMPDIR can be discarded
srun python3 /home/csic/mus/fii/chvi/test/entire_pipeline.py --dimensions 7 --size 3 --seed 8
7,3,8,0.7183630466461182,0.0002677440643310547,1.309415578842163

*****************************************************************************
*                                                                           *
*                    JOB EFFICIENCY REPORT (seff 4709054)                   *
*                                                                           *
*****************************************************************************

Job ID: 4709054
Cluster: finisterrae3
User/Group: csmusfii/csic
State: COMPLETED (exit code 0)
Nodes: 1
Cores per node: 64
CPU Utilized: 00:00:26
CPU Efficiency: 10.16% of 00:04:16 core-walltime
Job Wall-clock time: 00:00:04
Memory Utilized: 0.00 MB (estimated maximum)
Memory Efficiency: 0.00% of 32.00 GB (32.00 GB/node)

 +++++++++++++++++++++++++++++++++++++++++++++++++++++++++++++++++++++++++++
 ++   Memory Efficiency is too small. Please review the requested memory. ++
 ++ It seems that you do not need that much memory so we recommend        ++
 ++ requesting less memory in other similar jobs.                         ++
 +++++++++++++++++++++++++++++++++++++++++++++++++++++++++++++++++++++++++++
 
*****************************************************************************

