slurmstepd: info: Setting TMPDIR to /scratch/4709063. Previous errors about TMPDIR can be discarded
srun python3 /home/csic/mus/fii/chvi/test/entire_pipeline.py --dimensions 7 --size 3 --seed 17
7,3,17,0.48264622688293457,0.0002930164337158203,1.030862808227539

*****************************************************************************
*                                                                           *
*                    JOB EFFICIENCY REPORT (seff 4709063)                   *
*                                                                           *
*****************************************************************************

Job ID: 4709063
Cluster: finisterrae3
User/Group: csmusfii/csic
State: COMPLETED (exit code 0)
Nodes: 1
Cores per node: 64
CPU Utilized: 00:00:26
CPU Efficiency: 10.16% of 00:04:16 core-walltime
Job Wall-clock time: 00:00:04
Memory Utilized: 1.42 MB
Memory Efficiency: 0.00% of 32.00 GB

 +++++++++++++++++++++++++++++++++++++++++++++++++++++++++++++++++++++++++++
 ++   Memory Efficiency is too small. Please review the requested memory. ++
 ++ It seems that you do not need that much memory so we recommend        ++
 ++ requesting less memory in other similar jobs.                         ++
 +++++++++++++++++++++++++++++++++++++++++++++++++++++++++++++++++++++++++++
 
*****************************************************************************

