slurmstepd: info: Setting TMPDIR to /scratch/4709059. Previous errors about TMPDIR can be discarded
srun python3 /home/csic/mus/fii/chvi/test/entire_pipeline.py --dimensions 7 --size 3 --seed 13
7,3,13,0.4421532154083252,0.00018167495727539062,1.0085368156433105

*****************************************************************************
*                                                                           *
*                    JOB EFFICIENCY REPORT (seff 4709059)                   *
*                                                                           *
*****************************************************************************

Job ID: 4709059
Cluster: finisterrae3
User/Group: csmusfii/csic
State: COMPLETED (exit code 0)
Nodes: 1
Cores per node: 64
CPU Utilized: 00:00:26
CPU Efficiency: 10.16% of 00:04:16 core-walltime
Job Wall-clock time: 00:00:04
Memory Utilized: 2.85 MB
Memory Efficiency: 0.01% of 32.00 GB

 +++++++++++++++++++++++++++++++++++++++++++++++++++++++++++++++++++++++++++
 ++   Memory Efficiency is too small. Please review the requested memory. ++
 ++ It seems that you do not need that much memory so we recommend        ++
 ++ requesting less memory in other similar jobs.                         ++
 +++++++++++++++++++++++++++++++++++++++++++++++++++++++++++++++++++++++++++
 
*****************************************************************************

