slurmstepd: info: Setting TMPDIR to /scratch/4709047. Previous errors about TMPDIR can be discarded
srun python3 /home/csic/mus/fii/chvi/test/entire_pipeline.py --dimensions 7 --size 3 --seed 1
7,3,1,0.5407724380493164,0.0002455711364746094,1.48836350440979

*****************************************************************************
*                                                                           *
*                    JOB EFFICIENCY REPORT (seff 4709047)                   *
*                                                                           *
*****************************************************************************

Job ID: 4709047
Cluster: finisterrae3
User/Group: csmusfii/csic
State: COMPLETED (exit code 0)
Nodes: 1
Cores per node: 64
CPU Utilized: 00:00:25
CPU Efficiency: 6.51% of 00:06:24 core-walltime
Job Wall-clock time: 00:00:06
Memory Utilized: 396.00 KB
Memory Efficiency: 0.00% of 32.00 GB

 +++++++++++++++++++++++++++++++++++++++++++++++++++++++++++++++++++++++++++
 ++   Memory Efficiency is too small. Please review the requested memory. ++
 ++ It seems that you do not need that much memory so we recommend        ++
 ++ requesting less memory in other similar jobs.                         ++
 +++++++++++++++++++++++++++++++++++++++++++++++++++++++++++++++++++++++++++
 
*****************************************************************************

