slurmstepd: info: Setting TMPDIR to /scratch/4709052. Previous errors about TMPDIR can be discarded
srun python3 /home/csic/mus/fii/chvi/test/entire_pipeline.py --dimensions 7 --size 3 --seed 6
7,3,6,0.49846673011779785,0.0003199577331542969,0.995929479598999

*****************************************************************************
*                                                                           *
*                    JOB EFFICIENCY REPORT (seff 4709052)                   *
*                                                                           *
*****************************************************************************

Job ID: 4709052
Cluster: finisterrae3
User/Group: csmusfii/csic
State: COMPLETED (exit code 0)
Nodes: 1
Cores per node: 64
CPU Utilized: 00:00:26
CPU Efficiency: 6.77% of 00:06:24 core-walltime
Job Wall-clock time: 00:00:06
Memory Utilized: 396.00 KB
Memory Efficiency: 0.00% of 32.00 GB

 +++++++++++++++++++++++++++++++++++++++++++++++++++++++++++++++++++++++++++
 ++   Memory Efficiency is too small. Please review the requested memory. ++
 ++ It seems that you do not need that much memory so we recommend        ++
 ++ requesting less memory in other similar jobs.                         ++
 +++++++++++++++++++++++++++++++++++++++++++++++++++++++++++++++++++++++++++
 
*****************************************************************************

