slurmstepd: info: Setting TMPDIR to /scratch/4709072. Previous errors about TMPDIR can be discarded
srun python3 /home/csic/mus/fii/chvi/test/entire_pipeline.py --dimensions 7 --size 4 --seed 6
7,4,6,11.521965742111206,0.0002779960632324219,1.0276591777801514

*****************************************************************************
*                                                                           *
*                    JOB EFFICIENCY REPORT (seff 4709072)                   *
*                                                                           *
*****************************************************************************

Job ID: 4709072
Cluster: finisterrae3
User/Group: csmusfii/csic
State: COMPLETED (exit code 0)
Nodes: 1
Cores per node: 64
CPU Utilized: 00:07:05
CPU Efficiency: 44.27% of 00:16:00 core-walltime
Job Wall-clock time: 00:00:15
Memory Utilized: 1.05 MB
Memory Efficiency: 0.00% of 32.00 GB

 +++++++++++++++++++++++++++++++++++++++++++++++++++++++++++++++++++++++++++
 ++   Memory Efficiency is too small. Please review the requested memory. ++
 ++ It seems that you do not need that much memory so we recommend        ++
 ++ requesting less memory in other similar jobs.                         ++
 +++++++++++++++++++++++++++++++++++++++++++++++++++++++++++++++++++++++++++
 
*****************************************************************************

