slurmstepd: info: Setting TMPDIR to /scratch/4716459. Previous errors about TMPDIR can be discarded
srun python3 /home/csic/mus/fii/chvi/test/entire_pipeline.py --dimensions 7 --size 4 --seed 20
7,4,20,12.439655542373657,0.0003871917724609375,1.033663034439087

*****************************************************************************
*                                                                           *
*                    JOB EFFICIENCY REPORT (seff 4716459)                   *
*                                                                           *
*****************************************************************************

Job ID: 4716459
Cluster: finisterrae3
User/Group: csmusfii/csic
State: COMPLETED (exit code 0)
Nodes: 1
Cores per node: 64
CPU Utilized: 00:07:02
CPU Efficiency: 43.96% of 00:16:00 core-walltime
Job Wall-clock time: 00:00:15
Memory Utilized: 3.29 MB
Memory Efficiency: 0.01% of 32.00 GB

 +++++++++++++++++++++++++++++++++++++++++++++++++++++++++++++++++++++++++++
 ++   Memory Efficiency is too small. Please review the requested memory. ++
 ++ It seems that you do not need that much memory so we recommend        ++
 ++ requesting less memory in other similar jobs.                         ++
 +++++++++++++++++++++++++++++++++++++++++++++++++++++++++++++++++++++++++++
 
*****************************************************************************

