slurmstepd: info: Setting TMPDIR to /scratch/4709069. Previous errors about TMPDIR can be discarded
srun python3 /home/csic/mus/fii/chvi/test/entire_pipeline.py --dimensions 7 --size 4 --seed 3
7,4,3,14.25281310081482,0.0002732276916503906,1.0162413120269775

*****************************************************************************
*                                                                           *
*                    JOB EFFICIENCY REPORT (seff 4709069)                   *
*                                                                           *
*****************************************************************************

Job ID: 4709069
Cluster: finisterrae3
User/Group: csmusfii/csic
State: COMPLETED (exit code 0)
Nodes: 1
Cores per node: 64
CPU Utilized: 00:07:00
CPU Efficiency: 36.46% of 00:19:12 core-walltime
Job Wall-clock time: 00:00:18
Memory Utilized: 1.05 MB
Memory Efficiency: 0.00% of 32.00 GB

 +++++++++++++++++++++++++++++++++++++++++++++++++++++++++++++++++++++++++++
 ++   Memory Efficiency is too small. Please review the requested memory. ++
 ++ It seems that you do not need that much memory so we recommend        ++
 ++ requesting less memory in other similar jobs.                         ++
 +++++++++++++++++++++++++++++++++++++++++++++++++++++++++++++++++++++++++++
 
*****************************************************************************

