slurmstepd: info: Setting TMPDIR to /scratch/4709071. Previous errors about TMPDIR can be discarded
srun python3 /home/csic/mus/fii/chvi/test/entire_pipeline.py --dimensions 7 --size 4 --seed 5
7,4,5,11.536761045455933,0.0003223419189453125,1.025489330291748

*****************************************************************************
*                                                                           *
*                    JOB EFFICIENCY REPORT (seff 4709071)                   *
*                                                                           *
*****************************************************************************

Job ID: 4709071
Cluster: finisterrae3
User/Group: csmusfii/csic
State: COMPLETED (exit code 0)
Nodes: 1
Cores per node: 64
CPU Utilized: 00:07:04
CPU Efficiency: 44.17% of 00:16:00 core-walltime
Job Wall-clock time: 00:00:15
Memory Utilized: 660.00 KB
Memory Efficiency: 0.00% of 32.00 GB

 +++++++++++++++++++++++++++++++++++++++++++++++++++++++++++++++++++++++++++
 ++   Memory Efficiency is too small. Please review the requested memory. ++
 ++ It seems that you do not need that much memory so we recommend        ++
 ++ requesting less memory in other similar jobs.                         ++
 +++++++++++++++++++++++++++++++++++++++++++++++++++++++++++++++++++++++++++
 
*****************************************************************************

