slurmstepd: info: Setting TMPDIR to /scratch/4716452. Previous errors about TMPDIR can be discarded
srun python3 /home/csic/mus/fii/chvi/test/entire_pipeline.py --dimensions 7 --size 4 --seed 13
7,4,13,14.031652688980103,0.0003082752227783203,1.0511956214904785

*****************************************************************************
*                                                                           *
*                    JOB EFFICIENCY REPORT (seff 4716452)                   *
*                                                                           *
*****************************************************************************

Job ID: 4716452
Cluster: finisterrae3
User/Group: csmusfii/csic
State: COMPLETED (exit code 0)
Nodes: 1
Cores per node: 64
CPU Utilized: 00:07:09
CPU Efficiency: 37.24% of 00:19:12 core-walltime
Job Wall-clock time: 00:00:18
Memory Utilized: 528.00 KB
Memory Efficiency: 0.00% of 32.00 GB

 +++++++++++++++++++++++++++++++++++++++++++++++++++++++++++++++++++++++++++
 ++   Memory Efficiency is too small. Please review the requested memory. ++
 ++ It seems that you do not need that much memory so we recommend        ++
 ++ requesting less memory in other similar jobs.                         ++
 +++++++++++++++++++++++++++++++++++++++++++++++++++++++++++++++++++++++++++
 
*****************************************************************************

