slurmstepd: info: Setting TMPDIR to /scratch/4716453. Previous errors about TMPDIR can be discarded
srun python3 /home/csic/mus/fii/chvi/test/entire_pipeline.py --dimensions 7 --size 4 --seed 14
7,4,14,12.447687149047852,0.00021600723266601562,1.0171077251434326

*****************************************************************************
*                                                                           *
*                    JOB EFFICIENCY REPORT (seff 4716453)                   *
*                                                                           *
*****************************************************************************

Job ID: 4716453
Cluster: finisterrae3
User/Group: csmusfii/csic
State: COMPLETED (exit code 0)
Nodes: 1
Cores per node: 64
CPU Utilized: 00:07:13
CPU Efficiency: 42.29% of 00:17:04 core-walltime
Job Wall-clock time: 00:00:16
Memory Utilized: 1.12 MB
Memory Efficiency: 0.00% of 32.00 GB

 +++++++++++++++++++++++++++++++++++++++++++++++++++++++++++++++++++++++++++
 ++   Memory Efficiency is too small. Please review the requested memory. ++
 ++ It seems that you do not need that much memory so we recommend        ++
 ++ requesting less memory in other similar jobs.                         ++
 +++++++++++++++++++++++++++++++++++++++++++++++++++++++++++++++++++++++++++
 
*****************************************************************************

