slurmstepd: info: Setting TMPDIR to /scratch/4716456. Previous errors about TMPDIR can be discarded
srun python3 /home/csic/mus/fii/chvi/test/entire_pipeline.py --dimensions 7 --size 4 --seed 17
7,4,17,13.506325721740723,0.0002574920654296875,1.0193805694580078

*****************************************************************************
*                                                                           *
*                    JOB EFFICIENCY REPORT (seff 4716456)                   *
*                                                                           *
*****************************************************************************

Job ID: 4716456
Cluster: finisterrae3
User/Group: csmusfii/csic
State: COMPLETED (exit code 0)
Nodes: 1
Cores per node: 64
CPU Utilized: 00:07:03
CPU Efficiency: 38.88% of 00:18:08 core-walltime
Job Wall-clock time: 00:00:17
Memory Utilized: 1.46 MB
Memory Efficiency: 0.00% of 32.00 GB

 +++++++++++++++++++++++++++++++++++++++++++++++++++++++++++++++++++++++++++
 ++   Memory Efficiency is too small. Please review the requested memory. ++
 ++ It seems that you do not need that much memory so we recommend        ++
 ++ requesting less memory in other similar jobs.                         ++
 +++++++++++++++++++++++++++++++++++++++++++++++++++++++++++++++++++++++++++
 
*****************************************************************************

