slurmstepd: info: Setting TMPDIR to /scratch/4709073. Previous errors about TMPDIR can be discarded
srun python3 /home/csic/mus/fii/chvi/test/entire_pipeline.py --dimensions 7 --size 4 --seed 7
7,4,7,11.83014988899231,0.00036263465881347656,1.0393877029418945

*****************************************************************************
*                                                                           *
*                    JOB EFFICIENCY REPORT (seff 4709073)                   *
*                                                                           *
*****************************************************************************

Job ID: 4709073
Cluster: finisterrae3
User/Group: csmusfii/csic
State: COMPLETED (exit code 0)
Nodes: 1
Cores per node: 64
CPU Utilized: 00:07:12
CPU Efficiency: 42.19% of 00:17:04 core-walltime
Job Wall-clock time: 00:00:16
Memory Utilized: 1.18 MB
Memory Efficiency: 0.00% of 32.00 GB

 +++++++++++++++++++++++++++++++++++++++++++++++++++++++++++++++++++++++++++
 ++   Memory Efficiency is too small. Please review the requested memory. ++
 ++ It seems that you do not need that much memory so we recommend        ++
 ++ requesting less memory in other similar jobs.                         ++
 +++++++++++++++++++++++++++++++++++++++++++++++++++++++++++++++++++++++++++
 
*****************************************************************************

