slurmstepd: info: Setting TMPDIR to /scratch/4709068. Previous errors about TMPDIR can be discarded
srun python3 /home/csic/mus/fii/chvi/test/entire_pipeline.py --dimensions 7 --size 4 --seed 2
7,4,2,11.347289800643921,0.00025153160095214844,1.0158119201660156

*****************************************************************************
*                                                                           *
*                    JOB EFFICIENCY REPORT (seff 4709068)                   *
*                                                                           *
*****************************************************************************

Job ID: 4709068
Cluster: finisterrae3
User/Group: csmusfii/csic
State: COMPLETED (exit code 0)
Nodes: 1
Cores per node: 64
CPU Utilized: 00:06:56
CPU Efficiency: 43.33% of 00:16:00 core-walltime
Job Wall-clock time: 00:00:15
Memory Utilized: 396.00 KB
Memory Efficiency: 0.00% of 32.00 GB

 +++++++++++++++++++++++++++++++++++++++++++++++++++++++++++++++++++++++++++
 ++   Memory Efficiency is too small. Please review the requested memory. ++
 ++ It seems that you do not need that much memory so we recommend        ++
 ++ requesting less memory in other similar jobs.                         ++
 +++++++++++++++++++++++++++++++++++++++++++++++++++++++++++++++++++++++++++
 
*****************************************************************************

