slurmstepd: info: Setting TMPDIR to /scratch/4716457. Previous errors about TMPDIR can be discarded
srun python3 /home/csic/mus/fii/chvi/test/entire_pipeline.py --dimensions 7 --size 4 --seed 18
7,4,18,13.75901985168457,0.00022935867309570312,1.0149383544921875

*****************************************************************************
*                                                                           *
*                    JOB EFFICIENCY REPORT (seff 4716457)                   *
*                                                                           *
*****************************************************************************

Job ID: 4716457
Cluster: finisterrae3
User/Group: csmusfii/csic
State: COMPLETED (exit code 0)
Nodes: 1
Cores per node: 64
CPU Utilized: 00:06:59
CPU Efficiency: 38.51% of 00:18:08 core-walltime
Job Wall-clock time: 00:00:17
Memory Utilized: 1.42 MB
Memory Efficiency: 0.00% of 32.00 GB

 +++++++++++++++++++++++++++++++++++++++++++++++++++++++++++++++++++++++++++
 ++   Memory Efficiency is too small. Please review the requested memory. ++
 ++ It seems that you do not need that much memory so we recommend        ++
 ++ requesting less memory in other similar jobs.                         ++
 +++++++++++++++++++++++++++++++++++++++++++++++++++++++++++++++++++++++++++
 
*****************************************************************************

