slurmstepd: info: Setting TMPDIR to /scratch/4709075. Previous errors about TMPDIR can be discarded
srun python3 /home/csic/mus/fii/chvi/test/entire_pipeline.py --dimensions 7 --size 4 --seed 9
7,4,9,12.250545263290405,0.0002338886260986328,1.0412719249725342

*****************************************************************************
*                                                                           *
*                    JOB EFFICIENCY REPORT (seff 4709075)                   *
*                                                                           *
*****************************************************************************

Job ID: 4709075
Cluster: finisterrae3
User/Group: csmusfii/csic
State: COMPLETED (exit code 0)
Nodes: 1
Cores per node: 64
CPU Utilized: 00:07:06
CPU Efficiency: 41.60% of 00:17:04 core-walltime
Job Wall-clock time: 00:00:16
Memory Utilized: 1012.00 KB
Memory Efficiency: 0.00% of 32.00 GB

 +++++++++++++++++++++++++++++++++++++++++++++++++++++++++++++++++++++++++++
 ++   Memory Efficiency is too small. Please review the requested memory. ++
 ++ It seems that you do not need that much memory so we recommend        ++
 ++ requesting less memory in other similar jobs.                         ++
 +++++++++++++++++++++++++++++++++++++++++++++++++++++++++++++++++++++++++++
 
*****************************************************************************

