slurmstepd: info: Setting TMPDIR to /scratch/4716450. Previous errors about TMPDIR can be discarded
srun python3 /home/csic/mus/fii/chvi/test/entire_pipeline.py --dimensions 7 --size 4 --seed 11
7,4,11,12.625343322753906,0.00029540061950683594,1.0226829051971436

*****************************************************************************
*                                                                           *
*                    JOB EFFICIENCY REPORT (seff 4716450)                   *
*                                                                           *
*****************************************************************************

Job ID: 4716450
Cluster: finisterrae3
User/Group: csmusfii/csic
State: COMPLETED (exit code 0)
Nodes: 1
Cores per node: 64
CPU Utilized: 00:07:02
CPU Efficiency: 41.21% of 00:17:04 core-walltime
Job Wall-clock time: 00:00:16
Memory Utilized: 792.00 KB
Memory Efficiency: 0.00% of 32.00 GB

 +++++++++++++++++++++++++++++++++++++++++++++++++++++++++++++++++++++++++++
 ++   Memory Efficiency is too small. Please review the requested memory. ++
 ++ It seems that you do not need that much memory so we recommend        ++
 ++ requesting less memory in other similar jobs.                         ++
 +++++++++++++++++++++++++++++++++++++++++++++++++++++++++++++++++++++++++++
 
*****************************************************************************

