slurmstepd: info: Setting TMPDIR to /scratch/4716454. Previous errors about TMPDIR can be discarded
srun python3 /home/csic/mus/fii/chvi/test/entire_pipeline.py --dimensions 7 --size 4 --seed 15
7,4,15,12.470695495605469,0.0003120899200439453,1.0558953285217285

*****************************************************************************
*                                                                           *
*                    JOB EFFICIENCY REPORT (seff 4716454)                   *
*                                                                           *
*****************************************************************************

Job ID: 4716454
Cluster: finisterrae3
User/Group: csmusfii/csic
State: COMPLETED (exit code 0)
Nodes: 1
Cores per node: 64
CPU Utilized: 00:07:09
CPU Efficiency: 41.89% of 00:17:04 core-walltime
Job Wall-clock time: 00:00:16
Memory Utilized: 1.03 MB
Memory Efficiency: 0.00% of 32.00 GB

 +++++++++++++++++++++++++++++++++++++++++++++++++++++++++++++++++++++++++++
 ++   Memory Efficiency is too small. Please review the requested memory. ++
 ++ It seems that you do not need that much memory so we recommend        ++
 ++ requesting less memory in other similar jobs.                         ++
 +++++++++++++++++++++++++++++++++++++++++++++++++++++++++++++++++++++++++++
 
*****************************************************************************

