slurmstepd: info: Setting TMPDIR to /scratch/4716451. Previous errors about TMPDIR can be discarded
srun python3 /home/csic/mus/fii/chvi/test/entire_pipeline.py --dimensions 7 --size 4 --seed 12
7,4,12,10.834403991699219,0.00033664703369140625,1.0433692932128906

*****************************************************************************
*                                                                           *
*                    JOB EFFICIENCY REPORT (seff 4716451)                   *
*                                                                           *
*****************************************************************************

Job ID: 4716451
Cluster: finisterrae3
User/Group: csmusfii/csic
State: COMPLETED (exit code 0)
Nodes: 1
Cores per node: 64
CPU Utilized: 00:06:59
CPU Efficiency: 46.76% of 00:14:56 core-walltime
Job Wall-clock time: 00:00:14
Memory Utilized: 3.64 MB
Memory Efficiency: 0.01% of 32.00 GB

 +++++++++++++++++++++++++++++++++++++++++++++++++++++++++++++++++++++++++++
 ++   Memory Efficiency is too small. Please review the requested memory. ++
 ++ It seems that you do not need that much memory so we recommend        ++
 ++ requesting less memory in other similar jobs.                         ++
 +++++++++++++++++++++++++++++++++++++++++++++++++++++++++++++++++++++++++++
 
*****************************************************************************

