slurmstepd: info: Setting TMPDIR to /scratch/4716466. Previous errors about TMPDIR can be discarded
srun python3 /home/csic/mus/fii/chvi/test/entire_pipeline.py --dimensions 7 --size 5 --seed 7
7,5,7,122.44501662254333,0.0002560615539550781,1.0166544914245605

*****************************************************************************
*                                                                           *
*                    JOB EFFICIENCY REPORT (seff 4716466)                   *
*                                                                           *
*****************************************************************************

Job ID: 4716466
Cluster: finisterrae3
User/Group: csmusfii/csic
State: COMPLETED (exit code 0)
Nodes: 1
Cores per node: 64
CPU Utilized: 01:17:20
CPU Efficiency: 58.00% of 02:13:20 core-walltime
Job Wall-clock time: 00:02:05
Memory Utilized: 465.54 MB
Memory Efficiency: 1.42% of 32.00 GB

 +++++++++++++++++++++++++++++++++++++++++++++++++++++++++++++++++++++++++++
 ++   Memory Efficiency is too small. Please review the requested memory. ++
 ++ It seems that you do not need that much memory so we recommend        ++
 ++ requesting less memory in other similar jobs.                         ++
 +++++++++++++++++++++++++++++++++++++++++++++++++++++++++++++++++++++++++++
 
*****************************************************************************

