slurmstepd: info: Setting TMPDIR to /scratch/4716472. Previous errors about TMPDIR can be discarded
srun python3 /home/csic/mus/fii/chvi/test/entire_pipeline.py --dimensions 7 --size 5 --seed 13
7,5,13,109.03815603256226,0.0004582405090332031,1.000056266784668

*****************************************************************************
*                                                                           *
*                    JOB EFFICIENCY REPORT (seff 4716472)                   *
*                                                                           *
*****************************************************************************

Job ID: 4716472
Cluster: finisterrae3
User/Group: csmusfii/csic
State: COMPLETED (exit code 0)
Nodes: 1
Cores per node: 64
CPU Utilized: 01:18:12
CPU Efficiency: 65.46% of 01:59:28 core-walltime
Job Wall-clock time: 00:01:52
Memory Utilized: 464.76 MB
Memory Efficiency: 1.42% of 32.00 GB

 +++++++++++++++++++++++++++++++++++++++++++++++++++++++++++++++++++++++++++
 ++   Memory Efficiency is too small. Please review the requested memory. ++
 ++ It seems that you do not need that much memory so we recommend        ++
 ++ requesting less memory in other similar jobs.                         ++
 +++++++++++++++++++++++++++++++++++++++++++++++++++++++++++++++++++++++++++
 
*****************************************************************************

