slurmstepd: info: Setting TMPDIR to /scratch/4716471. Previous errors about TMPDIR can be discarded
srun python3 /home/csic/mus/fii/chvi/test/entire_pipeline.py --dimensions 7 --size 5 --seed 12
7,5,12,120.36772775650024,0.0003674030303955078,1.001053810119629

*****************************************************************************
*                                                                           *
*                    JOB EFFICIENCY REPORT (seff 4716471)                   *
*                                                                           *
*****************************************************************************

Job ID: 4716471
Cluster: finisterrae3
User/Group: csmusfii/csic
State: COMPLETED (exit code 0)
Nodes: 1
Cores per node: 64
CPU Utilized: 01:18:45
CPU Efficiency: 60.02% of 02:11:12 core-walltime
Job Wall-clock time: 00:02:03
Memory Utilized: 467.90 MB
Memory Efficiency: 1.43% of 32.00 GB

 +++++++++++++++++++++++++++++++++++++++++++++++++++++++++++++++++++++++++++
 ++   Memory Efficiency is too small. Please review the requested memory. ++
 ++ It seems that you do not need that much memory so we recommend        ++
 ++ requesting less memory in other similar jobs.                         ++
 +++++++++++++++++++++++++++++++++++++++++++++++++++++++++++++++++++++++++++
 
*****************************************************************************

