slurmstepd: info: Setting TMPDIR to /scratch/4716479. Previous errors about TMPDIR can be discarded
srun python3 /home/csic/mus/fii/chvi/test/entire_pipeline.py --dimensions 7 --size 5 --seed 20
7,5,20,117.91820406913757,0.0002944469451904297,1.0013668537139893

*****************************************************************************
*                                                                           *
*                    JOB EFFICIENCY REPORT (seff 4716479)                   *
*                                                                           *
*****************************************************************************

Job ID: 4716479
Cluster: finisterrae3
User/Group: csmusfii/csic
State: COMPLETED (exit code 0)
Nodes: 1
Cores per node: 64
CPU Utilized: 01:17:10
CPU Efficiency: 60.29% of 02:08:00 core-walltime
Job Wall-clock time: 00:02:00
Memory Utilized: 479.20 MB
Memory Efficiency: 1.46% of 32.00 GB

 +++++++++++++++++++++++++++++++++++++++++++++++++++++++++++++++++++++++++++
 ++   Memory Efficiency is too small. Please review the requested memory. ++
 ++ It seems that you do not need that much memory so we recommend        ++
 ++ requesting less memory in other similar jobs.                         ++
 +++++++++++++++++++++++++++++++++++++++++++++++++++++++++++++++++++++++++++
 
*****************************************************************************

