slurmstepd: info: Setting TMPDIR to /scratch/4716474. Previous errors about TMPDIR can be discarded
srun python3 /home/csic/mus/fii/chvi/test/entire_pipeline.py --dimensions 7 --size 5 --seed 15
7,5,15,121.07148909568787,0.0002448558807373047,1.0268516540527344

*****************************************************************************
*                                                                           *
*                    JOB EFFICIENCY REPORT (seff 4716474)                   *
*                                                                           *
*****************************************************************************

Job ID: 4716474
Cluster: finisterrae3
User/Group: csmusfii/csic
State: COMPLETED (exit code 0)
Nodes: 1
Cores per node: 64
CPU Utilized: 01:19:18
CPU Efficiency: 59.95% of 02:12:16 core-walltime
Job Wall-clock time: 00:02:04
Memory Utilized: 470.26 MB
Memory Efficiency: 1.44% of 32.00 GB

 +++++++++++++++++++++++++++++++++++++++++++++++++++++++++++++++++++++++++++
 ++   Memory Efficiency is too small. Please review the requested memory. ++
 ++ It seems that you do not need that much memory so we recommend        ++
 ++ requesting less memory in other similar jobs.                         ++
 +++++++++++++++++++++++++++++++++++++++++++++++++++++++++++++++++++++++++++
 
*****************************************************************************

