slurmstepd: info: Setting TMPDIR to /scratch/4716473. Previous errors about TMPDIR can be discarded
srun python3 /home/csic/mus/fii/chvi/test/entire_pipeline.py --dimensions 7 --size 5 --seed 14
7,5,14,127.1189877986908,0.0002758502960205078,1.0056755542755127

*****************************************************************************
*                                                                           *
*                    JOB EFFICIENCY REPORT (seff 4716473)                   *
*                                                                           *
*****************************************************************************

Job ID: 4716473
Cluster: finisterrae3
User/Group: csmusfii/csic
State: COMPLETED (exit code 0)
Nodes: 1
Cores per node: 64
CPU Utilized: 01:17:39
CPU Efficiency: 56.43% of 02:17:36 core-walltime
Job Wall-clock time: 00:02:09
Memory Utilized: 464.48 MB
Memory Efficiency: 1.42% of 32.00 GB

 +++++++++++++++++++++++++++++++++++++++++++++++++++++++++++++++++++++++++++
 ++   Memory Efficiency is too small. Please review the requested memory. ++
 ++ It seems that you do not need that much memory so we recommend        ++
 ++ requesting less memory in other similar jobs.                         ++
 +++++++++++++++++++++++++++++++++++++++++++++++++++++++++++++++++++++++++++
 
*****************************************************************************

