slurmstepd: info: Setting TMPDIR to /scratch/4716469. Previous errors about TMPDIR can be discarded
srun python3 /home/csic/mus/fii/chvi/test/entire_pipeline.py --dimensions 7 --size 5 --seed 10
7,5,10,115.43164610862732,0.0003848075866699219,1.0127677917480469

*****************************************************************************
*                                                                           *
*                    JOB EFFICIENCY REPORT (seff 4716469)                   *
*                                                                           *
*****************************************************************************

Job ID: 4716469
Cluster: finisterrae3
User/Group: csmusfii/csic
State: COMPLETED (exit code 0)
Nodes: 1
Cores per node: 64
CPU Utilized: 01:16:36
CPU Efficiency: 60.86% of 02:05:52 core-walltime
Job Wall-clock time: 00:01:58
Memory Utilized: 459.47 MB
Memory Efficiency: 1.40% of 32.00 GB

 +++++++++++++++++++++++++++++++++++++++++++++++++++++++++++++++++++++++++++
 ++   Memory Efficiency is too small. Please review the requested memory. ++
 ++ It seems that you do not need that much memory so we recommend        ++
 ++ requesting less memory in other similar jobs.                         ++
 +++++++++++++++++++++++++++++++++++++++++++++++++++++++++++++++++++++++++++
 
*****************************************************************************

