slurmstepd: info: Setting TMPDIR to /scratch/4716468. Previous errors about TMPDIR can be discarded
srun python3 /home/csic/mus/fii/chvi/test/entire_pipeline.py --dimensions 7 --size 5 --seed 9
7,5,9,119.67762160301208,0.00033664703369140625,1.012413501739502

*****************************************************************************
*                                                                           *
*                    JOB EFFICIENCY REPORT (seff 4716468)                   *
*                                                                           *
*****************************************************************************

Job ID: 4716468
Cluster: finisterrae3
User/Group: csmusfii/csic
State: COMPLETED (exit code 0)
Nodes: 1
Cores per node: 64
CPU Utilized: 01:19:08
CPU Efficiency: 60.32% of 02:11:12 core-walltime
Job Wall-clock time: 00:02:03
Memory Utilized: 465.89 MB
Memory Efficiency: 1.42% of 32.00 GB

 +++++++++++++++++++++++++++++++++++++++++++++++++++++++++++++++++++++++++++
 ++   Memory Efficiency is too small. Please review the requested memory. ++
 ++ It seems that you do not need that much memory so we recommend        ++
 ++ requesting less memory in other similar jobs.                         ++
 +++++++++++++++++++++++++++++++++++++++++++++++++++++++++++++++++++++++++++
 
*****************************************************************************

