slurmstepd: info: Setting TMPDIR to /scratch/4716477. Previous errors about TMPDIR can be discarded
srun python3 /home/csic/mus/fii/chvi/test/entire_pipeline.py --dimensions 7 --size 5 --seed 18
7,5,18,108.25943446159363,0.0002818107604980469,1.0116267204284668

*****************************************************************************
*                                                                           *
*                    JOB EFFICIENCY REPORT (seff 4716477)                   *
*                                                                           *
*****************************************************************************

Job ID: 4716477
Cluster: finisterrae3
User/Group: csmusfii/csic
State: COMPLETED (exit code 0)
Nodes: 1
Cores per node: 64
CPU Utilized: 01:18:59
CPU Efficiency: 66.71% of 01:58:24 core-walltime
Job Wall-clock time: 00:01:51
Memory Utilized: 459.05 MB
Memory Efficiency: 1.40% of 32.00 GB

 +++++++++++++++++++++++++++++++++++++++++++++++++++++++++++++++++++++++++++
 ++   Memory Efficiency is too small. Please review the requested memory. ++
 ++ It seems that you do not need that much memory so we recommend        ++
 ++ requesting less memory in other similar jobs.                         ++
 +++++++++++++++++++++++++++++++++++++++++++++++++++++++++++++++++++++++++++
 
*****************************************************************************

