slurmstepd: info: Setting TMPDIR to /scratch/4716465. Previous errors about TMPDIR can be discarded
srun python3 /home/csic/mus/fii/chvi/test/entire_pipeline.py --dimensions 7 --size 5 --seed 6
7,5,6,124.71612501144409,0.0003082752227783203,0.9936842918395996

*****************************************************************************
*                                                                           *
*                    JOB EFFICIENCY REPORT (seff 4716465)                   *
*                                                                           *
*****************************************************************************

Job ID: 4716465
Cluster: finisterrae3
User/Group: csmusfii/csic
State: COMPLETED (exit code 0)
Nodes: 1
Cores per node: 64
CPU Utilized: 01:18:39
CPU Efficiency: 58.06% of 02:15:28 core-walltime
Job Wall-clock time: 00:02:07
Memory Utilized: 466.35 MB
Memory Efficiency: 1.42% of 32.00 GB

 +++++++++++++++++++++++++++++++++++++++++++++++++++++++++++++++++++++++++++
 ++   Memory Efficiency is too small. Please review the requested memory. ++
 ++ It seems that you do not need that much memory so we recommend        ++
 ++ requesting less memory in other similar jobs.                         ++
 +++++++++++++++++++++++++++++++++++++++++++++++++++++++++++++++++++++++++++
 
*****************************************************************************

