slurmstepd: info: Setting TMPDIR to /scratch/4716470. Previous errors about TMPDIR can be discarded
srun python3 /home/csic/mus/fii/chvi/test/entire_pipeline.py --dimensions 7 --size 5 --seed 11
7,5,11,124.37163615226746,0.00027823448181152344,1.0005030632019043

*****************************************************************************
*                                                                           *
*                    JOB EFFICIENCY REPORT (seff 4716470)                   *
*                                                                           *
*****************************************************************************

Job ID: 4716470
Cluster: finisterrae3
User/Group: csmusfii/csic
State: COMPLETED (exit code 0)
Nodes: 1
Cores per node: 64
CPU Utilized: 01:17:27
CPU Efficiency: 57.17% of 02:15:28 core-walltime
Job Wall-clock time: 00:02:07
Memory Utilized: 463.45 MB
Memory Efficiency: 1.41% of 32.00 GB

 +++++++++++++++++++++++++++++++++++++++++++++++++++++++++++++++++++++++++++
 ++   Memory Efficiency is too small. Please review the requested memory. ++
 ++ It seems that you do not need that much memory so we recommend        ++
 ++ requesting less memory in other similar jobs.                         ++
 +++++++++++++++++++++++++++++++++++++++++++++++++++++++++++++++++++++++++++
 
*****************************************************************************

