slurmstepd: info: Setting TMPDIR to /scratch/4716461. Previous errors about TMPDIR can be discarded
srun python3 /home/csic/mus/fii/chvi/test/entire_pipeline.py --dimensions 7 --size 5 --seed 2
7,5,2,122.35416841506958,0.00021839141845703125,1.0806007385253906

*****************************************************************************
*                                                                           *
*                    JOB EFFICIENCY REPORT (seff 4716461)                   *
*                                                                           *
*****************************************************************************

Job ID: 4716461
Cluster: finisterrae3
User/Group: csmusfii/csic
State: COMPLETED (exit code 0)
Nodes: 1
Cores per node: 64
CPU Utilized: 01:18:20
CPU Efficiency: 58.75% of 02:13:20 core-walltime
Job Wall-clock time: 00:02:05
Memory Utilized: 470.16 MB
Memory Efficiency: 1.43% of 32.00 GB

 +++++++++++++++++++++++++++++++++++++++++++++++++++++++++++++++++++++++++++
 ++   Memory Efficiency is too small. Please review the requested memory. ++
 ++ It seems that you do not need that much memory so we recommend        ++
 ++ requesting less memory in other similar jobs.                         ++
 +++++++++++++++++++++++++++++++++++++++++++++++++++++++++++++++++++++++++++
 
*****************************************************************************

