slurmstepd: info: Setting TMPDIR to /scratch/4716460. Previous errors about TMPDIR can be discarded
srun python3 /home/csic/mus/fii/chvi/test/entire_pipeline.py --dimensions 7 --size 5 --seed 1
7,5,1,119.18962025642395,0.0002677440643310547,1.067657470703125

*****************************************************************************
*                                                                           *
*                    JOB EFFICIENCY REPORT (seff 4716460)                   *
*                                                                           *
*****************************************************************************

Job ID: 4716460
Cluster: finisterrae3
User/Group: csmusfii/csic
State: COMPLETED (exit code 0)
Nodes: 1
Cores per node: 64
CPU Utilized: 01:18:20
CPU Efficiency: 60.19% of 02:10:08 core-walltime
Job Wall-clock time: 00:02:02
Memory Utilized: 467.31 MB
Memory Efficiency: 1.43% of 32.00 GB

 +++++++++++++++++++++++++++++++++++++++++++++++++++++++++++++++++++++++++++
 ++   Memory Efficiency is too small. Please review the requested memory. ++
 ++ It seems that you do not need that much memory so we recommend        ++
 ++ requesting less memory in other similar jobs.                         ++
 +++++++++++++++++++++++++++++++++++++++++++++++++++++++++++++++++++++++++++
 
*****************************************************************************

