slurmstepd: info: Setting TMPDIR to /scratch/4716491. Previous errors about TMPDIR can be discarded
srun python3 /home/csic/mus/fii/chvi/test/entire_pipeline.py --dimensions 7 --size 6 --seed 12
7,6,12,691.8734893798828,0.0002155303955078125,0.9711377620697021

*****************************************************************************
*                                                                           *
*                    JOB EFFICIENCY REPORT (seff 4716491)                   *
*                                                                           *
*****************************************************************************

Job ID: 4716491
Cluster: finisterrae3
User/Group: csmusfii/csic
State: COMPLETED (exit code 0)
Nodes: 1
Cores per node: 64
CPU Utilized: 08:19:46
CPU Efficiency: 67.41% of 12:21:20 core-walltime
Job Wall-clock time: 00:11:35
Memory Utilized: 1.41 GB
Memory Efficiency: 4.42% of 32.00 GB

 +++++++++++++++++++++++++++++++++++++++++++++++++++++++++++++++++++++++++++
 ++   Memory Efficiency is too small. Please review the requested memory. ++
 ++ It seems that you do not need that much memory so we recommend        ++
 ++ requesting less memory in other similar jobs.                         ++
 +++++++++++++++++++++++++++++++++++++++++++++++++++++++++++++++++++++++++++
 
*****************************************************************************

