slurmstepd: info: Setting TMPDIR to /scratch/4716485. Previous errors about TMPDIR can be discarded
srun python3 /home/csic/mus/fii/chvi/test/entire_pipeline.py --dimensions 7 --size 6 --seed 6
7,6,6,733.5291635990143,0.00032448768615722656,0.9932816028594971

*****************************************************************************
*                                                                           *
*                    JOB EFFICIENCY REPORT (seff 4716485)                   *
*                                                                           *
*****************************************************************************

Job ID: 4716485
Cluster: finisterrae3
User/Group: csmusfii/csic
State: COMPLETED (exit code 0)
Nodes: 1
Cores per node: 64
CPU Utilized: 08:27:35
CPU Efficiency: 64.48% of 13:07:12 core-walltime
Job Wall-clock time: 00:12:18
Memory Utilized: 1.41 GB
Memory Efficiency: 4.42% of 32.00 GB

 +++++++++++++++++++++++++++++++++++++++++++++++++++++++++++++++++++++++++++
 ++   Memory Efficiency is too small. Please review the requested memory. ++
 ++ It seems that you do not need that much memory so we recommend        ++
 ++ requesting less memory in other similar jobs.                         ++
 +++++++++++++++++++++++++++++++++++++++++++++++++++++++++++++++++++++++++++
 
*****************************************************************************

