slurmstepd: info: Setting TMPDIR to /scratch/4716483. Previous errors about TMPDIR can be discarded
srun python3 /home/csic/mus/fii/chvi/test/entire_pipeline.py --dimensions 7 --size 6 --seed 4
7,6,4,729.7175734043121,0.0006186962127685547,1.021521806716919

*****************************************************************************
*                                                                           *
*                    JOB EFFICIENCY REPORT (seff 4716483)                   *
*                                                                           *
*****************************************************************************

Job ID: 4716483
Cluster: finisterrae3
User/Group: csmusfii/csic
State: COMPLETED (exit code 0)
Nodes: 1
Cores per node: 64
CPU Utilized: 08:19:10
CPU Efficiency: 63.67% of 13:04:00 core-walltime
Job Wall-clock time: 00:12:15
Memory Utilized: 1.42 GB
Memory Efficiency: 4.43% of 32.00 GB

 +++++++++++++++++++++++++++++++++++++++++++++++++++++++++++++++++++++++++++
 ++   Memory Efficiency is too small. Please review the requested memory. ++
 ++ It seems that you do not need that much memory so we recommend        ++
 ++ requesting less memory in other similar jobs.                         ++
 +++++++++++++++++++++++++++++++++++++++++++++++++++++++++++++++++++++++++++
 
*****************************************************************************

