slurmstepd: info: Setting TMPDIR to /scratch/4716489. Previous errors about TMPDIR can be discarded
srun python3 /home/csic/mus/fii/chvi/test/entire_pipeline.py --dimensions 7 --size 6 --seed 10
7,6,10,692.8264436721802,0.0002598762512207031,1.0191664695739746

*****************************************************************************
*                                                                           *
*                    JOB EFFICIENCY REPORT (seff 4716489)                   *
*                                                                           *
*****************************************************************************

Job ID: 4716489
Cluster: finisterrae3
User/Group: csmusfii/csic
State: COMPLETED (exit code 0)
Nodes: 1
Cores per node: 64
CPU Utilized: 08:21:18
CPU Efficiency: 67.52% of 12:22:24 core-walltime
Job Wall-clock time: 00:11:36
Memory Utilized: 1.40 GB
Memory Efficiency: 4.38% of 32.00 GB

 +++++++++++++++++++++++++++++++++++++++++++++++++++++++++++++++++++++++++++
 ++   Memory Efficiency is too small. Please review the requested memory. ++
 ++ It seems that you do not need that much memory so we recommend        ++
 ++ requesting less memory in other similar jobs.                         ++
 +++++++++++++++++++++++++++++++++++++++++++++++++++++++++++++++++++++++++++
 
*****************************************************************************

