slurmstepd: info: Setting TMPDIR to /scratch/4716492. Previous errors about TMPDIR can be discarded
srun python3 /home/csic/mus/fii/chvi/test/entire_pipeline.py --dimensions 7 --size 6 --seed 13
7,6,13,688.7568094730377,0.0003228187561035156,1.3081519603729248

*****************************************************************************
*                                                                           *
*                    JOB EFFICIENCY REPORT (seff 4716492)                   *
*                                                                           *
*****************************************************************************

Job ID: 4716492
Cluster: finisterrae3
User/Group: csmusfii/csic
State: COMPLETED (exit code 0)
Nodes: 1
Cores per node: 64
CPU Utilized: 08:27:18
CPU Efficiency: 68.63% of 12:19:12 core-walltime
Job Wall-clock time: 00:11:33
Memory Utilized: 1.40 GB
Memory Efficiency: 4.38% of 32.00 GB

 +++++++++++++++++++++++++++++++++++++++++++++++++++++++++++++++++++++++++++
 ++   Memory Efficiency is too small. Please review the requested memory. ++
 ++ It seems that you do not need that much memory so we recommend        ++
 ++ requesting less memory in other similar jobs.                         ++
 +++++++++++++++++++++++++++++++++++++++++++++++++++++++++++++++++++++++++++
 
*****************************************************************************

