slurmstepd: info: Setting TMPDIR to /scratch/4716484. Previous errors about TMPDIR can be discarded
srun python3 /home/csic/mus/fii/chvi/test/entire_pipeline.py --dimensions 7 --size 6 --seed 5
7,6,5,740.0567603111267,0.0002579689025878906,1.2400364875793457

*****************************************************************************
*                                                                           *
*                    JOB EFFICIENCY REPORT (seff 4716484)                   *
*                                                                           *
*****************************************************************************

Job ID: 4716484
Cluster: finisterrae3
User/Group: csmusfii/csic
State: COMPLETED (exit code 0)
Nodes: 1
Cores per node: 64
CPU Utilized: 08:20:52
CPU Efficiency: 63.11% of 13:13:36 core-walltime
Job Wall-clock time: 00:12:24
Memory Utilized: 1.42 GB
Memory Efficiency: 4.44% of 32.00 GB

 +++++++++++++++++++++++++++++++++++++++++++++++++++++++++++++++++++++++++++
 ++   Memory Efficiency is too small. Please review the requested memory. ++
 ++ It seems that you do not need that much memory so we recommend        ++
 ++ requesting less memory in other similar jobs.                         ++
 +++++++++++++++++++++++++++++++++++++++++++++++++++++++++++++++++++++++++++
 
*****************************************************************************

