slurmstepd: info: Setting TMPDIR to /scratch/4716496. Previous errors about TMPDIR can be discarded
srun python3 /home/csic/mus/fii/chvi/test/entire_pipeline.py --dimensions 7 --size 6 --seed 17
7,6,17,723.9974157810211,0.0004699230194091797,1.002826452255249

*****************************************************************************
*                                                                           *
*                    JOB EFFICIENCY REPORT (seff 4716496)                   *
*                                                                           *
*****************************************************************************

Job ID: 4716496
Cluster: finisterrae3
User/Group: csmusfii/csic
State: COMPLETED (exit code 0)
Nodes: 1
Cores per node: 64
CPU Utilized: 08:20:30
CPU Efficiency: 64.54% of 12:55:28 core-walltime
Job Wall-clock time: 00:12:07
Memory Utilized: 1.43 GB
Memory Efficiency: 4.46% of 32.00 GB

 +++++++++++++++++++++++++++++++++++++++++++++++++++++++++++++++++++++++++++
 ++   Memory Efficiency is too small. Please review the requested memory. ++
 ++ It seems that you do not need that much memory so we recommend        ++
 ++ requesting less memory in other similar jobs.                         ++
 +++++++++++++++++++++++++++++++++++++++++++++++++++++++++++++++++++++++++++
 
*****************************************************************************

