slurmstepd: info: Setting TMPDIR to /scratch/4716480. Previous errors about TMPDIR can be discarded
srun python3 /home/csic/mus/fii/chvi/test/entire_pipeline.py --dimensions 7 --size 6 --seed 1
7,6,1,693.6978886127472,0.0003733634948730469,1.003394365310669

*****************************************************************************
*                                                                           *
*                    JOB EFFICIENCY REPORT (seff 4716480)                   *
*                                                                           *
*****************************************************************************

Job ID: 4716480
Cluster: finisterrae3
User/Group: csmusfii/csic
State: COMPLETED (exit code 0)
Nodes: 1
Cores per node: 64
CPU Utilized: 08:23:56
CPU Efficiency: 67.78% of 12:23:28 core-walltime
Job Wall-clock time: 00:11:37
Memory Utilized: 1.41 GB
Memory Efficiency: 4.39% of 32.00 GB

 +++++++++++++++++++++++++++++++++++++++++++++++++++++++++++++++++++++++++++
 ++   Memory Efficiency is too small. Please review the requested memory. ++
 ++ It seems that you do not need that much memory so we recommend        ++
 ++ requesting less memory in other similar jobs.                         ++
 +++++++++++++++++++++++++++++++++++++++++++++++++++++++++++++++++++++++++++
 
*****************************************************************************

