slurmstepd: info: Setting TMPDIR to /scratch/4716488. Previous errors about TMPDIR can be discarded
srun python3 /home/csic/mus/fii/chvi/test/entire_pipeline.py --dimensions 7 --size 6 --seed 9
7,6,9,696.3473424911499,0.000263214111328125,1.2317206859588623

*****************************************************************************
*                                                                           *
*                    JOB EFFICIENCY REPORT (seff 4716488)                   *
*                                                                           *
*****************************************************************************

Job ID: 4716488
Cluster: finisterrae3
User/Group: csmusfii/csic
State: COMPLETED (exit code 0)
Nodes: 1
Cores per node: 64
CPU Utilized: 08:26:33
CPU Efficiency: 67.65% of 12:28:48 core-walltime
Job Wall-clock time: 00:11:42
Memory Utilized: 1.44 GB
Memory Efficiency: 4.49% of 32.00 GB

 +++++++++++++++++++++++++++++++++++++++++++++++++++++++++++++++++++++++++++
 ++   Memory Efficiency is too small. Please review the requested memory. ++
 ++ It seems that you do not need that much memory so we recommend        ++
 ++ requesting less memory in other similar jobs.                         ++
 +++++++++++++++++++++++++++++++++++++++++++++++++++++++++++++++++++++++++++
 
*****************************************************************************

