slurmstepd: info: Setting TMPDIR to /scratch/4716481. Previous errors about TMPDIR can be discarded
srun python3 /home/csic/mus/fii/chvi/test/entire_pipeline.py --dimensions 7 --size 6 --seed 2
7,6,2,708.3038489818573,0.0002830028533935547,1.0093796253204346

*****************************************************************************
*                                                                           *
*                    JOB EFFICIENCY REPORT (seff 4716481)                   *
*                                                                           *
*****************************************************************************

Job ID: 4716481
Cluster: finisterrae3
User/Group: csmusfii/csic
State: COMPLETED (exit code 0)
Nodes: 1
Cores per node: 64
CPU Utilized: 08:20:51
CPU Efficiency: 66.04% of 12:38:24 core-walltime
Job Wall-clock time: 00:11:51
Memory Utilized: 1.43 GB
Memory Efficiency: 4.45% of 32.00 GB

 +++++++++++++++++++++++++++++++++++++++++++++++++++++++++++++++++++++++++++
 ++   Memory Efficiency is too small. Please review the requested memory. ++
 ++ It seems that you do not need that much memory so we recommend        ++
 ++ requesting less memory in other similar jobs.                         ++
 +++++++++++++++++++++++++++++++++++++++++++++++++++++++++++++++++++++++++++
 
*****************************************************************************

