slurmstepd: info: Setting TMPDIR to /scratch/4716482. Previous errors about TMPDIR can be discarded
srun python3 /home/csic/mus/fii/chvi/test/entire_pipeline.py --dimensions 7 --size 6 --seed 3
7,6,3,662.7183980941772,0.0005292892456054688,0.9804861545562744

*****************************************************************************
*                                                                           *
*                    JOB EFFICIENCY REPORT (seff 4716482)                   *
*                                                                           *
*****************************************************************************

Job ID: 4716482
Cluster: finisterrae3
User/Group: csmusfii/csic
State: COMPLETED (exit code 0)
Nodes: 1
Cores per node: 64
CPU Utilized: 08:17:31
CPU Efficiency: 70.14% of 11:49:20 core-walltime
Job Wall-clock time: 00:11:05
Memory Utilized: 1.42 GB
Memory Efficiency: 4.43% of 32.00 GB

 +++++++++++++++++++++++++++++++++++++++++++++++++++++++++++++++++++++++++++
 ++   Memory Efficiency is too small. Please review the requested memory. ++
 ++ It seems that you do not need that much memory so we recommend        ++
 ++ requesting less memory in other similar jobs.                         ++
 +++++++++++++++++++++++++++++++++++++++++++++++++++++++++++++++++++++++++++
 
*****************************************************************************

