slurmstepd: info: Setting TMPDIR to /scratch/4716487. Previous errors about TMPDIR can be discarded
srun python3 /home/csic/mus/fii/chvi/test/entire_pipeline.py --dimensions 7 --size 6 --seed 8
7,6,8,703.556066274643,0.0003533363342285156,0.97456955909729

*****************************************************************************
*                                                                           *
*                    JOB EFFICIENCY REPORT (seff 4716487)                   *
*                                                                           *
*****************************************************************************

Job ID: 4716487
Cluster: finisterrae3
User/Group: csmusfii/csic
State: COMPLETED (exit code 0)
Nodes: 1
Cores per node: 64
CPU Utilized: 08:17:50
CPU Efficiency: 66.01% of 12:34:08 core-walltime
Job Wall-clock time: 00:11:47
Memory Utilized: 1.43 GB
Memory Efficiency: 4.48% of 32.00 GB

 +++++++++++++++++++++++++++++++++++++++++++++++++++++++++++++++++++++++++++
 ++   Memory Efficiency is too small. Please review the requested memory. ++
 ++ It seems that you do not need that much memory so we recommend        ++
 ++ requesting less memory in other similar jobs.                         ++
 +++++++++++++++++++++++++++++++++++++++++++++++++++++++++++++++++++++++++++
 
*****************************************************************************

