slurmstepd: info: Setting TMPDIR to /scratch/4716497. Previous errors about TMPDIR can be discarded
srun python3 /home/csic/mus/fii/chvi/test/entire_pipeline.py --dimensions 7 --size 6 --seed 18
7,6,18,718.6451060771942,0.00033855438232421875,1.2722105979919434

*****************************************************************************
*                                                                           *
*                    JOB EFFICIENCY REPORT (seff 4716497)                   *
*                                                                           *
*****************************************************************************

Job ID: 4716497
Cluster: finisterrae3
User/Group: csmusfii/csic
State: COMPLETED (exit code 0)
Nodes: 1
Cores per node: 64
CPU Utilized: 08:17:17
CPU Efficiency: 64.57% of 12:50:08 core-walltime
Job Wall-clock time: 00:12:02
Memory Utilized: 1.42 GB
Memory Efficiency: 4.42% of 32.00 GB

 +++++++++++++++++++++++++++++++++++++++++++++++++++++++++++++++++++++++++++
 ++   Memory Efficiency is too small. Please review the requested memory. ++
 ++ It seems that you do not need that much memory so we recommend        ++
 ++ requesting less memory in other similar jobs.                         ++
 +++++++++++++++++++++++++++++++++++++++++++++++++++++++++++++++++++++++++++
 
*****************************************************************************

