slurmstepd: info: Setting TMPDIR to /scratch/4716498. Previous errors about TMPDIR can be discarded
srun python3 /home/csic/mus/fii/chvi/test/entire_pipeline.py --dimensions 7 --size 6 --seed 19
7,6,19,701.8704838752747,0.00027823448181152344,0.9745323657989502

*****************************************************************************
*                                                                           *
*                    JOB EFFICIENCY REPORT (seff 4716498)                   *
*                                                                           *
*****************************************************************************

Job ID: 4716498
Cluster: finisterrae3
User/Group: csmusfii/csic
State: COMPLETED (exit code 0)
Nodes: 1
Cores per node: 64
CPU Utilized: 08:15:24
CPU Efficiency: 65.88% of 12:32:00 core-walltime
Job Wall-clock time: 00:11:45
Memory Utilized: 1.42 GB
Memory Efficiency: 4.44% of 32.00 GB

 +++++++++++++++++++++++++++++++++++++++++++++++++++++++++++++++++++++++++++
 ++   Memory Efficiency is too small. Please review the requested memory. ++
 ++ It seems that you do not need that much memory so we recommend        ++
 ++ requesting less memory in other similar jobs.                         ++
 +++++++++++++++++++++++++++++++++++++++++++++++++++++++++++++++++++++++++++
 
*****************************************************************************

