slurmstepd: info: Setting TMPDIR to /scratch/4716493. Previous errors about TMPDIR can be discarded
srun python3 /home/csic/mus/fii/chvi/test/entire_pipeline.py --dimensions 7 --size 6 --seed 14
7,6,14,692.873366355896,0.0002856254577636719,1.0110669136047363

*****************************************************************************
*                                                                           *
*                    JOB EFFICIENCY REPORT (seff 4716493)                   *
*                                                                           *
*****************************************************************************

Job ID: 4716493
Cluster: finisterrae3
User/Group: csmusfii/csic
State: COMPLETED (exit code 0)
Nodes: 1
Cores per node: 64
CPU Utilized: 08:16:25
CPU Efficiency: 66.87% of 12:22:24 core-walltime
Job Wall-clock time: 00:11:36
Memory Utilized: 1.40 GB
Memory Efficiency: 4.38% of 32.00 GB

 +++++++++++++++++++++++++++++++++++++++++++++++++++++++++++++++++++++++++++
 ++   Memory Efficiency is too small. Please review the requested memory. ++
 ++ It seems that you do not need that much memory so we recommend        ++
 ++ requesting less memory in other similar jobs.                         ++
 +++++++++++++++++++++++++++++++++++++++++++++++++++++++++++++++++++++++++++
 
*****************************************************************************

