slurmstepd: info: Setting TMPDIR to /scratch/4716657. Previous errors about TMPDIR can be discarded
srun python3 /home/csic/mus/fii/chvi/test/entire_pipeline.py --dimensions 7 --size 7 --seed 6
7,7,6,2963.0005927085876,0.00036525726318359375,1.4221117496490479

*****************************************************************************
*                                                                           *
*                    JOB EFFICIENCY REPORT (seff 4716657)                   *
*                                                                           *
*****************************************************************************

Job ID: 4716657
Cluster: finisterrae3
User/Group: csmusfii/csic
State: COMPLETED (exit code 0)
Nodes: 1
Cores per node: 64
CPU Utilized: 1-14:02:55
CPU Efficiency: 72.06% of 2-04:48:00 core-walltime
Job Wall-clock time: 00:49:30
Memory Utilized: 4.39 GB
Memory Efficiency: 13.70% of 32.00 GB

 +++++++++++++++++++++++++++++++++++++++++++++++++++++++++++++++++++++++++++
 ++   Memory Efficiency is too small. Please review the requested memory. ++
 ++ It seems that you do not need that much memory so we recommend        ++
 ++ requesting less memory in other similar jobs.                         ++
 +++++++++++++++++++++++++++++++++++++++++++++++++++++++++++++++++++++++++++
 
*****************************************************************************

