slurmstepd: info: Setting TMPDIR to /scratch/4716660. Previous errors about TMPDIR can be discarded
srun python3 /home/csic/mus/fii/chvi/test/entire_pipeline.py --dimensions 7 --size 7 --seed 9
7,7,9,3064.5838363170624,0.0003285408020019531,1.398911476135254

*****************************************************************************
*                                                                           *
*                    JOB EFFICIENCY REPORT (seff 4716660)                   *
*                                                                           *
*****************************************************************************

Job ID: 4716660
Cluster: finisterrae3
User/Group: csmusfii/csic
State: COMPLETED (exit code 0)
Nodes: 1
Cores per node: 64
CPU Utilized: 1-14:44:43
CPU Efficiency: 70.97% of 2-06:35:44 core-walltime
Job Wall-clock time: 00:51:11
Memory Utilized: 4.36 GB
Memory Efficiency: 13.62% of 32.00 GB

 +++++++++++++++++++++++++++++++++++++++++++++++++++++++++++++++++++++++++++
 ++   Memory Efficiency is too small. Please review the requested memory. ++
 ++ It seems that you do not need that much memory so we recommend        ++
 ++ requesting less memory in other similar jobs.                         ++
 +++++++++++++++++++++++++++++++++++++++++++++++++++++++++++++++++++++++++++
 
*****************************************************************************

