slurmstepd: info: Setting TMPDIR to /scratch/4716653. Previous errors about TMPDIR can be discarded
srun python3 /home/csic/mus/fii/chvi/test/entire_pipeline.py --dimensions 7 --size 7 --seed 2
7,7,2,3137.8179247379303,0.00034618377685546875,1.6399805545806885

*****************************************************************************
*                                                                           *
*                    JOB EFFICIENCY REPORT (seff 4716653)                   *
*                                                                           *
*****************************************************************************

Job ID: 4716653
Cluster: finisterrae3
User/Group: csmusfii/csic
State: COMPLETED (exit code 0)
Nodes: 1
Cores per node: 64
CPU Utilized: 1-13:45:51
CPU Efficiency: 67.56% of 2-07:53:36 core-walltime
Job Wall-clock time: 00:52:24
Memory Utilized: 4.35 GB
Memory Efficiency: 13.59% of 32.00 GB

 +++++++++++++++++++++++++++++++++++++++++++++++++++++++++++++++++++++++++++
 ++   Memory Efficiency is too small. Please review the requested memory. ++
 ++ It seems that you do not need that much memory so we recommend        ++
 ++ requesting less memory in other similar jobs.                         ++
 +++++++++++++++++++++++++++++++++++++++++++++++++++++++++++++++++++++++++++
 
*****************************************************************************

