slurmstepd: info: Setting TMPDIR to /scratch/4716664. Previous errors about TMPDIR can be discarded
srun python3 /home/csic/mus/fii/chvi/test/entire_pipeline.py --dimensions 7 --size 7 --seed 13
7,7,13,3083.538834810257,0.0007228851318359375,1.3407599925994873

*****************************************************************************
*                                                                           *
*                    JOB EFFICIENCY REPORT (seff 4716664)                   *
*                                                                           *
*****************************************************************************

Job ID: 4716664
Cluster: finisterrae3
User/Group: csmusfii/csic
State: COMPLETED (exit code 0)
Nodes: 1
Cores per node: 64
CPU Utilized: 1-13:53:08
CPU Efficiency: 68.94% of 2-06:57:04 core-walltime
Job Wall-clock time: 00:51:31
Memory Utilized: 4.36 GB
Memory Efficiency: 13.62% of 32.00 GB

 +++++++++++++++++++++++++++++++++++++++++++++++++++++++++++++++++++++++++++
 ++   Memory Efficiency is too small. Please review the requested memory. ++
 ++ It seems that you do not need that much memory so we recommend        ++
 ++ requesting less memory in other similar jobs.                         ++
 +++++++++++++++++++++++++++++++++++++++++++++++++++++++++++++++++++++++++++
 
*****************************************************************************

