slurmstepd: info: Setting TMPDIR to /scratch/4716662. Previous errors about TMPDIR can be discarded
srun python3 /home/csic/mus/fii/chvi/test/entire_pipeline.py --dimensions 7 --size 7 --seed 11
7,7,11,3138.2558596134186,0.0003364086151123047,1.2976691722869873

*****************************************************************************
*                                                                           *
*                    JOB EFFICIENCY REPORT (seff 4716662)                   *
*                                                                           *
*****************************************************************************

Job ID: 4716662
Cluster: finisterrae3
User/Group: csmusfii/csic
State: COMPLETED (exit code 0)
Nodes: 1
Cores per node: 64
CPU Utilized: 1-14:33:04
CPU Efficiency: 68.97% of 2-07:53:36 core-walltime
Job Wall-clock time: 00:52:24
Memory Utilized: 4.38 GB
Memory Efficiency: 13.68% of 32.00 GB

 +++++++++++++++++++++++++++++++++++++++++++++++++++++++++++++++++++++++++++
 ++   Memory Efficiency is too small. Please review the requested memory. ++
 ++ It seems that you do not need that much memory so we recommend        ++
 ++ requesting less memory in other similar jobs.                         ++
 +++++++++++++++++++++++++++++++++++++++++++++++++++++++++++++++++++++++++++
 
*****************************************************************************

