slurmstepd: info: Setting TMPDIR to /scratch/4716655. Previous errors about TMPDIR can be discarded
srun python3 /home/csic/mus/fii/chvi/test/entire_pipeline.py --dimensions 7 --size 7 --seed 4
7,7,4,3078.221963405609,0.00044083595275878906,1.6309235095977783

*****************************************************************************
*                                                                           *
*                    JOB EFFICIENCY REPORT (seff 4716655)                   *
*                                                                           *
*****************************************************************************

Job ID: 4716655
Cluster: finisterrae3
User/Group: csmusfii/csic
State: COMPLETED (exit code 0)
Nodes: 1
Cores per node: 64
CPU Utilized: 1-14:06:28
CPU Efficiency: 69.48% of 2-06:50:40 core-walltime
Job Wall-clock time: 00:51:25
Memory Utilized: 4.36 GB
Memory Efficiency: 13.61% of 32.00 GB

 +++++++++++++++++++++++++++++++++++++++++++++++++++++++++++++++++++++++++++
 ++   Memory Efficiency is too small. Please review the requested memory. ++
 ++ It seems that you do not need that much memory so we recommend        ++
 ++ requesting less memory in other similar jobs.                         ++
 +++++++++++++++++++++++++++++++++++++++++++++++++++++++++++++++++++++++++++
 
*****************************************************************************

