slurmstepd: info: Setting TMPDIR to /scratch/4716659. Previous errors about TMPDIR can be discarded
srun python3 /home/csic/mus/fii/chvi/test/entire_pipeline.py --dimensions 7 --size 7 --seed 8
7,7,8,3189.817056655884,0.0002884864807128906,1.4264438152313232

*****************************************************************************
*                                                                           *
*                    JOB EFFICIENCY REPORT (seff 4716659)                   *
*                                                                           *
*****************************************************************************

Job ID: 4716659
Cluster: finisterrae3
User/Group: csmusfii/csic
State: COMPLETED (exit code 0)
Nodes: 1
Cores per node: 64
CPU Utilized: 1-14:25:18
CPU Efficiency: 67.66% of 2-08:46:56 core-walltime
Job Wall-clock time: 00:53:14
Memory Utilized: 4.37 GB
Memory Efficiency: 13.66% of 32.00 GB

 +++++++++++++++++++++++++++++++++++++++++++++++++++++++++++++++++++++++++++
 ++   Memory Efficiency is too small. Please review the requested memory. ++
 ++ It seems that you do not need that much memory so we recommend        ++
 ++ requesting less memory in other similar jobs.                         ++
 +++++++++++++++++++++++++++++++++++++++++++++++++++++++++++++++++++++++++++
 
*****************************************************************************

