slurmstepd: info: Setting TMPDIR to /scratch/4716663. Previous errors about TMPDIR can be discarded
srun python3 /home/csic/mus/fii/chvi/test/entire_pipeline.py --dimensions 7 --size 7 --seed 12
7,7,12,3183.361405611038,0.000423431396484375,1.368393898010254

*****************************************************************************
*                                                                           *
*                    JOB EFFICIENCY REPORT (seff 4716663)                   *
*                                                                           *
*****************************************************************************

Job ID: 4716663
Cluster: finisterrae3
User/Group: csmusfii/csic
State: COMPLETED (exit code 0)
Nodes: 1
Cores per node: 64
CPU Utilized: 1-14:17:33
CPU Efficiency: 67.59% of 2-08:39:28 core-walltime
Job Wall-clock time: 00:53:07
Memory Utilized: 4.37 GB
Memory Efficiency: 13.64% of 32.00 GB

 +++++++++++++++++++++++++++++++++++++++++++++++++++++++++++++++++++++++++++
 ++   Memory Efficiency is too small. Please review the requested memory. ++
 ++ It seems that you do not need that much memory so we recommend        ++
 ++ requesting less memory in other similar jobs.                         ++
 +++++++++++++++++++++++++++++++++++++++++++++++++++++++++++++++++++++++++++
 
*****************************************************************************

