slurmstepd: info: Setting TMPDIR to /scratch/4716658. Previous errors about TMPDIR can be discarded
srun python3 /home/csic/mus/fii/chvi/test/entire_pipeline.py --dimensions 7 --size 7 --seed 7
7,7,7,2957.9221732616425,0.0002989768981933594,1.4752767086029053

*****************************************************************************
*                                                                           *
*                    JOB EFFICIENCY REPORT (seff 4716658)                   *
*                                                                           *
*****************************************************************************

Job ID: 4716658
Cluster: finisterrae3
User/Group: csmusfii/csic
State: COMPLETED (exit code 0)
Nodes: 1
Cores per node: 64
CPU Utilized: 1-14:24:09
CPU Efficiency: 72.93% of 2-04:39:28 core-walltime
Job Wall-clock time: 00:49:22
Memory Utilized: 4.39 GB
Memory Efficiency: 13.71% of 32.00 GB

 +++++++++++++++++++++++++++++++++++++++++++++++++++++++++++++++++++++++++++
 ++   Memory Efficiency is too small. Please review the requested memory. ++
 ++ It seems that you do not need that much memory so we recommend        ++
 ++ requesting less memory in other similar jobs.                         ++
 +++++++++++++++++++++++++++++++++++++++++++++++++++++++++++++++++++++++++++
 
*****************************************************************************

