slurmstepd: info: Setting TMPDIR to /scratch/4716670. Previous errors about TMPDIR can be discarded
srun python3 /home/csic/mus/fii/chvi/test/entire_pipeline.py --dimensions 7 --size 7 --seed 19
7,7,19,2950.5337948799133,0.0003268718719482422,0.9733545780181885

*****************************************************************************
*                                                                           *
*                    JOB EFFICIENCY REPORT (seff 4716670)                   *
*                                                                           *
*****************************************************************************

Job ID: 4716670
Cluster: finisterrae3
User/Group: csmusfii/csic
State: COMPLETED (exit code 0)
Nodes: 1
Cores per node: 64
CPU Utilized: 1-13:30:15
CPU Efficiency: 71.39% of 2-04:32:00 core-walltime
Job Wall-clock time: 00:49:15
Memory Utilized: 4.34 GB
Memory Efficiency: 13.56% of 32.00 GB

 +++++++++++++++++++++++++++++++++++++++++++++++++++++++++++++++++++++++++++
 ++   Memory Efficiency is too small. Please review the requested memory. ++
 ++ It seems that you do not need that much memory so we recommend        ++
 ++ requesting less memory in other similar jobs.                         ++
 +++++++++++++++++++++++++++++++++++++++++++++++++++++++++++++++++++++++++++
 
*****************************************************************************

