slurmstepd: info: Setting TMPDIR to /scratch/4716668. Previous errors about TMPDIR can be discarded
srun python3 /home/csic/mus/fii/chvi/test/entire_pipeline.py --dimensions 7 --size 7 --seed 17
7,7,17,2998.7883558273315,0.0004527568817138672,1.2919094562530518

*****************************************************************************
*                                                                           *
*                    JOB EFFICIENCY REPORT (seff 4716668)                   *
*                                                                           *
*****************************************************************************

Job ID: 4716668
Cluster: finisterrae3
User/Group: csmusfii/csic
State: COMPLETED (exit code 0)
Nodes: 1
Cores per node: 64
CPU Utilized: 1-13:25:23
CPU Efficiency: 70.10% of 2-05:23:12 core-walltime
Job Wall-clock time: 00:50:03
Memory Utilized: 4.36 GB
Memory Efficiency: 13.63% of 32.00 GB

 +++++++++++++++++++++++++++++++++++++++++++++++++++++++++++++++++++++++++++
 ++   Memory Efficiency is too small. Please review the requested memory. ++
 ++ It seems that you do not need that much memory so we recommend        ++
 ++ requesting less memory in other similar jobs.                         ++
 +++++++++++++++++++++++++++++++++++++++++++++++++++++++++++++++++++++++++++
 
*****************************************************************************

