slurmstepd: info: Setting TMPDIR to /scratch/4716652. Previous errors about TMPDIR can be discarded
srun python3 /home/csic/mus/fii/chvi/test/entire_pipeline.py --dimensions 7 --size 7 --seed 1
7,7,1,2975.9874670505524,0.0004940032958984375,1.0066237449645996

*****************************************************************************
*                                                                           *
*                    JOB EFFICIENCY REPORT (seff 4716652)                   *
*                                                                           *
*****************************************************************************

Job ID: 4716652
Cluster: finisterrae3
User/Group: csmusfii/csic
State: COMPLETED (exit code 0)
Nodes: 1
Cores per node: 64
CPU Utilized: 1-13:23:00
CPU Efficiency: 70.56% of 2-04:58:40 core-walltime
Job Wall-clock time: 00:49:40
Memory Utilized: 4.36 GB
Memory Efficiency: 13.61% of 32.00 GB

 +++++++++++++++++++++++++++++++++++++++++++++++++++++++++++++++++++++++++++
 ++   Memory Efficiency is too small. Please review the requested memory. ++
 ++ It seems that you do not need that much memory so we recommend        ++
 ++ requesting less memory in other similar jobs.                         ++
 +++++++++++++++++++++++++++++++++++++++++++++++++++++++++++++++++++++++++++
 
*****************************************************************************

