slurmstepd: info: Setting TMPDIR to /scratch/4716669. Previous errors about TMPDIR can be discarded
srun python3 /home/csic/mus/fii/chvi/test/entire_pipeline.py --dimensions 7 --size 7 --seed 18
7,7,18,3207.89626288414,0.00040078163146972656,1.204746961593628

*****************************************************************************
*                                                                           *
*                    JOB EFFICIENCY REPORT (seff 4716669)                   *
*                                                                           *
*****************************************************************************

Job ID: 4716669
Cluster: finisterrae3
User/Group: csmusfii/csic
State: COMPLETED (exit code 0)
Nodes: 1
Cores per node: 64
CPU Utilized: 1-14:00:42
CPU Efficiency: 66.55% of 2-09:07:12 core-walltime
Job Wall-clock time: 00:53:33
Memory Utilized: 4.37 GB
Memory Efficiency: 13.65% of 32.00 GB

 +++++++++++++++++++++++++++++++++++++++++++++++++++++++++++++++++++++++++++
 ++   Memory Efficiency is too small. Please review the requested memory. ++
 ++ It seems that you do not need that much memory so we recommend        ++
 ++ requesting less memory in other similar jobs.                         ++
 +++++++++++++++++++++++++++++++++++++++++++++++++++++++++++++++++++++++++++
 
*****************************************************************************

