slurmstepd: info: Setting TMPDIR to /scratch/4716665. Previous errors about TMPDIR can be discarded
srun python3 /home/csic/mus/fii/chvi/test/entire_pipeline.py --dimensions 7 --size 7 --seed 14
7,7,14,3033.461297750473,0.0007886886596679688,1.0524721145629883

*****************************************************************************
*                                                                           *
*                    JOB EFFICIENCY REPORT (seff 4716665)                   *
*                                                                           *
*****************************************************************************

Job ID: 4716665
Cluster: finisterrae3
User/Group: csmusfii/csic
State: COMPLETED (exit code 0)
Nodes: 1
Cores per node: 64
CPU Utilized: 1-13:29:32
CPU Efficiency: 69.44% of 2-05:59:28 core-walltime
Job Wall-clock time: 00:50:37
Memory Utilized: 4.35 GB
Memory Efficiency: 13.60% of 32.00 GB

 +++++++++++++++++++++++++++++++++++++++++++++++++++++++++++++++++++++++++++
 ++   Memory Efficiency is too small. Please review the requested memory. ++
 ++ It seems that you do not need that much memory so we recommend        ++
 ++ requesting less memory in other similar jobs.                         ++
 +++++++++++++++++++++++++++++++++++++++++++++++++++++++++++++++++++++++++++
 
*****************************************************************************

