slurmstepd: info: Setting TMPDIR to /scratch/4716689. Previous errors about TMPDIR can be discarded
srun python3 /home/csic/mus/fii/chvi/test/entire_pipeline.py --dimensions 7 --size 8 --seed 18
7,8,18,11041.842363357544,0.0002415180206298828,0.9704258441925049

*****************************************************************************
*                                                                           *
*                    JOB EFFICIENCY REPORT (seff 4716689)                   *
*                                                                           *
*****************************************************************************

Job ID: 4716689
Cluster: finisterrae3
User/Group: csmusfii/csic
State: COMPLETED (exit code 0)
Nodes: 1
Cores per node: 64
CPU Utilized: 5-18:03:28
CPU Efficiency: 70.32% of 8-04:19:12 core-walltime
Job Wall-clock time: 03:04:03
Memory Utilized: 12.18 GB
Memory Efficiency: 38.05% of 32.00 GB

 +++++++++++++++++++++++++++++++++++++++++++++++++++++++++++++++++++++++++++
 ++   Memory Efficiency is too small. Please review the requested memory. ++
 ++ It seems that you do not need that much memory so we recommend        ++
 ++ requesting less memory in other similar jobs.                         ++
 +++++++++++++++++++++++++++++++++++++++++++++++++++++++++++++++++++++++++++
 
*****************************************************************************

