slurmstepd: info: Setting TMPDIR to /scratch/4716675. Previous errors about TMPDIR can be discarded
srun python3 /home/csic/mus/fii/chvi/test/entire_pipeline.py --dimensions 7 --size 8 --seed 4
7,8,4,11617.223198413849,0.0004596710205078125,1.2590138912200928

*****************************************************************************
*                                                                           *
*                    JOB EFFICIENCY REPORT (seff 4716675)                   *
*                                                                           *
*****************************************************************************

Job ID: 4716675
Cluster: finisterrae3
User/Group: csmusfii/csic
State: COMPLETED (exit code 0)
Nodes: 1
Cores per node: 64
CPU Utilized: 5-17:06:16
CPU Efficiency: 66.36% of 8-14:35:44 core-walltime
Job Wall-clock time: 03:13:41
Memory Utilized: 12.11 GB
Memory Efficiency: 37.85% of 32.00 GB

 +++++++++++++++++++++++++++++++++++++++++++++++++++++++++++++++++++++++++++
 ++   Memory Efficiency is too small. Please review the requested memory. ++
 ++ It seems that you do not need that much memory so we recommend        ++
 ++ requesting less memory in other similar jobs.                         ++
 +++++++++++++++++++++++++++++++++++++++++++++++++++++++++++++++++++++++++++
 
*****************************************************************************

