slurmstepd: info: Setting TMPDIR to /scratch/4716691. Previous errors about TMPDIR can be discarded
srun python3 /home/csic/mus/fii/chvi/test/entire_pipeline.py --dimensions 7 --size 8 --seed 20
7,8,20,11235.83079457283,0.0005345344543457031,1.39105224609375

*****************************************************************************
*                                                                           *
*                    JOB EFFICIENCY REPORT (seff 4716691)                   *
*                                                                           *
*****************************************************************************

Job ID: 4716691
Cluster: finisterrae3
User/Group: csmusfii/csic
State: COMPLETED (exit code 0)
Nodes: 1
Cores per node: 64
CPU Utilized: 5-17:21:12
CPU Efficiency: 68.74% of 8-07:49:20 core-walltime
Job Wall-clock time: 03:07:20
Memory Utilized: 12.20 GB
Memory Efficiency: 38.13% of 32.00 GB

 +++++++++++++++++++++++++++++++++++++++++++++++++++++++++++++++++++++++++++
 ++   Memory Efficiency is too small. Please review the requested memory. ++
 ++ It seems that you do not need that much memory so we recommend        ++
 ++ requesting less memory in other similar jobs.                         ++
 +++++++++++++++++++++++++++++++++++++++++++++++++++++++++++++++++++++++++++
 
*****************************************************************************

