slurmstepd: info: Setting TMPDIR to /scratch/4716682. Previous errors about TMPDIR can be discarded
srun python3 /home/csic/mus/fii/chvi/test/entire_pipeline.py --dimensions 7 --size 8 --seed 11
7,8,11,11505.204993009567,0.0006127357482910156,1.2090094089508057

*****************************************************************************
*                                                                           *
*                    JOB EFFICIENCY REPORT (seff 4716682)                   *
*                                                                           *
*****************************************************************************

Job ID: 4716682
Cluster: finisterrae3
User/Group: csmusfii/csic
State: COMPLETED (exit code 0)
Nodes: 1
Cores per node: 64
CPU Utilized: 5-18:47:35
CPU Efficiency: 67.84% of 8-12:35:12 core-walltime
Job Wall-clock time: 03:11:48
Memory Utilized: 12.18 GB
Memory Efficiency: 38.05% of 32.00 GB

 +++++++++++++++++++++++++++++++++++++++++++++++++++++++++++++++++++++++++++
 ++   Memory Efficiency is too small. Please review the requested memory. ++
 ++ It seems that you do not need that much memory so we recommend        ++
 ++ requesting less memory in other similar jobs.                         ++
 +++++++++++++++++++++++++++++++++++++++++++++++++++++++++++++++++++++++++++
 
*****************************************************************************

