slurmstepd: info: Setting TMPDIR to /scratch/4716686. Previous errors about TMPDIR can be discarded
srun python3 /home/csic/mus/fii/chvi/test/entire_pipeline.py --dimensions 7 --size 8 --seed 15
7,8,15,11746.847729921341,0.0004379749298095703,1.6933605670928955

*****************************************************************************
*                                                                           *
*                    JOB EFFICIENCY REPORT (seff 4716686)                   *
*                                                                           *
*****************************************************************************

Job ID: 4716686
Cluster: finisterrae3
User/Group: csmusfii/csic
State: COMPLETED (exit code 0)
Nodes: 1
Cores per node: 64
CPU Utilized: 5-21:18:28
CPU Efficiency: 67.62% of 8-16:58:40 core-walltime
Job Wall-clock time: 03:15:55
Memory Utilized: 12.15 GB
Memory Efficiency: 37.97% of 32.00 GB

 +++++++++++++++++++++++++++++++++++++++++++++++++++++++++++++++++++++++++++
 ++   Memory Efficiency is too small. Please review the requested memory. ++
 ++ It seems that you do not need that much memory so we recommend        ++
 ++ requesting less memory in other similar jobs.                         ++
 +++++++++++++++++++++++++++++++++++++++++++++++++++++++++++++++++++++++++++
 
*****************************************************************************

