slurmstepd: info: Setting TMPDIR to /scratch/4716681. Previous errors about TMPDIR can be discarded
srun python3 /home/csic/mus/fii/chvi/test/entire_pipeline.py --dimensions 7 --size 8 --seed 10
7,8,10,11545.91203737259,0.0003657341003417969,1.220884084701538

*****************************************************************************
*                                                                           *
*                    JOB EFFICIENCY REPORT (seff 4716681)                   *
*                                                                           *
*****************************************************************************

Job ID: 4716681
Cluster: finisterrae3
User/Group: csmusfii/csic
State: COMPLETED (exit code 0)
Nodes: 1
Cores per node: 64
CPU Utilized: 5-19:54:45
CPU Efficiency: 68.14% of 8-13:20:00 core-walltime
Job Wall-clock time: 03:12:30
Memory Utilized: 12.14 GB
Memory Efficiency: 37.95% of 32.00 GB

 +++++++++++++++++++++++++++++++++++++++++++++++++++++++++++++++++++++++++++
 ++   Memory Efficiency is too small. Please review the requested memory. ++
 ++ It seems that you do not need that much memory so we recommend        ++
 ++ requesting less memory in other similar jobs.                         ++
 +++++++++++++++++++++++++++++++++++++++++++++++++++++++++++++++++++++++++++
 
*****************************************************************************

