slurmstepd: info: Setting TMPDIR to /scratch/4716672. Previous errors about TMPDIR can be discarded
srun python3 /home/csic/mus/fii/chvi/test/entire_pipeline.py --dimensions 7 --size 8 --seed 1
7,8,1,11492.22358417511,0.0003502368927001953,1.3856861591339111

*****************************************************************************
*                                                                           *
*                    JOB EFFICIENCY REPORT (seff 4716672)                   *
*                                                                           *
*****************************************************************************

Job ID: 4716672
Cluster: finisterrae3
User/Group: csmusfii/csic
State: COMPLETED (exit code 0)
Nodes: 1
Cores per node: 64
CPU Utilized: 5-18:45:56
CPU Efficiency: 67.88% of 8-12:25:36 core-walltime
Job Wall-clock time: 03:11:39
Memory Utilized: 12.19 GB
Memory Efficiency: 38.10% of 32.00 GB

 +++++++++++++++++++++++++++++++++++++++++++++++++++++++++++++++++++++++++++
 ++   Memory Efficiency is too small. Please review the requested memory. ++
 ++ It seems that you do not need that much memory so we recommend        ++
 ++ requesting less memory in other similar jobs.                         ++
 +++++++++++++++++++++++++++++++++++++++++++++++++++++++++++++++++++++++++++
 
*****************************************************************************

