slurmstepd: info: Setting TMPDIR to /scratch/4716685. Previous errors about TMPDIR can be discarded
srun python3 /home/csic/mus/fii/chvi/test/entire_pipeline.py --dimensions 7 --size 8 --seed 14
7,8,14,11379.42424249649,0.0003218650817871094,1.1496367454528809

*****************************************************************************
*                                                                           *
*                    JOB EFFICIENCY REPORT (seff 4716685)                   *
*                                                                           *
*****************************************************************************

Job ID: 4716685
Cluster: finisterrae3
User/Group: csmusfii/csic
State: COMPLETED (exit code 0)
Nodes: 1
Cores per node: 64
CPU Utilized: 5-18:39:33
CPU Efficiency: 68.51% of 8-10:24:00 core-walltime
Job Wall-clock time: 03:09:45
Memory Utilized: 12.18 GB
Memory Efficiency: 38.05% of 32.00 GB

 +++++++++++++++++++++++++++++++++++++++++++++++++++++++++++++++++++++++++++
 ++   Memory Efficiency is too small. Please review the requested memory. ++
 ++ It seems that you do not need that much memory so we recommend        ++
 ++ requesting less memory in other similar jobs.                         ++
 +++++++++++++++++++++++++++++++++++++++++++++++++++++++++++++++++++++++++++
 
*****************************************************************************

