slurmstepd: info: Setting TMPDIR to /scratch/4716676. Previous errors about TMPDIR can be discarded
srun python3 /home/csic/mus/fii/chvi/test/entire_pipeline.py --dimensions 7 --size 8 --seed 5
7,8,5,11661.245849132538,0.0002872943878173828,3.500727891921997

*****************************************************************************
*                                                                           *
*                    JOB EFFICIENCY REPORT (seff 4716676)                   *
*                                                                           *
*****************************************************************************

Job ID: 4716676
Cluster: finisterrae3
User/Group: csmusfii/csic
State: COMPLETED (exit code 0)
Nodes: 1
Cores per node: 64
CPU Utilized: 5-16:44:53
CPU Efficiency: 65.91% of 8-15:28:00 core-walltime
Job Wall-clock time: 03:14:30
Memory Utilized: 12.15 GB
Memory Efficiency: 37.96% of 32.00 GB

 +++++++++++++++++++++++++++++++++++++++++++++++++++++++++++++++++++++++++++
 ++   Memory Efficiency is too small. Please review the requested memory. ++
 ++ It seems that you do not need that much memory so we recommend        ++
 ++ requesting less memory in other similar jobs.                         ++
 +++++++++++++++++++++++++++++++++++++++++++++++++++++++++++++++++++++++++++
 
*****************************************************************************

