slurmstepd: info: Setting TMPDIR to /scratch/4716674. Previous errors about TMPDIR can be discarded
srun python3 /home/csic/mus/fii/chvi/test/entire_pipeline.py --dimensions 7 --size 8 --seed 3
7,8,3,11338.892278432846,0.0008225440979003906,1.1961746215820312

*****************************************************************************
*                                                                           *
*                    JOB EFFICIENCY REPORT (seff 4716674)                   *
*                                                                           *
*****************************************************************************

Job ID: 4716674
Cluster: finisterrae3
User/Group: csmusfii/csic
State: COMPLETED (exit code 0)
Nodes: 1
Cores per node: 64
CPU Utilized: 5-17:20:55
CPU Efficiency: 68.12% of 8-09:37:04 core-walltime
Job Wall-clock time: 03:09:01
Memory Utilized: 12.18 GB
Memory Efficiency: 38.06% of 32.00 GB

 +++++++++++++++++++++++++++++++++++++++++++++++++++++++++++++++++++++++++++
 ++   Memory Efficiency is too small. Please review the requested memory. ++
 ++ It seems that you do not need that much memory so we recommend        ++
 ++ requesting less memory in other similar jobs.                         ++
 +++++++++++++++++++++++++++++++++++++++++++++++++++++++++++++++++++++++++++
 
*****************************************************************************

