slurmstepd: info: Setting TMPDIR to /scratch/4716683. Previous errors about TMPDIR can be discarded
srun python3 /home/csic/mus/fii/chvi/test/entire_pipeline.py --dimensions 7 --size 8 --seed 12
7,8,12,11539.61156630516,0.0006399154663085938,0.9871597290039062

*****************************************************************************
*                                                                           *
*                    JOB EFFICIENCY REPORT (seff 4716683)                   *
*                                                                           *
*****************************************************************************

Job ID: 4716683
Cluster: finisterrae3
User/Group: csmusfii/csic
State: COMPLETED (exit code 0)
Nodes: 1
Cores per node: 64
CPU Utilized: 5-17:46:06
CPU Efficiency: 67.12% of 8-13:15:44 core-walltime
Job Wall-clock time: 03:12:26
Memory Utilized: 12.15 GB
Memory Efficiency: 37.98% of 32.00 GB

 +++++++++++++++++++++++++++++++++++++++++++++++++++++++++++++++++++++++++++
 ++   Memory Efficiency is too small. Please review the requested memory. ++
 ++ It seems that you do not need that much memory so we recommend        ++
 ++ requesting less memory in other similar jobs.                         ++
 +++++++++++++++++++++++++++++++++++++++++++++++++++++++++++++++++++++++++++
 
*****************************************************************************

