slurmstepd: info: Setting TMPDIR to /scratch/4716688. Previous errors about TMPDIR can be discarded
srun python3 /home/csic/mus/fii/chvi/test/entire_pipeline.py --dimensions 7 --size 8 --seed 17
7,8,17,11569.954461574554,0.0003418922424316406,1.0896551609039307

*****************************************************************************
*                                                                           *
*                    JOB EFFICIENCY REPORT (seff 4716688)                   *
*                                                                           *
*****************************************************************************

Job ID: 4716688
Cluster: finisterrae3
User/Group: csmusfii/csic
State: COMPLETED (exit code 0)
Nodes: 1
Cores per node: 64
CPU Utilized: 5-18:40:03
CPU Efficiency: 67.39% of 8-13:45:36 core-walltime
Job Wall-clock time: 03:12:54
Memory Utilized: 12.18 GB
Memory Efficiency: 38.06% of 32.00 GB

 +++++++++++++++++++++++++++++++++++++++++++++++++++++++++++++++++++++++++++
 ++   Memory Efficiency is too small. Please review the requested memory. ++
 ++ It seems that you do not need that much memory so we recommend        ++
 ++ requesting less memory in other similar jobs.                         ++
 +++++++++++++++++++++++++++++++++++++++++++++++++++++++++++++++++++++++++++
 
*****************************************************************************

