slurmstepd: info: Setting TMPDIR to /scratch/4728500. Previous errors about TMPDIR can be discarded
srun python3 /home/csic/mus/fii/chvi/test/entire_pipeline.py --dimensions 8 --size 2 --seed 13
8,2,13,0.08123064041137695,0.00023436546325683594,0.9405543804168701

*****************************************************************************
*                                                                           *
*                    JOB EFFICIENCY REPORT (seff 4728500)                   *
*                                                                           *
*****************************************************************************

Job ID: 4728500
Cluster: finisterrae3
User/Group: csmusfii/csic
State: COMPLETED (exit code 0)
Nodes: 1
Cores per node: 64
CPU Utilized: 00:00:13
CPU Efficiency: 10.16% of 00:02:08 core-walltime
Job Wall-clock time: 00:00:02
Memory Utilized: 660.00 KB
Memory Efficiency: 0.00% of 32.00 GB

 +++++++++++++++++++++++++++++++++++++++++++++++++++++++++++++++++++++++++++
 ++   Memory Efficiency is too small. Please review the requested memory. ++
 ++ It seems that you do not need that much memory so we recommend        ++
 ++ requesting less memory in other similar jobs.                         ++
 +++++++++++++++++++++++++++++++++++++++++++++++++++++++++++++++++++++++++++
 
*****************************************************************************

