slurmstepd: info: Setting TMPDIR to /scratch/4716696. Previous errors about TMPDIR can be discarded
srun python3 /home/csic/mus/fii/chvi/test/entire_pipeline.py --dimensions 8 --size 2 --seed 5
8,2,5,0.09079742431640625,0.00022602081298828125,0.9367303848266602

*****************************************************************************
*                                                                           *
*                    JOB EFFICIENCY REPORT (seff 4716696)                   *
*                                                                           *
*****************************************************************************

Job ID: 4716696
Cluster: finisterrae3
User/Group: csmusfii/csic
State: COMPLETED (exit code 0)
Nodes: 1
Cores per node: 64
CPU Utilized: 00:00:13
CPU Efficiency: 20.31% of 00:01:04 core-walltime
Job Wall-clock time: 00:00:01
Memory Utilized: 660.00 KB
Memory Efficiency: 0.00% of 32.00 GB

 +++++++++++++++++++++++++++++++++++++++++++++++++++++++++++++++++++++++++++
 ++   Memory Efficiency is too small. Please review the requested memory. ++
 ++ It seems that you do not need that much memory so we recommend        ++
 ++ requesting less memory in other similar jobs.                         ++
 +++++++++++++++++++++++++++++++++++++++++++++++++++++++++++++++++++++++++++
 
*****************************************************************************

