slurmstepd: info: Setting TMPDIR to /scratch/4728504. Previous errors about TMPDIR can be discarded
srun python3 /home/csic/mus/fii/chvi/test/entire_pipeline.py --dimensions 8 --size 2 --seed 17
8,2,17,0.08440732955932617,0.00020265579223632812,1.022221326828003

*****************************************************************************
*                                                                           *
*                    JOB EFFICIENCY REPORT (seff 4728504)                   *
*                                                                           *
*****************************************************************************

Job ID: 4728504
Cluster: finisterrae3
User/Group: csmusfii/csic
State: COMPLETED (exit code 0)
Nodes: 1
Cores per node: 64
CPU Utilized: 00:00:13
CPU Efficiency: 6.77% of 00:03:12 core-walltime
Job Wall-clock time: 00:00:03
Memory Utilized: 660.00 KB
Memory Efficiency: 0.00% of 32.00 GB

 +++++++++++++++++++++++++++++++++++++++++++++++++++++++++++++++++++++++++++
 ++   Memory Efficiency is too small. Please review the requested memory. ++
 ++ It seems that you do not need that much memory so we recommend        ++
 ++ requesting less memory in other similar jobs.                         ++
 +++++++++++++++++++++++++++++++++++++++++++++++++++++++++++++++++++++++++++
 
*****************************************************************************

