slurmstepd: info: Setting TMPDIR to /scratch/4728501. Previous errors about TMPDIR can be discarded
srun python3 /home/csic/mus/fii/chvi/test/entire_pipeline.py --dimensions 8 --size 2 --seed 14
8,2,14,0.0717623233795166,0.00020194053649902344,0.9639279842376709

*****************************************************************************
*                                                                           *
*                    JOB EFFICIENCY REPORT (seff 4728501)                   *
*                                                                           *
*****************************************************************************

Job ID: 4728501
Cluster: finisterrae3
User/Group: csmusfii/csic
State: COMPLETED (exit code 0)
Nodes: 1
Cores per node: 64
CPU Utilized: 00:00:12
CPU Efficiency: 2.68% of 00:07:28 core-walltime
Job Wall-clock time: 00:00:07
Memory Utilized: 1.03 MB
Memory Efficiency: 0.00% of 32.00 GB

 +++++++++++++++++++++++++++++++++++++++++++++++++++++++++++++++++++++++++++
 ++   Memory Efficiency is too small. Please review the requested memory. ++
 ++ It seems that you do not need that much memory so we recommend        ++
 ++ requesting less memory in other similar jobs.                         ++
 +++++++++++++++++++++++++++++++++++++++++++++++++++++++++++++++++++++++++++
 
*****************************************************************************

