slurmstepd: info: Setting TMPDIR to /scratch/4716695. Previous errors about TMPDIR can be discarded
srun python3 /home/csic/mus/fii/chvi/test/entire_pipeline.py --dimensions 8 --size 2 --seed 4
8,2,4,0.08890771865844727,0.0002288818359375,0.9348082542419434

*****************************************************************************
*                                                                           *
*                    JOB EFFICIENCY REPORT (seff 4716695)                   *
*                                                                           *
*****************************************************************************

Job ID: 4716695
Cluster: finisterrae3
User/Group: csmusfii/csic
State: COMPLETED (exit code 0)
Nodes: 1
Cores per node: 64
CPU Utilized: 00:00:13
CPU Efficiency: 20.31% of 00:01:04 core-walltime
Job Wall-clock time: 00:00:01
Memory Utilized: 1.18 MB
Memory Efficiency: 0.00% of 32.00 GB

 +++++++++++++++++++++++++++++++++++++++++++++++++++++++++++++++++++++++++++
 ++   Memory Efficiency is too small. Please review the requested memory. ++
 ++ It seems that you do not need that much memory so we recommend        ++
 ++ requesting less memory in other similar jobs.                         ++
 +++++++++++++++++++++++++++++++++++++++++++++++++++++++++++++++++++++++++++
 
*****************************************************************************

