slurmstepd: info: Setting TMPDIR to /scratch/4716700. Previous errors about TMPDIR can be discarded
srun python3 /home/csic/mus/fii/chvi/test/entire_pipeline.py --dimensions 8 --size 2 --seed 9
8,2,9,0.0750885009765625,0.0002796649932861328,1.0416712760925293

*****************************************************************************
*                                                                           *
*                    JOB EFFICIENCY REPORT (seff 4716700)                   *
*                                                                           *
*****************************************************************************

Job ID: 4716700
Cluster: finisterrae3
User/Group: csmusfii/csic
State: COMPLETED (exit code 0)
Nodes: 1
Cores per node: 64
CPU Utilized: 00:00:12
CPU Efficiency: 18.75% of 00:01:04 core-walltime
Job Wall-clock time: 00:00:01
Memory Utilized: 396.00 KB
Memory Efficiency: 0.00% of 32.00 GB

 +++++++++++++++++++++++++++++++++++++++++++++++++++++++++++++++++++++++++++
 ++   Memory Efficiency is too small. Please review the requested memory. ++
 ++ It seems that you do not need that much memory so we recommend        ++
 ++ requesting less memory in other similar jobs.                         ++
 +++++++++++++++++++++++++++++++++++++++++++++++++++++++++++++++++++++++++++
 
*****************************************************************************

