slurmstepd: info: Setting TMPDIR to /scratch/4728502. Previous errors about TMPDIR can be discarded
srun python3 /home/csic/mus/fii/chvi/test/entire_pipeline.py --dimensions 8 --size 2 --seed 15
8,2,15,0.0883493423461914,0.00019860267639160156,0.9631545543670654

*****************************************************************************
*                                                                           *
*                    JOB EFFICIENCY REPORT (seff 4728502)                   *
*                                                                           *
*****************************************************************************

Job ID: 4728502
Cluster: finisterrae3
User/Group: csmusfii/csic
State: COMPLETED (exit code 0)
Nodes: 1
Cores per node: 64
CPU Utilized: 00:00:12
CPU Efficiency: 9.38% of 00:02:08 core-walltime
Job Wall-clock time: 00:00:02
Memory Utilized: 396.00 KB
Memory Efficiency: 0.00% of 32.00 GB

 +++++++++++++++++++++++++++++++++++++++++++++++++++++++++++++++++++++++++++
 ++   Memory Efficiency is too small. Please review the requested memory. ++
 ++ It seems that you do not need that much memory so we recommend        ++
 ++ requesting less memory in other similar jobs.                         ++
 +++++++++++++++++++++++++++++++++++++++++++++++++++++++++++++++++++++++++++
 
*****************************************************************************

