slurmstepd: info: Setting TMPDIR to /scratch/4728499. Previous errors about TMPDIR can be discarded
srun python3 /home/csic/mus/fii/chvi/test/entire_pipeline.py --dimensions 8 --size 2 --seed 12
8,2,12,0.08647656440734863,0.00020003318786621094,0.9617640972137451

*****************************************************************************
*                                                                           *
*                    JOB EFFICIENCY REPORT (seff 4728499)                   *
*                                                                           *
*****************************************************************************

Job ID: 4728499
Cluster: finisterrae3
User/Group: csmusfii/csic
State: COMPLETED (exit code 0)
Nodes: 1
Cores per node: 64
CPU Utilized: 00:00:12
CPU Efficiency: 9.38% of 00:02:08 core-walltime
Job Wall-clock time: 00:00:02
Memory Utilized: 792.00 KB
Memory Efficiency: 0.00% of 32.00 GB

 +++++++++++++++++++++++++++++++++++++++++++++++++++++++++++++++++++++++++++
 ++   Memory Efficiency is too small. Please review the requested memory. ++
 ++ It seems that you do not need that much memory so we recommend        ++
 ++ requesting less memory in other similar jobs.                         ++
 +++++++++++++++++++++++++++++++++++++++++++++++++++++++++++++++++++++++++++
 
*****************************************************************************

