slurmstepd: info: Setting TMPDIR to /scratch/4728503. Previous errors about TMPDIR can be discarded
srun python3 /home/csic/mus/fii/chvi/test/entire_pipeline.py --dimensions 8 --size 2 --seed 16
8,2,16,0.08402895927429199,0.0002510547637939453,1.052553415298462

*****************************************************************************
*                                                                           *
*                    JOB EFFICIENCY REPORT (seff 4728503)                   *
*                                                                           *
*****************************************************************************

Job ID: 4728503
Cluster: finisterrae3
User/Group: csmusfii/csic
State: COMPLETED (exit code 0)
Nodes: 1
Cores per node: 64
CPU Utilized: 00:00:13
CPU Efficiency: 4.06% of 00:05:20 core-walltime
Job Wall-clock time: 00:00:05
Memory Utilized: 792.00 KB
Memory Efficiency: 0.00% of 32.00 GB

 +++++++++++++++++++++++++++++++++++++++++++++++++++++++++++++++++++++++++++
 ++   Memory Efficiency is too small. Please review the requested memory. ++
 ++ It seems that you do not need that much memory so we recommend        ++
 ++ requesting less memory in other similar jobs.                         ++
 +++++++++++++++++++++++++++++++++++++++++++++++++++++++++++++++++++++++++++
 
*****************************************************************************

