slurmstepd: info: Setting TMPDIR to /scratch/4716699. Previous errors about TMPDIR can be discarded
srun python3 /home/csic/mus/fii/chvi/test/entire_pipeline.py --dimensions 8 --size 2 --seed 8
8,2,8,0.14283537864685059,0.0002925395965576172,1.3868408203125

*****************************************************************************
*                                                                           *
*                    JOB EFFICIENCY REPORT (seff 4716699)                   *
*                                                                           *
*****************************************************************************

Job ID: 4716699
Cluster: finisterrae3
User/Group: csmusfii/csic
State: COMPLETED (exit code 0)
Nodes: 1
Cores per node: 64
CPU Utilized: 00:00:13
CPU Efficiency: 2.90% of 00:07:28 core-walltime
Job Wall-clock time: 00:00:07
Memory Utilized: 1.03 MB
Memory Efficiency: 0.00% of 32.00 GB

 +++++++++++++++++++++++++++++++++++++++++++++++++++++++++++++++++++++++++++
 ++   Memory Efficiency is too small. Please review the requested memory. ++
 ++ It seems that you do not need that much memory so we recommend        ++
 ++ requesting less memory in other similar jobs.                         ++
 +++++++++++++++++++++++++++++++++++++++++++++++++++++++++++++++++++++++++++
 
*****************************************************************************

