slurmstepd: info: Setting TMPDIR to /scratch/4728506. Previous errors about TMPDIR can be discarded
srun python3 /home/csic/mus/fii/chvi/test/entire_pipeline.py --dimensions 8 --size 2 --seed 19
8,2,19,0.08207035064697266,0.0001900196075439453,0.9831445217132568

*****************************************************************************
*                                                                           *
*                    JOB EFFICIENCY REPORT (seff 4728506)                   *
*                                                                           *
*****************************************************************************

Job ID: 4728506
Cluster: finisterrae3
User/Group: csmusfii/csic
State: COMPLETED (exit code 0)
Nodes: 1
Cores per node: 64
CPU Utilized: 00:00:13
CPU Efficiency: 10.16% of 00:02:08 core-walltime
Job Wall-clock time: 00:00:02
Memory Utilized: 528.00 KB
Memory Efficiency: 0.00% of 32.00 GB

 +++++++++++++++++++++++++++++++++++++++++++++++++++++++++++++++++++++++++++
 ++   Memory Efficiency is too small. Please review the requested memory. ++
 ++ It seems that you do not need that much memory so we recommend        ++
 ++ requesting less memory in other similar jobs.                         ++
 +++++++++++++++++++++++++++++++++++++++++++++++++++++++++++++++++++++++++++
 
*****************************************************************************

