slurmstepd: info: Setting TMPDIR to /scratch/4728519. Previous errors about TMPDIR can be discarded
srun python3 /home/csic/mus/fii/chvi/test/entire_pipeline.py --dimensions 8 --size 3 --seed 12
8,3,12,12.074036121368408,0.0003304481506347656,0.9469194412231445

*****************************************************************************
*                                                                           *
*                    JOB EFFICIENCY REPORT (seff 4728519)                   *
*                                                                           *
*****************************************************************************

Job ID: 4728519
Cluster: finisterrae3
User/Group: csmusfii/csic
State: COMPLETED (exit code 0)
Nodes: 1
Cores per node: 64
CPU Utilized: 00:05:04
CPU Efficiency: 36.54% of 00:13:52 core-walltime
Job Wall-clock time: 00:00:13
Memory Utilized: 716.00 KB
Memory Efficiency: 0.00% of 32.00 GB

 +++++++++++++++++++++++++++++++++++++++++++++++++++++++++++++++++++++++++++
 ++   Memory Efficiency is too small. Please review the requested memory. ++
 ++ It seems that you do not need that much memory so we recommend        ++
 ++ requesting less memory in other similar jobs.                         ++
 +++++++++++++++++++++++++++++++++++++++++++++++++++++++++++++++++++++++++++
 
*****************************************************************************

