slurmstepd: info: Setting TMPDIR to /scratch/4728520. Previous errors about TMPDIR can be discarded
srun python3 /home/csic/mus/fii/chvi/test/entire_pipeline.py --dimensions 8 --size 3 --seed 13
8,3,13,10.23582124710083,0.0002803802490234375,0.9440598487854004

*****************************************************************************
*                                                                           *
*                    JOB EFFICIENCY REPORT (seff 4728520)                   *
*                                                                           *
*****************************************************************************

Job ID: 4728520
Cluster: finisterrae3
User/Group: csmusfii/csic
State: COMPLETED (exit code 0)
Nodes: 1
Cores per node: 64
CPU Utilized: 00:04:52
CPU Efficiency: 32.59% of 00:14:56 core-walltime
Job Wall-clock time: 00:00:14
Memory Utilized: 660.00 KB
Memory Efficiency: 0.00% of 32.00 GB

 +++++++++++++++++++++++++++++++++++++++++++++++++++++++++++++++++++++++++++
 ++   Memory Efficiency is too small. Please review the requested memory. ++
 ++ It seems that you do not need that much memory so we recommend        ++
 ++ requesting less memory in other similar jobs.                         ++
 +++++++++++++++++++++++++++++++++++++++++++++++++++++++++++++++++++++++++++
 
*****************************************************************************

