slurmstepd: info: Setting TMPDIR to /scratch/4728515. Previous errors about TMPDIR can be discarded
srun python3 /home/csic/mus/fii/chvi/test/entire_pipeline.py --dimensions 8 --size 3 --seed 8
8,3,8,10.430094003677368,0.0004482269287109375,0.9462966918945312

*****************************************************************************
*                                                                           *
*                    JOB EFFICIENCY REPORT (seff 4728515)                   *
*                                                                           *
*****************************************************************************

Job ID: 4728515
Cluster: finisterrae3
User/Group: csmusfii/csic
State: COMPLETED (exit code 0)
Nodes: 1
Cores per node: 64
CPU Utilized: 00:04:48
CPU Efficiency: 30.00% of 00:16:00 core-walltime
Job Wall-clock time: 00:00:15
Memory Utilized: 528.00 KB
Memory Efficiency: 0.00% of 32.00 GB

 +++++++++++++++++++++++++++++++++++++++++++++++++++++++++++++++++++++++++++
 ++   Memory Efficiency is too small. Please review the requested memory. ++
 ++ It seems that you do not need that much memory so we recommend        ++
 ++ requesting less memory in other similar jobs.                         ++
 +++++++++++++++++++++++++++++++++++++++++++++++++++++++++++++++++++++++++++
 
*****************************************************************************

