slurmstepd: info: Setting TMPDIR to /scratch/4728508. Previous errors about TMPDIR can be discarded
srun python3 /home/csic/mus/fii/chvi/test/entire_pipeline.py --dimensions 8 --size 3 --seed 1
8,3,1,11.398337841033936,0.0004603862762451172,0.9999501705169678

*****************************************************************************
*                                                                           *
*                    JOB EFFICIENCY REPORT (seff 4728508)                   *
*                                                                           *
*****************************************************************************

Job ID: 4728508
Cluster: finisterrae3
User/Group: csmusfii/csic
State: COMPLETED (exit code 0)
Nodes: 1
Cores per node: 64
CPU Utilized: 00:04:59
CPU Efficiency: 27.48% of 00:18:08 core-walltime
Job Wall-clock time: 00:00:17
Memory Utilized: 488.00 KB
Memory Efficiency: 0.00% of 32.00 GB

 +++++++++++++++++++++++++++++++++++++++++++++++++++++++++++++++++++++++++++
 ++   Memory Efficiency is too small. Please review the requested memory. ++
 ++ It seems that you do not need that much memory so we recommend        ++
 ++ requesting less memory in other similar jobs.                         ++
 +++++++++++++++++++++++++++++++++++++++++++++++++++++++++++++++++++++++++++
 
*****************************************************************************

