slurmstepd: info: Setting TMPDIR to /scratch/4728527. Previous errors about TMPDIR can be discarded
srun python3 /home/csic/mus/fii/chvi/test/entire_pipeline.py --dimensions 8 --size 3 --seed 20
8,3,20,10.45117735862732,0.0003743171691894531,0.9855978488922119

*****************************************************************************
*                                                                           *
*                    JOB EFFICIENCY REPORT (seff 4728527)                   *
*                                                                           *
*****************************************************************************

Job ID: 4728527
Cluster: finisterrae3
User/Group: csmusfii/csic
State: COMPLETED (exit code 0)
Nodes: 1
Cores per node: 64
CPU Utilized: 00:05:03
CPU Efficiency: 33.82% of 00:14:56 core-walltime
Job Wall-clock time: 00:00:14
Memory Utilized: 2.06 MB
Memory Efficiency: 0.01% of 32.00 GB

 +++++++++++++++++++++++++++++++++++++++++++++++++++++++++++++++++++++++++++
 ++   Memory Efficiency is too small. Please review the requested memory. ++
 ++ It seems that you do not need that much memory so we recommend        ++
 ++ requesting less memory in other similar jobs.                         ++
 +++++++++++++++++++++++++++++++++++++++++++++++++++++++++++++++++++++++++++
 
*****************************************************************************

