slurmstepd: info: Setting TMPDIR to /scratch/4728525. Previous errors about TMPDIR can be discarded
srun python3 /home/csic/mus/fii/chvi/test/entire_pipeline.py --dimensions 8 --size 3 --seed 18
8,3,18,10.081963300704956,0.00023674964904785156,0.9704961776733398

*****************************************************************************
*                                                                           *
*                    JOB EFFICIENCY REPORT (seff 4728525)                   *
*                                                                           *
*****************************************************************************

Job ID: 4728525
Cluster: finisterrae3
User/Group: csmusfii/csic
State: COMPLETED (exit code 0)
Nodes: 1
Cores per node: 64
CPU Utilized: 00:04:59
CPU Efficiency: 38.93% of 00:12:48 core-walltime
Job Wall-clock time: 00:00:12
Memory Utilized: 660.00 KB
Memory Efficiency: 0.00% of 32.00 GB

 +++++++++++++++++++++++++++++++++++++++++++++++++++++++++++++++++++++++++++
 ++   Memory Efficiency is too small. Please review the requested memory. ++
 ++ It seems that you do not need that much memory so we recommend        ++
 ++ requesting less memory in other similar jobs.                         ++
 +++++++++++++++++++++++++++++++++++++++++++++++++++++++++++++++++++++++++++
 
*****************************************************************************

