slurmstepd: info: Setting TMPDIR to /scratch/4728513. Previous errors about TMPDIR can be discarded
srun python3 /home/csic/mus/fii/chvi/test/entire_pipeline.py --dimensions 8 --size 3 --seed 6
8,3,6,9.35713505744934,0.00038552284240722656,0.9624261856079102

*****************************************************************************
*                                                                           *
*                    JOB EFFICIENCY REPORT (seff 4728513)                   *
*                                                                           *
*****************************************************************************

Job ID: 4728513
Cluster: finisterrae3
User/Group: csmusfii/csic
State: COMPLETED (exit code 0)
Nodes: 1
Cores per node: 64
CPU Utilized: 00:04:59
CPU Efficiency: 31.15% of 00:16:00 core-walltime
Job Wall-clock time: 00:00:15
Memory Utilized: 3.02 MB
Memory Efficiency: 0.01% of 32.00 GB

 +++++++++++++++++++++++++++++++++++++++++++++++++++++++++++++++++++++++++++
 ++   Memory Efficiency is too small. Please review the requested memory. ++
 ++ It seems that you do not need that much memory so we recommend        ++
 ++ requesting less memory in other similar jobs.                         ++
 +++++++++++++++++++++++++++++++++++++++++++++++++++++++++++++++++++++++++++
 
*****************************************************************************

