slurmstepd: info: Setting TMPDIR to /scratch/4728526. Previous errors about TMPDIR can be discarded
srun python3 /home/csic/mus/fii/chvi/test/entire_pipeline.py --dimensions 8 --size 3 --seed 19
8,3,19,10.669960737228394,0.0003230571746826172,0.9515578746795654

*****************************************************************************
*                                                                           *
*                    JOB EFFICIENCY REPORT (seff 4728526)                   *
*                                                                           *
*****************************************************************************

Job ID: 4728526
Cluster: finisterrae3
User/Group: csmusfii/csic
State: COMPLETED (exit code 0)
Nodes: 1
Cores per node: 64
CPU Utilized: 00:05:00
CPU Efficiency: 27.57% of 00:18:08 core-walltime
Job Wall-clock time: 00:00:17
Memory Utilized: 528.00 KB
Memory Efficiency: 0.00% of 32.00 GB

 +++++++++++++++++++++++++++++++++++++++++++++++++++++++++++++++++++++++++++
 ++   Memory Efficiency is too small. Please review the requested memory. ++
 ++ It seems that you do not need that much memory so we recommend        ++
 ++ requesting less memory in other similar jobs.                         ++
 +++++++++++++++++++++++++++++++++++++++++++++++++++++++++++++++++++++++++++
 
*****************************************************************************

