slurmstepd: info: Setting TMPDIR to /scratch/4728510. Previous errors about TMPDIR can be discarded
srun python3 /home/csic/mus/fii/chvi/test/entire_pipeline.py --dimensions 8 --size 3 --seed 3
8,3,3,11.595850706100464,0.0004963874816894531,1.246633768081665

*****************************************************************************
*                                                                           *
*                    JOB EFFICIENCY REPORT (seff 4728510)                   *
*                                                                           *
*****************************************************************************

Job ID: 4728510
Cluster: finisterrae3
User/Group: csmusfii/csic
State: COMPLETED (exit code 0)
Nodes: 1
Cores per node: 64
CPU Utilized: 00:04:53
CPU Efficiency: 32.70% of 00:14:56 core-walltime
Job Wall-clock time: 00:00:14
Memory Utilized: 2.74 MB
Memory Efficiency: 0.01% of 32.00 GB

 +++++++++++++++++++++++++++++++++++++++++++++++++++++++++++++++++++++++++++
 ++   Memory Efficiency is too small. Please review the requested memory. ++
 ++ It seems that you do not need that much memory so we recommend        ++
 ++ requesting less memory in other similar jobs.                         ++
 +++++++++++++++++++++++++++++++++++++++++++++++++++++++++++++++++++++++++++
 
*****************************************************************************

