slurmstepd: info: Setting TMPDIR to /scratch/4728523. Previous errors about TMPDIR can be discarded
srun python3 /home/csic/mus/fii/chvi/test/entire_pipeline.py --dimensions 8 --size 3 --seed 16
8,3,16,9.452035188674927,0.0004482269287109375,0.9675590991973877

*****************************************************************************
*                                                                           *
*                    JOB EFFICIENCY REPORT (seff 4728523)                   *
*                                                                           *
*****************************************************************************

Job ID: 4728523
Cluster: finisterrae3
User/Group: csmusfii/csic
State: COMPLETED (exit code 0)
Nodes: 1
Cores per node: 64
CPU Utilized: 00:04:52
CPU Efficiency: 35.10% of 00:13:52 core-walltime
Job Wall-clock time: 00:00:13
Memory Utilized: 900.00 KB
Memory Efficiency: 0.00% of 32.00 GB

 +++++++++++++++++++++++++++++++++++++++++++++++++++++++++++++++++++++++++++
 ++   Memory Efficiency is too small. Please review the requested memory. ++
 ++ It seems that you do not need that much memory so we recommend        ++
 ++ requesting less memory in other similar jobs.                         ++
 +++++++++++++++++++++++++++++++++++++++++++++++++++++++++++++++++++++++++++
 
*****************************************************************************

