slurmstepd: info: Setting TMPDIR to /scratch/4728511. Previous errors about TMPDIR can be discarded
srun python3 /home/csic/mus/fii/chvi/test/entire_pipeline.py --dimensions 8 --size 3 --seed 4
8,3,4,10.33765435218811,0.000209808349609375,0.9474020004272461

*****************************************************************************
*                                                                           *
*                    JOB EFFICIENCY REPORT (seff 4728511)                   *
*                                                                           *
*****************************************************************************

Job ID: 4728511
Cluster: finisterrae3
User/Group: csmusfii/csic
State: COMPLETED (exit code 0)
Nodes: 1
Cores per node: 64
CPU Utilized: 00:04:50
CPU Efficiency: 32.37% of 00:14:56 core-walltime
Job Wall-clock time: 00:00:14
Memory Utilized: 1.22 MB
Memory Efficiency: 0.00% of 32.00 GB

 +++++++++++++++++++++++++++++++++++++++++++++++++++++++++++++++++++++++++++
 ++   Memory Efficiency is too small. Please review the requested memory. ++
 ++ It seems that you do not need that much memory so we recommend        ++
 ++ requesting less memory in other similar jobs.                         ++
 +++++++++++++++++++++++++++++++++++++++++++++++++++++++++++++++++++++++++++
 
*****************************************************************************

