slurmstepd: info: Setting TMPDIR to /scratch/4728514. Previous errors about TMPDIR can be discarded
srun python3 /home/csic/mus/fii/chvi/test/entire_pipeline.py --dimensions 8 --size 3 --seed 7
8,3,7,12.76607060432434,0.0007154941558837891,0.9733359813690186

*****************************************************************************
*                                                                           *
*                    JOB EFFICIENCY REPORT (seff 4728514)                   *
*                                                                           *
*****************************************************************************

Job ID: 4728514
Cluster: finisterrae3
User/Group: csmusfii/csic
State: COMPLETED (exit code 0)
Nodes: 1
Cores per node: 64
CPU Utilized: 00:05:18
CPU Efficiency: 35.49% of 00:14:56 core-walltime
Job Wall-clock time: 00:00:14
Memory Utilized: 528.00 KB
Memory Efficiency: 0.00% of 32.00 GB

 +++++++++++++++++++++++++++++++++++++++++++++++++++++++++++++++++++++++++++
 ++   Memory Efficiency is too small. Please review the requested memory. ++
 ++ It seems that you do not need that much memory so we recommend        ++
 ++ requesting less memory in other similar jobs.                         ++
 +++++++++++++++++++++++++++++++++++++++++++++++++++++++++++++++++++++++++++
 
*****************************************************************************

