slurmstepd: info: Setting TMPDIR to /scratch/4728517. Previous errors about TMPDIR can be discarded
srun python3 /home/csic/mus/fii/chvi/test/entire_pipeline.py --dimensions 8 --size 3 --seed 10
8,3,10,9.159236669540405,0.0002505779266357422,0.9554142951965332

*****************************************************************************
*                                                                           *
*                    JOB EFFICIENCY REPORT (seff 4728517)                   *
*                                                                           *
*****************************************************************************

Job ID: 4728517
Cluster: finisterrae3
User/Group: csmusfii/csic
State: COMPLETED (exit code 0)
Nodes: 1
Cores per node: 64
CPU Utilized: 00:04:54
CPU Efficiency: 38.28% of 00:12:48 core-walltime
Job Wall-clock time: 00:00:12
Memory Utilized: 1.06 MB
Memory Efficiency: 0.00% of 32.00 GB

 +++++++++++++++++++++++++++++++++++++++++++++++++++++++++++++++++++++++++++
 ++   Memory Efficiency is too small. Please review the requested memory. ++
 ++ It seems that you do not need that much memory so we recommend        ++
 ++ requesting less memory in other similar jobs.                         ++
 +++++++++++++++++++++++++++++++++++++++++++++++++++++++++++++++++++++++++++
 
*****************************************************************************

