slurmstepd: info: Setting TMPDIR to /scratch/4728533. Previous errors about TMPDIR can be discarded
srun python3 /home/csic/mus/fii/chvi/test/entire_pipeline.py --dimensions 8 --size 4 --seed 6
8,4,6,532.7961599826813,0.0005135536193847656,0.9935286045074463

*****************************************************************************
*                                                                           *
*                    JOB EFFICIENCY REPORT (seff 4728533)                   *
*                                                                           *
*****************************************************************************

Job ID: 4728533
Cluster: finisterrae3
User/Group: csmusfii/csic
State: COMPLETED (exit code 0)
Nodes: 1
Cores per node: 64
CPU Utilized: 05:19:07
CPU Efficiency: 56.02% of 09:29:36 core-walltime
Job Wall-clock time: 00:08:54
Memory Utilized: 1.10 GB
Memory Efficiency: 3.44% of 32.00 GB

 +++++++++++++++++++++++++++++++++++++++++++++++++++++++++++++++++++++++++++
 ++   Memory Efficiency is too small. Please review the requested memory. ++
 ++ It seems that you do not need that much memory so we recommend        ++
 ++ requesting less memory in other similar jobs.                         ++
 +++++++++++++++++++++++++++++++++++++++++++++++++++++++++++++++++++++++++++
 
*****************************************************************************

