slurmstepd: info: Setting TMPDIR to /scratch/4728544. Previous errors about TMPDIR can be discarded
srun python3 /home/csic/mus/fii/chvi/test/entire_pipeline.py --dimensions 8 --size 4 --seed 17
8,4,17,636.3839616775513,0.0004279613494873047,1.1423821449279785

*****************************************************************************
*                                                                           *
*                    JOB EFFICIENCY REPORT (seff 4728544)                   *
*                                                                           *
*****************************************************************************

Job ID: 4728544
Cluster: finisterrae3
User/Group: csmusfii/csic
State: COMPLETED (exit code 0)
Nodes: 1
Cores per node: 64
CPU Utilized: 05:27:43
CPU Efficiency: 48.01% of 11:22:40 core-walltime
Job Wall-clock time: 00:10:40
Memory Utilized: 1.11 GB
Memory Efficiency: 3.48% of 32.00 GB

 +++++++++++++++++++++++++++++++++++++++++++++++++++++++++++++++++++++++++++
 ++   Memory Efficiency is too small. Please review the requested memory. ++
 ++ It seems that you do not need that much memory so we recommend        ++
 ++ requesting less memory in other similar jobs.                         ++
 +++++++++++++++++++++++++++++++++++++++++++++++++++++++++++++++++++++++++++
 
*****************************************************************************

