slurmstepd: info: Setting TMPDIR to /scratch/4728541. Previous errors about TMPDIR can be discarded
srun python3 /home/csic/mus/fii/chvi/test/entire_pipeline.py --dimensions 8 --size 4 --seed 14
8,4,14,577.156418800354,0.00037670135498046875,1.3580632209777832

*****************************************************************************
*                                                                           *
*                    JOB EFFICIENCY REPORT (seff 4728541)                   *
*                                                                           *
*****************************************************************************

Job ID: 4728541
Cluster: finisterrae3
User/Group: csmusfii/csic
State: COMPLETED (exit code 0)
Nodes: 1
Cores per node: 64
CPU Utilized: 05:24:17
CPU Efficiency: 52.24% of 10:20:48 core-walltime
Job Wall-clock time: 00:09:42
Memory Utilized: 1.08 GB
Memory Efficiency: 3.39% of 32.00 GB

 +++++++++++++++++++++++++++++++++++++++++++++++++++++++++++++++++++++++++++
 ++   Memory Efficiency is too small. Please review the requested memory. ++
 ++ It seems that you do not need that much memory so we recommend        ++
 ++ requesting less memory in other similar jobs.                         ++
 +++++++++++++++++++++++++++++++++++++++++++++++++++++++++++++++++++++++++++
 
*****************************************************************************

