slurmstepd: info: Setting TMPDIR to /scratch/4728535. Previous errors about TMPDIR can be discarded
srun python3 /home/csic/mus/fii/chvi/test/entire_pipeline.py --dimensions 8 --size 4 --seed 8
8,4,8,608.5411751270294,0.00024366378784179688,0.959392786026001

*****************************************************************************
*                                                                           *
*                    JOB EFFICIENCY REPORT (seff 4728535)                   *
*                                                                           *
*****************************************************************************

Job ID: 4728535
Cluster: finisterrae3
User/Group: csmusfii/csic
State: COMPLETED (exit code 0)
Nodes: 1
Cores per node: 64
CPU Utilized: 05:34:40
CPU Efficiency: 51.27% of 10:52:48 core-walltime
Job Wall-clock time: 00:10:12
Memory Utilized: 1.03 GB
Memory Efficiency: 3.21% of 32.00 GB

 +++++++++++++++++++++++++++++++++++++++++++++++++++++++++++++++++++++++++++
 ++   Memory Efficiency is too small. Please review the requested memory. ++
 ++ It seems that you do not need that much memory so we recommend        ++
 ++ requesting less memory in other similar jobs.                         ++
 +++++++++++++++++++++++++++++++++++++++++++++++++++++++++++++++++++++++++++
 
*****************************************************************************

