slurmstepd: info: Setting TMPDIR to /scratch/4728547. Previous errors about TMPDIR can be discarded
srun python3 /home/csic/mus/fii/chvi/test/entire_pipeline.py --dimensions 8 --size 4 --seed 20
8,4,20,658.6965191364288,0.0002994537353515625,1.0873878002166748

*****************************************************************************
*                                                                           *
*                    JOB EFFICIENCY REPORT (seff 4728547)                   *
*                                                                           *
*****************************************************************************

Job ID: 4728547
Cluster: finisterrae3
User/Group: csmusfii/csic
State: COMPLETED (exit code 0)
Nodes: 1
Cores per node: 64
CPU Utilized: 05:24:16
CPU Efficiency: 45.92% of 11:46:08 core-walltime
Job Wall-clock time: 00:11:02
Memory Utilized: 1.14 GB
Memory Efficiency: 3.57% of 32.00 GB

 +++++++++++++++++++++++++++++++++++++++++++++++++++++++++++++++++++++++++++
 ++   Memory Efficiency is too small. Please review the requested memory. ++
 ++ It seems that you do not need that much memory so we recommend        ++
 ++ requesting less memory in other similar jobs.                         ++
 +++++++++++++++++++++++++++++++++++++++++++++++++++++++++++++++++++++++++++
 
*****************************************************************************

