slurmstepd: info: Setting TMPDIR to /scratch/4728532. Previous errors about TMPDIR can be discarded
srun python3 /home/csic/mus/fii/chvi/test/entire_pipeline.py --dimensions 8 --size 4 --seed 5
8,4,5,548.6095035076141,0.0002512931823730469,0.9916749000549316

*****************************************************************************
*                                                                           *
*                    JOB EFFICIENCY REPORT (seff 4728532)                   *
*                                                                           *
*****************************************************************************

Job ID: 4728532
Cluster: finisterrae3
User/Group: csmusfii/csic
State: COMPLETED (exit code 0)
Nodes: 1
Cores per node: 64
CPU Utilized: 05:29:26
CPU Efficiency: 55.95% of 09:48:48 core-walltime
Job Wall-clock time: 00:09:12
Memory Utilized: 1.06 GB
Memory Efficiency: 3.31% of 32.00 GB

 +++++++++++++++++++++++++++++++++++++++++++++++++++++++++++++++++++++++++++
 ++   Memory Efficiency is too small. Please review the requested memory. ++
 ++ It seems that you do not need that much memory so we recommend        ++
 ++ requesting less memory in other similar jobs.                         ++
 +++++++++++++++++++++++++++++++++++++++++++++++++++++++++++++++++++++++++++
 
*****************************************************************************

