slurmstepd: info: Setting TMPDIR to /scratch/4728536. Previous errors about TMPDIR can be discarded
srun python3 /home/csic/mus/fii/chvi/test/entire_pipeline.py --dimensions 8 --size 4 --seed 9
8,4,9,579.1724672317505,0.00025463104248046875,1.015193223953247

*****************************************************************************
*                                                                           *
*                    JOB EFFICIENCY REPORT (seff 4728536)                   *
*                                                                           *
*****************************************************************************

Job ID: 4728536
Cluster: finisterrae3
User/Group: csmusfii/csic
State: COMPLETED (exit code 0)
Nodes: 1
Cores per node: 64
CPU Utilized: 05:26:48
CPU Efficiency: 52.46% of 10:22:56 core-walltime
Job Wall-clock time: 00:09:44
Memory Utilized: 1.16 GB
Memory Efficiency: 3.63% of 32.00 GB

 +++++++++++++++++++++++++++++++++++++++++++++++++++++++++++++++++++++++++++
 ++   Memory Efficiency is too small. Please review the requested memory. ++
 ++ It seems that you do not need that much memory so we recommend        ++
 ++ requesting less memory in other similar jobs.                         ++
 +++++++++++++++++++++++++++++++++++++++++++++++++++++++++++++++++++++++++++
 
*****************************************************************************

