slurmstepd: info: Setting TMPDIR to /scratch/4728543. Previous errors about TMPDIR can be discarded
srun python3 /home/csic/mus/fii/chvi/test/entire_pipeline.py --dimensions 8 --size 4 --seed 16
8,4,16,577.9276659488678,0.00043964385986328125,1.0561113357543945

*****************************************************************************
*                                                                           *
*                    JOB EFFICIENCY REPORT (seff 4728543)                   *
*                                                                           *
*****************************************************************************

Job ID: 4728543
Cluster: finisterrae3
User/Group: csmusfii/csic
State: COMPLETED (exit code 0)
Nodes: 1
Cores per node: 64
CPU Utilized: 05:24:26
CPU Efficiency: 52.08% of 10:22:56 core-walltime
Job Wall-clock time: 00:09:44
Memory Utilized: 1.14 GB
Memory Efficiency: 3.55% of 32.00 GB

 +++++++++++++++++++++++++++++++++++++++++++++++++++++++++++++++++++++++++++
 ++   Memory Efficiency is too small. Please review the requested memory. ++
 ++ It seems that you do not need that much memory so we recommend        ++
 ++ requesting less memory in other similar jobs.                         ++
 +++++++++++++++++++++++++++++++++++++++++++++++++++++++++++++++++++++++++++
 
*****************************************************************************

