slurmstepd: info: Setting TMPDIR to /scratch/4728530. Previous errors about TMPDIR can be discarded
srun python3 /home/csic/mus/fii/chvi/test/entire_pipeline.py --dimensions 8 --size 4 --seed 3
8,4,3,544.9193012714386,0.0003681182861328125,0.9993851184844971

*****************************************************************************
*                                                                           *
*                    JOB EFFICIENCY REPORT (seff 4728530)                   *
*                                                                           *
*****************************************************************************

Job ID: 4728530
Cluster: finisterrae3
User/Group: csmusfii/csic
State: COMPLETED (exit code 0)
Nodes: 1
Cores per node: 64
CPU Utilized: 05:24:56
CPU Efficiency: 55.69% of 09:43:28 core-walltime
Job Wall-clock time: 00:09:07
Memory Utilized: 1.08 GB
Memory Efficiency: 3.37% of 32.00 GB

 +++++++++++++++++++++++++++++++++++++++++++++++++++++++++++++++++++++++++++
 ++   Memory Efficiency is too small. Please review the requested memory. ++
 ++ It seems that you do not need that much memory so we recommend        ++
 ++ requesting less memory in other similar jobs.                         ++
 +++++++++++++++++++++++++++++++++++++++++++++++++++++++++++++++++++++++++++
 
*****************************************************************************

