slurmstepd: info: Setting TMPDIR to /scratch/4728534. Previous errors about TMPDIR can be discarded
srun python3 /home/csic/mus/fii/chvi/test/entire_pipeline.py --dimensions 8 --size 4 --seed 7
8,4,7,599.3883996009827,0.0003743171691894531,1.196415901184082

*****************************************************************************
*                                                                           *
*                    JOB EFFICIENCY REPORT (seff 4728534)                   *
*                                                                           *
*****************************************************************************

Job ID: 4728534
Cluster: finisterrae3
User/Group: csmusfii/csic
State: COMPLETED (exit code 0)
Nodes: 1
Cores per node: 64
CPU Utilized: 05:22:28
CPU Efficiency: 49.97% of 10:45:20 core-walltime
Job Wall-clock time: 00:10:05
Memory Utilized: 1.08 GB
Memory Efficiency: 3.38% of 32.00 GB

 +++++++++++++++++++++++++++++++++++++++++++++++++++++++++++++++++++++++++++
 ++   Memory Efficiency is too small. Please review the requested memory. ++
 ++ It seems that you do not need that much memory so we recommend        ++
 ++ requesting less memory in other similar jobs.                         ++
 +++++++++++++++++++++++++++++++++++++++++++++++++++++++++++++++++++++++++++
 
*****************************************************************************

