slurmstepd: info: Setting TMPDIR to /scratch/4728542. Previous errors about TMPDIR can be discarded
srun python3 /home/csic/mus/fii/chvi/test/entire_pipeline.py --dimensions 8 --size 4 --seed 15
8,4,15,541.7349472045898,0.0003666877746582031,1.0121052265167236

*****************************************************************************
*                                                                           *
*                    JOB EFFICIENCY REPORT (seff 4728542)                   *
*                                                                           *
*****************************************************************************

Job ID: 4728542
Cluster: finisterrae3
User/Group: csmusfii/csic
State: COMPLETED (exit code 0)
Nodes: 1
Cores per node: 64
CPU Utilized: 05:21:55
CPU Efficiency: 55.17% of 09:43:28 core-walltime
Job Wall-clock time: 00:09:07
Memory Utilized: 1.08 GB
Memory Efficiency: 3.38% of 32.00 GB

 +++++++++++++++++++++++++++++++++++++++++++++++++++++++++++++++++++++++++++
 ++   Memory Efficiency is too small. Please review the requested memory. ++
 ++ It seems that you do not need that much memory so we recommend        ++
 ++ requesting less memory in other similar jobs.                         ++
 +++++++++++++++++++++++++++++++++++++++++++++++++++++++++++++++++++++++++++
 
*****************************************************************************

