slurmstepd: info: Setting TMPDIR to /scratch/4733767. Previous errors about TMPDIR can be discarded
srun python3 /home/csic/mus/fii/chvi/test/entire_pipeline.py --dimensions 8 --size 5 --seed 11
8,5,11,7506.062173604965,0.00032520294189453125,1.1951873302459717

*****************************************************************************
*                                                                           *
*                    JOB EFFICIENCY REPORT (seff 4733767)                   *
*                                                                           *
*****************************************************************************

Job ID: 4733767
Cluster: finisterrae3
User/Group: csmusfii/csic
State: COMPLETED (exit code 0)
Nodes: 1
Cores per node: 64
CPU Utilized: 3-14:58:55
CPU Efficiency: 65.15% of 5-13:30:40 core-walltime
Job Wall-clock time: 02:05:10
Memory Utilized: 3.51 GB
Memory Efficiency: 10.96% of 32.00 GB

 +++++++++++++++++++++++++++++++++++++++++++++++++++++++++++++++++++++++++++
 ++   Memory Efficiency is too small. Please review the requested memory. ++
 ++ It seems that you do not need that much memory so we recommend        ++
 ++ requesting less memory in other similar jobs.                         ++
 +++++++++++++++++++++++++++++++++++++++++++++++++++++++++++++++++++++++++++
 
*****************************************************************************

