slurmstepd: info: Setting TMPDIR to /scratch/4733763. Previous errors about TMPDIR can be discarded
srun python3 /home/csic/mus/fii/chvi/test/entire_pipeline.py --dimensions 8 --size 5 --seed 7
8,5,7,7361.551848888397,0.0004696846008300781,1.297959566116333

*****************************************************************************
*                                                                           *
*                    JOB EFFICIENCY REPORT (seff 4733763)                   *
*                                                                           *
*****************************************************************************

Job ID: 4733763
Cluster: finisterrae3
User/Group: csmusfii/csic
State: COMPLETED (exit code 0)
Nodes: 1
Cores per node: 64
CPU Utilized: 3-13:44:22
CPU Efficiency: 65.45% of 5-11:00:16 core-walltime
Job Wall-clock time: 02:02:49
Memory Utilized: 3.43 GB
Memory Efficiency: 10.73% of 32.00 GB

 +++++++++++++++++++++++++++++++++++++++++++++++++++++++++++++++++++++++++++
 ++   Memory Efficiency is too small. Please review the requested memory. ++
 ++ It seems that you do not need that much memory so we recommend        ++
 ++ requesting less memory in other similar jobs.                         ++
 +++++++++++++++++++++++++++++++++++++++++++++++++++++++++++++++++++++++++++
 
*****************************************************************************

