slurmstepd: info: Setting TMPDIR to /scratch/4733775. Previous errors about TMPDIR can be discarded
srun python3 /home/csic/mus/fii/chvi/test/entire_pipeline.py --dimensions 8 --size 5 --seed 19
8,5,19,7882.484303474426,0.00036525726318359375,1.2239880561828613

*****************************************************************************
*                                                                           *
*                    JOB EFFICIENCY REPORT (seff 4733775)                   *
*                                                                           *
*****************************************************************************

Job ID: 4733775
Cluster: finisterrae3
User/Group: csmusfii/csic
State: COMPLETED (exit code 0)
Nodes: 1
Cores per node: 64
CPU Utilized: 3-14:15:55
CPU Efficiency: 61.53% of 5-20:11:44 core-walltime
Job Wall-clock time: 02:11:26
Memory Utilized: 3.44 GB
Memory Efficiency: 10.74% of 32.00 GB

 +++++++++++++++++++++++++++++++++++++++++++++++++++++++++++++++++++++++++++
 ++   Memory Efficiency is too small. Please review the requested memory. ++
 ++ It seems that you do not need that much memory so we recommend        ++
 ++ requesting less memory in other similar jobs.                         ++
 +++++++++++++++++++++++++++++++++++++++++++++++++++++++++++++++++++++++++++
 
*****************************************************************************

