slurmstepd: info: Setting TMPDIR to /scratch/4733766. Previous errors about TMPDIR can be discarded
srun python3 /home/csic/mus/fii/chvi/test/entire_pipeline.py --dimensions 8 --size 5 --seed 10
8,5,10,8222.580247163773,0.0008184909820556641,1.1945595741271973

*****************************************************************************
*                                                                           *
*                    JOB EFFICIENCY REPORT (seff 4733766)                   *
*                                                                           *
*****************************************************************************

Job ID: 4733766
Cluster: finisterrae3
User/Group: csmusfii/csic
State: COMPLETED (exit code 0)
Nodes: 1
Cores per node: 64
CPU Utilized: 3-17:33:19
CPU Efficiency: 61.22% of 6-02:17:36 core-walltime
Job Wall-clock time: 02:17:09
Memory Utilized: 3.56 GB
Memory Efficiency: 11.12% of 32.00 GB

 +++++++++++++++++++++++++++++++++++++++++++++++++++++++++++++++++++++++++++
 ++   Memory Efficiency is too small. Please review the requested memory. ++
 ++ It seems that you do not need that much memory so we recommend        ++
 ++ requesting less memory in other similar jobs.                         ++
 +++++++++++++++++++++++++++++++++++++++++++++++++++++++++++++++++++++++++++
 
*****************************************************************************

