slurmstepd: info: Setting TMPDIR to /scratch/4733769. Previous errors about TMPDIR can be discarded
srun python3 /home/csic/mus/fii/chvi/test/entire_pipeline.py --dimensions 8 --size 5 --seed 13
8,5,13,7736.376293420792,0.0002987384796142578,1.0085854530334473

*****************************************************************************
*                                                                           *
*                    JOB EFFICIENCY REPORT (seff 4733769)                   *
*                                                                           *
*****************************************************************************

Job ID: 4733769
Cluster: finisterrae3
User/Group: csmusfii/csic
State: COMPLETED (exit code 0)
Nodes: 1
Cores per node: 64
CPU Utilized: 3-14:27:13
CPU Efficiency: 62.84% of 5-17:34:56 core-walltime
Job Wall-clock time: 02:08:59
Memory Utilized: 3.45 GB
Memory Efficiency: 10.79% of 32.00 GB

 +++++++++++++++++++++++++++++++++++++++++++++++++++++++++++++++++++++++++++
 ++   Memory Efficiency is too small. Please review the requested memory. ++
 ++ It seems that you do not need that much memory so we recommend        ++
 ++ requesting less memory in other similar jobs.                         ++
 +++++++++++++++++++++++++++++++++++++++++++++++++++++++++++++++++++++++++++
 
*****************************************************************************

