slurmstepd: info: Setting TMPDIR to /scratch/4733768. Previous errors about TMPDIR can be discarded
srun python3 /home/csic/mus/fii/chvi/test/entire_pipeline.py --dimensions 8 --size 5 --seed 12
8,5,12,7932.249798774719,0.00037169456481933594,1.206709861755371

*****************************************************************************
*                                                                           *
*                    JOB EFFICIENCY REPORT (seff 4733768)                   *
*                                                                           *
*****************************************************************************

Job ID: 4733768
Cluster: finisterrae3
User/Group: csmusfii/csic
State: COMPLETED (exit code 0)
Nodes: 1
Cores per node: 64
CPU Utilized: 3-14:09:44
CPU Efficiency: 61.07% of 5-21:05:04 core-walltime
Job Wall-clock time: 02:12:16
Memory Utilized: 3.48 GB
Memory Efficiency: 10.86% of 32.00 GB

 +++++++++++++++++++++++++++++++++++++++++++++++++++++++++++++++++++++++++++
 ++   Memory Efficiency is too small. Please review the requested memory. ++
 ++ It seems that you do not need that much memory so we recommend        ++
 ++ requesting less memory in other similar jobs.                         ++
 +++++++++++++++++++++++++++++++++++++++++++++++++++++++++++++++++++++++++++
 
*****************************************************************************

