slurmstepd: info: Setting TMPDIR to /scratch/4733772. Previous errors about TMPDIR can be discarded
srun python3 /home/csic/mus/fii/chvi/test/entire_pipeline.py --dimensions 8 --size 5 --seed 16
8,5,16,7826.049484014511,0.0004208087921142578,0.9884791374206543

*****************************************************************************
*                                                                           *
*                    JOB EFFICIENCY REPORT (seff 4733772)                   *
*                                                                           *
*****************************************************************************

Job ID: 4733772
Cluster: finisterrae3
User/Group: csmusfii/csic
State: COMPLETED (exit code 0)
Nodes: 1
Cores per node: 64
CPU Utilized: 3-16:35:23
CPU Efficiency: 63.63% of 5-19:13:04 core-walltime
Job Wall-clock time: 02:10:31
Memory Utilized: 3.51 GB
Memory Efficiency: 10.96% of 32.00 GB

 +++++++++++++++++++++++++++++++++++++++++++++++++++++++++++++++++++++++++++
 ++   Memory Efficiency is too small. Please review the requested memory. ++
 ++ It seems that you do not need that much memory so we recommend        ++
 ++ requesting less memory in other similar jobs.                         ++
 +++++++++++++++++++++++++++++++++++++++++++++++++++++++++++++++++++++++++++
 
*****************************************************************************

