slurmstepd: info: Setting TMPDIR to /scratch/4733759. Previous errors about TMPDIR can be discarded
srun python3 /home/csic/mus/fii/chvi/test/entire_pipeline.py --dimensions 8 --size 5 --seed 3
8,5,3,8239.964051008224,0.0002987384796142578,1.0623104572296143

*****************************************************************************
*                                                                           *
*                    JOB EFFICIENCY REPORT (seff 4733759)                   *
*                                                                           *
*****************************************************************************

Job ID: 4733759
Cluster: finisterrae3
User/Group: csmusfii/csic
State: COMPLETED (exit code 0)
Nodes: 1
Cores per node: 64
CPU Utilized: 3-17:49:32
CPU Efficiency: 61.30% of 6-02:32:32 core-walltime
Job Wall-clock time: 02:17:23
Memory Utilized: 3.45 GB
Memory Efficiency: 10.78% of 32.00 GB

 +++++++++++++++++++++++++++++++++++++++++++++++++++++++++++++++++++++++++++
 ++   Memory Efficiency is too small. Please review the requested memory. ++
 ++ It seems that you do not need that much memory so we recommend        ++
 ++ requesting less memory in other similar jobs.                         ++
 +++++++++++++++++++++++++++++++++++++++++++++++++++++++++++++++++++++++++++
 
*****************************************************************************

