slurmstepd: info: Setting TMPDIR to /scratch/4733757. Previous errors about TMPDIR can be discarded
srun python3 /home/csic/mus/fii/chvi/test/entire_pipeline.py --dimensions 8 --size 5 --seed 1
8,5,1,7635.409086704254,0.0005414485931396484,1.3755741119384766

*****************************************************************************
*                                                                           *
*                    JOB EFFICIENCY REPORT (seff 4733757)                   *
*                                                                           *
*****************************************************************************

Job ID: 4733757
Cluster: finisterrae3
User/Group: csmusfii/csic
State: COMPLETED (exit code 0)
Nodes: 1
Cores per node: 64
CPU Utilized: 3-16:00:35
CPU Efficiency: 64.81% of 5-15:48:16 core-walltime
Job Wall-clock time: 02:07:19
Memory Utilized: 3.53 GB
Memory Efficiency: 11.04% of 32.00 GB

 +++++++++++++++++++++++++++++++++++++++++++++++++++++++++++++++++++++++++++
 ++   Memory Efficiency is too small. Please review the requested memory. ++
 ++ It seems that you do not need that much memory so we recommend        ++
 ++ requesting less memory in other similar jobs.                         ++
 +++++++++++++++++++++++++++++++++++++++++++++++++++++++++++++++++++++++++++
 
*****************************************************************************

