slurmstepd: info: Setting TMPDIR to /scratch/4733762. Previous errors about TMPDIR can be discarded
srun python3 /home/csic/mus/fii/chvi/test/entire_pipeline.py --dimensions 8 --size 5 --seed 6
8,5,6,8222.90282034874,0.0003647804260253906,1.2750699520111084

*****************************************************************************
*                                                                           *
*                    JOB EFFICIENCY REPORT (seff 4733762)                   *
*                                                                           *
*****************************************************************************

Job ID: 4733762
Cluster: finisterrae3
User/Group: csmusfii/csic
State: COMPLETED (exit code 0)
Nodes: 1
Cores per node: 64
CPU Utilized: 3-14:12:22
CPU Efficiency: 58.94% of 6-02:15:28 core-walltime
Job Wall-clock time: 02:17:07
Memory Utilized: 3.45 GB
Memory Efficiency: 10.79% of 32.00 GB

 +++++++++++++++++++++++++++++++++++++++++++++++++++++++++++++++++++++++++++
 ++   Memory Efficiency is too small. Please review the requested memory. ++
 ++ It seems that you do not need that much memory so we recommend        ++
 ++ requesting less memory in other similar jobs.                         ++
 +++++++++++++++++++++++++++++++++++++++++++++++++++++++++++++++++++++++++++
 
*****************************************************************************

