slurmstepd: info: Setting TMPDIR to /scratch/4733760. Previous errors about TMPDIR can be discarded
srun python3 /home/csic/mus/fii/chvi/test/entire_pipeline.py --dimensions 8 --size 5 --seed 4
8,5,4,7878.1442694664,0.0004980564117431641,0.9888815879821777

*****************************************************************************
*                                                                           *
*                    JOB EFFICIENCY REPORT (seff 4733760)                   *
*                                                                           *
*****************************************************************************

Job ID: 4733760
Cluster: finisterrae3
User/Group: csmusfii/csic
State: COMPLETED (exit code 0)
Nodes: 1
Cores per node: 64
CPU Utilized: 3-13:41:21
CPU Efficiency: 61.15% of 5-20:07:28 core-walltime
Job Wall-clock time: 02:11:22
Memory Utilized: 3.46 GB
Memory Efficiency: 10.81% of 32.00 GB

 +++++++++++++++++++++++++++++++++++++++++++++++++++++++++++++++++++++++++++
 ++   Memory Efficiency is too small. Please review the requested memory. ++
 ++ It seems that you do not need that much memory so we recommend        ++
 ++ requesting less memory in other similar jobs.                         ++
 +++++++++++++++++++++++++++++++++++++++++++++++++++++++++++++++++++++++++++
 
*****************************************************************************

