slurmstepd: info: Setting TMPDIR to /scratch/4733758. Previous errors about TMPDIR can be discarded
srun python3 /home/csic/mus/fii/chvi/test/entire_pipeline.py --dimensions 8 --size 5 --seed 2
8,5,2,8016.492790222168,0.0006184577941894531,1.0534179210662842

*****************************************************************************
*                                                                           *
*                    JOB EFFICIENCY REPORT (seff 4733758)                   *
*                                                                           *
*****************************************************************************

Job ID: 4733758
Cluster: finisterrae3
User/Group: csmusfii/csic
State: COMPLETED (exit code 0)
Nodes: 1
Cores per node: 64
CPU Utilized: 3-16:54:46
CPU Efficiency: 62.37% of 5-22:33:36 core-walltime
Job Wall-clock time: 02:13:39
Memory Utilized: 3.48 GB
Memory Efficiency: 10.87% of 32.00 GB

 +++++++++++++++++++++++++++++++++++++++++++++++++++++++++++++++++++++++++++
 ++   Memory Efficiency is too small. Please review the requested memory. ++
 ++ It seems that you do not need that much memory so we recommend        ++
 ++ requesting less memory in other similar jobs.                         ++
 +++++++++++++++++++++++++++++++++++++++++++++++++++++++++++++++++++++++++++
 
*****************************************************************************

