slurmstepd: info: Setting TMPDIR to /scratch/4733764. Previous errors about TMPDIR can be discarded
srun python3 /home/csic/mus/fii/chvi/test/entire_pipeline.py --dimensions 8 --size 5 --seed 8
8,5,8,8008.23856139183,0.000644683837890625,1.0712287425994873

*****************************************************************************
*                                                                           *
*                    JOB EFFICIENCY REPORT (seff 4733764)                   *
*                                                                           *
*****************************************************************************

Job ID: 4733764
Cluster: finisterrae3
User/Group: csmusfii/csic
State: COMPLETED (exit code 0)
Nodes: 1
Cores per node: 64
CPU Utilized: 3-15:05:52
CPU Efficiency: 61.13% of 5-22:28:16 core-walltime
Job Wall-clock time: 02:13:34
Memory Utilized: 3.65 GB
Memory Efficiency: 11.42% of 32.00 GB

 +++++++++++++++++++++++++++++++++++++++++++++++++++++++++++++++++++++++++++
 ++   Memory Efficiency is too small. Please review the requested memory. ++
 ++ It seems that you do not need that much memory so we recommend        ++
 ++ requesting less memory in other similar jobs.                         ++
 +++++++++++++++++++++++++++++++++++++++++++++++++++++++++++++++++++++++++++
 
*****************************************************************************

