slurmstepd: info: Setting TMPDIR to /scratch/4733761. Previous errors about TMPDIR can be discarded
srun python3 /home/csic/mus/fii/chvi/test/entire_pipeline.py --dimensions 8 --size 5 --seed 5
8,5,5,8116.453209400177,0.0007276535034179688,1.449230432510376

*****************************************************************************
*                                                                           *
*                    JOB EFFICIENCY REPORT (seff 4733761)                   *
*                                                                           *
*****************************************************************************

Job ID: 4733761
Cluster: finisterrae3
User/Group: csmusfii/csic
State: COMPLETED (exit code 0)
Nodes: 1
Cores per node: 64
CPU Utilized: 3-16:06:10
CPU Efficiency: 61.02% of 6-00:22:24 core-walltime
Job Wall-clock time: 02:15:21
Memory Utilized: 3.46 GB
Memory Efficiency: 10.80% of 32.00 GB

 +++++++++++++++++++++++++++++++++++++++++++++++++++++++++++++++++++++++++++
 ++   Memory Efficiency is too small. Please review the requested memory. ++
 ++ It seems that you do not need that much memory so we recommend        ++
 ++ requesting less memory in other similar jobs.                         ++
 +++++++++++++++++++++++++++++++++++++++++++++++++++++++++++++++++++++++++++
 
*****************************************************************************

