slurmstepd: info: Setting TMPDIR to /scratch/4733785. Previous errors about TMPDIR can be discarded
srun python3 /home/csic/mus/fii/chvi/test/entire_pipeline.py --dimensions 9 --size 2 --seed 9
9,2,9,0.1650404930114746,0.00026702880859375,1.168299674987793

*****************************************************************************
*                                                                           *
*                    JOB EFFICIENCY REPORT (seff 4733785)                   *
*                                                                           *
*****************************************************************************

Job ID: 4733785
Cluster: finisterrae3
User/Group: csmusfii/csic
State: COMPLETED (exit code 0)
Nodes: 1
Cores per node: 64
CPU Utilized: 00:00:14
CPU Efficiency: 7.29% of 00:03:12 core-walltime
Job Wall-clock time: 00:00:03
Memory Utilized: 396.00 KB
Memory Efficiency: 0.00% of 32.00 GB

 +++++++++++++++++++++++++++++++++++++++++++++++++++++++++++++++++++++++++++
 ++   Memory Efficiency is too small. Please review the requested memory. ++
 ++ It seems that you do not need that much memory so we recommend        ++
 ++ requesting less memory in other similar jobs.                         ++
 +++++++++++++++++++++++++++++++++++++++++++++++++++++++++++++++++++++++++++
 
*****************************************************************************

