slurmstepd: info: Setting TMPDIR to /scratch/4733778. Previous errors about TMPDIR can be discarded
srun python3 /home/csic/mus/fii/chvi/test/entire_pipeline.py --dimensions 9 --size 2 --seed 2
9,2,2,0.173811674118042,0.0002048015594482422,0.9536941051483154

*****************************************************************************
*                                                                           *
*                    JOB EFFICIENCY REPORT (seff 4733778)                   *
*                                                                           *
*****************************************************************************

Job ID: 4733778
Cluster: finisterrae3
User/Group: csmusfii/csic
State: COMPLETED (exit code 0)
Nodes: 1
Cores per node: 64
CPU Utilized: 00:00:15
CPU Efficiency: 4.69% of 00:05:20 core-walltime
Job Wall-clock time: 00:00:05
Memory Utilized: 1.03 MB
Memory Efficiency: 0.00% of 32.00 GB

 +++++++++++++++++++++++++++++++++++++++++++++++++++++++++++++++++++++++++++
 ++   Memory Efficiency is too small. Please review the requested memory. ++
 ++ It seems that you do not need that much memory so we recommend        ++
 ++ requesting less memory in other similar jobs.                         ++
 +++++++++++++++++++++++++++++++++++++++++++++++++++++++++++++++++++++++++++
 
*****************************************************************************

