slurmstepd: info: Setting TMPDIR to /scratch/4733780. Previous errors about TMPDIR can be discarded
srun python3 /home/csic/mus/fii/chvi/test/entire_pipeline.py --dimensions 9 --size 2 --seed 4
9,2,4,0.149367094039917,0.0002377033233642578,0.9575903415679932

*****************************************************************************
*                                                                           *
*                    JOB EFFICIENCY REPORT (seff 4733780)                   *
*                                                                           *
*****************************************************************************

Job ID: 4733780
Cluster: finisterrae3
User/Group: csmusfii/csic
State: COMPLETED (exit code 0)
Nodes: 1
Cores per node: 64
CPU Utilized: 00:00:14
CPU Efficiency: 5.47% of 00:04:16 core-walltime
Job Wall-clock time: 00:00:04
Memory Utilized: 792.00 KB
Memory Efficiency: 0.00% of 32.00 GB

 +++++++++++++++++++++++++++++++++++++++++++++++++++++++++++++++++++++++++++
 ++   Memory Efficiency is too small. Please review the requested memory. ++
 ++ It seems that you do not need that much memory so we recommend        ++
 ++ requesting less memory in other similar jobs.                         ++
 +++++++++++++++++++++++++++++++++++++++++++++++++++++++++++++++++++++++++++
 
*****************************************************************************

