slurmstepd: info: Setting TMPDIR to /scratch/4733791. Previous errors about TMPDIR can be discarded
srun python3 /home/csic/mus/fii/chvi/test/entire_pipeline.py --dimensions 9 --size 2 --seed 15
9,2,15,0.0359349250793457,0.0002090930938720703,0.982111930847168

*****************************************************************************
*                                                                           *
*                    JOB EFFICIENCY REPORT (seff 4733791)                   *
*                                                                           *
*****************************************************************************

Job ID: 4733791
Cluster: finisterrae3
User/Group: csmusfii/csic
State: COMPLETED (exit code 0)
Nodes: 1
Cores per node: 64
CPU Utilized: 00:00:10
CPU Efficiency: 7.81% of 00:02:08 core-walltime
Job Wall-clock time: 00:00:02
Memory Utilized: 1.23 MB
Memory Efficiency: 0.00% of 32.00 GB

 +++++++++++++++++++++++++++++++++++++++++++++++++++++++++++++++++++++++++++
 ++   Memory Efficiency is too small. Please review the requested memory. ++
 ++ It seems that you do not need that much memory so we recommend        ++
 ++ requesting less memory in other similar jobs.                         ++
 +++++++++++++++++++++++++++++++++++++++++++++++++++++++++++++++++++++++++++
 
*****************************************************************************

