slurmstepd: info: Setting TMPDIR to /scratch/4733789. Previous errors about TMPDIR can be discarded
srun python3 /home/csic/mus/fii/chvi/test/entire_pipeline.py --dimensions 9 --size 2 --seed 13
9,2,13,0.14535284042358398,0.00028014183044433594,0.9443376064300537

*****************************************************************************
*                                                                           *
*                    JOB EFFICIENCY REPORT (seff 4733789)                   *
*                                                                           *
*****************************************************************************

Job ID: 4733789
Cluster: finisterrae3
User/Group: csmusfii/csic
State: COMPLETED (exit code 0)
Nodes: 1
Cores per node: 64
CPU Utilized: 00:00:14
CPU Efficiency: 10.94% of 00:02:08 core-walltime
Job Wall-clock time: 00:00:02
Memory Utilized: 528.00 KB
Memory Efficiency: 0.00% of 32.00 GB

 +++++++++++++++++++++++++++++++++++++++++++++++++++++++++++++++++++++++++++
 ++   Memory Efficiency is too small. Please review the requested memory. ++
 ++ It seems that you do not need that much memory so we recommend        ++
 ++ requesting less memory in other similar jobs.                         ++
 +++++++++++++++++++++++++++++++++++++++++++++++++++++++++++++++++++++++++++
 
*****************************************************************************

