slurmstepd: info: Setting TMPDIR to /scratch/4733781. Previous errors about TMPDIR can be discarded
srun python3 /home/csic/mus/fii/chvi/test/entire_pipeline.py --dimensions 9 --size 2 --seed 5
9,2,5,0.20418238639831543,0.0002377033233642578,0.964771032333374

*****************************************************************************
*                                                                           *
*                    JOB EFFICIENCY REPORT (seff 4733781)                   *
*                                                                           *
*****************************************************************************

Job ID: 4733781
Cluster: finisterrae3
User/Group: csmusfii/csic
State: COMPLETED (exit code 0)
Nodes: 1
Cores per node: 64
CPU Utilized: 00:00:15
CPU Efficiency: 5.86% of 00:04:16 core-walltime
Job Wall-clock time: 00:00:04
Memory Utilized: 924.00 KB
Memory Efficiency: 0.00% of 32.00 GB

 +++++++++++++++++++++++++++++++++++++++++++++++++++++++++++++++++++++++++++
 ++   Memory Efficiency is too small. Please review the requested memory. ++
 ++ It seems that you do not need that much memory so we recommend        ++
 ++ requesting less memory in other similar jobs.                         ++
 +++++++++++++++++++++++++++++++++++++++++++++++++++++++++++++++++++++++++++
 
*****************************************************************************

