slurmstepd: info: Setting TMPDIR to /scratch/4733787. Previous errors about TMPDIR can be discarded
srun python3 /home/csic/mus/fii/chvi/test/entire_pipeline.py --dimensions 9 --size 2 --seed 11
9,2,11,0.24776124954223633,0.00027370452880859375,0.9777035713195801

*****************************************************************************
*                                                                           *
*                    JOB EFFICIENCY REPORT (seff 4733787)                   *
*                                                                           *
*****************************************************************************

Job ID: 4733787
Cluster: finisterrae3
User/Group: csmusfii/csic
State: COMPLETED (exit code 0)
Nodes: 1
Cores per node: 64
CPU Utilized: 00:00:14
CPU Efficiency: 10.94% of 00:02:08 core-walltime
Job Wall-clock time: 00:00:02
Memory Utilized: 1.40 MB
Memory Efficiency: 0.00% of 32.00 GB

 +++++++++++++++++++++++++++++++++++++++++++++++++++++++++++++++++++++++++++
 ++   Memory Efficiency is too small. Please review the requested memory. ++
 ++ It seems that you do not need that much memory so we recommend        ++
 ++ requesting less memory in other similar jobs.                         ++
 +++++++++++++++++++++++++++++++++++++++++++++++++++++++++++++++++++++++++++
 
*****************************************************************************

