slurmstepd: info: Setting TMPDIR to /scratch/4733786. Previous errors about TMPDIR can be discarded
srun python3 /home/csic/mus/fii/chvi/test/entire_pipeline.py --dimensions 9 --size 2 --seed 10
9,2,10,0.20319104194641113,0.0002167224884033203,0.9841856956481934

*****************************************************************************
*                                                                           *
*                    JOB EFFICIENCY REPORT (seff 4733786)                   *
*                                                                           *
*****************************************************************************

Job ID: 4733786
Cluster: finisterrae3
User/Group: csmusfii/csic
State: COMPLETED (exit code 0)
Nodes: 1
Cores per node: 64
CPU Utilized: 00:00:14
CPU Efficiency: 10.94% of 00:02:08 core-walltime
Job Wall-clock time: 00:00:02
Memory Utilized: 660.00 KB
Memory Efficiency: 0.00% of 32.00 GB

 +++++++++++++++++++++++++++++++++++++++++++++++++++++++++++++++++++++++++++
 ++   Memory Efficiency is too small. Please review the requested memory. ++
 ++ It seems that you do not need that much memory so we recommend        ++
 ++ requesting less memory in other similar jobs.                         ++
 +++++++++++++++++++++++++++++++++++++++++++++++++++++++++++++++++++++++++++
 
*****************************************************************************

