slurmstepd: info: Setting TMPDIR to /scratch/4733779. Previous errors about TMPDIR can be discarded
srun python3 /home/csic/mus/fii/chvi/test/entire_pipeline.py --dimensions 9 --size 2 --seed 3
9,2,3,0.17889714241027832,0.00035190582275390625,1.1426308155059814

*****************************************************************************
*                                                                           *
*                    JOB EFFICIENCY REPORT (seff 4733779)                   *
*                                                                           *
*****************************************************************************

Job ID: 4733779
Cluster: finisterrae3
User/Group: csmusfii/csic
State: COMPLETED (exit code 0)
Nodes: 1
Cores per node: 64
CPU Utilized: 00:00:14
CPU Efficiency: 4.38% of 00:05:20 core-walltime
Job Wall-clock time: 00:00:05
Memory Utilized: 1.03 MB
Memory Efficiency: 0.00% of 32.00 GB

 +++++++++++++++++++++++++++++++++++++++++++++++++++++++++++++++++++++++++++
 ++   Memory Efficiency is too small. Please review the requested memory. ++
 ++ It seems that you do not need that much memory so we recommend        ++
 ++ requesting less memory in other similar jobs.                         ++
 +++++++++++++++++++++++++++++++++++++++++++++++++++++++++++++++++++++++++++
 
*****************************************************************************

