slurmstepd: info: Setting TMPDIR to /scratch/4733794. Previous errors about TMPDIR can be discarded
srun python3 /home/csic/mus/fii/chvi/test/entire_pipeline.py --dimensions 9 --size 2 --seed 18
9,2,18,0.2478940486907959,0.0003046989440917969,1.0243794918060303

*****************************************************************************
*                                                                           *
*                    JOB EFFICIENCY REPORT (seff 4733794)                   *
*                                                                           *
*****************************************************************************

Job ID: 4733794
Cluster: finisterrae3
User/Group: csmusfii/csic
State: COMPLETED (exit code 0)
Nodes: 1
Cores per node: 64
CPU Utilized: 00:00:15
CPU Efficiency: 11.72% of 00:02:08 core-walltime
Job Wall-clock time: 00:00:02
Memory Utilized: 1.80 MB
Memory Efficiency: 0.01% of 32.00 GB

 +++++++++++++++++++++++++++++++++++++++++++++++++++++++++++++++++++++++++++
 ++   Memory Efficiency is too small. Please review the requested memory. ++
 ++ It seems that you do not need that much memory so we recommend        ++
 ++ requesting less memory in other similar jobs.                         ++
 +++++++++++++++++++++++++++++++++++++++++++++++++++++++++++++++++++++++++++
 
*****************************************************************************

