slurmstepd: info: Setting TMPDIR to /scratch/4733803. Previous errors about TMPDIR can be discarded
srun python3 /home/csic/mus/fii/chvi/test/entire_pipeline.py --dimensions 9 --size 3 --seed 7
9,3,7,0.4170675277709961,0.00019693374633789062,0.9649782180786133

*****************************************************************************
*                                                                           *
*                    JOB EFFICIENCY REPORT (seff 4733803)                   *
*                                                                           *
*****************************************************************************

Job ID: 4733803
Cluster: finisterrae3
User/Group: csmusfii/csic
State: COMPLETED (exit code 0)
Nodes: 1
Cores per node: 64
CPU Utilized: 00:00:33
CPU Efficiency: 25.78% of 00:02:08 core-walltime
Job Wall-clock time: 00:00:02
Memory Utilized: 660.00 KB
Memory Efficiency: 0.00% of 32.00 GB

 +++++++++++++++++++++++++++++++++++++++++++++++++++++++++++++++++++++++++++
 ++   Memory Efficiency is too small. Please review the requested memory. ++
 ++ It seems that you do not need that much memory so we recommend        ++
 ++ requesting less memory in other similar jobs.                         ++
 +++++++++++++++++++++++++++++++++++++++++++++++++++++++++++++++++++++++++++
 
*****************************************************************************

