slurmstepd: info: Setting TMPDIR to /scratch/4735788. Previous errors about TMPDIR can be discarded
srun python3 /home/csic/mus/fii/chvi/test/entire_pipeline.py --dimensions 9 --size 3 --seed 15
9,3,15,0.4286632537841797,0.0001900196075439453,1.0482404232025146

*****************************************************************************
*                                                                           *
*                    JOB EFFICIENCY REPORT (seff 4735788)                   *
*                                                                           *
*****************************************************************************

Job ID: 4735788
Cluster: finisterrae3
User/Group: csmusfii/csic
State: COMPLETED (exit code 0)
Nodes: 1
Cores per node: 64
CPU Utilized: 00:00:34
CPU Efficiency: 7.59% of 00:07:28 core-walltime
Job Wall-clock time: 00:00:07
Memory Utilized: 2.24 MB
Memory Efficiency: 0.01% of 32.00 GB

 +++++++++++++++++++++++++++++++++++++++++++++++++++++++++++++++++++++++++++
 ++   Memory Efficiency is too small. Please review the requested memory. ++
 ++ It seems that you do not need that much memory so we recommend        ++
 ++ requesting less memory in other similar jobs.                         ++
 +++++++++++++++++++++++++++++++++++++++++++++++++++++++++++++++++++++++++++
 
*****************************************************************************

