slurmstepd: info: Setting TMPDIR to /scratch/4733805. Previous errors about TMPDIR can be discarded
srun python3 /home/csic/mus/fii/chvi/test/entire_pipeline.py --dimensions 9 --size 3 --seed 9
9,3,9,0.4441862106323242,0.00023555755615234375,1.2799031734466553

*****************************************************************************
*                                                                           *
*                    JOB EFFICIENCY REPORT (seff 4733805)                   *
*                                                                           *
*****************************************************************************

Job ID: 4733805
Cluster: finisterrae3
User/Group: csmusfii/csic
State: COMPLETED (exit code 0)
Nodes: 1
Cores per node: 64
CPU Utilized: 00:00:33
CPU Efficiency: 17.19% of 00:03:12 core-walltime
Job Wall-clock time: 00:00:03
Memory Utilized: 1.16 MB
Memory Efficiency: 0.00% of 32.00 GB

 +++++++++++++++++++++++++++++++++++++++++++++++++++++++++++++++++++++++++++
 ++   Memory Efficiency is too small. Please review the requested memory. ++
 ++ It seems that you do not need that much memory so we recommend        ++
 ++ requesting less memory in other similar jobs.                         ++
 +++++++++++++++++++++++++++++++++++++++++++++++++++++++++++++++++++++++++++
 
*****************************************************************************

