slurmstepd: info: Setting TMPDIR to /scratch/4735790. Previous errors about TMPDIR can be discarded
srun python3 /home/csic/mus/fii/chvi/test/entire_pipeline.py --dimensions 9 --size 3 --seed 17
9,3,17,0.40189242362976074,0.00022721290588378906,1.0583693981170654

*****************************************************************************
*                                                                           *
*                    JOB EFFICIENCY REPORT (seff 4735790)                   *
*                                                                           *
*****************************************************************************

Job ID: 4735790
Cluster: finisterrae3
User/Group: csmusfii/csic
State: COMPLETED (exit code 0)
Nodes: 1
Cores per node: 64
CPU Utilized: 00:00:32
CPU Efficiency: 7.14% of 00:07:28 core-walltime
Job Wall-clock time: 00:00:07
Memory Utilized: 2.29 MB
Memory Efficiency: 0.01% of 32.00 GB

 +++++++++++++++++++++++++++++++++++++++++++++++++++++++++++++++++++++++++++
 ++   Memory Efficiency is too small. Please review the requested memory. ++
 ++ It seems that you do not need that much memory so we recommend        ++
 ++ requesting less memory in other similar jobs.                         ++
 +++++++++++++++++++++++++++++++++++++++++++++++++++++++++++++++++++++++++++
 
*****************************************************************************

