slurmstepd: info: Setting TMPDIR to /scratch/4733802. Previous errors about TMPDIR can be discarded
srun python3 /home/csic/mus/fii/chvi/test/entire_pipeline.py --dimensions 9 --size 3 --seed 6
9,3,6,896.3333673477173,0.0004069805145263672,1.1191926002502441

*****************************************************************************
*                                                                           *
*                    JOB EFFICIENCY REPORT (seff 4733802)                   *
*                                                                           *
*****************************************************************************

Job ID: 4733802
Cluster: finisterrae3
User/Group: csmusfii/csic
State: COMPLETED (exit code 0)
Nodes: 1
Cores per node: 64
CPU Utilized: 05:05:50
CPU Efficiency: 31.93% of 15:57:52 core-walltime
Job Wall-clock time: 00:14:58
Memory Utilized: 2.38 GB
Memory Efficiency: 7.44% of 32.00 GB

 +++++++++++++++++++++++++++++++++++++++++++++++++++++++++++++++++++++++++++
 ++   Memory Efficiency is too small. Please review the requested memory. ++
 ++ It seems that you do not need that much memory so we recommend        ++
 ++ requesting less memory in other similar jobs.                         ++
 +++++++++++++++++++++++++++++++++++++++++++++++++++++++++++++++++++++++++++
 
*****************************************************************************

