slurmstepd: info: Setting TMPDIR to /scratch/4733797. Previous errors about TMPDIR can be discarded
srun python3 /home/csic/mus/fii/chvi/test/entire_pipeline.py --dimensions 9 --size 3 --seed 1
9,3,1,0.4136786460876465,0.0002446174621582031,0.9776945114135742

*****************************************************************************
*                                                                           *
*                    JOB EFFICIENCY REPORT (seff 4733797)                   *
*                                                                           *
*****************************************************************************

Job ID: 4733797
Cluster: finisterrae3
User/Group: csmusfii/csic
State: COMPLETED (exit code 0)
Nodes: 1
Cores per node: 64
CPU Utilized: 00:00:33
CPU Efficiency: 25.78% of 00:02:08 core-walltime
Job Wall-clock time: 00:00:02
Memory Utilized: 792.00 KB
Memory Efficiency: 0.00% of 32.00 GB

 +++++++++++++++++++++++++++++++++++++++++++++++++++++++++++++++++++++++++++
 ++   Memory Efficiency is too small. Please review the requested memory. ++
 ++ It seems that you do not need that much memory so we recommend        ++
 ++ requesting less memory in other similar jobs.                         ++
 +++++++++++++++++++++++++++++++++++++++++++++++++++++++++++++++++++++++++++
 
*****************************************************************************

