slurmstepd: info: Setting TMPDIR to /scratch/4735785. Previous errors about TMPDIR can be discarded
srun python3 /home/csic/mus/fii/chvi/test/entire_pipeline.py --dimensions 9 --size 3 --seed 12
9,3,12,0.4054892063140869,0.00019812583923339844,0.9987316131591797

*****************************************************************************
*                                                                           *
*                    JOB EFFICIENCY REPORT (seff 4735785)                   *
*                                                                           *
*****************************************************************************

Job ID: 4735785
Cluster: finisterrae3
User/Group: csmusfii/csic
State: COMPLETED (exit code 0)
Nodes: 1
Cores per node: 64
CPU Utilized: 00:00:33
CPU Efficiency: 10.31% of 00:05:20 core-walltime
Job Wall-clock time: 00:00:05
Memory Utilized: 2.29 MB
Memory Efficiency: 0.01% of 32.00 GB

 +++++++++++++++++++++++++++++++++++++++++++++++++++++++++++++++++++++++++++
 ++   Memory Efficiency is too small. Please review the requested memory. ++
 ++ It seems that you do not need that much memory so we recommend        ++
 ++ requesting less memory in other similar jobs.                         ++
 +++++++++++++++++++++++++++++++++++++++++++++++++++++++++++++++++++++++++++
 
*****************************************************************************

