slurmstepd: info: Setting TMPDIR to /scratch/4735791. Previous errors about TMPDIR can be discarded
srun python3 /home/csic/mus/fii/chvi/test/entire_pipeline.py --dimensions 9 --size 3 --seed 18
9,3,18,0.4172823429107666,0.0002117156982421875,1.076350212097168

*****************************************************************************
*                                                                           *
*                    JOB EFFICIENCY REPORT (seff 4735791)                   *
*                                                                           *
*****************************************************************************

Job ID: 4735791
Cluster: finisterrae3
User/Group: csmusfii/csic
State: COMPLETED (exit code 0)
Nodes: 1
Cores per node: 64
CPU Utilized: 00:00:33
CPU Efficiency: 7.37% of 00:07:28 core-walltime
Job Wall-clock time: 00:00:07
Memory Utilized: 660.00 KB
Memory Efficiency: 0.00% of 32.00 GB

 +++++++++++++++++++++++++++++++++++++++++++++++++++++++++++++++++++++++++++
 ++   Memory Efficiency is too small. Please review the requested memory. ++
 ++ It seems that you do not need that much memory so we recommend        ++
 ++ requesting less memory in other similar jobs.                         ++
 +++++++++++++++++++++++++++++++++++++++++++++++++++++++++++++++++++++++++++
 
*****************************************************************************

