slurmstepd: info: Setting TMPDIR to /scratch/4735793. Previous errors about TMPDIR can be discarded
srun python3 /home/csic/mus/fii/chvi/test/entire_pipeline.py --dimensions 9 --size 3 --seed 20
9,3,20,0.414339542388916,0.00018286705017089844,0.9673335552215576

*****************************************************************************
*                                                                           *
*                    JOB EFFICIENCY REPORT (seff 4735793)                   *
*                                                                           *
*****************************************************************************

Job ID: 4735793
Cluster: finisterrae3
User/Group: csmusfii/csic
State: COMPLETED (exit code 0)
Nodes: 1
Cores per node: 64
CPU Utilized: 00:00:33
CPU Efficiency: 7.37% of 00:07:28 core-walltime
Job Wall-clock time: 00:00:07
Memory Utilized: 660.00 KB
Memory Efficiency: 0.00% of 32.00 GB

 +++++++++++++++++++++++++++++++++++++++++++++++++++++++++++++++++++++++++++
 ++   Memory Efficiency is too small. Please review the requested memory. ++
 ++ It seems that you do not need that much memory so we recommend        ++
 ++ requesting less memory in other similar jobs.                         ++
 +++++++++++++++++++++++++++++++++++++++++++++++++++++++++++++++++++++++++++
 
*****************************************************************************

