slurmstepd: info: Setting TMPDIR to /scratch/4733800. Previous errors about TMPDIR can be discarded
srun python3 /home/csic/mus/fii/chvi/test/entire_pipeline.py --dimensions 9 --size 3 --seed 4
9,3,4,707.8782052993774,0.00028967857360839844,1.026698112487793

*****************************************************************************
*                                                                           *
*                    JOB EFFICIENCY REPORT (seff 4733800)                   *
*                                                                           *
*****************************************************************************

Job ID: 4733800
Cluster: finisterrae3
User/Group: csmusfii/csic
State: COMPLETED (exit code 0)
Nodes: 1
Cores per node: 64
CPU Utilized: 04:53:37
CPU Efficiency: 38.72% of 12:38:24 core-walltime
Job Wall-clock time: 00:11:51
Memory Utilized: 2.42 GB
Memory Efficiency: 7.58% of 32.00 GB

 +++++++++++++++++++++++++++++++++++++++++++++++++++++++++++++++++++++++++++
 ++   Memory Efficiency is too small. Please review the requested memory. ++
 ++ It seems that you do not need that much memory so we recommend        ++
 ++ requesting less memory in other similar jobs.                         ++
 +++++++++++++++++++++++++++++++++++++++++++++++++++++++++++++++++++++++++++
 
*****************************************************************************

