slurmstepd: info: Setting TMPDIR to /scratch/4733801. Previous errors about TMPDIR can be discarded
srun python3 /home/csic/mus/fii/chvi/test/entire_pipeline.py --dimensions 9 --size 3 --seed 5
9,3,5,0.3989989757537842,0.00018596649169921875,0.9737615585327148

*****************************************************************************
*                                                                           *
*                    JOB EFFICIENCY REPORT (seff 4733801)                   *
*                                                                           *
*****************************************************************************

Job ID: 4733801
Cluster: finisterrae3
User/Group: csmusfii/csic
State: COMPLETED (exit code 0)
Nodes: 1
Cores per node: 64
CPU Utilized: 00:00:32
CPU Efficiency: 12.50% of 00:04:16 core-walltime
Job Wall-clock time: 00:00:04
Memory Utilized: 2.11 MB
Memory Efficiency: 0.01% of 32.00 GB

 +++++++++++++++++++++++++++++++++++++++++++++++++++++++++++++++++++++++++++
 ++   Memory Efficiency is too small. Please review the requested memory. ++
 ++ It seems that you do not need that much memory so we recommend        ++
 ++ requesting less memory in other similar jobs.                         ++
 +++++++++++++++++++++++++++++++++++++++++++++++++++++++++++++++++++++++++++
 
*****************************************************************************

