slurmstepd: info: Setting TMPDIR to /scratch/4735792. Previous errors about TMPDIR can be discarded
srun python3 /home/csic/mus/fii/chvi/test/entire_pipeline.py --dimensions 9 --size 3 --seed 19
9,3,19,0.4032292366027832,0.0001938343048095703,1.0925636291503906

*****************************************************************************
*                                                                           *
*                    JOB EFFICIENCY REPORT (seff 4735792)                   *
*                                                                           *
*****************************************************************************

Job ID: 4735792
Cluster: finisterrae3
User/Group: csmusfii/csic
State: COMPLETED (exit code 0)
Nodes: 1
Cores per node: 64
CPU Utilized: 00:00:32
CPU Efficiency: 10.00% of 00:05:20 core-walltime
Job Wall-clock time: 00:00:05
Memory Utilized: 1.29 MB
Memory Efficiency: 0.00% of 32.00 GB

 +++++++++++++++++++++++++++++++++++++++++++++++++++++++++++++++++++++++++++
 ++   Memory Efficiency is too small. Please review the requested memory. ++
 ++ It seems that you do not need that much memory so we recommend        ++
 ++ requesting less memory in other similar jobs.                         ++
 +++++++++++++++++++++++++++++++++++++++++++++++++++++++++++++++++++++++++++
 
*****************************************************************************

