slurmstepd: info: Setting TMPDIR to /scratch/4733804. Previous errors about TMPDIR can be discarded
srun python3 /home/csic/mus/fii/chvi/test/entire_pipeline.py --dimensions 9 --size 3 --seed 8
9,3,8,732.2577033042908,0.000255584716796875,1.043858528137207

*****************************************************************************
*                                                                           *
*                    JOB EFFICIENCY REPORT (seff 4733804)                   *
*                                                                           *
*****************************************************************************

Job ID: 4733804
Cluster: finisterrae3
User/Group: csmusfii/csic
State: COMPLETED (exit code 0)
Nodes: 1
Cores per node: 64
CPU Utilized: 05:10:16
CPU Efficiency: 39.63% of 13:02:56 core-walltime
Job Wall-clock time: 00:12:14
Memory Utilized: 2.54 GB
Memory Efficiency: 7.92% of 32.00 GB

 +++++++++++++++++++++++++++++++++++++++++++++++++++++++++++++++++++++++++++
 ++   Memory Efficiency is too small. Please review the requested memory. ++
 ++ It seems that you do not need that much memory so we recommend        ++
 ++ requesting less memory in other similar jobs.                         ++
 +++++++++++++++++++++++++++++++++++++++++++++++++++++++++++++++++++++++++++
 
*****************************************************************************

