slurmstepd: info: Setting TMPDIR to /scratch/4735787. Previous errors about TMPDIR can be discarded
srun python3 /home/csic/mus/fii/chvi/test/entire_pipeline.py --dimensions 9 --size 3 --seed 14
9,3,14,0.409771203994751,0.00020623207092285156,1.0420401096343994

*****************************************************************************
*                                                                           *
*                    JOB EFFICIENCY REPORT (seff 4735787)                   *
*                                                                           *
*****************************************************************************

Job ID: 4735787
Cluster: finisterrae3
User/Group: csmusfii/csic
State: COMPLETED (exit code 0)
Nodes: 1
Cores per node: 64
CPU Utilized: 00:00:33
CPU Efficiency: 7.37% of 00:07:28 core-walltime
Job Wall-clock time: 00:00:07
Memory Utilized: 1.03 MB
Memory Efficiency: 0.00% of 32.00 GB

 +++++++++++++++++++++++++++++++++++++++++++++++++++++++++++++++++++++++++++
 ++   Memory Efficiency is too small. Please review the requested memory. ++
 ++ It seems that you do not need that much memory so we recommend        ++
 ++ requesting less memory in other similar jobs.                         ++
 +++++++++++++++++++++++++++++++++++++++++++++++++++++++++++++++++++++++++++
 
*****************************************************************************

